<html>
<body>
<pre>
<h1>µVision Build Log</h1>
<h2>Tool Versions:</h2>
IDE-Version: µVision V5.30.0.0
Copyright (C) 2020 ARM Ltd and ARM Germany GmbH. All rights reserved.
License Information: Arteom Katkov, St. Cloud State, LIC=LSNXV-PBZLA-FWD2N-YUTY9-GX9RG-8XU7J
 
Tool Versions:
Toolchain:       MDK-ARM Plus  Version: 5.30.0.0
Toolchain Path:  C:\Keil_v5\ARM\ARMCC\Bin
C Compiler:      Armcc.exe V5.06 update 6 (build 750)
Assembler:       Armasm.exe V5.06 update 6 (build 750)
Linker/Locator:  ArmLink.exe V5.06 update 6 (build 750)
Library Manager: ArmAr.exe V5.06 update 6 (build 750)
Hex Converter:   FromElf.exe V5.06 update 6 (build 750)
CPU DLL:         SARMCM3.DLL V5.30.0.0
Dialog DLL:      DARMCM1.DLL V1.19.3.0
Target DLL:      STLink\ST-LINKIII-KEIL_SWO.dll V3.0.7.0
Dialog DLL:      TARMCM1.DLL V1.14.2.0
 
<h2>Project:</h2>
C:\Users\Arteom\Documents\GitHub\Senior-Design-Project\Senior Deisgn.uvprojx
Project File Date:  09/29/2022

<h2>Output:</h2>
*** Using Compiler 'V5.06 update 6 (build 750)', folder: 'C:\Keil_v5\ARM\ARMCC\Bin'
Build target 'Target 1'
compiling main.cpp...
main.cpp(26): warning:  #111-D: statement is unreachable
  	return 0;
main.cpp(21): warning:  #177-D: variable "name"  was declared but never referenced
  	char *name = "ARTEOM KATKOV!";
main.cpp: 2 warnings, 0 errors
linking...
Program Size: Code=6580 RO-data=728 RW-data=8 ZI-data=8288  
".\Objects\Senior Deisgn.axf" - 0 Error(s), 2 Warning(s).

<h2>Software Packages used:</h2>

Package Vendor: ARM
                http://www.keil.com/pack/ARM.CMSIS.5.9.0.pack
                ARM.CMSIS.5.9.0
                CMSIS (Common Microcontroller Software Interface Standard)
   * Component: CORE Version: 5.6.0

Package Vendor: Microchip
                https://packs.download.microchip.com/Microchip.SAML21_DFP.3.6.105.pack
                Microchip.SAML21_DFP.3.6.105
                Microchip SAML21 Series Device Support
   * Component: Startup Version: 3.6.0

<h2>Collection of Component include folders:</h2>
  .\RTE\_Target_1
  C:\Users\Arteom\AppData\Local\Arm\Packs\ARM\CMSIS\5.9.0\CMSIS\Core\Include
  C:\Users\Arteom\AppData\Local\Arm\Packs\Microchip\SAML21_DFP\3.6.105\saml21b\include

<h2>Collection of Component Files used:</h2>

   * Component: ARM::CMSIS:CORE:5.6.0

   * Component: Microchip::Device:Startup:3.6.0
      Include file:  saml21b\include\sam.h
      Source file:   saml21b\templates\main.c
      Source file:   saml21b\armcc\armcc\startup_saml21g18b.s
      Source file:   saml21b\armcc\system_saml21g18b.c
      Source file:   saml21b\templates\main.cpp
Build Time Elapsed:  00:00:01
</pre>
</body>
</html>
