<html>
<body>
<pre>
<h1>µVision Build Log</h1>
<h2>Tool Versions:</h2>
IDE-Version: µVision V5.30.0.0
Copyright (C) 2020 ARM Ltd and ARM Germany GmbH. All rights reserved.
License Information: Arteom Katkov, St. Cloud State, LIC=LSNXV-PBZLA-FWD2N-YUTY9-GX9RG-8XU7J
 
Tool Versions:
Toolchain:       MDK-ARM Plus  Version: 5.30.0.0
Toolchain Path:  C:\Keil_v5\ARM\ARMCC\Bin
C Compiler:      Armcc.exe V5.06 update 6 (build 750)
Assembler:       Armasm.exe V5.06 update 6 (build 750)
Linker/Locator:  ArmLink.exe V5.06 update 6 (build 750)
Library Manager: ArmAr.exe V5.06 update 6 (build 750)
Hex Converter:   FromElf.exe V5.06 update 6 (build 750)
CPU DLL:         SARMCM3.DLL V5.30.0.0
Dialog DLL:      DARMCM1.DLL V1.19.3.0
Target DLL:      STLink\ST-LINKIII-KEIL_SWO.dll V3.0.7.0
Dialog DLL:      TARMCM1.DLL V1.14.2.0
 
<h2>Project:</h2>
C:\Users\Arteom\Documents\GitHub\Senior-Design-Project\Senior Deisgn.uvprojx
Project File Date:  10/04/2022

<h2>Output:</h2>
*** Using Compiler 'V5.06 update 6 (build 750)', folder: 'C:\Keil_v5\ARM\ARMCC\Bin'
Build target 'Target 1'
compiling clib_arm.c...
compiling SERCOM.cpp...
compiling system_setup.cpp...
compiling API.cpp...
API.cpp(187): warning:  #177-D: variable "fcs_temp"  was declared but never referenced
  			uint16_t fcs_temp = *(data - 1) | *(data - 2) << 8;
API.cpp(379): warning:  #940-D: missing return statement at end of non-void function "Smartmesh_API::resetManager" 
  }
API.cpp: 2 warnings, 0 errors
compiling cmsis_os2.c...
compiling main.cpp...
compiling bluetooth.cpp...
bluetooth.cpp(79): warning:  #177-D: variable "config"  was declared but never referenced
  				network_config config;
bluetooth.cpp: 1 warning, 0 errors
compiling os_systick.c...
compiling croutine.c...
compiling freertos_evr.c...
compiling list.c...
compiling port.c...
compiling heap_4.c...
compiling event_groups.c...
compiling queue.c...
compiling stream_buffer.c...
compiling timers.c...
compiling tasks.c...
linking...
Program Size: Code=18576 RO-data=764 RW-data=1196 ZI-data=28428  
".\Objects\Senior Deisgn.axf" - 0 Error(s), 3 Warning(s).

<h2>Software Packages used:</h2>

Package Vendor: ARM
                http://www.keil.com/pack/ARM.CMSIS.5.9.0.pack
                ARM.CMSIS.5.9.0
                CMSIS (Common Microcontroller Software Interface Standard)
   * Component: RTOS2 Version: 2.1.3
   * Component: CORE Version: 5.6.0

Package Vendor: ARM
                http://www.keil.com/pack/ARM.CMSIS-FreeRTOS.10.4.6.pack
                ARM.CMSIS-FreeRTOS.10.4.6
                Bundle of FreeRTOS for Cortex-M and Cortex-A
   * Component: Config Variant: CMSIS RTOS2 Version: 10.4.6
   * Component: Core Variant: Cortex-M Version: 10.4.6
   * Component: Coroutines Version: 10.4.6
   * Component: Event Groups Version: 10.4.6
   * Component: Heap Variant: Heap_4 Version: 10.4.6
   * Component: Message Buffer Version: 10.4.6
   * Component: Stream Buffer Version: 10.4.6
   * Component: Timers Version: 10.4.6
   * Component: FreeRTOS Variant: Cortex-M Version: 10.4.6

Package Vendor: Microchip
                https://packs.download.microchip.com/Microchip.SAML21_DFP.3.6.105.pack
                Microchip.SAML21_DFP.3.6.105
                Microchip SAML21 Series Device Support
   * Component: Startup Version: 3.6.0

<h2>Collection of Component include folders:</h2>
  .\RTE\RTOS
  .\RTE\_Target_1
  C:\Users\Arteom\AppData\Local\Arm\Packs\ARM\CMSIS-FreeRTOS\10.4.6\CMSIS\RTOS2\FreeRTOS\Include
  C:\Users\Arteom\AppData\Local\Arm\Packs\ARM\CMSIS-FreeRTOS\10.4.6\Source\include
  C:\Users\Arteom\AppData\Local\Arm\Packs\ARM\CMSIS-FreeRTOS\10.4.6\Source\portable\RVDS\ARM_CM0
  C:\Users\Arteom\AppData\Local\Arm\Packs\ARM\CMSIS\5.9.0\CMSIS\Core\Include
  C:\Users\Arteom\AppData\Local\Arm\Packs\ARM\CMSIS\5.9.0\CMSIS\RTOS2\Include
  C:\Users\Arteom\AppData\Local\Arm\Packs\Microchip\SAML21_DFP\3.6.105\saml21b\include

<h2>Collection of Component Files used:</h2>

   * Component: ::CMSIS:RTOS2:2.1.3 (API)
      Include file:  CMSIS\RTOS2\Include\cmsis_os2.h

   * Component: ARM.FreeRTOS::RTOS:Config:CMSIS RTOS2:10.4.6
      Include file:  CMSIS\RTOS2\FreeRTOS\Config\ARMCM\FreeRTOSConfig.h

   * Component: ARM.FreeRTOS::RTOS:Core:Cortex-M:10.4.6
      Include file:  Source\include\task.h
      Source file:   Source\portable\RVDS\ARM_CM0\port.c
      Source file:   Source\list.c
      Include file:  Source\include\queue.h
      Include file:  Source\include\semphr.h
      Source file:   Source\queue.c
      Include file:  Source\include\FreeRTOS.h
      Source file:   Source\tasks.c
      Source file:   CMSIS\RTOS2\FreeRTOS\Source\freertos_evr.c

   * Component: ARM.FreeRTOS::RTOS:Coroutines:10.4.6
      Include file:  Source\include\croutine.h
      Source file:   Source\croutine.c

   * Component: ARM.FreeRTOS::RTOS:Event Groups:10.4.6
      Include file:  Source\include\event_groups.h
      Source file:   Source\event_groups.c

   * Component: ARM.FreeRTOS::RTOS:Heap:Heap_4:10.4.6
      Source file:   Source\portable\MemMang\heap_4.c

   * Component: ARM.FreeRTOS::RTOS:Message Buffer:10.4.6
      Include file:  Source\include\message_buffer.h
      Source file:   Source\stream_buffer.c

   * Component: ARM.FreeRTOS::RTOS:Stream Buffer:10.4.6
      Include file:  Source\include\stream_buffer.h
      Source file:   Source\stream_buffer.c

   * Component: ARM.FreeRTOS::RTOS:Timers:10.4.6
      Source file:   Source\timers.c
      Include file:  Source\include\timers.h

   * Component: ARM::CMSIS:CORE:5.6.0

   * Component: ARM::CMSIS:RTOS2:FreeRTOS:Cortex-M:10.4.6
      Include file:  CMSIS\RTOS2\FreeRTOS\Include\freertos_mpool.h
      Source file:   CMSIS\RTOS2\FreeRTOS\Source\ARM\clib_arm.c
      Source file:   CMSIS\RTOS2\FreeRTOS\Source\cmsis_os2.c
      Source file:   CMSIS\RTOS2\FreeRTOS\Source\os_systick.c

   * Component: Microchip::Device:Startup:3.6.0
      Include file:  saml21b\include\sam.h
      Source file:   saml21b\templates\main.c
      Source file:   saml21b\templates\main.cpp
      Source file:   saml21b\armcc\armcc\startup_saml21g18b.s
      Source file:   saml21b\armcc\system_saml21g18b.c
Build Time Elapsed:  00:00:12
</pre>
</body>
</html>
