Component: ARM Compiler 5.06 update 6 (build 750) Tool: armlink [4d35ed]

==============================================================================

Section Cross References

    main.o(i.SERCOM0_Handler) refers to queue.o(i.xQueueGenericSendFromISR) for xQueueGenericSendFromISR
    main.o(i.SERCOM0_Handler) refers to main.o(.data) for .data
    main.o(i.SERCOM1_Handler) refers to main.o(i._Z12verifyPackettPht) for verifyPacket(unsigned short, unsigned char*, unsigned short)
    main.o(i.SERCOM1_Handler) refers to queue.o(i.xQueueGiveFromISR) for xQueueGiveFromISR
    main.o(i.SERCOM1_Handler) refers to queue.o(i.xQueueReceiveFromISR) for xQueueReceiveFromISR
    main.o(i.SERCOM1_Handler) refers to main.o(.data) for .data
    main.o(i.SERCOM1_Handler) refers to main.o(.bss) for .bss
    main.o(i.SERCOM2_Handler) refers to strstr.o(.text) for strstr
    main.o(i.SERCOM2_Handler) refers to queue.o(i.xQueueReceiveFromISR) for xQueueReceiveFromISR
    main.o(i.SERCOM2_Handler) refers to queue.o(i.xQueueGiveFromISR) for xQueueGiveFromISR
    main.o(i.SERCOM2_Handler) refers to gsm_usart.o(i._Z11clearBufferPc) for clearBuffer(char*)
    main.o(i.SERCOM2_Handler) refers to main.o(.bss) for .bss
    main.o(i.SERCOM2_Handler) refers to main.o(.data) for .data
    main.o(i._Z10setupParsePv) refers to tasks.o(i.vTaskDelay) for vTaskDelay
    main.o(i._Z10setupParsePv) refers to api.o(i._ZN13Smartmesh_API8mgr_initEv) for Smartmesh_API::mgr_init()
    main.o(i._Z10setupParsePv) refers to queue.o(i.xQueueSemaphoreTake) for xQueueSemaphoreTake
    main.o(i._Z10setupParsePv) refers to tasks.o(i.xTaskCreate) for xTaskCreate
    main.o(i._Z10setupParsePv) refers to main.o(.bss) for .bss
    main.o(i._Z10setupParsePv) refers to main.o(.data) for .data
    main.o(i._Z10setupParsePv) refers to main.o(i._Z18parseSmartmeshDataPv) for parseSmartmeshData(void*)
    main.o(i._Z12verifyPackettPht) refers to main.o(.data) for .data
    main.o(i._Z18parseSmartmeshDataPv) refers to queue.o(i.xQueueSemaphoreTake) for xQueueSemaphoreTake
    main.o(i._Z18parseSmartmeshDataPv) refers to queue.o(i.xQueueGenericSend) for xQueueGenericSend
    main.o(i._Z18parseSmartmeshDataPv) refers to main.o(i.__ARM_common_switch8) for __ARM_common_switch8
    main.o(i._Z18parseSmartmeshDataPv) refers to api.o(i._ZN13Smartmesh_API9subscribeEjj) for Smartmesh_API::subscribe(unsigned, unsigned)
    main.o(i._Z18parseSmartmeshDataPv) refers to api.o(i._ZN13Smartmesh_API8mgr_initEv) for Smartmesh_API::mgr_init()
    main.o(i._Z18parseSmartmeshDataPv) refers to api.o(i._ZN13Smartmesh_API21parseDataNotificationEP10data_notifPh) for Smartmesh_API::parseDataNotification(data_notif*, unsigned char*)
    main.o(i._Z18parseSmartmeshDataPv) refers to aeabi_sdiv.o(.text) for __aeabi_idivmod
    main.o(i._Z18parseSmartmeshDataPv) refers to sendingdata.o(i._Z9tcp_writePhi) for tcp_write(unsigned char*, int)
    main.o(i._Z18parseSmartmeshDataPv) refers to sercom.o(i._ZN4UART7_printfEPKcz) for UART::_printf(const char*, ...)
    main.o(i._Z18parseSmartmeshDataPv) refers to sercom.o(i._ZN4UART10send_arrayEPhh) for UART::send_array(unsigned char*, unsigned char)
    main.o(i._Z18parseSmartmeshDataPv) refers to tasks.o(i.vTaskDelete) for vTaskDelete
    main.o(i._Z18parseSmartmeshDataPv) refers to tasks.o(i.vTaskDelay) for vTaskDelay
    main.o(i._Z18parseSmartmeshDataPv) refers to api.o(i._ZN13Smartmesh_API12resetManagerEv) for Smartmesh_API::resetManager()
    main.o(i._Z18parseSmartmeshDataPv) refers to main.o(.data) for .data
    main.o(i._Z18parseSmartmeshDataPv) refers to main.o(.bss) for .bss
    main.o(i.__sti___8_main_cpp_30c642f8) refers to sercom.o(i._ZN4UARTC1EP18sercom_registers_ti) for UART::UART(sercom_registers_t*, int)
    main.o(i.__sti___8_main_cpp_30c642f8) refers to api.o(i._ZN13Smartmesh_APIC1EP4UART) for Smartmesh_API::Smartmesh_API(UART*)
    main.o(i.__sti___8_main_cpp_30c642f8) refers to queue.o(i.xQueueGenericCreate) for xQueueGenericCreate
    main.o(i.__sti___8_main_cpp_30c642f8) refers to queue.o(i.xQueueCreateCountingSemaphore) for xQueueCreateCountingSemaphore
    main.o(i.__sti___8_main_cpp_30c642f8) refers to main.o(.data) for .data
    main.o(i.__sti___8_main_cpp_30c642f8) refers to main.o(.bss) for .bss
    main.o(i.main) refers to system_setup.o(i._Z12setup_systemv) for setup_system()
    main.o(i.main) refers to sercom.o(i._ZN4UARTC1EP18sercom_registers_ti) for UART::UART(sercom_registers_t*, int)
    main.o(i.main) refers to rt_memcpy.o(.emb_text) for __aeabi_memcpy4
    main.o(i.main) refers to api.o(i._ZN13Smartmesh_APIC1EP4UART) for Smartmesh_API::Smartmesh_API(UART*)
    main.o(i.main) refers to queue.o(i.xQueueGenericSend) for xQueueGenericSend
    main.o(i.main) refers to tasks.o(i.xTaskCreate) for xTaskCreate
    main.o(i.main) refers to tasks.o(i.vTaskStartScheduler) for vTaskStartScheduler
    main.o(i.main) refers to main.o(.data) for .data
    main.o(i.main) refers to main.o(.bss) for .bss
[...]

    BuildAttributes$$THM_ISAv3M$S$PE$A:L22$X:L11$S22$IEEE1$IW$USESV6$~STKCKD$USESV7$~SHL$OTIME$ROPI$IEEEJ$EBA8$UX$STANDARDLIB$REQ8$PRES8$EABIv2 0x00000000   Number         0  anon$$obj.o ABSOLUTE
    __ARM_use_no_argv                        0x00000000   Number         0  main.o ABSOLUTE
    __Vectors                                0x00000000   Data           4  startup_saml21g18b.o(RESET)
    _printf_flags                            0x00000000   Number         0  printf_stubs.o ABSOLUTE
    _printf_return_value                     0x00000000   Number         0  printf_stubs.o ABSOLUTE
    _printf_sizespec                         0x00000000   Number         0  printf_stubs.o ABSOLUTE
    _printf_widthprec                        0x00000000   Number         0  printf_stubs.o ABSOLUTE
    SHT$$ARM_EXIDX$$Base                      - Undefined Reference
    SHT$$ARM_EXIDX$$Limit                     - Undefined Reference
    __ARM::default_unexpected_handler()       - Undefined Weak Reference
    __ARM_exceptions_buffer_required          - Undefined Weak Reference
    __ARM_exceptions_init                     - Undefined Weak Reference
    __aeabi_unwind_cpp_pr1                    - Undefined Weak Reference
    __aeabi_unwind_cpp_pr2                    - Undefined Weak Reference
    __alloca_initialize                       - Undefined Weak Reference
    __arm_preinit_                            - Undefined Weak Reference
    __cxa_begin_cleanup                       - Undefined Weak Reference
    __cxa_finalize                            - Undefined Weak Reference
    __cxa_type_match                          - Undefined Weak Reference
    __sigvec_lookup                           - Undefined Weak Reference
    __user_heap_extent                        - Undefined Weak Reference
    _atexit_init                              - Undefined Weak Reference
    _call_atexit_fns                          - Undefined Weak Reference
    _clock_init                               - Undefined Weak Reference
    _fp_trap_init                             - Undefined Weak Reference
    _fp_trap_shutdown                         - Undefined Weak Reference
    _get_lc_collate                           - Undefined Weak Reference
    _get_lc_monetary                          - Undefined Weak Reference
    _get_lc_time                              - Undefined Weak Reference
    _getenv_init                              - Undefined Weak Reference
    _handle_redirection                       - Undefined Weak Reference
    _printf_fp_hex                            - Undefined Weak Reference
    _printf_mbtowc                            - Undefined Weak Reference
    _printf_wc                                - Undefined Weak Reference
    _rand_init                                - Undefined Weak Reference
    _scanf_longlong                           - Undefined Weak Reference
    _scanf_mbtowc                             - Undefined Weak Reference
    _scanf_real                               - Undefined Weak Reference
    _scanf_wctomb                             - Undefined Weak Reference
    _scanf_wstring                            - Undefined Weak Reference
    _signal_finish                            - Undefined Weak Reference
    _signal_init                              - Undefined Weak Reference
    __Vectors_End                            0x000000b0   Data           0  startup_saml21g18b.o(RESET)
    __Vectors_Size                           0x000000b0   Number         0  startup_saml21g18b.o ABSOLUTE
    __main                                   0x000000b1   Thumb Code     8  __main.o(!!!main)
    __scatterload                            0x000000b9   Thumb Code     0  __scatter.o(!!!scatter)
    __scatterload_rt2                        0x000000b9   Thumb Code    52  __scatter.o(!!!scatter)
    __scatterload_rt2_thumb_only             0x000000b9   Thumb Code     0  __scatter.o(!!!scatter)
    __scatterload_null                       0x000000c9   Thumb Code     0  __scatter.o(!!!scatter)
    __scatterload_zeroinit                   0x000000f5   Thumb Code    28  __scatter_zi.o(!!handler_zi)
    _printf_percent                          0x00000111   Thumb Code     0  _printf_percent.o(.ARM.Collect$$_printf_percent$$00000000)
    _printf_n                                0x00000113   Thumb Code     0  _printf_n.o(.ARM.Collect$$_printf_percent$$00000001)
    _printf_p                                0x0000011d   Thumb Code     0  _printf_p.o(.ARM.Collect$$_printf_percent$$00000002)
    _printf_f                                0x00000127   Thumb Code     0  _printf_f.o(.ARM.Collect$$_printf_percent$$00000003)
    _printf_e                                0x00000131   Thumb Code     0  _printf_e.o(.ARM.Collect$$_printf_percent$$00000004)
    _printf_g                                0x0000013b   Thumb Code     0  _printf_g.o(.ARM.Collect$$_printf_percent$$00000005)
    _printf_a                                0x00000145   Thumb Code     0  _printf_a.o(.ARM.Collect$$_printf_percent$$00000006)
    _printf_ll                               0x0000014f   Thumb Code     0  _printf_ll.o(.ARM.Collect$$_printf_percent$$00000007)
    _printf_i                                0x00000159   Thumb Code     0  _printf_i.o(.ARM.Collect$$_printf_percent$$00000008)
    _printf_d                                0x00000163   Thumb Code     0  _printf_d.o(.ARM.Collect$$_printf_percent$$00000009)
    _printf_u                                0x0000016d   Thumb Code     0  _printf_u.o(.ARM.Collect$$_printf_percent$$0000000A)
    _printf_o                                0x00000177   Thumb Code     0  _printf_o.o(.ARM.Collect$$_printf_percent$$0000000B)
    _printf_x                                0x00000181   Thumb Code     0  _printf_x.o(.ARM.Collect$$_printf_percent$$0000000C)
    _printf_lli                              0x0000018b   Thumb Code     0  _printf_lli.o(.ARM.Collect$$_printf_percent$$0000000D)
    _printf_lld                              0x00000195   Thumb Code     0  _printf_lld.o(.ARM.Collect$$_printf_percent$$0000000E)
    _printf_llu                              0x0000019f   Thumb Code     0  _printf_llu.o(.ARM.Collect$$_printf_percent$$0000000F)
    _printf_llo                              0x000001a9   Thumb Code     0  _printf_llo.o(.ARM.Collect$$_printf_percent$$00000010)
    _printf_llx                              0x000001b3   Thumb Code     0  _printf_llx.o(.ARM.Collect$$_printf_percent$$00000011)
    _printf_l                                0x000001bd   Thumb Code     0  _printf_l.o(.ARM.Collect$$_printf_percent$$00000012)
    _printf_c                                0x000001c7   Thumb Code     0  _printf_c.o(.ARM.Collect$$_printf_percent$$00000013)
    _printf_s                                0x000001d1   Thumb Code     0  _printf_s.o(.ARM.Collect$$_printf_percent$$00000014)
    _printf_lc                               0x000001db   Thumb Code     0  _printf_lc.o(.ARM.Collect$$_printf_percent$$00000015)
    _printf_ls                               0x000001e5   Thumb Code     0  _printf_ls.o(.ARM.Collect$$_printf_percent$$00000016)
    _printf_percent_end                      0x000001ef   Thumb Code     0  _printf_percent_end.o(.ARM.Collect$$_printf_percent$$00000017)
    __rt_lib_init                            0x000001f3   Thumb Code     0  libinit.o(.ARM.Collect$$libinit$$00000000)
    __rt_lib_init_fp_1                       0x000001f5   Thumb Code     0  libinit2.o(.ARM.Collect$$libinit$$00000002)
    __rt_lib_init_heap_2                     0x000001f5   Thumb Code     0  libinit2.o(.ARM.Collect$$libinit$$00000005)
    __rt_lib_init_preinit_1                  0x000001f5   Thumb Code     0  libinit2.o(.ARM.Collect$$libinit$$00000004)
    __rt_lib_init_heap_1                     0x000001fd   Thumb Code     0  libinit2.o(.ARM.Collect$$libinit$$0000000A)
    __rt_lib_init_lc_common                  0x000001fd   Thumb Code     0  libinit2.o(.ARM.Collect$$libinit$$0000000F)
    __rt_lib_init_rand_1                     0x000001fd   Thumb Code     0  libinit2.o(.ARM.Collect$$libinit$$0000000E)
    __rt_lib_init_user_alloc_1               0x000001fd   Thumb Code     0  libinit2.o(.ARM.Collect$$libinit$$0000000C)
    __rt_lib_init_lc_collate_1               0x00000203   Thumb Code     0  libinit2.o(.ARM.Collect$$libinit$$00000011)
    __rt_lib_init_lc_ctype_2                 0x00000203   Thumb Code     0  libinit2.o(.ARM.Collect$$libinit$$00000012)
    __rt_lib_init_lc_ctype_1                 0x0000020f   Thumb Code     0  libinit2.o(.ARM.Collect$$libinit$$00000013)
    __rt_lib_init_lc_monetary_1              0x0000020f   Thumb Code     0  libinit2.o(.ARM.Collect$$libinit$$00000015)
    __rt_lib_init_lc_numeric_2               0x0000020f   Thumb Code     0  libinit2.o(.ARM.Collect$$libinit$$00000016)
    __rt_lib_init_alloca_1                   0x00000219   Thumb Code     0  libinit2.o(.ARM.Collect$$libinit$$0000002E)
    __rt_lib_init_argv_1                     0x00000219   Thumb Code     0  libinit2.o(.ARM.Collect$$libinit$$0000002C)
    __rt_lib_init_atexit_1                   0x00000219   Thumb Code     0  libinit2.o(.ARM.Collect$$libinit$$0000001B)
    __rt_lib_init_clock_1                    0x00000219   Thumb Code     0  libinit2.o(.ARM.Collect$$libinit$$00000021)
    __rt_lib_init_cpp_2                      0x00000219   Thumb Code     0  libinit2.o(.ARM.Collect$$libinit$$00000031)
    __rt_lib_init_exceptions_1               0x00000219   Thumb Code     0  libinit2.o(.ARM.Collect$$libinit$$00000030)
    __rt_lib_init_fp_trap_1                  0x00000219   Thumb Code     0  libinit2.o(.ARM.Collect$$libinit$$0000001F)
    __rt_lib_init_getenv_1                   0x00000219   Thumb Code     0  libinit2.o(.ARM.Collect$$libinit$$00000023)
    __rt_lib_init_lc_numeric_1               0x00000219   Thumb Code     0  libinit2.o(.ARM.Collect$$libinit$$00000017)
    __rt_lib_init_lc_time_1                  0x00000219   Thumb Code     0  libinit2.o(.ARM.Collect$$libinit$$00000019)
    __rt_lib_init_signal_1                   0x00000219   Thumb Code     0  libinit2.o(.ARM.Collect$$libinit$$0000001D)
    __rt_lib_init_stdio_1                    0x00000219   Thumb Code     0  libinit2.o(.ARM.Collect$$libinit$$00000025)
    __rt_lib_init_cpp_1                      0x0000021d   Thumb Code     0  libinit2.o(.ARM.Collect$$libinit$$00000032)
    __rt_lib_init_return                     0x0000021d   Thumb Code     0  libinit2.o(.ARM.Collect$$libinit$$00000033)
    __rt_lib_shutdown                        0x0000021f   Thumb Code     0  libshutdown.o(.ARM.Collect$$libshutdown$$00000000)
    __rt_lib_shutdown_cpp_1                  0x00000221   Thumb Code     0  libshutdown2.o(.ARM.Collect$$libshutdown$$00000002)
    __rt_lib_shutdown_fp_trap_1              0x00000221   Thumb Code     0  libshutdown2.o(.ARM.Collect$$libshutdown$$00000007)
    __rt_lib_shutdown_heap_2                 0x00000221   Thumb Code     0  libshutdown2.o(.ARM.Collect$$libshutdown$$0000000D)
    __rt_lib_shutdown_signal_1               0x00000221   Thumb Code     0  libshutdown2.o(.ARM.Collect$$libshutdown$$0000000A)
    __rt_lib_shutdown_stdio_1                0x00000221   Thumb Code     0  libshutdown2.o(.ARM.Collect$$libshutdown$$00000004)
    __rt_lib_shutdown_user_alloc_1           0x00000221   Thumb Code     0  libshutdown2.o(.ARM.Collect$$libshutdown$$0000000C)
    __rt_lib_shutdown_heap_1                 0x00000225   Thumb Code     0  libshutdown2.o(.ARM.Collect$$libshutdown$$0000000F)
    __rt_lib_shutdown_return                 0x00000225   Thumb Code     0  libshutdown2.o(.ARM.Collect$$libshutdown$$00000010)
    __rt_entry                               0x00000227   Thumb Code     0  __rtentry.o(.ARM.Collect$$rtentry$$00000000)
    __rt_entry_presh_1                       0x00000227   Thumb Code     0  __rtentry2.o(.ARM.Collect$$rtentry$$00000002)
    __rt_entry_sh                            0x00000227   Thumb Code     0  __rtentry4.o(.ARM.Collect$$rtentry$$00000004)
    __rt_entry_postsh_1                      0x0000022d   Thumb Code     0  __rtentry2.o(.ARM.Collect$$rtentry$$00000008)
    __rt_entry_li                            0x00000235   Thumb Code     0  __rtentry2.o(.ARM.Collect$$rtentry$$0000000A)
    __rt_entry_main                          0x00000239   Thumb Code     0  __rtentry2.o(.ARM.Collect$$rtentry$$0000000D)
    __rt_entry_postli_1                      0x00000239   Thumb Code     0  __rtentry2.o(.ARM.Collect$$rtentry$$0000000C)
    __rt_exit                                0x00000241   Thumb Code     0  rtexit.o(.ARM.Collect$$rtexit$$00000000)
    __rt_exit_ls                             0x00000243   Thumb Code     0  rtexit2.o(.ARM.Collect$$rtexit$$00000003)
    __rt_exit_prels_1                        0x00000243   Thumb Code     0  rtexit2.o(.ARM.Collect$$rtexit$$00000002)
    __rt_exit_exit                           0x00000247   Thumb Code     0  rtexit2.o(.ARM.Collect$$rtexit$$00000004)
    __asm___6_port_c_39a90d8d__prvPortStartFirstTask 0x0000024d   Thumb Code    36  port.o(.emb_text)
    ulSetInterruptMaskFromISR                0x00000275   Thumb Code     8  port.o(.emb_text)
    vClearInterruptMaskFromISR               0x0000027d   Thumb Code     6  port.o(.emb_text)
    PendSV_Handler                           0x00000283   Thumb Code    62  port.o(.emb_text)
    __aeabi_memcpy4                          0x000002c5   Thumb Code    56  rt_memcpy.o(.emb_text)
    __aeabi_memcpy8                          0x000002c5   Thumb Code     0  rt_memcpy.o(.emb_text)
    Reset_Handler                            0x000002fd   Thumb Code     8  startup_saml21g18b.o(.text)
    _maybe_terminate_alloc                   0x000002fd   Thumb Code     0  maybetermalloc2.o(.emb_text)
    NonMaskableInt_Handler                   0x00000305   Thumb Code     2  startup_saml21g18b.o(.text)
    HardFault_Handler                        0x00000307   Thumb Code     2  startup_saml21g18b.o(.text)
    AC_Handler                               0x0000030f   Thumb Code     0  startup_saml21g18b.o(.text)
    ADC_Handler                              0x0000030f   Thumb Code     0  startup_saml21g18b.o(.text)
    AES_Handler                              0x0000030f   Thumb Code     0  startup_saml21g18b.o(.text)
    DAC_Handler                              0x0000030f   Thumb Code     0  startup_saml21g18b.o(.text)
    DMAC_Handler                             0x0000030f   Thumb Code     0  startup_saml21g18b.o(.text)
    EIC_Handler                              0x0000030f   Thumb Code     0  startup_saml21g18b.o(.text)
    EVSYS_Handler                            0x0000030f   Thumb Code     0  startup_saml21g18b.o(.text)
    NVMCTRL_Handler                          0x0000030f   Thumb Code     0  startup_saml21g18b.o(.text)
    PTC_Handler                              0x0000030f   Thumb Code     0  startup_saml21g18b.o(.text)
    RTC_Handler                              0x0000030f   Thumb Code     0  startup_saml21g18b.o(.text)
    SERCOM3_Handler                          0x0000030f   Thumb Code     0  startup_saml21g18b.o(.text)
    SERCOM4_Handler                          0x0000030f   Thumb Code     0  startup_saml21g18b.o(.text)
    SERCOM5_Handler                          0x0000030f   Thumb Code     0  startup_saml21g18b.o(.text)
    SYSTEM_Handler                           0x0000030f   Thumb Code     0  startup_saml21g18b.o(.text)
    TC0_Handler                              0x0000030f   Thumb Code     0  startup_saml21g18b.o(.text)
    TC1_Handler                              0x0000030f   Thumb Code     0  startup_saml21g18b.o(.text)
    TC4_Handler                              0x0000030f   Thumb Code     0  startup_saml21g18b.o(.text)
    TCC0_Handler                             0x0000030f   Thumb Code     0  startup_saml21g18b.o(.text)
    TCC1_Handler                             0x0000030f   Thumb Code     0  startup_saml21g18b.o(.text)
    TCC2_Handler                             0x0000030f   Thumb Code     0  startup_saml21g18b.o(.text)
    TRNG_Handler                             0x0000030f   Thumb Code     0  startup_saml21g18b.o(.text)
    USB_Handler                              0x0000030f   Thumb Code     0  startup_saml21g18b.o(.text)
    WDT_Handler                              0x0000030f   Thumb Code     0  startup_saml21g18b.o(.text)
    __user_initial_stackheap                 0x00000311   Thumb Code     0  startup_saml21g18b.o(.text)
    __rt_ctype_table                         0x00000335   Thumb Code    16  rt_ctype_table.o(.text)
    _malloc_internal                         0x0000034d   Thumb Code   126  h1_alloc_mt.o(.text)
    malloc                                   0x000003cb   Thumb Code    20  h1_alloc_mt.o(.text)
    _free_internal                           0x000003df   Thumb Code    96  h1_free_mt.o(.text)
    free                                     0x0000043f   Thumb Code    20  h1_free_mt.o(.text)
    __c89vsprintf                            0x00000455   Thumb Code    32  c89vsprintf.o(.text)
    __0sscanf                                0x00000479   Thumb Code    54  __0sscanf.o(.text)
    _scanf_int                               0x000004b9   Thumb Code   330  _scanf_int.o(.text)
    _scanf_string                            0x00000603   Thumb Code   232  _scanf_str.o(.text)
    abort                                    0x000006eb   Thumb Code    20  abort.o(.text)
    strstr                                   0x000006ff   Thumb Code    40  strstr.o(.text)
    strlen                                   0x00000729   Thumb Code    62  strlen.o(.text)
    __aeabi_memcpy                           0x0000076d   Thumb Code   130  rt_memcpy.o(.text)
    __rt_memcpy                              0x0000076d   Thumb Code     0  rt_memcpy.o(.text)
    __aeabi_memset                           0x000007ef   Thumb Code    18  aeabi_memset.o(.text)
    _memset_w                                0x00000801   Thumb Code    26  rt_memclr.o(.text)
    _memset                                  0x0000081b   Thumb Code    30  rt_memclr.o(.text)
    __aeabi_memclr                           0x00000839   Thumb Code     4  rt_memclr.o(.text)
    __rt_memclr                              0x00000839   Thumb Code     0  rt_memclr.o(.text)
    __aeabi_memclr4                          0x0000083d   Thumb Code     0  rt_memclr.o(.text)
    __aeabi_memclr8                          0x0000083d   Thumb Code     0  rt_memclr.o(.text)
    __rt_memclr_w                            0x0000083d   Thumb Code     4  rt_memclr.o(.text)
    __aeabi_uread4                           0x00000841   Thumb Code    34  uread4.o(.text)
    __rt_uread4                              0x00000841   Thumb Code     0  uread4.o(.text)
    __aeabi_uidiv                            0x00000863   Thumb Code     0  aeabi_sdiv.o(.text)
    __aeabi_uidivmod                         0x00000863   Thumb Code    20  aeabi_sdiv.o(.text)
    __aeabi_idiv                             0x00000877   Thumb Code     0  aeabi_sdiv.o(.text)
    __aeabi_idivmod                          0x00000877   Thumb Code   326  aeabi_sdiv.o(.text)
    __use_two_region_memory                  0x000009bd   Thumb Code     2  heapauxi.o(.text)
    __rt_heap_escrow                         0x000009bf   Thumb Code     2  heapauxi.o(.text)
    __rt_heap_expand                         0x000009c1   Thumb Code     2  heapauxi.o(.text)
    __cpp_initialize__aeabi_                 0x000009c5   Thumb Code    26  init_aeabi.o(.text)
    _sys_exit                                0x000009e9   Thumb Code     8  sys_exit.o(.text)
    __rt_heap_descriptor                     0x000009f5   Thumb Code    10  rt_heap_descriptor_twolibspace.o(.text)
    __rt_locale                              0x000009ff   Thumb Code    10  rt_locale_twolibspace.o(.text)
    __use_no_heap                            0x00000a09   Thumb Code     2  hguard.o(.text)
    __heap$guard                             0x00000a0b   Thumb Code     2  hguard.o(.text)
    _terminate_user_alloc                    0x00000a0d   Thumb Code     2  init_alloc.o(.text)
    _init_user_alloc                         0x00000a0f   Thumb Code     2  init_alloc.o(.text)
    __Heap_Full                              0x00000a11   Thumb Code    32  init_alloc.o(.text)
    __Heap_Broken                            0x00000a31   Thumb Code    10  init_alloc.o(.text)
    _init_alloc                              0x00000a3b   Thumb Code    90  init_alloc.o(.text)
    __Heap_Initialize                        0x00000a95   Thumb Code    18  h1_init_mt.o(.text)
    __Heap_DescSize                          0x00000aa7   Thumb Code     4  h1_init_mt.o(.text)
    _printf_pre_padding                      0x00000aab   Thumb Code    44  _printf_pad.o(.text)
    _printf_post_padding                     0x00000ad7   Thumb Code    34  _printf_pad.o(.text)
    _printf_truncate_signed                  0x00000af9   Thumb Code    18  _printf_truncate.o(.text)
    _printf_truncate_unsigned                0x00000b0b   Thumb Code    18  _printf_truncate.o(.text)
    _printf_str                              0x00000b1d   Thumb Code    82  _printf_str.o(.text)
    _printf_int_dec                          0x00000b71   Thumb Code    90  _printf_dec.o(.text)
    _printf_charcount                        0x00000bdd   Thumb Code    38  _printf_charcount.o(.text)
    _printf_char_common                      0x00000c0f   Thumb Code    32  _printf_char_common.o(.text)
    _sputc                                   0x00000c35   Thumb Code    10  _sputc.o(.text)
    _printf_wctomb                           0x00000c41   Thumb Code   182  _printf_wctomb.o(.text)
    _printf_longlong_dec                     0x00000cfd   Thumb Code    94  _printf_longlong_dec.o(.text)
    _printf_longlong_oct                     0x00000d6d   Thumb Code    68  _printf_oct_int_ll.o(.text)
    _printf_int_oct                          0x00000db1   Thumb Code    24  _printf_oct_int_ll.o(.text)
    _printf_ll_oct                           0x00000dc9   Thumb Code    10  _printf_oct_int_ll.o(.text)
    _printf_longlong_hex                     0x00000ddd   Thumb Code    88  _printf_hex_int_ll_ptr.o(.text)
    _printf_int_hex                          0x00000e35   Thumb Code    28  _printf_hex_int_ll_ptr.o(.text)
    _printf_ll_hex                           0x00000e51   Thumb Code    10  _printf_hex_int_ll_ptr.o(.text)
    _printf_hex_ptr                          0x00000e5b   Thumb Code    22  _printf_hex_int_ll_ptr.o(.text)
    __printf                                 0x00000e75   Thumb Code   386  __printf_flags_ss_wp.o(.text)
    _chval                                   0x00000ffd   Thumb Code    30  _chval.o(.text)
    __vfscanf_char                           0x00001029   Thumb Code    28  scanf_char.o(.text)
    _sgetc                                   0x0000104d   Thumb Code    32  _sgetc.o(.text)
    _sbackspace                              0x0000106d   Thumb Code    36  _sgetc.o(.text)
    __rt_SIGABRT                             0x00001091   Thumb Code    12  defsig_abrt_outer.o(.text)
    __user_libspace                          0x0000109d   Thumb Code     8  libspace.o(.text)
    __user_perproc_libspace                  0x0000109d   Thumb Code     0  libspace.o(.text)
    __I$use$semihosting                      0x000010a5   Thumb Code     0  use_no_semi.o(.text)
    __use_no_semihosting_swi                 0x000010a5   Thumb Code     2  use_no_semi.o(.text)
    __rt_new_handler_addr                    0x000010a7   Thumb Code    10  rt_new_handler_addr_twolibspace.o(.text)
    __semihosting_library_function           0x000010a7   Thumb Code     0  indicate_semi.o(.text)
    __Heap_ProvideMemory                     0x000010b1   Thumb Code    54  h1_extend_mt.o(.text)
    _ll_udiv10                               0x000010e7   Thumb Code   122  lludiv10.o(.text)
    isspace                                  0x00001161   Thumb Code    18  isspace.o(.text)
    _printf_int_common                       0x00001173   Thumb Code   176  _printf_intcommon.o(.text)
    __lib_sel_fp_printf                      0x00001225   Thumb Code     2  _printf_fp_dec.o(.text)
    _printf_fp_dec_real                      0x000013c3   Thumb Code   620  _printf_fp_dec.o(.text)
    _printf_cs_common                        0x0000163d   Thumb Code    22  _printf_char.o(.text)
    _printf_char                             0x00001653   Thumb Code    16  _printf_char.o(.text)
    _printf_string                           0x00001663   Thumb Code     8  _printf_char.o(.text)
    _printf_lcs_common                       0x0000166b   Thumb Code    22  _printf_wchar.o(.text)
    _printf_wchar                            0x00001681   Thumb Code    16  _printf_wchar.o(.text)
    _printf_wstring                          0x00001691   Thumb Code     8  _printf_wchar.o(.text)
    __vfscanf                                0x00001699   Thumb Code   880  _scanf.o(.text)
    _wcrtomb                                 0x00001a19   Thumb Code    64  _wcrtomb.o(.text)
    __sig_exit                               0x00001a59   Thumb Code    12  defsig_exit.o(.text)
    __rt_SIGABRT_inner                       0x00001a65   Thumb Code    14  defsig_abrt_inner.o(.text)
    __rt_SIGRTMEM                            0x00001a95   Thumb Code    12  defsig_rtmem_outer.o(.text)
    strcmp                                   0x00001aa1   Thumb Code   132  strcmp.o(.text)
    __rt_udiv10                              0x00001b29   Thumb Code    40  rtudiv10.o(.text)
    __default_new_handler()                  0x00001b51   Thumb Code     8  arm_newhandler_noexceptions.o(.text)
    __user_setup_stackheap                   0x00001b59   Thumb Code    62  sys_stackheap_outer.o(.text)
    _terminate_alloc                         0x00001b97   Thumb Code    14  term_alloc.o(.text)
    _printf_fp_infnan                        0x00001ba5   Thumb Code   120  _printf_fp_infnan.o(.text)
    _btod_etento                             0x00001c2d   Thumb Code   210  bigflt0.o(.text)
    _btod_d2e                                0x00001d05   Thumb Code    64  btod.o(.text)
    _btod_emul                               0x00002139   Thumb Code    28  btod.o(.text)
    _btod_emuld                              0x00002155   Thumb Code   144  btod.o(.text)
    _btod_ediv                               0x000021e5   Thumb Code    26  btod.o(.text)
    _btod_edivd                              0x000021ff   Thumb Code   124  btod.o(.text)
    exit                                     0x00002285   Thumb Code    16  exit.o(.text)
    __default_signal_display                 0x00002295   Thumb Code    52  defsig_general.o(.text)
    __rt_SIGRTMEM_inner                      0x000022c9   Thumb Code    22  defsig_rtmem_inner.o(.text)
    std::terminate()                         0x00002319   Thumb Code    28  arm_exceptions_terminate.o(.text)
    _ttywrch                                 0x00002335   Thumb Code    12  sys_wrch.o(.text)
    __Heap_Finalize                          0x00002341   Thumb Code    10  h1_final_mt.o(.text)
    __cxa_get_globals                        0x00002353   Thumb Code    66  arm_exceptions_globs.o(.text)
    __rt_eh_globals_addr                     0x000023a1   Thumb Code    10  rt_eh_globals_addr_twolibspace.o(.text)
    __ARM_exceptions_buffer_init             0x000023ab   Thumb Code    18  arm_exceptions_mem.o(.text)
    __ARM_exceptions_buffer_allocate         0x000023bd   Thumb Code    26  arm_exceptions_mem.o(.text)
    __ARM_exceptions_buffer_free             0x000023d7   Thumb Code    22  arm_exceptions_mem.o(.text)
    __decompress                             0x000023ed   Thumb Code     0  __dclz77c.o(.text)
    __decompress2                            0x000023ed   Thumb Code    96  __dclz77c.o(.text)
    SERCOM0_Handler                          0x0000244d   Thumb Code    36  main.o(i.SERCOM0_Handler)
    SERCOM1_Handler                          0x0000247d   Thumb Code   236  main.o(i.SERCOM1_Handler)
    SERCOM2_Handler                          0x00002585   Thumb Code   146  main.o(i.SERCOM2_Handler)
    SVC_Handler                              0x00002635   Thumb Code     2  port.o(i.SVC_Handler)
    SysTick_Handler                          0x00002639   Thumb Code    20  cmsis_os2.o(i.SysTick_Handler)
    SystemInit                               0x00002651   Thumb Code     8  system_saml21g18b.o(i.SystemInit)
    setupParse(void*)                        0x00002661   Thumb Code    50  main.o(i._Z10setupParsePv)
    at_send_cmd(const char*, AT_COMMAND_TYPE) 0x000026ad   Thumb Code    46  gsm_usart.o(i._Z11at_send_cmdPKc15AT_COMMAND_TYPE)
    clearBuffer(char*)                       0x000026ed   Thumb Code    18  gsm_usart.o(i._Z11clearBufferPc)
    parseGSMData(void*)                      0x00002705   Thumb Code   162  gsm_usart.o(i._Z12parseGSMDataPv)
    setup_system()                           0x000027cd   Thumb Code   366  system_setup.o(i._Z12setup_systemv)
    verifyPacket(unsigned short, unsigned char*, unsigned short) 0x00002991   Thumb Code    50  main.o(i._Z12verifyPackettPht)
    setupGsmParse(void*)                     0x000029cd   Thumb Code    38  gsm_usart.o(i._Z13setupGsmParsePv)
    bluetoothParse(void*)                    0x00002a0d   Thumb Code   626  bluetooth.o(i._Z14bluetoothParsePv)
    isValidIPAddress(const char*)            0x00002ccd   Thumb Code   120  gsm_usart.o(i._Z16isValidIPAddressPKc)
    parseSmartmeshData(void*)                0x00002d59   Thumb Code   652  main.o(i._Z18parseSmartmeshDataPv)
    gsm_init()                               0x00003009   Thumb Code    60  sendingdata.o(i._Z8gsm_initv)
    sendData(void*)                          0x000030a9   Thumb Code    66  sendingdata.o(i._Z8sendDataPv)
    setup_rtc()                              0x000030f9   Thumb Code     2  rtc.o(i._Z9setup_rtcv)
    tcp_write(unsigned char*, int)           0x000030fd   Thumb Code   328  sendingdata.o(i._Z9tcp_writePhi)
    Smartmesh_API::setJoinKey(unsigned char*) 0x000032d5   Thumb Code    52  api.o(i._ZN13Smartmesh_API10setJoinKeyEPh)
    Smartmesh_API::getMoteInfo(unsigned char*) 0x0000330d   Thumb Code    52  api.o(i._ZN13Smartmesh_API11getMoteInfoEPh)
    Smartmesh_API::init_packet(unsigned char, unsigned char) 0x00003345   Thumb Code    34  api.o(i._ZN13Smartmesh_API11init_packetEhh)
    Smartmesh_API::checksumData(unsigned short, unsigned char*, unsigned short) 0x00003369   Thumb Code    42  api.o(i._ZN13Smartmesh_API12checksumDataEtPht)
    Smartmesh_API::resetManager()            0x00003399   Thumb Code    46  api.o(i._ZN13Smartmesh_API12resetManagerEv)
    Smartmesh_API::verifyPacket(unsigned short, unsigned char*, unsigned short) 0x000033cd   Thumb Code    40  api.o(i._ZN13Smartmesh_API12verifyPacketEtPht)
    Smartmesh_API::getNetworkInfo()          0x000033fd   Thumb Code    40  api.o(i._ZN13Smartmesh_API14getNetworkInfoEv)
    Smartmesh_API::clearStatistics()         0x00003429   Thumb Code    66  api.o(i._ZN13Smartmesh_API15clearStatisticsEv)
    Smartmesh_API::getNetworkConfig()        0x00003471   Thumb Code    40  api.o(i._ZN13Smartmesh_API16getNetworkConfigEv)
    Smartmesh_API::parseNetworkInfo(network_info*, unsigned char*) 0x0000349d   Thumb Code   154  api.o(i._ZN13Smartmesh_API16parseNetworkInfoEP12network_infoPh)
    Smartmesh_API::setNetworkConfig(unsigned char*) 0x0000353d   Thumb Code   108  api.o(i._ZN13Smartmesh_API16setNetworkConfigEPh)
    Smartmesh_API::parseNetworkConfig(network_config*, unsigned char*) 0x000035ad   Thumb Code   108  api.o(i._ZN13Smartmesh_API18parseNetworkConfigEP14network_configPh)
    Smartmesh_API::parseDataNotification(data_notif*, unsigned char*) 0x00003619   Thumb Code   128  api.o(i._ZN13Smartmesh_API21parseDataNotificationEP10data_notifPh)
    Smartmesh_API::getMoteConfigFromMoteId(unsigned short) 0x0000369d   Thumb Code    48  api.o(i._ZN13Smartmesh_API23getMoteConfigFromMoteIdEt)
    Smartmesh_API::mgr_init()                0x000036d1   Thumb Code    60  api.o(i._ZN13Smartmesh_API8mgr_initEv)
    Smartmesh_API::subscribe(unsigned, unsigned) 0x00003711   Thumb Code    88  api.o(i._ZN13Smartmesh_API9subscribeEjj)
    Smartmesh_API::Smartmesh_API(UART*)      0x0000376d   Thumb Code    40  api.o(i._ZN13Smartmesh_APIC1EP4UART)
    Smartmesh_API::Smartmesh_API__sub_object(UART*) 0x0000376d   Thumb Code     0  api.o(i._ZN13Smartmesh_APIC1EP4UART)
    UART::send_array(unsigned char*, unsigned char) 0x00003795   Thumb Code    76  sercom.o(i._ZN4UART10send_arrayEPhh)
    UART::_printf(const char*, ...)          0x000037ed   Thumb Code   104  sercom.o(i._ZN4UART7_printfEPKcz)
    UART::UART(sercom_registers_t*, int)     0x00003861   Thumb Code   214  sercom.o(i._ZN4UARTC1EP18sercom_registers_ti)
    UART::UART__sub_object(sercom_registers_t*, int) 0x00003861   Thumb Code     0  sercom.o(i._ZN4UARTC1EP18sercom_registers_ti)
    operator delete[] (void*)                0x0000395d   Thumb Code     8  array_del.o(i._ZdaPv)
    operator delete (void*)                  0x00003965   Thumb Code     8  delete.o(i._ZdlPv)
    operator new[] (unsigned)                0x0000396d   Thumb Code     8  array_new.o(i._Znaj)
    operator new(unsigned)                   0x00003975   Thumb Code    36  new.o(i._Znwj)
    __ARM_common_ll_muluu                    0x0000399d   Thumb Code    48  uecc.o(i.__ARM_common_ll_muluu)
    __ARM_common_switch8                     0x000039cd   Thumb Code    26  main.o(i.__ARM_common_switch8)
    __ARM_fpclassify                         0x000039e9   Thumb Code    40  fpclassify.o(i.__ARM_fpclassify)
    _is_digit                                0x00003aed   Thumb Code    14  __printf_wp.o(i._is_digit)
    _mutex_acquire                           0x00003afb   Thumb Code    24  clib_arm.o(i._mutex_acquire)
    _mutex_free                              0x00003b15   Thumb Code    40  clib_arm.o(i._mutex_free)
    _mutex_initialize                        0x00003b41   Thumb Code    76  clib_arm.o(i._mutex_initialize)
    _mutex_release                           0x00003b95   Thumb Code    26  clib_arm.o(i._mutex_release)
    _platform_post_stackheap_init            0x00003baf   Thumb Code     2  clib_arm.o(i._platform_post_stackheap_init)
    main                                     0x00003bb1   Thumb Code   230  main.o(i.main)
    pvPortMalloc                             0x0000440d   Thumb Code   190  heap_4.o(i.pvPortMalloc)
    pvTaskIncrementMutexHeldCount            0x000044d1   Thumb Code    20  tasks.o(i.pvTaskIncrementMutexHeldCount)
    pxPortInitialiseStack                    0x000044e9   Thumb Code    28  port.o(i.pxPortInitialiseStack)
    uxListRemove                             0x00004509   Thumb Code    38  list.o(i.uxListRemove)
    vApplicationGetIdleTaskMemory            0x00004531   Thumb Code    16  cmsis_os2.o(i.vApplicationGetIdleTaskMemory)
    vApplicationGetTimerTaskMemory           0x00004545   Thumb Code    16  cmsis_os2.o(i.vApplicationGetTimerTaskMemory)
    vApplicationStackOverflowHook            0x00004559   Thumb Code     4  cmsis_os2.o(i.vApplicationStackOverflowHook)
    vListInitialise                          0x0000455d   Thumb Code    22  list.o(i.vListInitialise)
    vListInitialiseItem                      0x00004573   Thumb Code     6  list.o(i.vListInitialiseItem)
    vListInsert                              0x00004579   Thumb Code    48  list.o(i.vListInsert)
    vListInsertEnd                           0x000045a9   Thumb Code    24  list.o(i.vListInsertEnd)
    vPortEnterCritical                       0x000045c1   Thumb Code    20  port.o(i.vPortEnterCritical)
    vPortExitCritical                        0x000045d9   Thumb Code    22  port.o(i.vPortExitCritical)
    vPortFree                                0x000045f5   Thumb Code    68  heap_4.o(i.vPortFree)
    vPortSetupTimerInterrupt                 0x0000463d   Thumb Code    32  port.o(i.vPortSetupTimerInterrupt)
    vPortYield                               0x00004665   Thumb Code    18  port.o(i.vPortYield)
    vQueueDelete                             0x0000467d   Thumb Code    24  queue.o(i.vQueueDelete)
    vQueueWaitForMessageRestricted           0x00004695   Thumb Code    68  queue.o(i.vQueueWaitForMessageRestricted)
    vTaskDelay                               0x000046d9   Thumb Code    44  tasks.o(i.vTaskDelay)
    vTaskDelete                              0x00004709   Thumb Code   118  tasks.o(i.vTaskDelete)
    vTaskInternalSetTimeOutState             0x00004789   Thumb Code    12  tasks.o(i.vTaskInternalSetTimeOutState)
    vTaskMissedYield                         0x00004799   Thumb Code     8  tasks.o(i.vTaskMissedYield)
    vTaskPlaceOnEventList                    0x000047a5   Thumb Code    32  tasks.o(i.vTaskPlaceOnEventList)
    vTaskPlaceOnEventListRestricted          0x000047c9   Thumb Code    68  tasks.o(i.vTaskPlaceOnEventListRestricted)
    vTaskPriorityDisinheritAfterTimeout      0x00004811   Thumb Code   134  tasks.o(i.vTaskPriorityDisinheritAfterTimeout)
    vTaskStartScheduler                      0x000048a1   Thumb Code    92  tasks.o(i.vTaskStartScheduler)
    vTaskSuspendAll                          0x0000490d   Thumb Code    10  tasks.o(i.vTaskSuspendAll)
    vTaskSwitchContext                       0x0000491d   Thumb Code   118  tasks.o(i.vTaskSwitchContext)
    xPortStartScheduler                      0x000049a1   Thumb Code    40  port.o(i.xPortStartScheduler)
    xPortSysTickHandler                      0x000049d1   Thumb Code    32  port.o(i.xPortSysTickHandler)
    xQueueCreateCountingSemaphore            0x000049f5   Thumb Code    32  queue.o(i.xQueueCreateCountingSemaphore)
    xQueueCreateMutex                        0x00004a15   Thumb Code    22  queue.o(i.xQueueCreateMutex)
    xQueueCreateMutexStatic                  0x00004a2b   Thumb Code    26  queue.o(i.xQueueCreateMutexStatic)
    xQueueGenericCreate                      0x00004a45   Thumb Code    74  queue.o(i.xQueueGenericCreate)
    xQueueGenericCreateStatic                0x00004a8f   Thumb Code    56  queue.o(i.xQueueGenericCreateStatic)
    xQueueGenericReset                       0x00004ac7   Thumb Code   134  queue.o(i.xQueueGenericReset)
    xQueueGenericSend                        0x00004b4d   Thumb Code   286  queue.o(i.xQueueGenericSend)
    xQueueGenericSendFromISR                 0x00004c6b   Thumb Code   150  queue.o(i.xQueueGenericSendFromISR)
    xQueueGiveFromISR                        0x00004d01   Thumb Code   124  queue.o(i.xQueueGiveFromISR)
    xQueueReceive                            0x00004d7d   Thumb Code   260  queue.o(i.xQueueReceive)
    xQueueReceiveFromISR                     0x00004e81   Thumb Code   128  queue.o(i.xQueueReceiveFromISR)
    xQueueSemaphoreTake                      0x00004f01   Thumb Code   322  queue.o(i.xQueueSemaphoreTake)
    xTaskCheckForTimeOut                     0x00005045   Thumb Code    92  tasks.o(i.xTaskCheckForTimeOut)
    xTaskCreate                              0x000050a5   Thumb Code    82  tasks.o(i.xTaskCreate)
    xTaskCreateStatic                        0x000050f7   Thumb Code    68  tasks.o(i.xTaskCreateStatic)
    xTaskGetSchedulerState                   0x0000513d   Thumb Code    26  tasks.o(i.xTaskGetSchedulerState)
    xTaskGetTickCount                        0x0000515d   Thumb Code     6  tasks.o(i.xTaskGetTickCount)
    xTaskIncrementTick                       0x00005169   Thumb Code   274  tasks.o(i.xTaskIncrementTick)
    xTaskPriorityDisinherit                  0x00005285   Thumb Code   122  tasks.o(i.xTaskPriorityDisinherit)
    xTaskPriorityInherit                     0x00005309   Thumb Code   140  tasks.o(i.xTaskPriorityInherit)
    xTaskRemoveFromEventList                 0x0000539d   Thumb Code   188  tasks.o(i.xTaskRemoveFromEventList)
    xTaskResumeAll                           0x00005465   Thumb Code   244  tasks.o(i.xTaskResumeAll)
    xTimerCreateTimerTask                    0x00005565   Thumb Code    72  timers.o(i.xTimerCreateTimerTask)
    _get_lc_ctype                            0x000055bd   Thumb Code    44  lc_ctype_c.o(locale$$code)
    _get_lc_numeric                          0x000055e9   Thumb Code    44  lc_numeric_c.o(locale$$code)
    _printf_fp_dec                           0x00005615   Thumb Code    16  printf1.o(x$fpl$printf1)
    __I$use$fp                               0x00005624   Number         0  usenofp.o(x$fpl$usenofp)
    Region$$Table$$Base                      0x000057d4   Number         0  anon$$obj.o(Region$$Table)
    Region$$Table$$Limit                     0x000057f4   Number         0  anon$$obj.o(Region$$Table)
    __ctype                                  0x00005801   Data           0  lc_ctype_c.o(locale$$data)
    SHT$$INIT_ARRAY$$Base                    0x00005920   Number         0  main.o(.init_array)
    SHT$$INIT_ARRAY$$Limit                   0x00005924   Number         0  init_aeabi.o(.init_array)
    startFlag                                0x20000000   Data           1  main.o(.data)
    connectedToManager                       0x20000001   Data           1  main.o(.data)
    length                                   0x20000002   Data           1  main.o(.data)
    responseLength                           0x20000003   Data           1  main.o(.data)
    responseLengthCopy                       0x20000004   Data           1  main.o(.data)
    macsAdded                                0x20000008   Data           4  main.o(.data)
    slow                                     0x2000000c   Data           4  main.o(.data)
    bluetoothData                            0x20000010   Data           4  main.o(.data)
    gsmData                                  0x20000014   Data           4  main.o(.data)
    dma_in_use                               0x20000018   Data           4  main.o(.data)
    apiInUse                                 0x2000001c   Data           4  main.o(.data)
    gsm_in_use                               0x20000020   Data           4  main.o(.data)
    bluetoothInUse                           0x20000024   Data           4  main.o(.data)
    dataRecieved                             0x20000028   Data           4  main.o(.data)
    gsmDataRecieved                          0x2000002c   Data           4  main.o(.data)
    getNetworkInfo                           0x20000030   Data           4  main.o(.data)
    getNetworkConfig                         0x20000034   Data           4  main.o(.data)
    getMoteInfo                              0x20000038   Data           4  main.o(.data)
    moteConfigWasGotFromID                   0x2000003c   Data           4  main.o(.data)
    api_usart                                0x20000040   Data           8  main.o(.data)
    bluetooth                                0x20000048   Data           8  main.o(.data)
    gsm_usart                                0x20000050   Data           8  main.o(.data)
    gsmReady                                 0x20000258   Data           1  main.o(.data)
    at_cmd_type                              0x20000259   Data           1  main.o(.data)
    SystemCoreClock                          0x2000045c   Data           4  system_saml21g18b.o(.data)
    pxCurrentTCB                             0x20000484   Data           4  tasks.o(.data)
    uxTopUsedPriority                        0x200004b4   Data           4  tasks.o(.data)
    txbuffer                                 0x200004d8   Data         130  main.o(.bss)
    smartmeshData                            0x2000055a   Data         130  main.o(.bss)
    mac_addresses                            0x200005dc   Data          80  main.o(.bss)
    responseGsmBuffer                        0x2000062c   Data         200  main.o(.bss)
    txGsmBuffer                              0x200006f4   Data         200  main.o(.bss)
    api                                      0x200007bc   Data         144  main.o(.bss)
    __libspace_start                         0x20005564   Data          96  libspace.o(.bss)
    __temporary_stack_top$libspace           0x200055c4   Data           0  libspace.o(.bss)



==============================================================================

Memory Map of the image

  Image Entry point : 0x000000b1

  Load Region LR_IROM1 (Base: 0x00000000, Size: 0x00005dfc, Max: 0x00040000, ABSOLUTE, COMPRESSED[0x00005b4c])

    Execution Region ER_IROM1 (Exec base: 0x00000000, Load base: 0x00000000, Size: 0x00005924, Max: 0x00040000, ABSOLUTE)

    Exec Addr    Load Addr    Size         Type   Attr      Idx    E Section Name        Object

    0x00000000   0x00000000   0x000000b0   Data   RO         2950    RESET               startup_saml21g18b.o
    0x000000b0   0x000000b0   0x00000008   Code   RO         4346  * !!!main             c_p.l(__main.o)
    0x000000b8   0x000000b8   0x0000003c   Code   RO         5001    !!!scatter          c_p.l(__scatter.o)
    0x000000f4   0x000000f4   0x0000001c   Code   RO         5003    !!handler_zi        c_p.l(__scatter_zi.o)
    0x00000110   0x00000110   0x00000002   Code   RO         4485    .ARM.Collect$$_printf_percent$$00000000  c_p.l(_printf_percent.o)
    0x00000112   0x00000112   0x0000000a   Code   RO         4474    .ARM.Collect$$_printf_percent$$00000001  c_p.l(_printf_n.o)
    0x0000011c   0x0000011c   0x0000000a   Code   RO         4476    .ARM.Collect$$_printf_percent$$00000002  c_p.l(_printf_p.o)
    0x00000126   0x00000126   0x0000000a   Code   RO         4481    .ARM.Collect$$_printf_percent$$00000003  c_p.l(_printf_f.o)
    0x00000130   0x00000130   0x0000000a   Code   RO         4482    .ARM.Collect$$_printf_percent$$00000004  c_p.l(_printf_e.o)
    0x0000013a   0x0000013a   0x0000000a   Code   RO         4483    .ARM.Collect$$_printf_percent$$00000005  c_p.l(_printf_g.o)
    0x00000144   0x00000144   0x0000000a   Code   RO         4484    .ARM.Collect$$_printf_percent$$00000006  c_p.l(_printf_a.o)
    0x0000014e   0x0000014e   0x0000000a   Code   RO         4489    .ARM.Collect$$_printf_percent$$00000007  c_p.l(_printf_ll.o)
    0x00000158   0x00000158   0x0000000a   Code   RO         4478    .ARM.Collect$$_printf_percent$$00000008  c_p.l(_printf_i.o)
    0x00000162   0x00000162   0x0000000a   Code   RO         4479    .ARM.Collect$$_printf_percent$$00000009  c_p.l(_printf_d.o)
    0x0000016c   0x0000016c   0x0000000a   Code   RO         4480    .ARM.Collect$$_printf_percent$$0000000A  c_p.l(_printf_u.o)
    0x00000176   0x00000176   0x0000000a   Code   RO         4477    .ARM.Collect$$_printf_percent$$0000000B  c_p.l(_printf_o.o)
    0x00000180   0x00000180   0x0000000a   Code   RO         4475    .ARM.Collect$$_printf_percent$$0000000C  c_p.l(_printf_x.o)
    0x0000018a   0x0000018a   0x0000000a   Code   RO         4486    .ARM.Collect$$_printf_percent$$0000000D  c_p.l(_printf_lli.o)
    0x00000194   0x00000194   0x0000000a   Code   RO         4487    .ARM.Collect$$_printf_percent$$0000000E  c_p.l(_printf_lld.o)
    0x0000019e   0x0000019e   0x0000000a   Code   RO         4488    .ARM.Collect$$_printf_percent$$0000000F  c_p.l(_printf_llu.o)
    0x000001a8   0x000001a8   0x0000000a   Code   RO         4493    .ARM.Collect$$_printf_percent$$00000010  c_p.l(_printf_llo.o)
    0x000001b2   0x000001b2   0x0000000a   Code   RO         4494    .ARM.Collect$$_printf_percent$$00000011  c_p.l(_printf_llx.o)
    0x000001bc   0x000001bc   0x0000000a   Code   RO         4490    .ARM.Collect$$_printf_percent$$00000012  c_p.l(_printf_l.o)
    0x000001c6   0x000001c6   0x0000000a   Code   RO         4472    .ARM.Collect$$_printf_percent$$00000013  c_p.l(_printf_c.o)
    0x000001d0   0x000001d0   0x0000000a   Code   RO         4473    .ARM.Collect$$_printf_percent$$00000014  c_p.l(_printf_s.o)
    0x000001da   0x000001da   0x0000000a   Code   RO         4491    .ARM.Collect$$_printf_percent$$00000015  c_p.l(_printf_lc.o)
    0x000001e4   0x000001e4   0x0000000a   Code   RO         4492    .ARM.Collect$$_printf_percent$$00000016  c_p.l(_printf_ls.o)
    0x000001ee   0x000001ee   0x00000004   Code   RO         4642    .ARM.Collect$$_printf_percent$$00000017  c_p.l(_printf_percent_end.o)
    0x000001f2   0x000001f2   0x00000002   Code   RO         4861    .ARM.Collect$$libinit$$00000000  c_p.l(libinit.o)
    0x000001f4   0x000001f4   0x00000000   Code   RO         4517    .ARM.Collect$$libinit$$00000002  c_p.l(libinit2.o)
    0x000001f4   0x000001f4   0x00000000   Code   RO         4519    .ARM.Collect$$libinit$$00000004  c_p.l(libinit2.o)
    0x000001f4   0x000001f4   0x00000008   Code   RO         4520    .ARM.Collect$$libinit$$00000005  c_p.l(libinit2.o)
    0x000001fc   0x000001fc   0x00000000   Code   RO         4522    .ARM.Collect$$libinit$$0000000A  c_p.l(libinit2.o)
    0x000001fc   0x000001fc   0x00000000   Code   RO         4524    .ARM.Collect$$libinit$$0000000C  c_p.l(libinit2.o)
    0x000001fc   0x000001fc   0x00000000   Code   RO         4526    .ARM.Collect$$libinit$$0000000E  c_p.l(libinit2.o)
    0x000001fc   0x000001fc   0x00000006   Code   RO         4527    .ARM.Collect$$libinit$$0000000F  c_p.l(libinit2.o)
    0x00000202   0x00000202   0x00000000   Code   RO         4529    .ARM.Collect$$libinit$$00000011  c_p.l(libinit2.o)
    0x00000202   0x00000202   0x0000000c   Code   RO         4530    .ARM.Collect$$libinit$$00000012  c_p.l(libinit2.o)
    0x0000020e   0x0000020e   0x00000000   Code   RO         4531    .ARM.Collect$$libinit$$00000013  c_p.l(libinit2.o)
    0x0000020e   0x0000020e   0x00000000   Code   RO         4533    .ARM.Collect$$libinit$$00000015  c_p.l(libinit2.o)
    0x0000020e   0x0000020e   0x0000000a   Code   RO         4534    .ARM.Collect$$libinit$$00000016  c_p.l(libinit2.o)
    0x00000218   0x00000218   0x00000000   Code   RO         4535    .ARM.Collect$$libinit$$00000017  c_p.l(libinit2.o)
    0x00000218   0x00000218   0x00000000   Code   RO         4537    .ARM.Collect$$libinit$$00000019  c_p.l(libinit2.o)
    0x00000218   0x00000218   0x00000000   Code   RO         4539    .ARM.Collect$$libinit$$0000001B  c_p.l(libinit2.o)
    0x00000218   0x00000218   0x00000000   Code   RO         4541    .ARM.Collect$$libinit$$0000001D  c_p.l(libinit2.o)
    0x00000218   0x00000218   0x00000000   Code   RO         4543    .ARM.Collect$$libinit$$0000001F  c_p.l(libinit2.o)
    0x00000218   0x00000218   0x00000000   Code   RO         4545    .ARM.Collect$$libinit$$00000021  c_p.l(libinit2.o)
    0x00000218   0x00000218   0x00000000   Code   RO         4547    .ARM.Collect$$libinit$$00000023  c_p.l(libinit2.o)
    0x00000218   0x00000218   0x00000000   Code   RO         4549    .ARM.Collect$$libinit$$00000025  c_p.l(libinit2.o)
    0x00000218   0x00000218   0x00000000   Code   RO         4553    .ARM.Collect$$libinit$$0000002C  c_p.l(libinit2.o)
    0x00000218   0x00000218   0x00000000   Code   RO         4555    .ARM.Collect$$libinit$$0000002E  c_p.l(libinit2.o)
    0x00000218   0x00000218   0x00000000   Code   RO         4557    .ARM.Collect$$libinit$$00000030  c_p.l(libinit2.o)
    0x00000218   0x00000218   0x00000004   Code   RO         4558    .ARM.Collect$$libinit$$00000031  c_p.l(libinit2.o)
    0x0000021c   0x0000021c   0x00000000   Code   RO         4559    .ARM.Collect$$libinit$$00000032  c_p.l(libinit2.o)
    0x0000021c   0x0000021c   0x00000002   Code   RO         4560    .ARM.Collect$$libinit$$00000033  c_p.l(libinit2.o)
    0x0000021e   0x0000021e   0x00000002   Code   RO         4996    .ARM.Collect$$libshutdown$$00000000  c_p.l(libshutdown.o)
    0x00000220   0x00000220   0x00000000   Code   RO         4863    .ARM.Collect$$libshutdown$$00000002  c_p.l(libshutdown2.o)
    0x00000220   0x00000220   0x00000000   Code   RO         4865    .ARM.Collect$$libshutdown$$00000004  c_p.l(libshutdown2.o)
    0x00000220   0x00000220   0x00000000   Code   RO         4868    .ARM.Collect$$libshutdown$$00000007  c_p.l(libshutdown2.o)
    0x00000220   0x00000220   0x00000000   Code   RO         4871    .ARM.Collect$$libshutdown$$0000000A  c_p.l(libshutdown2.o)
    0x00000220   0x00000220   0x00000000   Code   RO         4873    .ARM.Collect$$libshutdown$$0000000C  c_p.l(libshutdown2.o)
    0x00000220   0x00000220   0x00000004   Code   RO         4874    .ARM.Collect$$libshutdown$$0000000D  c_p.l(libshutdown2.o)
    0x00000224   0x00000224   0x00000000   Code   RO         4876    .ARM.Collect$$libshutdown$$0000000F  c_p.l(libshutdown2.o)
    0x00000224   0x00000224   0x00000002   Code   RO         4877    .ARM.Collect$$libshutdown$$00000010  c_p.l(libshutdown2.o)
    0x00000226   0x00000226   0x00000000   Code   RO         4363    .ARM.Collect$$rtentry$$00000000  c_p.l(__rtentry.o)
    0x00000226   0x00000226   0x00000000   Code   RO         4595    .ARM.Collect$$rtentry$$00000002  c_p.l(__rtentry2.o)
    0x00000226   0x00000226   0x00000006   Code   RO         4607    .ARM.Collect$$rtentry$$00000004  c_p.l(__rtentry4.o)
    0x0000022c   0x0000022c   0x00000008   Code   RO         4596    .ARM.Collect$$rtentry$$00000008  c_p.l(__rtentry2.o)
    0x00000234   0x00000234   0x00000004   Code   RO         4598    .ARM.Collect$$rtentry$$0000000A  c_p.l(__rtentry2.o)
    0x00000238   0x00000238   0x00000000   Code   RO         4600    .ARM.Collect$$rtentry$$0000000C  c_p.l(__rtentry2.o)
    0x00000238   0x00000238   0x00000008   Code   RO         4601    .ARM.Collect$$rtentry$$0000000D  c_p.l(__rtentry2.o)
    0x00000240   0x00000240   0x00000002   Code   RO         4914    .ARM.Collect$$rtexit$$00000000  c_p.l(rtexit.o)
    0x00000242   0x00000242   0x00000000   Code   RO         4951    .ARM.Collect$$rtexit$$00000002  c_p.l(rtexit2.o)
    0x00000242   0x00000242   0x00000004   Code   RO         4952    .ARM.Collect$$rtexit$$00000003  c_p.l(rtexit2.o)
    0x00000246   0x00000246   0x00000006   Code   RO         4953    .ARM.Collect$$rtexit$$00000004  c_p.l(rtexit2.o)
    0x0000024c   0x0000024c   0x00000078   Code   RO         3242    .emb_text           port.o
    0x000002c4   0x000002c4   0x00000038   Code   RO         4328    .emb_text           c_p.l(rt_memcpy.o)
    0x000002fc   0x000002fc   0x00000000   Code   RO         4623    .emb_text           c_p.l(maybetermalloc2.o)
    0x000002fc   0x000002fc   0x00000038   Code   RO         2951    .text               startup_saml21g18b.o
    0x00000334   0x00000334   0x00000010   Code   RO         4244    .text               c_p.l(rt_ctype_table.o)
    0x00000344   0x00000344   0x0000009a   Code   RO         4254    .text               c_p.l(h1_alloc_mt.o)
    0x000003de   0x000003de   0x00000074   Code   RO         4256    .text               c_p.l(h1_free_mt.o)
    0x00000452   0x00000452   0x00000002   PAD
    0x00000454   0x00000454   0x00000024   Code   RO         4308    .text               c_p.l(c89vsprintf.o)
    0x00000478   0x00000478   0x00000040   Code   RO         4314    .text               c_p.l(__0sscanf.o)
    0x000004b8   0x000004b8   0x0000014a   Code   RO         4316    .text               c_p.l(_scanf_int.o)
    0x00000602   0x00000602   0x000000e8   Code   RO         4318    .text               c_p.l(_scanf_str.o)
    0x000006ea   0x000006ea   0x00000014   Code   RO         4320    .text               c_p.l(abort.o)
    0x000006fe   0x000006fe   0x00000028   Code   RO         4322    .text               c_p.l(strstr.o)
    0x00000726   0x00000726   0x00000002   PAD
    0x00000728   0x00000728   0x00000044   Code   RO         4324    .text               c_p.l(strlen.o)
    0x0000076c   0x0000076c   0x00000082   Code   RO         4329    .text               c_p.l(rt_memcpy.o)
    0x000007ee   0x000007ee   0x00000012   Code   RO         4334    .text               c_p.l(aeabi_memset.o)
    0x00000800   0x00000800   0x00000040   Code   RO         4336    .text               c_p.l(rt_memclr.o)
    0x00000840   0x00000840   0x00000022   Code   RO         4338    .text               c_p.l(uread4.o)
    0x00000862   0x00000862   0x0000015a   Code   RO         4340    .text               c_p.l(aeabi_sdiv.o)
    0x000009bc   0x000009bc   0x00000006   Code   RO         4344    .text               c_p.l(heapauxi.o)
    0x000009c2   0x000009c2   0x00000002   PAD
    0x000009c4   0x000009c4   0x00000024   Code   RO         4351    .text               c_p.l(init_aeabi.o)
    0x000009e8   0x000009e8   0x0000000c   Code   RO         4361    .text               c_p.l(sys_exit.o)
    0x000009f4   0x000009f4   0x0000000a   Code   RO         4373    .text               c_p.l(rt_heap_descriptor_twolibspace.o)
    0x000009fe   0x000009fe   0x0000000a   Code   RO         4380    .text               c_p.l(rt_locale_twolibspace.o)
    0x00000a08   0x00000a08   0x00000004   Code   RO         4382    .text               c_p.l(hguard.o)
    0x00000a0c   0x00000a0c   0x00000088   Code   RO         4384    .text               c_p.l(init_alloc.o)
    0x00000a94   0x00000a94   0x00000016   Code   RO         4390    .text               c_p.l(h1_init_mt.o)
    0x00000aaa   0x00000aaa   0x0000004e   Code   RO         4404    .text               c_p.l(_printf_pad.o)
    0x00000af8   0x00000af8   0x00000024   Code   RO         4406    .text               c_p.l(_printf_truncate.o)
    0x00000b1c   0x00000b1c   0x00000052   Code   RO         4408    .text               c_p.l(_printf_str.o)
    0x00000b6e   0x00000b6e   0x00000002   PAD
    0x00000b70   0x00000b70   0x0000006c   Code   RO         4410    .text               c_p.l(_printf_dec.o)
    0x00000bdc   0x00000bdc   0x00000026   Code   RO         4412    .text               c_p.l(_printf_charcount.o)
    0x00000c02   0x00000c02   0x00000002   PAD
    0x00000c04   0x00000c04   0x00000030   Code   RO         4414    .text               c_p.l(_printf_char_common.o)
    0x00000c34   0x00000c34   0x0000000a   Code   RO         4416    .text               c_p.l(_sputc.o)
    0x00000c3e   0x00000c3e   0x00000002   PAD
    0x00000c40   0x00000c40   0x000000bc   Code   RO         4420    .text               c_p.l(_printf_wctomb.o)
    0x00000cfc   0x00000cfc   0x00000070   Code   RO         4423    .text               c_p.l(_printf_longlong_dec.o)
    0x00000d6c   0x00000d6c   0x00000070   Code   RO         4429    .text               c_p.l(_printf_oct_int_ll.o)
    0x00000ddc   0x00000ddc   0x00000098   Code   RO         4449    .text               c_p.l(_printf_hex_int_ll_ptr.o)
    0x00000e74   0x00000e74   0x00000188   Code   RO         4469    .text               c_p.l(__printf_flags_ss_wp.o)
    0x00000ffc   0x00000ffc   0x0000001e   Code   RO         4495    .text               c_p.l(_chval.o)
    0x0000101a   0x0000101a   0x00000002   PAD
    0x0000101c   0x0000101c   0x00000030   Code   RO         4497    .text               c_p.l(scanf_char.o)
    0x0000104c   0x0000104c   0x00000044   Code   RO         4499    .text               c_p.l(_sgetc.o)
    0x00001090   0x00001090   0x0000000c   Code   RO         4510    .text               c_p.l(defsig_abrt_outer.o)
    0x0000109c   0x0000109c   0x00000008   Code   RO         4588    .text               c_p.l(libspace.o)
    0x000010a4   0x000010a4   0x00000002   Code   RO         4591    .text               c_p.l(use_no_semi.o)
    0x000010a6   0x000010a6   0x00000000   Code   RO         4593    .text               c_p.l(indicate_semi.o)
    0x000010a6   0x000010a6   0x0000000a   Code   RO         4618    .text               c_p.l(rt_new_handler_addr_twolibspace.o)
    0x000010b0   0x000010b0   0x00000036   Code   RO         4626    .text               c_p.l(h1_extend_mt.o)
    0x000010e6   0x000010e6   0x0000007a   Code   RO         4628    .text               c_p.l(lludiv10.o)
    0x00001160   0x00001160   0x00000012   Code   RO         4630    .text               c_p.l(isspace.o)
    0x00001172   0x00001172   0x000000b0   Code   RO         4632    .text               c_p.l(_printf_intcommon.o)
    0x00001222   0x00001222   0x00000002   PAD
    0x00001224   0x00001224   0x00000418   Code   RO         4634    .text               c_p.l(_printf_fp_dec.o)
    0x0000163c   0x0000163c   0x0000002e   Code   RO         4638    .text               c_p.l(_printf_char.o)
    0x0000166a   0x0000166a   0x0000002e   Code   RO         4640    .text               c_p.l(_printf_wchar.o)
    0x00001698   0x00001698   0x00000380   Code   RO         4643    .text               c_p.l(_scanf.o)
    0x00001a18   0x00001a18   0x00000040   Code   RO         4659    .text               c_p.l(_wcrtomb.o)
    0x00001a58   0x00001a58   0x0000000c   Code   RO         4661    .text               c_p.l(defsig_exit.o)
    0x00001a64   0x00001a64   0x00000030   Code   RO         4663    .text               c_p.l(defsig_abrt_inner.o)
    0x00001a94   0x00001a94   0x0000000c   Code   RO         4665    .text               c_p.l(defsig_rtmem_outer.o)
    0x00001aa0   0x00001aa0   0x00000088   Code   RO         4669    .text               c_p.l(strcmp.o)
    0x00001b28   0x00001b28   0x00000028   Code   RO         4671    .text               c_p.l(rtudiv10.o)
    0x00001b50   0x00001b50   0x00000008   Code   RO         4678    .text               cpprt_p.l(arm_newhandler_noexceptions.o)
    0x00001b58   0x00001b58   0x0000003e   Code   RO         4810    .text               c_p.l(sys_stackheap_outer.o)
    0x00001b96   0x00001b96   0x0000000e   Code   RO         4813    .text               c_p.l(term_alloc.o)
    0x00001ba4   0x00001ba4   0x00000088   Code   RO         4815    .text               c_p.l(_printf_fp_infnan.o)
    0x00001c2c   0x00001c2c   0x000000d8   Code   RO         4817    .text               c_p.l(bigflt0.o)
    0x00001d04   0x00001d04   0x00000580   Code   RO         4820    .text               c_p.l(btod.o)
    0x00002284   0x00002284   0x00000010   Code   RO         4838    .text               c_p.l(exit.o)
    0x00002294   0x00002294   0x00000034   Code   RO         4842    .text               c_p.l(defsig_general.o)
    0x000022c8   0x000022c8   0x00000050   Code   RO         4852    .text               c_p.l(defsig_rtmem_inner.o)
    0x00002318   0x00002318   0x0000001c   Code   RO         4893    .text               cpprt_p.l(arm_exceptions_terminate.o)
    0x00002334   0x00002334   0x0000000c   Code   RO         4911    .text               c_p.l(sys_wrch.o)
    0x00002340   0x00002340   0x0000000a   Code   RO         4918    .text               c_p.l(h1_final_mt.o)
    0x0000234a   0x0000234a   0x00000002   PAD
    0x0000234c   0x0000234c   0x00000054   Code   RO         4947    .text               cpprt_p.l(arm_exceptions_globs.o)
    0x000023a0   0x000023a0   0x0000000a   Code   RO         4962    .text               c_p.l(rt_eh_globals_addr_twolibspace.o)
    0x000023aa   0x000023aa   0x00000042   Code   RO         4984    .text               cpprt_p.l(arm_exceptions_mem.o)
    0x000023ec   0x000023ec   0x00000060   Code   RO         4999    .text               c_p.l(__dclz77c.o)
    0x0000244c   0x0000244c   0x00000030   Code   RO            3    i.SERCOM0_Handler   main.o
    0x0000247c   0x0000247c   0x00000108   Code   RO            4    i.SERCOM1_Handler   main.o
    0x00002584   0x00002584   0x000000b0   Code   RO            5    i.SERCOM2_Handler   main.o
    0x00002634   0x00002634   0x00000002   Code   RO         3243    i.SVC_Handler       port.o
    0x00002636   0x00002636   0x00000002   PAD
    0x00002638   0x00002638   0x00000018   Code   RO         2363    i.SysTick_Handler   cmsis_os2.o
    0x00002650   0x00002650   0x00000010   Code   RO         2958    i.SystemInit        system_saml21g18b.o
    0x00002660   0x00002660   0x0000004c   Code   RO            6    i._Z10setupParsePv  main.o
    0x000026ac   0x000026ac   0x00000040   Code   RO          951    i._Z11at_send_cmdPKc15AT_COMMAND_TYPE  gsm_usart.o
    0x000026ec   0x000026ec   0x00000018   Code   RO          952    i._Z11clearBufferPc  gsm_usart.o
    0x00002704   0x00002704   0x000000c8   Code   RO          953    i._Z12parseGSMDataPv  gsm_usart.o
    0x000027cc   0x000027cc   0x000001c4   Code   RO          585    i._Z12setup_systemv  system_setup.o
    0x00002990   0x00002990   0x0000003c   Code   RO            7    i._Z12verifyPackettPht  main.o
    0x000029cc   0x000029cc   0x00000040   Code   RO          954    i._Z13setupGsmParsePv  gsm_usart.o
    0x00002a0c   0x00002a0c   0x000002c0   Code   RO          703    i._Z14bluetoothParsePv  bluetooth.o
    0x00002ccc   0x00002ccc   0x0000008c   Code   RO          955    i._Z16isValidIPAddressPKc  gsm_usart.o
    0x00002d58   0x00002d58   0x000002b0   Code   RO            8    i._Z18parseSmartmeshDataPv  main.o
    0x00003008   0x00003008   0x000000a0   Code   RO          820    i._Z8gsm_initv      sendingdata.o
    0x000030a8   0x000030a8   0x00000050   Code   RO          821    i._Z8sendDataPv     sendingdata.o
    0x000030f8   0x000030f8   0x00000002   Code   RO         1041    i._Z9setup_rtcv     rtc.o
    0x000030fa   0x000030fa   0x00000002   PAD
    0x000030fc   0x000030fc   0x000001d8   Code   RO          824    i._Z9tcp_writePhi   sendingdata.o
    0x000032d4   0x000032d4   0x00000038   Code   RO         1233    i._ZN13Smartmesh_API10setJoinKeyEPh  api.o
    0x0000330c   0x0000330c   0x00000038   Code   RO         1234    i._ZN13Smartmesh_API11getMoteInfoEPh  api.o
    0x00003344   0x00003344   0x00000022   Code   RO         1235    i._ZN13Smartmesh_API11init_packetEhh  api.o
    0x00003366   0x00003366   0x00000002   PAD
    0x00003368   0x00003368   0x00000030   Code   RO         1236    i._ZN13Smartmesh_API12checksumDataEtPht  api.o
    0x00003398   0x00003398   0x00000034   Code   RO         1237    i._ZN13Smartmesh_API12resetManagerEv  api.o
    0x000033cc   0x000033cc   0x00000030   Code   RO         1238    i._ZN13Smartmesh_API12verifyPacketEtPht  api.o
    0x000033fc   0x000033fc   0x0000002c   Code   RO         1239    i._ZN13Smartmesh_API14getNetworkInfoEv  api.o
    0x00003428   0x00003428   0x00000048   Code   RO         1240    i._ZN13Smartmesh_API15clearStatisticsEv  api.o
    0x00003470   0x00003470   0x0000002c   Code   RO         1242    i._ZN13Smartmesh_API16getNetworkConfigEv  api.o
    0x0000349c   0x0000349c   0x000000a0   Code   RO         1244    i._ZN13Smartmesh_API16parseNetworkInfoEP12network_infoPh  api.o
    0x0000353c   0x0000353c   0x00000070   Code   RO         1245    i._ZN13Smartmesh_API16setNetworkConfigEPh  api.o
    0x000035ac   0x000035ac   0x0000006c   Code   RO         1247    i._ZN13Smartmesh_API18parseNetworkConfigEP14network_configPh  api.o
    0x00003618   0x00003618   0x00000084   Code   RO         1249    i._ZN13Smartmesh_API21parseDataNotificationEP10data_notifPh  api.o
    0x0000369c   0x0000369c   0x00000034   Code   RO         1250    i._ZN13Smartmesh_API23getMoteConfigFromMoteIdEt  api.o
    0x000036d0   0x000036d0   0x00000040   Code   RO         1251    i._ZN13Smartmesh_API8mgr_initEv  api.o
    0x00003710   0x00003710   0x0000005c   Code   RO         1253    i._ZN13Smartmesh_API9subscribeEjj  api.o
    0x0000376c   0x0000376c   0x00000028   Code   RO         1254    i._ZN13Smartmesh_APIC1EP4UART  api.o
    0x00003794   0x00003794   0x00000058   Code   RO         1173    i._ZN4UART10send_arrayEPhh  sercom.o
    0x000037ec   0x000037ec   0x00000074   Code   RO         1174    i._ZN4UART7_printfEPKcz  sercom.o
    0x00003860   0x00003860   0x000000fc   Code   RO         1175    i._ZN4UARTC1EP18sercom_registers_ti  sercom.o
    0x0000395c   0x0000395c   0x00000008   Code   RO         4354    i._ZdaPv            cpprt_p.l(array_del.o)
    0x00003964   0x00003964   0x00000008   Code   RO         4561    i._ZdlPv            cpprt_p.l(delete.o)
    0x0000396c   0x0000396c   0x00000008   Code   RO         4357    i._Znaj             cpprt_p.l(array_new.o)
    0x00003974   0x00003974   0x00000028   Code   RO         4564    i._Znwj             cpprt_p.l(new.o)
    0x0000399c   0x0000399c   0x00000030   Code   RO         1973    i.__ARM_common_ll_muluu  uecc.o
    0x000039cc   0x000039cc   0x0000001a   Code   RO           72    i.__ARM_common_switch8  main.o
    0x000039e6   0x000039e6   0x00000002   PAD
    0x000039e8   0x000039e8   0x0000002c   Code   RO         4909    i.__ARM_fpclassify  m_ps.l(fpclassify.o)
    0x00003a14   0x00003a14   0x000000d8   Code   RO            9    i.__sti___8_main_cpp_30c642f8  main.o
    0x00003aec   0x00003aec   0x0000000e   Code   RO         4462    i._is_digit         c_p.l(__printf_wp.o)
    0x00003afa   0x00003afa   0x00000018   Code   RO         2033    i._mutex_acquire    clib_arm.o
    0x00003b12   0x00003b12   0x00000002   PAD
    0x00003b14   0x00003b14   0x0000002c   Code   RO         2034    i._mutex_free       clib_arm.o
    0x00003b40   0x00003b40   0x00000054   Code   RO         2035    i._mutex_initialize  clib_arm.o
    0x00003b94   0x00003b94   0x0000001a   Code   RO         2036    i._mutex_release    clib_arm.o
    0x00003bae   0x00003bae   0x00000002   Code   RO         2037    i._platform_post_stackheap_init  clib_arm.o
    0x00003bb0   0x00003bb0   0x00000138   Code   RO           10    i.main              main.o
    0x00003ce8   0x00003ce8   0x00000012   Code   RO         2038    i.os_kernel_is_active  clib_arm.o
    0x00003cfa   0x00003cfa   0x00000002   PAD
    0x00003cfc   0x00003cfc   0x00000074   Code   RO         3705    i.prvAddCurrentTaskToDelayedList  tasks.o
    0x00003d70   0x00003d70   0x000000d4   Code   RO         3706    i.prvAddNewTaskToReadyList  tasks.o
    0x00003e44   0x00003e44   0x00000048   Code   RO         4078    i.prvCheckForValidListAndQueue  timers.o
    0x00003e8c   0x00003e8c   0x00000026   Code   RO         3321    i.prvCopyDataFromQueue  queue.o
    0x00003eb2   0x00003eb2   0x00000070   Code   RO         3322    i.prvCopyDataToQueue  queue.o
    0x00003f22   0x00003f22   0x00000026   Code   RO         3707    i.prvDeleteTCB      tasks.o
    0x00003f48   0x00003f48   0x00000044   Code   RO         3179    i.prvHeapInit       heap_4.o
    0x00003f8c   0x00003f8c   0x0000004c   Code   RO         3708    i.prvIdleTask       tasks.o
    0x00003fd8   0x00003fd8   0x00000018   Code   RO         3323    i.prvInitialiseMutex  queue.o
    0x00003ff0   0x00003ff0   0x00000022   Code   RO         3324    i.prvInitialiseNewQueue  queue.o
    0x00004012   0x00004012   0x00000096   Code   RO         3709    i.prvInitialiseNewTask  tasks.o
    0x000040a8   0x000040a8   0x0000004c   Code   RO         3180    i.prvInsertBlockIntoFreeList  heap_4.o
    0x000040f4   0x000040f4   0x00000038   Code   RO         4080    i.prvInsertTimerInActiveList  timers.o
    0x0000412c   0x0000412c   0x0000001c   Code   RO         3325    i.prvIsQueueEmpty   queue.o
    0x00004148   0x00004148   0x0000003c   Code   RO         4081    i.prvProcessExpiredTimer  timers.o
    0x00004184   0x00004184   0x000000ec   Code   RO         4082    i.prvProcessReceivedCommands  timers.o
    0x00004270   0x00004270   0x00000060   Code   RO         4083    i.prvProcessTimerOrBlockTask  timers.o
    0x000042d0   0x000042d0   0x00000028   Code   RO         4084    i.prvReloadTimer    timers.o
    0x000042f8   0x000042f8   0x00000020   Code   RO         3711    i.prvResetNextTaskUnblockTime  tasks.o
    0x00004318   0x00004318   0x00000044   Code   RO         4085    i.prvSampleTimeNow  timers.o
    0x0000435c   0x0000435c   0x00000014   Code   RO         3244    i.prvTaskExitError  port.o
    0x00004370   0x00004370   0x0000002c   Code   RO         4086    i.prvTimerTask      timers.o
    0x0000439c   0x0000439c   0x00000070   Code   RO         3326    i.prvUnlockQueue    queue.o
    0x0000440c   0x0000440c   0x000000c4   Code   RO         3181    i.pvPortMalloc      heap_4.o
    0x000044d0   0x000044d0   0x00000018   Code   RO         3714    i.pvTaskIncrementMutexHeldCount  tasks.o
    0x000044e8   0x000044e8   0x00000020   Code   RO         3245    i.pxPortInitialiseStack  port.o
    0x00004508   0x00004508   0x00000026   Code   RO         3135    i.uxListRemove      list.o
    0x0000452e   0x0000452e   0x00000002   PAD
    0x00004530   0x00004530   0x00000014   Code   RO         2436    i.vApplicationGetIdleTaskMemory  cmsis_os2.o
    0x00004544   0x00004544   0x00000014   Code   RO         2437    i.vApplicationGetTimerTaskMemory  cmsis_os2.o
    0x00004558   0x00004558   0x00000004   Code   RO         2438    i.vApplicationStackOverflowHook  cmsis_os2.o
    0x0000455c   0x0000455c   0x00000016   Code   RO         3136    i.vListInitialise   list.o
    0x00004572   0x00004572   0x00000006   Code   RO         3137    i.vListInitialiseItem  list.o
    0x00004578   0x00004578   0x00000030   Code   RO         3138    i.vListInsert       list.o
    0x000045a8   0x000045a8   0x00000018   Code   RO         3139    i.vListInsertEnd    list.o
    0x000045c0   0x000045c0   0x00000018   Code   RO         3247    i.vPortEnterCritical  port.o
    0x000045d8   0x000045d8   0x0000001c   Code   RO         3248    i.vPortExitCritical  port.o
    0x000045f4   0x000045f4   0x00000048   Code   RO         3182    i.vPortFree         heap_4.o
    0x0000463c   0x0000463c   0x00000028   Code   RO         3249    i.vPortSetupTimerInterrupt  port.o
    0x00004664   0x00004664   0x00000018   Code   RO         3250    i.vPortYield        port.o
    0x0000467c   0x0000467c   0x00000018   Code   RO         3332    i.vQueueDelete      queue.o
    0x00004694   0x00004694   0x00000044   Code   RO         3334    i.vQueueWaitForMessageRestricted  queue.o
    0x000046d8   0x000046d8   0x00000030   Code   RO         3724    i.vTaskDelay        tasks.o
    0x00004708   0x00004708   0x00000080   Code   RO         3725    i.vTaskDelete       tasks.o
    0x00004788   0x00004788   0x00000010   Code   RO         3729    i.vTaskInternalSetTimeOutState  tasks.o
    0x00004798   0x00004798   0x0000000c   Code   RO         3730    i.vTaskMissedYield  tasks.o
    0x000047a4   0x000047a4   0x00000024   Code   RO         3731    i.vTaskPlaceOnEventList  tasks.o
    0x000047c8   0x000047c8   0x00000048   Code   RO         3732    i.vTaskPlaceOnEventListRestricted  tasks.o
    0x00004810   0x00004810   0x00000090   Code   RO         3734    i.vTaskPriorityDisinheritAfterTimeout  tasks.o
    0x000048a0   0x000048a0   0x0000006c   Code   RO         3740    i.vTaskStartScheduler  tasks.o
    0x0000490c   0x0000490c   0x00000010   Code   RO         3742    i.vTaskSuspendAll   tasks.o
    0x0000491c   0x0000491c   0x00000084   Code   RO         3743    i.vTaskSwitchContext  tasks.o
    0x000049a0   0x000049a0   0x00000030   Code   RO         3251    i.xPortStartScheduler  port.o
    0x000049d0   0x000049d0   0x00000024   Code   RO         3252    i.xPortSysTickHandler  port.o
    0x000049f4   0x000049f4   0x00000020   Code   RO         3335    i.xQueueCreateCountingSemaphore  queue.o
    0x00004a14   0x00004a14   0x00000016   Code   RO         3337    i.xQueueCreateMutex  queue.o
    0x00004a2a   0x00004a2a   0x0000001a   Code   RO         3338    i.xQueueCreateMutexStatic  queue.o
    0x00004a44   0x00004a44   0x0000004a   Code   RO         3339    i.xQueueGenericCreate  queue.o
    0x00004a8e   0x00004a8e   0x00000038   Code   RO         3340    i.xQueueGenericCreateStatic  queue.o
    0x00004ac6   0x00004ac6   0x00000086   Code   RO         3341    i.xQueueGenericReset  queue.o
    0x00004b4c   0x00004b4c   0x0000011e   Code   RO         3342    i.xQueueGenericSend  queue.o
    0x00004c6a   0x00004c6a   0x00000096   Code   RO         3343    i.xQueueGenericSendFromISR  queue.o
    0x00004d00   0x00004d00   0x0000007c   Code   RO         3346    i.xQueueGiveFromISR  queue.o
    0x00004d7c   0x00004d7c   0x00000104   Code   RO         3352    i.xQueueReceive     queue.o
    0x00004e80   0x00004e80   0x00000080   Code   RO         3353    i.xQueueReceiveFromISR  queue.o
    0x00004f00   0x00004f00   0x00000142   Code   RO         3354    i.xQueueSemaphoreTake  queue.o
    0x00005042   0x00005042   0x00000002   PAD
    0x00005044   0x00005044   0x00000060   Code   RO         3745    i.xTaskCheckForTimeOut  tasks.o
    0x000050a4   0x000050a4   0x00000052   Code   RO         3746    i.xTaskCreate       tasks.o
    0x000050f6   0x000050f6   0x00000044   Code   RO         3747    i.xTaskCreateStatic  tasks.o
    0x0000513a   0x0000513a   0x00000002   PAD
    0x0000513c   0x0000513c   0x00000020   Code   RO         3754    i.xTaskGetSchedulerState  tasks.o
    0x0000515c   0x0000515c   0x0000000c   Code   RO         3755    i.xTaskGetTickCount  tasks.o
    0x00005168   0x00005168   0x0000011c   Code   RO         3757    i.xTaskIncrementTick  tasks.o
    0x00005284   0x00005284   0x00000084   Code   RO         3758    i.xTaskPriorityDisinherit  tasks.o
    0x00005308   0x00005308   0x00000094   Code   RO         3759    i.xTaskPriorityInherit  tasks.o
    0x0000539c   0x0000539c   0x000000c8   Code   RO         3760    i.xTaskRemoveFromEventList  tasks.o
    0x00005464   0x00005464   0x00000100   Code   RO         3761    i.xTaskResumeAll    tasks.o
    0x00005564   0x00005564   0x00000058   Code   RO         4095    i.xTimerCreateTimerTask  timers.o
    0x000055bc   0x000055bc   0x0000002c   Code   RO         4508    locale$$code        c_p.l(lc_ctype_c.o)
    0x000055e8   0x000055e8   0x0000002c   Code   RO         4836    locale$$code        c_p.l(lc_numeric_c.o)
    0x00005614   0x00005614   0x00000010   Code   RO         4584    x$fpl$printf1       fz_ps.l(printf1.o)
    0x00005624   0x00005624   0x00000000   Code   RO         4908    x$fpl$usenofp       fz_ps.l(usenofp.o)
    0x00005624   0x00005624   0x00000008   Data   RO         4421    .constdata          c_p.l(_printf_wctomb.o)
    0x0000562c   0x0000562c   0x00000028   Data   RO         4450    .constdata          c_p.l(_printf_hex_int_ll_ptr.o)
    0x00005654   0x00005654   0x00000011   Data   RO         4470    .constdata          c_p.l(__printf_flags_ss_wp.o)
    0x00005665   0x00005665   0x00000003   PAD
    0x00005668   0x00005668   0x00000094   Data   RO         4818    .constdata          c_p.l(bigflt0.o)
    0x000056fc   0x000056fc   0x000000d7   Data   RO          831    .conststring        sendingdata.o
    0x000057d3   0x000057d3   0x00000001   PAD
    0x000057d4   0x000057d4   0x00000020   Data   RO         4997    Region$$Table       anon$$obj.o
    0x000057f4   0x000057f4   0x00000110   Data   RO         4507    locale$$data        c_p.l(lc_ctype_c.o)
    0x00005904   0x00005904   0x0000001c   Data   RO         4835    locale$$data        c_p.l(lc_numeric_c.o)
    0x00005920   0x00005920   0x00000004   Data   RO           23    .init_array         main.o
    0x00005924   0x00005920   0x00000000   Data   RO         4349    .init_array         c_p.l(init_aeabi.o)


    Execution Region RW_IRAM1 (Exec base: 0x20000000, Load base: 0x00005924, Size: 0x00005fc8, Max: 0x00008000, ABSOLUTE, COMPRESSED[0x00000228])

    Exec Addr    Load Addr    Size         Type   Attr      Idx    E Section Name        Object

    0x20000000   COMPRESSED   0x00000258   Data   RW           20    .data               main.o
    0x20000258   COMPRESSED   0x00000001   Data   RW           21    .data               main.o
    0x20000259   COMPRESSED   0x00000001   Data   RW           22    .data               main.o
    0x2000025a   COMPRESSED   0x00000200   Data   RW         1278    .data               api.o
    0x2000045a   COMPRESSED   0x00000002   PAD
    0x2000045c   COMPRESSED   0x00000004   Data   RW         2959    .data               system_saml21g18b.o
    0x20000460   COMPRESSED   0x00000020   Data   RW         3188    .data               heap_4.o
    0x20000480   COMPRESSED   0x00000004   Data   RW         3253    .data               port.o
    0x20000484   COMPRESSED   0x00000040   Data   RW         3764    .data               tasks.o
    0x200004c4   COMPRESSED   0x00000014   Data   RW         4104    .data               timers.o
    0x200004d8        -       0x00000374   Zero   RW           19    .bss                main.o
    0x2000084c        -       0x00000394   Zero   RW         2039    .bss                clib_arm.o
    0x20000be0        -       0x000003f8   Zero   RW         2439    .bss                cmsis_os2.o
    0x20000fd8        -       0x00004000   Zero   RW         3187    .bss                heap_4.o
    0x20004fd8        -       0x000004c4   Zero   RW         3763    .bss                tasks.o
    0x2000549c        -       0x000000c8   Zero   RW         4103    .bss                timers.o
    0x20005564        -       0x00000060   Zero   RW         4589    .bss                c_p.l(libspace.o)
    0x200055c4   COMPRESSED   0x00000004   PAD
    0x200055c8        -       0x00000500   Zero   RW         2949    HEAP                startup_saml21g18b.o
    0x20005ac8        -       0x00000500   Zero   RW         2948    STACK               startup_saml21g18b.o


==============================================================================

Image component sizes


      Code (inc. data)   RO Data    RW Data    ZI Data      Debug   Object Name

      1214         68          0        512          0      10016   api.o
       704         78          0          0          0       7214   bluetooth.o
         0          0          0          0          0       5032   byte_order.o
       198         12          0          0        916      33196   clib_arm.o
        68         12          0          0       1016      18739   cmsis_os2.o
         0          0          0          0          0      10468   event_groups.o
       492        108          0          0          0       4756   gsm_usart.o
       412         22          0         32      16384       4359   heap_4.o
       138          0          0          0          0       3458   list.o
      1866        250          4        602        884     141796   main.o
         0          0          0          0          0        392   mainrlp.o
       374         56          0          4          0       7455   port.o
      2054          0          0          0          0      22425   queue.o
         0          0          0          0          0       1472   rlp.o
         2          0          0          0          0     116656   rtc.o
       712        258        215          0          0       2938   sendingdata.o
       456         62          0          0          0       3987   sercom.o
        56         26        176          0       2560        656   startup_saml21g18b.o
        16          8          0          4          0        703   system_saml21g18b.o
       452         86          0          0          0       7822   system_setup.o
      2670        190          0         64       1220      30945   tasks.o
       760         66          0         20        200      11124   timers.o
        48          0          0          0          0         76   uecc.o

    ----------------------------------------------------------------------
     12710       1302        428       1240      23180     445685   Object Totals
         0          0         32          0          0          0   (incl. Generated)
        18          0          1          2          0          0   (incl. Padding)

    ----------------------------------------------------------------------

      Code (inc. data)   RO Data    RW Data    ZI Data      Debug   Library Member Name

        64         10          0          0          0         84   __0sscanf.o
        96          0          0          0          0          0   __dclz77c.o
         8          0          0          0          0         68   __main.o
       392          6         17          0          0         76   __printf_flags_ss_wp.o
        14          0          0          0          0         60   __printf_wp.o
         0          0          0          0          0          0   __rtentry.o
        20          0          0          0          0          0   __rtentry2.o
         6          0          0          0          0          0   __rtentry4.o
        60          8          0          0          0          0   __scatter.o
        28          0          0          0          0          0   __scatter_zi.o
        30          0          0          0          0         60   _chval.o
        10          0          0          0          0          0   _printf_a.o
        10          0          0          0          0          0   _printf_c.o
        46          0          0          0          0        100   _printf_char.o
        48          6          0          0          0         88   _printf_char_common.o
        38          0          0          0          0         60   _printf_charcount.o
        10          0          0          0          0          0   _printf_d.o
       108         18          0          0          0         76   _printf_dec.o
        10          0          0          0          0          0   _printf_e.o
        10          0          0          0          0          0   _printf_f.o
      1048         14          0          0          0        176   _printf_fp_dec.o
       136         16          0          0          0         76   _printf_fp_infnan.o
        10          0          0          0          0          0   _printf_g.o
       152          4         40          0          0        148   _printf_hex_int_ll_ptr.o
        10          0          0          0          0          0   _printf_i.o
       176          0          0          0          0         84   _printf_intcommon.o
        10          0          0          0          0          0   _printf_l.o
        10          0          0          0          0          0   _printf_lc.o
        10          0          0          0          0          0   _printf_ll.o
        10          0          0          0          0          0   _printf_lld.o
        10          0          0          0          0          0   _printf_lli.o
        10          0          0          0          0          0   _printf_llo.o
        10          0          0          0          0          0   _printf_llu.o
        10          0          0          0          0          0   _printf_llx.o
       112         18          0          0          0         76   _printf_longlong_dec.o
        10          0          0          0          0          0   _printf_ls.o
        10          0          0          0          0          0   _printf_n.o
        10          0          0          0          0          0   _printf_o.o
       112         10          0          0          0        112   _printf_oct_int_ll.o
        10          0          0          0          0          0   _printf_p.o
        78          0          0          0          0        100   _printf_pad.o
         2          0          0          0          0          0   _printf_percent.o
         4          0          0          0          0          0   _printf_percent_end.o
        10          0          0          0          0          0   _printf_s.o
        82          0          0          0          0         72   _printf_str.o
        36          0          0          0          0         76   _printf_truncate.o
        10          0          0          0          0          0   _printf_u.o
        46          0          0          0          0        100   _printf_wchar.o
       188          6          8          0          0         80   _printf_wctomb.o
        10          0          0          0          0          0   _printf_x.o
       896         16          0          0          0         84   _scanf.o
       330          0          0          0          0         84   _scanf_int.o
       232          0          0          0          0         84   _scanf_str.o
        68          0          0          0          0         76   _sgetc.o
        10          0          0          0          0         60   _sputc.o
        64          0          0          0          0         72   _wcrtomb.o
        20          0          0          0          0         68   abort.o
        18          0          0          0          0         68   aeabi_memset.o
       346          0          0          0          0         92   aeabi_sdiv.o
       216          6        148          0          0         80   bigflt0.o
      1408         30          0          0          0        260   btod.o
        36          4          0          0          0         68   c89vsprintf.o
        48         34          0          0          0         68   defsig_abrt_inner.o
        12          0          0          0          0         68   defsig_abrt_outer.o
        12          0          0          0          0         68   defsig_exit.o
        52          0          0          0          0         72   defsig_general.o
        80         58          0          0          0         68   defsig_rtmem_inner.o
        12          0          0          0          0         68   defsig_rtmem_outer.o
        16          0          0          0          0         68   exit.o
       154          0          0          0          0        116   h1_alloc_mt.o
        54          0          0          0          0         72   h1_extend_mt.o
        10          0          0          0          0         68   h1_final_mt.o
       116          0          0          0          0        100   h1_free_mt.o
        22          0          0          0          0         84   h1_init_mt.o
         6          0          0          0          0        136   heapauxi.o
         4          0          0          0          0        120   hguard.o
         0          0          0          0          0          0   indicate_semi.o
        36         10          0          0          0         72   init_aeabi.o
       136          0          0          0          0        160   init_alloc.o
        18          0          0          0          0         68   isspace.o
        44         10        272          0          0         76   lc_ctype_c.o
        44         10         28          0          0         76   lc_numeric_c.o
         2          0          0          0          0          0   libinit.o
        42          0          0          0          0          0   libinit2.o
         2          0          0          0          0          0   libshutdown.o
         6          0          0          0          0          0   libshutdown2.o
         8          4          0          0         96         68   libspace.o
       122          0          0          0          0         72   lludiv10.o
         0          0          0          0          0          0   maybetermalloc2.o
        16          4          0          0          0         76   rt_ctype_table.o
        10          0          0          0          0         76   rt_eh_globals_addr_twolibspace.o
        10          0          0          0          0         76   rt_heap_descriptor_twolibspace.o
        10          0          0          0          0         76   rt_locale_twolibspace.o
        64          0          0          0          0        108   rt_memclr.o
       186          0          0          0          0        144   rt_memcpy.o
        10          0          0          0          0         76   rt_new_handler_addr_twolibspace.o
         2          0          0          0          0          0   rtexit.o
        10          0          0          0          0          0   rtexit2.o
        40          0          0          0          0         60   rtudiv10.o
        48          8          0          0          0         84   scanf_char.o
       136          4          0          0          0         72   strcmp.o
        68          6          0          0          0         72   strlen.o
        40          0          0          0          0         72   strstr.o
        12          4          0          0          0         60   sys_exit.o
        62          0          0          0          0         80   sys_stackheap_outer.o
        12          0          0          0          0         68   sys_wrch.o
        14          0          0          0          0         68   term_alloc.o
        34          0          0          0          0         60   uread4.o
         2          0          0          0          0         68   use_no_semi.o
        84         12          0          0          0         96   arm_exceptions_globs.o
        66          0          0          0          0        100   arm_exceptions_mem.o
        28          0          0          0          0         68   arm_exceptions_terminate.o
         8          0          0          0          0         68   arm_newhandler_noexceptions.o
         8          0          0          0          0         68   array_del.o
         8          0          0          0          0         68   array_new.o
         8          0          0          0          0         68   delete.o
        40          4          0          0          0         68   new.o
        16          4          0          0          0         76   printf1.o
         0          0          0          0          0          0   usenofp.o
        44          4          0          0          0         60   fpclassify.o

    ----------------------------------------------------------------------
      9166        348        516          0        100       6772   Library Totals
        18          0          3          0          4          0   (incl. Padding)

    ----------------------------------------------------------------------

      Code (inc. data)   RO Data    RW Data    ZI Data      Debug   Library Name

      8838        324        513          0         96       6032   c_p.l
       250         16          0          0          0        604   cpprt_p.l
        16          4          0          0          0         76   fz_ps.l
        44          4          0          0          0         60   m_ps.l

    ----------------------------------------------------------------------
      9166        348        516          0        100       6772   Library Totals

    ----------------------------------------------------------------------

==============================================================================


      Code (inc. data)   RO Data    RW Data    ZI Data      Debug   

     21876       1650        944       1240      23280     443481   Grand Totals
     21876       1650        944        552      23280     443481   ELF Image Totals (compressed)
     21876       1650        944        552          0          0   ROM Totals

==============================================================================

    Total RO  Size (Code + RO Data)                22820 (  22.29kB)
    Total RW  Size (RW Data + ZI Data)             24520 (  23.95kB)
    Total ROM Size (Code + RO Data + RW Data)      23372 (  22.82kB)

==============================================================================

