Component: ARM Compiler 5.06 update 6 (build 750) Tool: armlink [4d35ed]

==============================================================================

Section Cross References

    main.o(i.SERCOM0_Handler) refers to main.o(i._Z12verifyPackettPht) for verifyPacket(unsigned short, unsigned char*, unsigned short)
    main.o(i.SERCOM0_Handler) refers to queue.o(i.xQueueGiveFromISR) for xQueueGiveFromISR
    main.o(i.SERCOM0_Handler) refers to main.o(.data) for .data
    main.o(i.SERCOM0_Handler) refers to main.o(.bss) for .bss
    main.o(i.SERCOM1_Handler) refers to main.o(.data) for .data
    main.o(i._Z12verifyPackettPht) refers to main.o(.data) for .data
    main.o(i._Z18parseSmartmeshDataPv) refers to queue.o(i.xQueueSemaphoreTake) for xQueueSemaphoreTake
    main.o(i._Z18parseSmartmeshDataPv) refers to main.o(.data) for .data
    main.o(i.__sti___8_main_cpp_30c642f8) refers to sercom.o(i._ZN4UARTC1EP18sercom_registers_ti) for UART::UART(sercom_registers_t*, int)
    main.o(i.__sti___8_main_cpp_30c642f8) refers to api.o(i._ZN13Smartmesh_APIC1EP4UART) for Smartmesh_API::Smartmesh_API(UART*)
    main.o(i.__sti___8_main_cpp_30c642f8) refers to queue.o(i.xQueueGenericCreate) for xQueueGenericCreate
    main.o(i.__sti___8_main_cpp_30c642f8) refers to main.o(.data) for .data
    main.o(i.__sti___8_main_cpp_30c642f8) refers to main.o(.bss) for .bss
    main.o(i.main) refers to tasks.o(i.xTaskCreate) for xTaskCreate
    main.o(i.main) refers to system_setup.o(i._Z12setup_systemv) for setup_system()
    main.o(i.main) refers to sercom.o(i._ZN4UARTC1EP18sercom_registers_ti) for UART::UART(sercom_registers_t*, int)
    main.o(i.main) refers to rt_memcpy.o(.emb_text) for __aeabi_memcpy4
    main.o(i.main) refers to sercom.o(i._ZN4UART7_printfEPKcz) for UART::_printf(const char*, ...)
    main.o(i.main) refers to tasks.o(i.vTaskStartScheduler) for vTaskStartScheduler
    main.o(i.main) refers to main.o(i._Z18parseSmartmeshDataPv) for parseSmartmeshData(void*)
    main.o(i.main) refers to main.o(.data) for .data
    main.o(.ARM.exidx) refers to main.o(i._Z12verifyPackettPht) for i._Z12verifyPackettPht
    main.o(.ARM.exidx) refers to main.o(i._Z18parseSmartmeshDataPv) for i._Z18parseSmartmeshDataPv
    main.o(.ARM.exidx) refers to main.o(i.main) for i.main
    main.o(.ARM.exidx) refers to main.o(i.SERCOM0_Handler) for i.SERCOM0_Handler
    main.o(.ARM.exidx) refers to main.o(i.SERCOM1_Handler) for i.SERCOM1_Handler
    main.o(.ARM.exidx) refers to main.o(i.SERCOM2_Handler) for i.SERCOM2_Handler
    main.o(.ARM.exidx) refers to main.o(i.__sti___8_main_cpp_30c642f8) for i.__sti___8_main_cpp_30c642f8
    main.o(.init_array) refers to main.o(i.__sti___8_main_cpp_30c642f8) for __sti___8_main_cpp_30c642f8
    main.o(.init_array) refers to init_aeabi.o(.text) for __cpp_initialize__aeabi_
    system_setup.o(i._Z12setup_systemv) refers to rtc.o(i._Z9setup_rtcv) for setup_rtc()
    system_setup.o(i._Z12setup_systemv) refers to system_saml21g18b.o(.data) for SystemCoreClock
    system_setup.o(i._Z7verifyPtPht) refers to system_setup.o(.data) for .data
    system_setup.o(.ARM.exidx) refers to system_setup.o(i._Z7verifyPtPht) for i._Z7verifyPtPht
    system_setup.o(.ARM.exidx) refers to system_setup.o(i._Z12setup_systemv) for i._Z12setup_systemv
    rtc.o(.ARM.exidx) refers to rtc.o(i._Z9setup_rtcv) for i._Z9setup_rtcv
    rtc.o(.ARM.exidx) refers to rtc.o(i._Z13set_timestampP9timestamp) for i._Z13set_timestampP9timestamp
    rtc.o(.ARM.exidx) refers to rtc.o(i._Z13get_timestampP9timestamp) for i._Z13get_timestampP9timestamp
    sercom.o(i._ZN4UART7_printfEPKcz) refers to c89vsprintf.o(.text) for __c89vsprintf
    sercom.o(.ARM.exidx) refers to sercom.o(i._ZN4UARTC1EP18sercom_registers_ti) for i._ZN4UARTC1EP18sercom_registers_ti
    sercom.o(.ARM.exidx) refers to sercom.o(i._ZN4UART7_printfEPKcz) for i._ZN4UART7_printfEPKcz
    sercom.o(.ARM.exidx) refers to sercom.o(i._ZN4UART10send_arrayEPhh) for i._ZN4UART10send_arrayEPhh
    api.o(i._ZN13Smartmesh_API12checksumDataEtPht) refers to api.o(.data) for .data
    api.o(i._ZN13Smartmesh_API12verifyPacketEtPht) refers to api.o(.data) for .data
    api.o(i._ZN13Smartmesh_API14getNetworkInfoEv) refers to api.o(i._ZN13Smartmesh_API11init_packetEhh) for Smartmesh_API::init_packet(unsigned char, unsigned char)
    api.o(i._ZN13Smartmesh_API14getNetworkInfoEv) refers to api.o(i._ZN13Smartmesh_API12checksumDataEtPht) for Smartmesh_API::checksumData(unsigned short, unsigned char*, unsigned short)
    api.o(i._ZN13Smartmesh_API14getNetworkInfoEv) refers to sercom.o(i._ZN4UART10send_arrayEPhh) for UART::send_array(unsigned char*, unsigned char)
    api.o(i._ZN13Smartmesh_API15clearStatisticsEv) refers to api.o(i._ZN13Smartmesh_API11init_packetEhh) for Smartmesh_API::init_packet(unsigned char, unsigned char)
    api.o(i._ZN13Smartmesh_API15getHardwareInfoEv) refers to api.o(i._ZN13Smartmesh_API11init_packetEhh) for Smartmesh_API::init_packet(unsigned char, unsigned char)
[...]
    .text                                    0x000018e4   Section        2  use_no_semi.o(.text)
    .text                                    0x000018e6   Section        0  indicate_semi.o(.text)
    .text                                    0x000018e6   Section        0  __dczerorl.o(.text)
    i.SERCOM0_Handler                        0x00001920   Section        0  main.o(i.SERCOM0_Handler)
    i.SERCOM1_Handler                        0x000019b8   Section        0  main.o(i.SERCOM1_Handler)
    i.SERCOM2_Handler                        0x000019d4   Section        0  main.o(i.SERCOM2_Handler)
    i.SVC_Handler                            0x000019e8   Section        0  port.o(i.SVC_Handler)
    i.SysTick_Handler                        0x000019ec   Section        0  cmsis_os2.o(i.SysTick_Handler)
    i.SystemInit                             0x00001a04   Section        0  system_saml21g18b.o(i.SystemInit)
    i._Z12setup_systemv                      0x00001a14   Section        0  system_setup.o(i._Z12setup_systemv)
    i._Z12verifyPackettPht                   0x00001b4c   Section        0  main.o(i._Z12verifyPackettPht)
    i._Z18parseSmartmeshDataPv               0x00001b7c   Section        0  main.o(i._Z18parseSmartmeshDataPv)
    i._Z9setup_rtcv                          0x00001b90   Section        0  rtc.o(i._Z9setup_rtcv)
    i._ZN13Smartmesh_APIC1EP4UART            0x00001b92   Section        0  api.o(i._ZN13Smartmesh_APIC1EP4UART)
    i._ZN4UART7_printfEPKcz                  0x00001ba0   Section        0  sercom.o(i._ZN4UART7_printfEPKcz)
    i._ZN4UARTC1EP18sercom_registers_ti      0x00001bfc   Section        0  sercom.o(i._ZN4UARTC1EP18sercom_registers_ti)
    i.__ARM_common_ll_muluu                  0x00001ca0   Section        0  btod.o(i.__ARM_common_ll_muluu)
    i.__ARM_common_switch8                   0x00001cd0   Section        0  cmsis_os2.o(i.__ARM_common_switch8)
    i.__ARM_fpclassify                       0x00001cec   Section        0  fpclassify.o(i.__ARM_fpclassify)
    i.__sti___8_main_cpp_30c642f8            0x00001d18   Section        0  main.o(i.__sti___8_main_cpp_30c642f8)
    __sti___8_main_cpp_30c642f8              0x00001d19   Thumb Code    54  main.o(i.__sti___8_main_cpp_30c642f8)
    i._is_digit                              0x00001d58   Section        0  __printf_wp.o(i._is_digit)
    i._mutex_acquire                         0x00001d66   Section        0  clib_arm.o(i._mutex_acquire)
    __tagsym$$used                           0x00001d67   Number         0  clib_arm.o(i._mutex_acquire)
    i._mutex_free                            0x00001d80   Section        0  clib_arm.o(i._mutex_free)
    __tagsym$$used                           0x00001d81   Number         0  clib_arm.o(i._mutex_free)
    i._mutex_initialize                      0x00001dac   Section        0  clib_arm.o(i._mutex_initialize)
    __tagsym$$used                           0x00001dad   Number         0  clib_arm.o(i._mutex_initialize)
    i._mutex_release                         0x00001e04   Section        0  clib_arm.o(i._mutex_release)
    __tagsym$$used                           0x00001e05   Number         0  clib_arm.o(i._mutex_release)
    i._platform_post_stackheap_init          0x00001e1e   Section        0  clib_arm.o(i._platform_post_stackheap_init)
    i.main                                   0x00001e20   Section        0  main.o(i.main)
    i.os_kernel_is_active                    0x00001e8c   Section        0  clib_arm.o(i.os_kernel_is_active)
    os_kernel_is_active                      0x00001e8d   Thumb Code    18  clib_arm.o(i.os_kernel_is_active)
    i.prvAddCurrentTaskToDelayedList         0x00001ea0   Section        0  tasks.o(i.prvAddCurrentTaskToDelayedList)
    prvAddCurrentTaskToDelayedList           0x00001ea1   Thumb Code   108  tasks.o(i.prvAddCurrentTaskToDelayedList)
    i.prvAddNewTaskToReadyList               0x00001f14   Section        0  tasks.o(i.prvAddNewTaskToReadyList)
    prvAddNewTaskToReadyList                 0x00001f15   Thumb Code   140  tasks.o(i.prvAddNewTaskToReadyList)
    i.prvCheckForValidListAndQueue           0x00001fa8   Section        0  timers.o(i.prvCheckForValidListAndQueue)
    prvCheckForValidListAndQueue             0x00001fa9   Thumb Code    64  timers.o(i.prvCheckForValidListAndQueue)
    i.prvCheckTasksWaitingTermination        0x00001ff0   Section        0  tasks.o(i.prvCheckTasksWaitingTermination)
    prvCheckTasksWaitingTermination          0x00001ff1   Thumb Code    52  tasks.o(i.prvCheckTasksWaitingTermination)
    i.prvCopyDataFromQueue                   0x0000202c   Section        0  queue.o(i.prvCopyDataFromQueue)
    prvCopyDataFromQueue                     0x0000202d   Thumb Code    36  queue.o(i.prvCopyDataFromQueue)
    i.prvCopyDataToQueue                     0x00002050   Section        0  queue.o(i.prvCopyDataToQueue)
    prvCopyDataToQueue                       0x00002051   Thumb Code   112  queue.o(i.prvCopyDataToQueue)
    i.prvDeleteTCB                           0x000020c0   Section        0  tasks.o(i.prvDeleteTCB)
    prvDeleteTCB                             0x000020c1   Thumb Code    38  tasks.o(i.prvDeleteTCB)
    i.prvGetDisinheritPriorityAfterTimeout   0x000020e6   Section        0  queue.o(i.prvGetDisinheritPriorityAfterTimeout)
    prvGetDisinheritPriorityAfterTimeout     0x000020e7   Thumb Code    20  queue.o(i.prvGetDisinheritPriorityAfterTimeout)
    i.prvGetNextExpireTime                   0x000020fc   Section        0  timers.o(i.prvGetNextExpireTime)
    prvGetNextExpireTime                     0x000020fd   Thumb Code    32  timers.o(i.prvGetNextExpireTime)
    i.prvHeapInit                            0x00002120   Section        0  heap_4.o(i.prvHeapInit)
    prvHeapInit                              0x00002121   Thumb Code    66  heap_4.o(i.prvHeapInit)
    i.prvIdleTask                            0x0000216c   Section        0  tasks.o(i.prvIdleTask)
    prvIdleTask                              0x0000216d   Thumb Code    18  tasks.o(i.prvIdleTask)
    i.prvInitialiseMutex                     0x00002184   Section        0  queue.o(i.prvInitialiseMutex)
    prvInitialiseMutex                       0x00002185   Thumb Code    26  queue.o(i.prvInitialiseMutex)
    i.prvInitialiseNewQueue                  0x0000219e   Section        0  queue.o(i.prvInitialiseNewQueue)
    prvInitialiseNewQueue                    0x0000219f   Thumb Code    34  queue.o(i.prvInitialiseNewQueue)
    i.prvInitialiseNewTask                   0x000021c0   Section        0  tasks.o(i.prvInitialiseNewTask)
    prvInitialiseNewTask                     0x000021c1   Thumb Code   144  tasks.o(i.prvInitialiseNewTask)
    i.prvInitialiseTaskLists                 0x00002250   Section        0  tasks.o(i.prvInitialiseTaskLists)
    prvInitialiseTaskLists                   0x00002251   Thumb Code    72  tasks.o(i.prvInitialiseTaskLists)
    i.prvInsertBlockIntoFreeList             0x000022a4   Section        0  heap_4.o(i.prvInsertBlockIntoFreeList)
    prvInsertBlockIntoFreeList               0x000022a5   Thumb Code    78  heap_4.o(i.prvInsertBlockIntoFreeList)
    i.prvInsertTimerInActiveList             0x000022f8   Section        0  timers.o(i.prvInsertTimerInActiveList)
    prvInsertTimerInActiveList               0x000022f9   Thumb Code    60  timers.o(i.prvInsertTimerInActiveList)
    i.prvIsQueueEmpty                        0x00002338   Section        0  queue.o(i.prvIsQueueEmpty)
    prvIsQueueEmpty                          0x00002339   Thumb Code    28  queue.o(i.prvIsQueueEmpty)
    i.prvIsQueueFull                         0x00002354   Section        0  queue.o(i.prvIsQueueFull)
    prvIsQueueFull                           0x00002355   Thumb Code    30  queue.o(i.prvIsQueueFull)
    i.prvProcessExpiredTimer                 0x00002374   Section        0  timers.o(i.prvProcessExpiredTimer)
    prvProcessExpiredTimer                   0x00002375   Thumb Code    58  timers.o(i.prvProcessExpiredTimer)
    i.prvProcessReceivedCommands             0x000023b4   Section        0  timers.o(i.prvProcessReceivedCommands)
    prvProcessReceivedCommands               0x000023b5   Thumb Code   224  timers.o(i.prvProcessReceivedCommands)
    i.prvProcessTimerOrBlockTask             0x00002498   Section        0  timers.o(i.prvProcessTimerOrBlockTask)
    prvProcessTimerOrBlockTask               0x00002499   Thumb Code    96  timers.o(i.prvProcessTimerOrBlockTask)
    i.prvReloadTimer                         0x000024fc   Section        0  timers.o(i.prvReloadTimer)
    prvReloadTimer                           0x000024fd   Thumb Code    40  timers.o(i.prvReloadTimer)
    i.prvResetNextTaskUnblockTime            0x00002524   Section        0  tasks.o(i.prvResetNextTaskUnblockTime)
    prvResetNextTaskUnblockTime              0x00002525   Thumb Code    28  tasks.o(i.prvResetNextTaskUnblockTime)
    i.prvSampleTimeNow                       0x00002544   Section        0  timers.o(i.prvSampleTimeNow)
    prvSampleTimeNow                         0x00002545   Thumb Code    38  timers.o(i.prvSampleTimeNow)
    i.prvSwitchTimerLists                    0x00002570   Section        0  timers.o(i.prvSwitchTimerLists)
    prvSwitchTimerLists                      0x00002571   Thumb Code    38  timers.o(i.prvSwitchTimerLists)
    i.prvTaskExitError                       0x0000259c   Section        0  port.o(i.prvTaskExitError)
    prvTaskExitError                         0x0000259d   Thumb Code     4  port.o(i.prvTaskExitError)
    i.prvTimerTask                           0x000025a0   Section        0  timers.o(i.prvTimerTask)
    prvTimerTask                             0x000025a1   Thumb Code    20  timers.o(i.prvTimerTask)
    i.prvUnlockQueue                         0x000025b4   Section        0  queue.o(i.prvUnlockQueue)
    prvUnlockQueue                           0x000025b5   Thumb Code   112  queue.o(i.prvUnlockQueue)
    i.pvPortMalloc                           0x00002624   Section        0  heap_4.o(i.pvPortMalloc)
    i.pvTaskIncrementMutexHeldCount          0x000026d8   Section        0  tasks.o(i.pvTaskIncrementMutexHeldCount)
    i.pxPortInitialiseStack                  0x000026f0   Section        0  port.o(i.pxPortInitialiseStack)
    i.uxListRemove                           0x00002710   Section        0  list.o(i.uxListRemove)
    i.vApplicationGetIdleTaskMemory          0x00002738   Section        0  cmsis_os2.o(i.vApplicationGetIdleTaskMemory)
    i.vApplicationGetTimerTaskMemory         0x0000274c   Section        0  cmsis_os2.o(i.vApplicationGetTimerTaskMemory)
    i.vApplicationStackOverflowHook          0x00002760   Section        0  cmsis_os2.o(i.vApplicationStackOverflowHook)
    i.vListInitialise                        0x00002762   Section        0  list.o(i.vListInitialise)
    i.vListInitialiseItem                    0x00002778   Section        0  list.o(i.vListInitialiseItem)
    i.vListInsert                            0x0000277e   Section        0  list.o(i.vListInsert)
    i.vPortEnterCritical                     0x000027b0   Section        0  port.o(i.vPortEnterCritical)
    i.vPortExitCritical                      0x000027c8   Section        0  port.o(i.vPortExitCritical)
    i.vPortFree                              0x000027dc   Section        0  heap_4.o(i.vPortFree)
    i.vPortSetupTimerInterrupt               0x0000281c   Section        0  port.o(i.vPortSetupTimerInterrupt)
    i.vPortYield                             0x00002844   Section        0  port.o(i.vPortYield)
    i.vQueueDelete                           0x0000285c   Section        0  queue.o(i.vQueueDelete)
    i.vQueueWaitForMessageRestricted         0x0000286c   Section        0  queue.o(i.vQueueWaitForMessageRestricted)
    i.vTaskInternalSetTimeOutState           0x000028b4   Section        0  tasks.o(i.vTaskInternalSetTimeOutState)
    i.vTaskMissedYield                       0x000028c4   Section        0  tasks.o(i.vTaskMissedYield)
    i.vTaskPlaceOnEventList                  0x000028d0   Section        0  tasks.o(i.vTaskPlaceOnEventList)
    i.vTaskPlaceOnEventListRestricted        0x000028ec   Section        0  tasks.o(i.vTaskPlaceOnEventListRestricted)
    i.vTaskPriorityDisinheritAfterTimeout    0x00002930   Section        0  tasks.o(i.vTaskPriorityDisinheritAfterTimeout)
    i.vTaskStartScheduler                    0x000029b0   Section        0  tasks.o(i.vTaskStartScheduler)
    i.vTaskSuspendAll                        0x00002a1c   Section        0  tasks.o(i.vTaskSuspendAll)
    i.vTaskSwitchContext                     0x00002a2c   Section        0  tasks.o(i.vTaskSwitchContext)
    i.xPortStartScheduler                    0x00002aa8   Section        0  port.o(i.xPortStartScheduler)
    i.xPortSysTickHandler                    0x00002ad8   Section        0  port.o(i.xPortSysTickHandler)
    i.xQueueCreateMutex                      0x00002afc   Section        0  queue.o(i.xQueueCreateMutex)
    i.xQueueCreateMutexStatic                0x00002b14   Section        0  queue.o(i.xQueueCreateMutexStatic)
    i.xQueueGenericCreate                    0x00002b30   Section        0  queue.o(i.xQueueGenericCreate)
    i.xQueueGenericCreateStatic              0x00002b7a   Section        0  queue.o(i.xQueueGenericCreateStatic)
    i.xQueueGenericReset                     0x00002bac   Section        0  queue.o(i.xQueueGenericReset)
    i.xQueueGenericSend                      0x00002c2e   Section        0  queue.o(i.xQueueGenericSend)
    i.xQueueGiveFromISR                      0x00002d10   Section        0  queue.o(i.xQueueGiveFromISR)
    i.xQueueReceive                          0x00002d64   Section        0  queue.o(i.xQueueReceive)
    i.xQueueSemaphoreTake                    0x00002e40   Section        0  queue.o(i.xQueueSemaphoreTake)
    i.xTaskCheckForTimeOut                   0x00002f54   Section        0  tasks.o(i.xTaskCheckForTimeOut)
    i.xTaskCreate                            0x00002fa8   Section        0  tasks.o(i.xTaskCreate)
    i.xTaskCreateStatic                      0x00003008   Section        0  tasks.o(i.xTaskCreateStatic)
    i.xTaskGetSchedulerState                 0x00003044   Section        0  tasks.o(i.xTaskGetSchedulerState)
    i.xTaskGetTickCount                      0x00003064   Section        0  tasks.o(i.xTaskGetTickCount)
    i.xTaskIncrementTick                     0x00003070   Section        0  tasks.o(i.xTaskIncrementTick)
    i.xTaskPriorityDisinherit                0x00003178   Section        0  tasks.o(i.xTaskPriorityDisinherit)
    i.xTaskPriorityInherit                   0x000031e8   Section        0  tasks.o(i.xTaskPriorityInherit)
    i.xTaskRemoveFromEventList               0x00003280   Section        0  tasks.o(i.xTaskRemoveFromEventList)
    i.xTaskResumeAll                         0x00003344   Section        0  tasks.o(i.xTaskResumeAll)
    i.xTimerCreateTimerTask                  0x0000343c   Section        0  timers.o(i.xTimerCreateTimerTask)
    locale$$code                             0x00003494   Section       44  lc_numeric_c.o(locale$$code)
    locale$$code                             0x000034c0   Section       44  lc_ctype_c.o(locale$$code)
    x$fpl$printf1                            0x000034ec   Section       16  printf1.o(x$fpl$printf1)
    .constdata                               0x000034fc   Section        8  _printf_wctomb.o(.constdata)
    x$fpl$usenofp                            0x000034fc   Section        0  usenofp.o(x$fpl$usenofp)
    initial_mbstate                          0x000034fc   Data           8  _printf_wctomb.o(.constdata)
    .constdata                               0x00003504   Section       40  _printf_hex_int_ll_ptr.o(.constdata)
    uc_hextab                                0x00003504   Data          20  _printf_hex_int_ll_ptr.o(.constdata)
    lc_hextab                                0x00003518   Data          20  _printf_hex_int_ll_ptr.o(.constdata)
    .constdata                               0x0000352c   Section       17  __printf_flags_ss_wp.o(.constdata)
    maptable                                 0x0000352c   Data          17  __printf_flags_ss_wp.o(.constdata)
    .constdata                               0x00003540   Section      148  bigflt0.o(.constdata)
    tenpwrs_x                                0x00003540   Data          60  bigflt0.o(.constdata)
    tenpwrs_i                                0x0000357c   Data          64  bigflt0.o(.constdata)
    locale$$data                             0x000035f4   Section       28  lc_numeric_c.o(locale$$data)
    __lcnum_c_name                           0x000035f8   Data           2  lc_numeric_c.o(locale$$data)
    __lcnum_c_start                          0x00003600   Data           0  lc_numeric_c.o(locale$$data)
    __lcnum_c_point                          0x0000360c   Data           0  lc_numeric_c.o(locale$$data)
    __lcnum_c_thousands                      0x0000360e   Data           0  lc_numeric_c.o(locale$$data)
    __lcnum_c_grouping                       0x0000360f   Data           0  lc_numeric_c.o(locale$$data)
    locale$$data                             0x00003610   Section      272  lc_ctype_c.o(locale$$data)
    __lcnum_c_end                            0x00003610   Data           0  lc_numeric_c.o(locale$$data)
    __lcctype_c_name                         0x00003614   Data           2  lc_ctype_c.o(locale$$data)
    __lcctype_c_start                        0x0000361c   Data           0  lc_ctype_c.o(locale$$data)
    .init_array                              0x00003720   Section        4  main.o(.init_array)
    __lcctype_c_end                          0x00003720   Data           0  lc_ctype_c.o(locale$$data)
    .init_array                              0x00003724   Section        0  init_aeabi.o(.init_array)
    .data                                    0x20000000   Section      532  main.o(.data)
    fcstab                                   0x20000014   Data         512  main.o(.data)
    .data                                    0x20000214   Section        4  system_saml21g18b.o(.data)
    .data                                    0x20000218   Section       32  heap_4.o(.data)
    pxEnd                                    0x20000218   Data           4  heap_4.o(.data)
    xFreeBytesRemaining                      0x2000021c   Data           4  heap_4.o(.data)
    xMinimumEverFreeBytesRemaining           0x20000220   Data           4  heap_4.o(.data)
    xNumberOfSuccessfulAllocations           0x20000224   Data           4  heap_4.o(.data)
    xNumberOfSuccessfulFrees                 0x20000228   Data           4  heap_4.o(.data)
    xBlockAllocatedBit                       0x2000022c   Data           4  heap_4.o(.data)
    xStart                                   0x20000230   Data           8  heap_4.o(.data)
    .data                                    0x20000238   Section        4  port.o(.data)
    uxCriticalNesting                        0x20000238   Data           4  port.o(.data)
    .data                                    0x2000023c   Section       64  tasks.o(.data)
    uxDeletedTasksWaitingCleanUp             0x20000240   Data           4  tasks.o(.data)
    uxCurrentNumberOfTasks                   0x20000244   Data           4  tasks.o(.data)
    xTickCount                               0x20000248   Data           4  tasks.o(.data)
    uxTopReadyPriority                       0x2000024c   Data           4  tasks.o(.data)
    xSchedulerRunning                        0x20000250   Data           4  tasks.o(.data)
    xPendedTicks                             0x20000254   Data           4  tasks.o(.data)
    xYieldPending                            0x20000258   Data           4  tasks.o(.data)
    xNumOfOverflows                          0x2000025c   Data           4  tasks.o(.data)
    uxTaskNumber                             0x20000260   Data           4  tasks.o(.data)
    xNextTaskUnblockTime                     0x20000264   Data           4  tasks.o(.data)
    xIdleTaskHandle                          0x20000268   Data           4  tasks.o(.data)
    uxSchedulerSuspended                     0x20000270   Data           4  tasks.o(.data)
    pxDelayedTaskList                        0x20000274   Data           4  tasks.o(.data)
    pxOverflowDelayedTaskList                0x20000278   Data           4  tasks.o(.data)
    .data                                    0x2000027c   Section       20  timers.o(.data)
    xTimerQueue                              0x2000027c   Data           4  timers.o(.data)
    xTimerTaskHandle                         0x20000280   Data           4  timers.o(.data)
    xLastTime                                0x20000284   Data           4  timers.o(.data)
    pxCurrentTimerList                       0x20000288   Data           4  timers.o(.data)
    pxOverflowTimerList                      0x2000028c   Data           4  timers.o(.data)
    .bss                                     0x20000290   Section      268  main.o(.bss)
    .bss                                     0x2000039c   Section      916  clib_arm.o(.bss)
    os_libspace                              0x2000039c   Data         480  clib_arm.o(.bss)
    os_libspace_id                           0x2000057c   Data          16  clib_arm.o(.bss)
    clib_mutex_cb                            0x2000058c   Data         400  clib_arm.o(.bss)
    clib_mutex_id                            0x2000071c   Data          20  clib_arm.o(.bss)
    .bss                                     0x20000730   Section     1016  cmsis_os2.o(.bss)
    Idle_TCB                                 0x20000730   Data          92  cmsis_os2.o(.bss)
    Idle_Stack                               0x2000078c   Data         512  cmsis_os2.o(.bss)
    Timer_TCB                                0x2000098c   Data          92  cmsis_os2.o(.bss)
    Timer_Stack                              0x200009e8   Data         320  cmsis_os2.o(.bss)
    .bss                                     0x20000b28   Section     8192  heap_4.o(.bss)
    ucHeap                                   0x20000b28   Data        8192  heap_4.o(.bss)
    .bss                                     0x20002b28   Section     1220  tasks.o(.bss)
    pxReadyTasksLists                        0x20002b28   Data        1120  tasks.o(.bss)
    xDelayedTaskList1                        0x20002f88   Data          20  tasks.o(.bss)
    xDelayedTaskList2                        0x20002f9c   Data          20  tasks.o(.bss)
    xPendingReadyList                        0x20002fb0   Data          20  tasks.o(.bss)
    xTasksWaitingTermination                 0x20002fc4   Data          20  tasks.o(.bss)
    xSuspendedTaskList                       0x20002fd8   Data          20  tasks.o(.bss)
    .bss                                     0x20002fec   Section      200  timers.o(.bss)
    xStaticTimerQueue                        0x20002fec   Data          80  timers.o(.bss)
    ucStaticTimerQueueStorage                0x2000303c   Data          80  timers.o(.bss)
    xActiveTimerList1                        0x2000308c   Data          20  timers.o(.bss)
    xActiveTimerList2                        0x200030a0   Data          20  timers.o(.bss)
    .bss                                     0x200030b4   Section       96  libspace.o(.bss)
    HEAP                                     0x20003118   Section     1280  startup_saml21g18b.o(HEAP)
    Heap_Mem                                 0x20003118   Data        1280  startup_saml21g18b.o(HEAP)
    STACK                                    0x20003618   Section     1280  startup_saml21g18b.o(STACK)
    Stack_Mem                                0x20003618   Data        1280  startup_saml21g18b.o(STACK)
    __initial_sp                             0x20003b18   Data           0  startup_saml21g18b.o(STACK)

    Global Symbols

    Symbol Name                              Value     Ov Type        Size  Object(Section)

    BuildAttributes$$THM_ISAv3M$S$PE$A:L22$X:L11$S22$IEEE1$IW$USESV6$~STKCKD$USESV7$~SHL$OTIME$ROPI$IEEEJ$EBA8$UX$STANDARDLIB$REQ8$PRES8$EABIv2 0x00000000   Number         0  anon$$obj.o ABSOLUTE
    __ARM_use_no_argv                        0x00000000   Number         0  main.o ABSOLUTE
    __Vectors                                0x00000000   Data           4  startup_saml21g18b.o(RESET)
    _printf_flags                            0x00000000   Number         0  printf_stubs.o ABSOLUTE
    _printf_return_value                     0x00000000   Number         0  printf_stubs.o ABSOLUTE
    _printf_sizespec                         0x00000000   Number         0  printf_stubs.o ABSOLUTE
    _printf_widthprec                        0x00000000   Number         0  printf_stubs.o ABSOLUTE
    __ARM_exceptions_init                     - Undefined Weak Reference
    __alloca_initialize                       - Undefined Weak Reference
    __arm_preinit_                            - Undefined Weak Reference
    __cxa_finalize                            - Undefined Weak Reference
    __sigvec_lookup                           - Undefined Weak Reference
    _atexit_init                              - Undefined Weak Reference
    _call_atexit_fns                          - Undefined Weak Reference
    _clock_init                               - Undefined Weak Reference
    _fp_trap_init                             - Undefined Weak Reference
    _fp_trap_shutdown                         - Undefined Weak Reference
    _get_lc_collate                           - Undefined Weak Reference
    _get_lc_monetary                          - Undefined Weak Reference
    _get_lc_time                              - Undefined Weak Reference
    _getenv_init                              - Undefined Weak Reference
    _handle_redirection                       - Undefined Weak Reference
    _init_alloc                               - Undefined Weak Reference
    _init_user_alloc                          - Undefined Weak Reference
    _initio                                   - Undefined Weak Reference
    _printf_fp_hex                            - Undefined Weak Reference
    _printf_mbtowc                            - Undefined Weak Reference
    _printf_wc                                - Undefined Weak Reference
    _rand_init                                - Undefined Weak Reference
    _signal_finish                            - Undefined Weak Reference
    _signal_init                              - Undefined Weak Reference
    _terminate_alloc                          - Undefined Weak Reference
    _terminate_user_alloc                     - Undefined Weak Reference
    _terminateio                              - Undefined Weak Reference
    __Vectors_End                            0x000000b0   Data           0  startup_saml21g18b.o(RESET)
    __Vectors_Size                           0x000000b0   Number         0  startup_saml21g18b.o ABSOLUTE
    __main                                   0x000000b1   Thumb Code     8  __main.o(!!!main)
    __scatterload                            0x000000b9   Thumb Code     0  __scatter.o(!!!scatter)
    __scatterload_rt2                        0x000000b9   Thumb Code    52  __scatter.o(!!!scatter)
    __scatterload_rt2_thumb_only             0x000000b9   Thumb Code     0  __scatter.o(!!!scatter)
    __scatterload_null                       0x000000c9   Thumb Code     0  __scatter.o(!!!scatter)
    __scatterload_zeroinit                   0x000000f5   Thumb Code    28  __scatter_zi.o(!!handler_zi)
    _printf_percent                          0x00000111   Thumb Code     0  _printf_percent.o(.ARM.Collect$$_printf_percent$$00000000)
    _printf_n                                0x00000113   Thumb Code     0  _printf_n.o(.ARM.Collect$$_printf_percent$$00000001)
    _printf_p                                0x0000011d   Thumb Code     0  _printf_p.o(.ARM.Collect$$_printf_percent$$00000002)
    _printf_f                                0x00000127   Thumb Code     0  _printf_f.o(.ARM.Collect$$_printf_percent$$00000003)
    _printf_e                                0x00000131   Thumb Code     0  _printf_e.o(.ARM.Collect$$_printf_percent$$00000004)
    _printf_g                                0x0000013b   Thumb Code     0  _printf_g.o(.ARM.Collect$$_printf_percent$$00000005)
    _printf_a                                0x00000145   Thumb Code     0  _printf_a.o(.ARM.Collect$$_printf_percent$$00000006)
    _printf_ll                               0x0000014f   Thumb Code     0  _printf_ll.o(.ARM.Collect$$_printf_percent$$00000007)
    _printf_i                                0x00000159   Thumb Code     0  _printf_i.o(.ARM.Collect$$_printf_percent$$00000008)
    _printf_d                                0x00000163   Thumb Code     0  _printf_d.o(.ARM.Collect$$_printf_percent$$00000009)
    _printf_u                                0x0000016d   Thumb Code     0  _printf_u.o(.ARM.Collect$$_printf_percent$$0000000A)
    _printf_o                                0x00000177   Thumb Code     0  _printf_o.o(.ARM.Collect$$_printf_percent$$0000000B)
    _printf_x                                0x00000181   Thumb Code     0  _printf_x.o(.ARM.Collect$$_printf_percent$$0000000C)
    _printf_lli                              0x0000018b   Thumb Code     0  _printf_lli.o(.ARM.Collect$$_printf_percent$$0000000D)
    _printf_lld                              0x00000195   Thumb Code     0  _printf_lld.o(.ARM.Collect$$_printf_percent$$0000000E)
    _printf_llu                              0x0000019f   Thumb Code     0  _printf_llu.o(.ARM.Collect$$_printf_percent$$0000000F)
    _printf_llo                              0x000001a9   Thumb Code     0  _printf_llo.o(.ARM.Collect$$_printf_percent$$00000010)
    _printf_llx                              0x000001b3   Thumb Code     0  _printf_llx.o(.ARM.Collect$$_printf_percent$$00000011)
    _printf_l                                0x000001bd   Thumb Code     0  _printf_l.o(.ARM.Collect$$_printf_percent$$00000012)
    _printf_c                                0x000001c7   Thumb Code     0  _printf_c.o(.ARM.Collect$$_printf_percent$$00000013)
    _printf_s                                0x000001d1   Thumb Code     0  _printf_s.o(.ARM.Collect$$_printf_percent$$00000014)
    _printf_lc                               0x000001db   Thumb Code     0  _printf_lc.o(.ARM.Collect$$_printf_percent$$00000015)
    _printf_ls                               0x000001e5   Thumb Code     0  _printf_ls.o(.ARM.Collect$$_printf_percent$$00000016)
    _printf_percent_end                      0x000001ef   Thumb Code     0  _printf_percent_end.o(.ARM.Collect$$_printf_percent$$00000017)
    __rt_lib_init                            0x000001f3   Thumb Code     0  libinit.o(.ARM.Collect$$libinit$$00000000)
    __rt_lib_init_fp_1                       0x000001f5   Thumb Code     0  libinit2.o(.ARM.Collect$$libinit$$00000002)
    __rt_lib_init_heap_1                     0x000001f5   Thumb Code     0  libinit2.o(.ARM.Collect$$libinit$$0000000A)
    __rt_lib_init_lc_common                  0x000001f5   Thumb Code     0  libinit2.o(.ARM.Collect$$libinit$$0000000F)
    __rt_lib_init_preinit_1                  0x000001f5   Thumb Code     0  libinit2.o(.ARM.Collect$$libinit$$00000004)
    __rt_lib_init_rand_1                     0x000001f5   Thumb Code     0  libinit2.o(.ARM.Collect$$libinit$$0000000E)
    __rt_lib_init_user_alloc_1               0x000001f5   Thumb Code     0  libinit2.o(.ARM.Collect$$libinit$$0000000C)
    __rt_lib_init_lc_collate_1               0x000001fb   Thumb Code     0  libinit2.o(.ARM.Collect$$libinit$$00000011)
    __rt_lib_init_lc_ctype_2                 0x000001fb   Thumb Code     0  libinit2.o(.ARM.Collect$$libinit$$00000012)
    __rt_lib_init_lc_ctype_1                 0x00000207   Thumb Code     0  libinit2.o(.ARM.Collect$$libinit$$00000013)
    __rt_lib_init_lc_monetary_1              0x00000207   Thumb Code     0  libinit2.o(.ARM.Collect$$libinit$$00000015)
    __rt_lib_init_lc_numeric_2               0x00000207   Thumb Code     0  libinit2.o(.ARM.Collect$$libinit$$00000016)
    __rt_lib_init_alloca_1                   0x00000211   Thumb Code     0  libinit2.o(.ARM.Collect$$libinit$$0000002E)
    __rt_lib_init_argv_1                     0x00000211   Thumb Code     0  libinit2.o(.ARM.Collect$$libinit$$0000002C)
    __rt_lib_init_atexit_1                   0x00000211   Thumb Code     0  libinit2.o(.ARM.Collect$$libinit$$0000001B)
    __rt_lib_init_clock_1                    0x00000211   Thumb Code     0  libinit2.o(.ARM.Collect$$libinit$$00000021)
    __rt_lib_init_cpp_2                      0x00000211   Thumb Code     0  libinit2.o(.ARM.Collect$$libinit$$00000031)
    __rt_lib_init_exceptions_1               0x00000211   Thumb Code     0  libinit2.o(.ARM.Collect$$libinit$$00000030)
    __rt_lib_init_fp_trap_1                  0x00000211   Thumb Code     0  libinit2.o(.ARM.Collect$$libinit$$0000001F)
    __rt_lib_init_getenv_1                   0x00000211   Thumb Code     0  libinit2.o(.ARM.Collect$$libinit$$00000023)
    __rt_lib_init_lc_numeric_1               0x00000211   Thumb Code     0  libinit2.o(.ARM.Collect$$libinit$$00000017)
    __rt_lib_init_lc_time_1                  0x00000211   Thumb Code     0  libinit2.o(.ARM.Collect$$libinit$$00000019)
    __rt_lib_init_signal_1                   0x00000211   Thumb Code     0  libinit2.o(.ARM.Collect$$libinit$$0000001D)
    __rt_lib_init_stdio_1                    0x00000211   Thumb Code     0  libinit2.o(.ARM.Collect$$libinit$$00000025)
    __rt_lib_init_cpp_1                      0x00000215   Thumb Code     0  libinit2.o(.ARM.Collect$$libinit$$00000032)
    __rt_lib_init_return                     0x00000215   Thumb Code     0  libinit2.o(.ARM.Collect$$libinit$$00000033)
    __rt_lib_shutdown                        0x00000217   Thumb Code     0  libshutdown.o(.ARM.Collect$$libshutdown$$00000000)
    __rt_lib_shutdown_cpp_1                  0x00000219   Thumb Code     0  libshutdown2.o(.ARM.Collect$$libshutdown$$00000002)
    __rt_lib_shutdown_fp_trap_1              0x00000219   Thumb Code     0  libshutdown2.o(.ARM.Collect$$libshutdown$$00000007)
    __rt_lib_shutdown_heap_1                 0x00000219   Thumb Code     0  libshutdown2.o(.ARM.Collect$$libshutdown$$0000000F)
    __rt_lib_shutdown_return                 0x00000219   Thumb Code     0  libshutdown2.o(.ARM.Collect$$libshutdown$$00000010)
    __rt_lib_shutdown_signal_1               0x00000219   Thumb Code     0  libshutdown2.o(.ARM.Collect$$libshutdown$$0000000A)
    __rt_lib_shutdown_stdio_1                0x00000219   Thumb Code     0  libshutdown2.o(.ARM.Collect$$libshutdown$$00000004)
    __rt_lib_shutdown_user_alloc_1           0x00000219   Thumb Code     0  libshutdown2.o(.ARM.Collect$$libshutdown$$0000000C)
    __rt_entry                               0x0000021b   Thumb Code     0  __rtentry.o(.ARM.Collect$$rtentry$$00000000)
    __rt_entry_presh_1                       0x0000021b   Thumb Code     0  __rtentry2.o(.ARM.Collect$$rtentry$$00000002)
    __rt_entry_sh                            0x0000021b   Thumb Code     0  __rtentry4.o(.ARM.Collect$$rtentry$$00000004)
    __rt_entry_postsh_1                      0x00000221   Thumb Code     0  __rtentry2.o(.ARM.Collect$$rtentry$$00000008)
    __rt_entry_li                            0x00000229   Thumb Code     0  __rtentry2.o(.ARM.Collect$$rtentry$$0000000A)
    __rt_entry_main                          0x0000022d   Thumb Code     0  __rtentry2.o(.ARM.Collect$$rtentry$$0000000D)
    __rt_entry_postli_1                      0x0000022d   Thumb Code     0  __rtentry2.o(.ARM.Collect$$rtentry$$0000000C)
    __rt_exit                                0x00000235   Thumb Code     0  rtexit.o(.ARM.Collect$$rtexit$$00000000)
    __rt_exit_ls                             0x00000237   Thumb Code     0  rtexit2.o(.ARM.Collect$$rtexit$$00000003)
    __rt_exit_prels_1                        0x00000237   Thumb Code     0  rtexit2.o(.ARM.Collect$$rtexit$$00000002)
    __rt_exit_exit                           0x0000023b   Thumb Code     0  rtexit2.o(.ARM.Collect$$rtexit$$00000004)
    __asm___6_port_c_39a90d8d__prvPortStartFirstTask 0x00000241   Thumb Code    36  port.o(.emb_text)
    ulSetInterruptMaskFromISR                0x00000269   Thumb Code     8  port.o(.emb_text)
    vClearInterruptMaskFromISR               0x00000271   Thumb Code     6  port.o(.emb_text)
    PendSV_Handler                           0x00000277   Thumb Code    62  port.o(.emb_text)
    __aeabi_memcpy4                          0x000002b9   Thumb Code    56  rt_memcpy.o(.emb_text)
    __aeabi_memcpy8                          0x000002b9   Thumb Code     0  rt_memcpy.o(.emb_text)
    Reset_Handler                            0x000002f1   Thumb Code     8  startup_saml21g18b.o(.text)
    NonMaskableInt_Handler                   0x000002f9   Thumb Code     2  startup_saml21g18b.o(.text)
    HardFault_Handler                        0x000002fb   Thumb Code     2  startup_saml21g18b.o(.text)
    AC_Handler                               0x00000303   Thumb Code     0  startup_saml21g18b.o(.text)
    ADC_Handler                              0x00000303   Thumb Code     0  startup_saml21g18b.o(.text)
    AES_Handler                              0x00000303   Thumb Code     0  startup_saml21g18b.o(.text)
    DAC_Handler                              0x00000303   Thumb Code     0  startup_saml21g18b.o(.text)
    DMAC_Handler                             0x00000303   Thumb Code     0  startup_saml21g18b.o(.text)
    EIC_Handler                              0x00000303   Thumb Code     0  startup_saml21g18b.o(.text)
    EVSYS_Handler                            0x00000303   Thumb Code     0  startup_saml21g18b.o(.text)
    NVMCTRL_Handler                          0x00000303   Thumb Code     0  startup_saml21g18b.o(.text)
    PTC_Handler                              0x00000303   Thumb Code     0  startup_saml21g18b.o(.text)
    RTC_Handler                              0x00000303   Thumb Code     0  startup_saml21g18b.o(.text)
    SERCOM3_Handler                          0x00000303   Thumb Code     0  startup_saml21g18b.o(.text)
    SERCOM4_Handler                          0x00000303   Thumb Code     0  startup_saml21g18b.o(.text)
    SERCOM5_Handler                          0x00000303   Thumb Code     0  startup_saml21g18b.o(.text)
    SYSTEM_Handler                           0x00000303   Thumb Code     0  startup_saml21g18b.o(.text)
    TC0_Handler                              0x00000303   Thumb Code     0  startup_saml21g18b.o(.text)
    TC1_Handler                              0x00000303   Thumb Code     0  startup_saml21g18b.o(.text)
    TC4_Handler                              0x00000303   Thumb Code     0  startup_saml21g18b.o(.text)
    TCC0_Handler                             0x00000303   Thumb Code     0  startup_saml21g18b.o(.text)
    TCC1_Handler                             0x00000303   Thumb Code     0  startup_saml21g18b.o(.text)
    TCC2_Handler                             0x00000303   Thumb Code     0  startup_saml21g18b.o(.text)
    TRNG_Handler                             0x00000303   Thumb Code     0  startup_saml21g18b.o(.text)
    USB_Handler                              0x00000303   Thumb Code     0  startup_saml21g18b.o(.text)
    WDT_Handler                              0x00000303   Thumb Code     0  startup_saml21g18b.o(.text)
    __user_initial_stackheap                 0x00000305   Thumb Code     0  startup_saml21g18b.o(.text)
    __c89vsprintf                            0x00000329   Thumb Code    32  c89vsprintf.o(.text)
    __aeabi_memcpy                           0x0000034d   Thumb Code   130  rt_memcpy.o(.text)
    __rt_memcpy                              0x0000034d   Thumb Code     0  rt_memcpy.o(.text)
    __aeabi_memset                           0x000003cf   Thumb Code    18  aeabi_memset.o(.text)
    _memset_w                                0x000003e1   Thumb Code    26  rt_memclr.o(.text)
    _memset                                  0x000003fb   Thumb Code    30  rt_memclr.o(.text)
    __aeabi_memclr                           0x00000419   Thumb Code     4  rt_memclr.o(.text)
    __rt_memclr                              0x00000419   Thumb Code     0  rt_memclr.o(.text)
    __aeabi_memclr4                          0x0000041d   Thumb Code     0  rt_memclr.o(.text)
    __aeabi_memclr8                          0x0000041d   Thumb Code     0  rt_memclr.o(.text)
    __rt_memclr_w                            0x0000041d   Thumb Code     4  rt_memclr.o(.text)
    __aeabi_uidiv                            0x00000421   Thumb Code     0  aeabi_sdiv.o(.text)
    __aeabi_uidivmod                         0x00000421   Thumb Code    20  aeabi_sdiv.o(.text)
    __aeabi_idiv                             0x00000435   Thumb Code     0  aeabi_sdiv.o(.text)
    __aeabi_idivmod                          0x00000435   Thumb Code   326  aeabi_sdiv.o(.text)
    __use_two_region_memory                  0x0000057b   Thumb Code     2  heapauxi.o(.text)
    __rt_heap_escrow$2region                 0x0000057d   Thumb Code     2  heapauxi.o(.text)
    __rt_heap_expand$2region                 0x0000057f   Thumb Code     2  heapauxi.o(.text)
    __cpp_initialize__aeabi_                 0x00000581   Thumb Code    26  init_aeabi.o(.text)
    _printf_pre_padding                      0x000005a5   Thumb Code    44  _printf_pad.o(.text)
    _printf_post_padding                     0x000005d1   Thumb Code    34  _printf_pad.o(.text)
    _printf_truncate_signed                  0x000005f3   Thumb Code    18  _printf_truncate.o(.text)
    _printf_truncate_unsigned                0x00000605   Thumb Code    18  _printf_truncate.o(.text)
    _printf_str                              0x00000617   Thumb Code    82  _printf_str.o(.text)
    _printf_int_dec                          0x00000669   Thumb Code    90  _printf_dec.o(.text)
    _printf_charcount                        0x000006d5   Thumb Code    38  _printf_charcount.o(.text)
    _printf_char_common                      0x00000707   Thumb Code    32  _printf_char_common.o(.text)
    _sputc                                   0x0000072d   Thumb Code    10  _sputc.o(.text)
    _printf_wctomb                           0x00000739   Thumb Code   182  _printf_wctomb.o(.text)
    _printf_longlong_dec                     0x000007f5   Thumb Code    94  _printf_longlong_dec.o(.text)
    _printf_longlong_oct                     0x00000865   Thumb Code    68  _printf_oct_int_ll.o(.text)
    _printf_int_oct                          0x000008a9   Thumb Code    24  _printf_oct_int_ll.o(.text)
    _printf_ll_oct                           0x000008c1   Thumb Code    10  _printf_oct_int_ll.o(.text)
    _printf_longlong_hex                     0x000008d5   Thumb Code    88  _printf_hex_int_ll_ptr.o(.text)
    _printf_int_hex                          0x0000092d   Thumb Code    28  _printf_hex_int_ll_ptr.o(.text)
    _printf_ll_hex                           0x00000949   Thumb Code    10  _printf_hex_int_ll_ptr.o(.text)
    _printf_hex_ptr                          0x00000953   Thumb Code    22  _printf_hex_int_ll_ptr.o(.text)
    __printf                                 0x0000096d   Thumb Code   386  __printf_flags_ss_wp.o(.text)
    _ll_udiv10                               0x00000af5   Thumb Code   122  lludiv10.o(.text)
    _printf_int_common                       0x00000b6f   Thumb Code   176  _printf_intcommon.o(.text)
    __lib_sel_fp_printf                      0x00000c21   Thumb Code     2  _printf_fp_dec.o(.text)
    _printf_fp_dec_real                      0x00000dbf   Thumb Code   620  _printf_fp_dec.o(.text)
    _printf_cs_common                        0x00001039   Thumb Code    22  _printf_char.o(.text)
    _printf_char                             0x0000104f   Thumb Code    16  _printf_char.o(.text)
    _printf_string                           0x0000105f   Thumb Code     8  _printf_char.o(.text)
    _printf_lcs_common                       0x00001067   Thumb Code    22  _printf_wchar.o(.text)
    _printf_wchar                            0x0000107d   Thumb Code    16  _printf_wchar.o(.text)
    _printf_wstring                          0x0000108d   Thumb Code     8  _printf_wchar.o(.text)
    _wcrtomb                                 0x00001095   Thumb Code    64  _wcrtomb.o(.text)
    __rt_udiv10                              0x000010d5   Thumb Code    40  rtudiv10.o(.text)
    __user_setup_stackheap                   0x000010fd   Thumb Code    62  sys_stackheap_outer.o(.text)
    __rt_ctype_table                         0x0000113d   Thumb Code    16  rt_ctype_table.o(.text)
    __rt_locale                              0x0000114d   Thumb Code    10  rt_locale_twolibspace.o(.text)
    _printf_fp_infnan                        0x00001159   Thumb Code   120  _printf_fp_infnan.o(.text)
    _btod_etento                             0x000011e1   Thumb Code   210  bigflt0.o(.text)
    _btod_d2e                                0x000012b9   Thumb Code    64  btod.o(.text)
    _btod_emul                               0x000016ed   Thumb Code    28  btod.o(.text)
    _btod_emuld                              0x00001709   Thumb Code   144  btod.o(.text)
    _btod_ediv                               0x00001799   Thumb Code    26  btod.o(.text)
    _btod_edivd                              0x000017b3   Thumb Code   124  btod.o(.text)
    exit                                     0x00001839   Thumb Code    16  exit.o(.text)
    __user_libspace                          0x00001849   Thumb Code     8  libspace.o(.text)
    __user_perproc_libspace                  0x00001849   Thumb Code     0  libspace.o(.text)
    strcmp                                   0x00001851   Thumb Code   132  strcmp.o(.text)
    _sys_exit                                0x000018d9   Thumb Code     8  sys_exit.o(.text)
    __I$use$semihosting                      0x000018e5   Thumb Code     0  use_no_semi.o(.text)
    __use_no_semihosting_swi                 0x000018e5   Thumb Code     2  use_no_semi.o(.text)
    __decompress                             0x000018e7   Thumb Code     0  __dczerorl.o(.text)
    __decompress0                            0x000018e7   Thumb Code    58  __dczerorl.o(.text)
    __semihosting_library_function           0x000018e7   Thumb Code     0  indicate_semi.o(.text)
    SERCOM0_Handler                          0x00001921   Thumb Code   130  main.o(i.SERCOM0_Handler)
    SERCOM1_Handler                          0x000019b9   Thumb Code    20  main.o(i.SERCOM1_Handler)
    SERCOM2_Handler                          0x000019d5   Thumb Code    14  main.o(i.SERCOM2_Handler)
    SVC_Handler                              0x000019e9   Thumb Code     2  port.o(i.SVC_Handler)
    SysTick_Handler                          0x000019ed   Thumb Code    20  cmsis_os2.o(i.SysTick_Handler)
    SystemInit                               0x00001a05   Thumb Code     8  system_saml21g18b.o(i.SystemInit)
    setup_system()                           0x00001a15   Thumb Code   242  system_setup.o(i._Z12setup_systemv)
    verifyPacket(unsigned short, unsigned char*, unsigned short) 0x00001b4d   Thumb Code    40  main.o(i._Z12verifyPackettPht)
    parseSmartmeshData(void*)                0x00001b7d   Thumb Code    16  main.o(i._Z18parseSmartmeshDataPv)
    setup_rtc()                              0x00001b91   Thumb Code     2  rtc.o(i._Z9setup_rtcv)
    Smartmesh_API::Smartmesh_API(UART*)      0x00001b93   Thumb Code    12  api.o(i._ZN13Smartmesh_APIC1EP4UART)
    Smartmesh_API::Smartmesh_API__sub_object(UART*) 0x00001b93   Thumb Code     0  api.o(i._ZN13Smartmesh_APIC1EP4UART)
    UART::_printf(const char*, ...)          0x00001ba1   Thumb Code    78  sercom.o(i._ZN4UART7_printfEPKcz)
    UART::UART(sercom_registers_t*, int)     0x00001bfd   Thumb Code   130  sercom.o(i._ZN4UARTC1EP18sercom_registers_ti)
    UART::UART__sub_object(sercom_registers_t*, int) 0x00001bfd   Thumb Code     0  sercom.o(i._ZN4UARTC1EP18sercom_registers_ti)
    __ARM_common_ll_muluu                    0x00001ca1   Thumb Code    48  btod.o(i.__ARM_common_ll_muluu)
    __ARM_common_switch8                     0x00001cd1   Thumb Code    26  cmsis_os2.o(i.__ARM_common_switch8)
    __ARM_fpclassify                         0x00001ced   Thumb Code    40  fpclassify.o(i.__ARM_fpclassify)
    _is_digit                                0x00001d59   Thumb Code    14  __printf_wp.o(i._is_digit)
    _mutex_acquire                           0x00001d67   Thumb Code    24  clib_arm.o(i._mutex_acquire)
    _mutex_free                              0x00001d81   Thumb Code    40  clib_arm.o(i._mutex_free)
    _mutex_initialize                        0x00001dad   Thumb Code    80  clib_arm.o(i._mutex_initialize)
    _mutex_release                           0x00001e05   Thumb Code    26  clib_arm.o(i._mutex_release)
    _platform_post_stackheap_init            0x00001e1f   Thumb Code     2  clib_arm.o(i._platform_post_stackheap_init)
    main                                     0x00001e21   Thumb Code    74  main.o(i.main)
    pvPortMalloc                             0x00002625   Thumb Code   176  heap_4.o(i.pvPortMalloc)
    pvTaskIncrementMutexHeldCount            0x000026d9   Thumb Code    20  tasks.o(i.pvTaskIncrementMutexHeldCount)
    pxPortInitialiseStack                    0x000026f1   Thumb Code    26  port.o(i.pxPortInitialiseStack)
    uxListRemove                             0x00002711   Thumb Code    38  list.o(i.uxListRemove)
    vApplicationGetIdleTaskMemory            0x00002739   Thumb Code    16  cmsis_os2.o(i.vApplicationGetIdleTaskMemory)
    vApplicationGetTimerTaskMemory           0x0000274d   Thumb Code    16  cmsis_os2.o(i.vApplicationGetTimerTaskMemory)
    vApplicationStackOverflowHook            0x00002761   Thumb Code     2  cmsis_os2.o(i.vApplicationStackOverflowHook)
    vListInitialise                          0x00002763   Thumb Code    22  list.o(i.vListInitialise)
    vListInitialiseItem                      0x00002779   Thumb Code     6  list.o(i.vListInitialiseItem)
    vListInsert                              0x0000277f   Thumb Code    48  list.o(i.vListInsert)
    vPortEnterCritical                       0x000027b1   Thumb Code    20  port.o(i.vPortEnterCritical)
    vPortExitCritical                        0x000027c9   Thumb Code    16  port.o(i.vPortExitCritical)
    vPortFree                                0x000027dd   Thumb Code    60  heap_4.o(i.vPortFree)
    vPortSetupTimerInterrupt                 0x0000281d   Thumb Code    32  port.o(i.vPortSetupTimerInterrupt)
    vPortYield                               0x00002845   Thumb Code    18  port.o(i.vPortYield)
    vQueueDelete                             0x0000285d   Thumb Code    16  queue.o(i.vQueueDelete)
    vQueueWaitForMessageRestricted           0x0000286d   Thumb Code    70  queue.o(i.vQueueWaitForMessageRestricted)
    vTaskInternalSetTimeOutState             0x000028b5   Thumb Code    12  tasks.o(i.vTaskInternalSetTimeOutState)
    vTaskMissedYield                         0x000028c5   Thumb Code     8  tasks.o(i.vTaskMissedYield)
    vTaskPlaceOnEventList                    0x000028d1   Thumb Code    24  tasks.o(i.vTaskPlaceOnEventList)
    vTaskPlaceOnEventListRestricted          0x000028ed   Thumb Code    62  tasks.o(i.vTaskPlaceOnEventListRestricted)
    vTaskPriorityDisinheritAfterTimeout      0x00002931   Thumb Code   118  tasks.o(i.vTaskPriorityDisinheritAfterTimeout)
    vTaskStartScheduler                      0x000029b1   Thumb Code    92  tasks.o(i.vTaskStartScheduler)
    vTaskSuspendAll                          0x00002a1d   Thumb Code    10  tasks.o(i.vTaskSuspendAll)
    vTaskSwitchContext                       0x00002a2d   Thumb Code   112  tasks.o(i.vTaskSwitchContext)
    xPortStartScheduler                      0x00002aa9   Thumb Code    40  port.o(i.xPortStartScheduler)
    xPortSysTickHandler                      0x00002ad9   Thumb Code    32  port.o(i.xPortSysTickHandler)
    xQueueCreateMutex                        0x00002afd   Thumb Code    24  queue.o(i.xQueueCreateMutex)
    xQueueCreateMutexStatic                  0x00002b15   Thumb Code    28  queue.o(i.xQueueCreateMutexStatic)
    xQueueGenericCreate                      0x00002b31   Thumb Code    74  queue.o(i.xQueueGenericCreate)
    xQueueGenericCreateStatic                0x00002b7b   Thumb Code    50  queue.o(i.xQueueGenericCreateStatic)
    xQueueGenericReset                       0x00002bad   Thumb Code   130  queue.o(i.xQueueGenericReset)
    xQueueGenericSend                        0x00002c2f   Thumb Code   226  queue.o(i.xQueueGenericSend)
    xQueueGiveFromISR                        0x00002d11   Thumb Code    84  queue.o(i.xQueueGiveFromISR)
    xQueueReceive                            0x00002d65   Thumb Code   220  queue.o(i.xQueueReceive)
    xQueueSemaphoreTake                      0x00002e41   Thumb Code   274  queue.o(i.xQueueSemaphoreTake)
    xTaskCheckForTimeOut                     0x00002f55   Thumb Code    80  tasks.o(i.xTaskCheckForTimeOut)
    xTaskCreate                              0x00002fa9   Thumb Code    96  tasks.o(i.xTaskCreate)
    xTaskCreateStatic                        0x00003009   Thumb Code    60  tasks.o(i.xTaskCreateStatic)
    xTaskGetSchedulerState                   0x00003045   Thumb Code    26  tasks.o(i.xTaskGetSchedulerState)
    xTaskGetTickCount                        0x00003065   Thumb Code     6  tasks.o(i.xTaskGetTickCount)
    xTaskIncrementTick                       0x00003071   Thumb Code   254  tasks.o(i.xTaskIncrementTick)
    xTaskPriorityDisinherit                  0x00003179   Thumb Code   104  tasks.o(i.xTaskPriorityDisinherit)
    xTaskPriorityInherit                     0x000031e9   Thumb Code   142  tasks.o(i.xTaskPriorityInherit)
    xTaskRemoveFromEventList                 0x00003281   Thumb Code   182  tasks.o(i.xTaskRemoveFromEventList)
    xTaskResumeAll                           0x00003345   Thumb Code   236  tasks.o(i.xTaskResumeAll)
    xTimerCreateTimerTask                    0x0000343d   Thumb Code    72  timers.o(i.xTimerCreateTimerTask)
    _get_lc_numeric                          0x00003495   Thumb Code    44  lc_numeric_c.o(locale$$code)
    _get_lc_ctype                            0x000034c1   Thumb Code    44  lc_ctype_c.o(locale$$code)
    _printf_fp_dec                           0x000034ed   Thumb Code    16  printf1.o(x$fpl$printf1)
    __I$use$fp                               0x000034fc   Number         0  usenofp.o(x$fpl$usenofp)
    Region$$Table$$Base                      0x000035d4   Number         0  anon$$obj.o(Region$$Table)
    Region$$Table$$Limit                     0x000035f4   Number         0  anon$$obj.o(Region$$Table)
    __ctype                                  0x0000361d   Data           0  lc_ctype_c.o(locale$$data)
    SHT$$INIT_ARRAY$$Base                    0x00003720   Number         0  main.o(.init_array)
    SHT$$INIT_ARRAY$$Limit                   0x00003724   Number         0  init_aeabi.o(.init_array)
    startFlag                                0x20000000   Data           1  main.o(.data)
    recievedBTData                           0x20000001   Data           1  main.o(.data)
    length                                   0x20000002   Data           1  main.o(.data)
    managerData                              0x20000004   Data           4  main.o(.data)
    dataRecieved                             0x20000008   Data           4  main.o(.data)
    usart                                    0x2000000c   Data           8  main.o(.data)
    SystemCoreClock                          0x20000214   Data           4  system_saml21g18b.o(.data)
    pxCurrentTCB                             0x2000023c   Data           4  tasks.o(.data)
    uxTopUsedPriority                        0x2000026c   Data           4  tasks.o(.data)
    txbuffer                                 0x20000290   Data         128  main.o(.bss)
    api                                      0x20000310   Data         140  main.o(.bss)
    __libspace_start                         0x200030b4   Data          96  libspace.o(.bss)
    __temporary_stack_top$libspace           0x20003114   Data           0  libspace.o(.bss)



==============================================================================

Memory Map of the image

  Image Entry point : 0x000000b1

  Load Region LR_IROM1 (Base: 0x00000000, Size: 0x000039b4, Max: 0x00040000, ABSOLUTE, COMPRESSED[0x00003938])

    Execution Region ER_IROM1 (Exec base: 0x00000000, Load base: 0x00000000, Size: 0x00003724, Max: 0x00040000, ABSOLUTE)

    Exec Addr    Load Addr    Size         Type   Attr      Idx    E Section Name        Object

    0x00000000   0x00000000   0x000000b0   Data   RO         1618    RESET               startup_saml21g18b.o
    0x000000b0   0x000000b0   0x00000008   Code   RO         2965  * !!!main             c_p.l(__main.o)
    0x000000b8   0x000000b8   0x0000003c   Code   RO         3281    !!!scatter          c_p.l(__scatter.o)
    0x000000f4   0x000000f4   0x0000001c   Code   RO         3283    !!handler_zi        c_p.l(__scatter_zi.o)
    0x00000110   0x00000110   0x00000002   Code   RO         3059    .ARM.Collect$$_printf_percent$$00000000  c_p.l(_printf_percent.o)
    0x00000112   0x00000112   0x0000000a   Code   RO         3048    .ARM.Collect$$_printf_percent$$00000001  c_p.l(_printf_n.o)
    0x0000011c   0x0000011c   0x0000000a   Code   RO         3050    .ARM.Collect$$_printf_percent$$00000002  c_p.l(_printf_p.o)
    0x00000126   0x00000126   0x0000000a   Code   RO         3055    .ARM.Collect$$_printf_percent$$00000003  c_p.l(_printf_f.o)
    0x00000130   0x00000130   0x0000000a   Code   RO         3056    .ARM.Collect$$_printf_percent$$00000004  c_p.l(_printf_e.o)
    0x0000013a   0x0000013a   0x0000000a   Code   RO         3057    .ARM.Collect$$_printf_percent$$00000005  c_p.l(_printf_g.o)
    0x00000144   0x00000144   0x0000000a   Code   RO         3058    .ARM.Collect$$_printf_percent$$00000006  c_p.l(_printf_a.o)
    0x0000014e   0x0000014e   0x0000000a   Code   RO         3063    .ARM.Collect$$_printf_percent$$00000007  c_p.l(_printf_ll.o)
    0x00000158   0x00000158   0x0000000a   Code   RO         3052    .ARM.Collect$$_printf_percent$$00000008  c_p.l(_printf_i.o)
    0x00000162   0x00000162   0x0000000a   Code   RO         3053    .ARM.Collect$$_printf_percent$$00000009  c_p.l(_printf_d.o)
    0x0000016c   0x0000016c   0x0000000a   Code   RO         3054    .ARM.Collect$$_printf_percent$$0000000A  c_p.l(_printf_u.o)
    0x00000176   0x00000176   0x0000000a   Code   RO         3051    .ARM.Collect$$_printf_percent$$0000000B  c_p.l(_printf_o.o)
    0x00000180   0x00000180   0x0000000a   Code   RO         3049    .ARM.Collect$$_printf_percent$$0000000C  c_p.l(_printf_x.o)
    0x0000018a   0x0000018a   0x0000000a   Code   RO         3060    .ARM.Collect$$_printf_percent$$0000000D  c_p.l(_printf_lli.o)
    0x00000194   0x00000194   0x0000000a   Code   RO         3061    .ARM.Collect$$_printf_percent$$0000000E  c_p.l(_printf_lld.o)
    0x0000019e   0x0000019e   0x0000000a   Code   RO         3062    .ARM.Collect$$_printf_percent$$0000000F  c_p.l(_printf_llu.o)
    0x000001a8   0x000001a8   0x0000000a   Code   RO         3067    .ARM.Collect$$_printf_percent$$00000010  c_p.l(_printf_llo.o)
    0x000001b2   0x000001b2   0x0000000a   Code   RO         3068    .ARM.Collect$$_printf_percent$$00000011  c_p.l(_printf_llx.o)
    0x000001bc   0x000001bc   0x0000000a   Code   RO         3064    .ARM.Collect$$_printf_percent$$00000012  c_p.l(_printf_l.o)
    0x000001c6   0x000001c6   0x0000000a   Code   RO         3046    .ARM.Collect$$_printf_percent$$00000013  c_p.l(_printf_c.o)
    0x000001d0   0x000001d0   0x0000000a   Code   RO         3047    .ARM.Collect$$_printf_percent$$00000014  c_p.l(_printf_s.o)
    0x000001da   0x000001da   0x0000000a   Code   RO         3065    .ARM.Collect$$_printf_percent$$00000015  c_p.l(_printf_lc.o)
    0x000001e4   0x000001e4   0x0000000a   Code   RO         3066    .ARM.Collect$$_printf_percent$$00000016  c_p.l(_printf_ls.o)
    0x000001ee   0x000001ee   0x00000004   Code   RO         3145    .ARM.Collect$$_printf_percent$$00000017  c_p.l(_printf_percent_end.o)
    0x000001f2   0x000001f2   0x00000002   Code   RO         3191    .ARM.Collect$$libinit$$00000000  c_p.l(libinit.o)
    0x000001f4   0x000001f4   0x00000000   Code   RO         3070    .ARM.Collect$$libinit$$00000002  c_p.l(libinit2.o)
    0x000001f4   0x000001f4   0x00000000   Code   RO         3072    .ARM.Collect$$libinit$$00000004  c_p.l(libinit2.o)
    0x000001f4   0x000001f4   0x00000000   Code   RO         3075    .ARM.Collect$$libinit$$0000000A  c_p.l(libinit2.o)
    0x000001f4   0x000001f4   0x00000000   Code   RO         3077    .ARM.Collect$$libinit$$0000000C  c_p.l(libinit2.o)
    0x000001f4   0x000001f4   0x00000000   Code   RO         3079    .ARM.Collect$$libinit$$0000000E  c_p.l(libinit2.o)
    0x000001f4   0x000001f4   0x00000006   Code   RO         3080    .ARM.Collect$$libinit$$0000000F  c_p.l(libinit2.o)
    0x000001fa   0x000001fa   0x00000000   Code   RO         3082    .ARM.Collect$$libinit$$00000011  c_p.l(libinit2.o)
    0x000001fa   0x000001fa   0x0000000c   Code   RO         3083    .ARM.Collect$$libinit$$00000012  c_p.l(libinit2.o)
    0x00000206   0x00000206   0x00000000   Code   RO         3084    .ARM.Collect$$libinit$$00000013  c_p.l(libinit2.o)
    0x00000206   0x00000206   0x00000000   Code   RO         3086    .ARM.Collect$$libinit$$00000015  c_p.l(libinit2.o)
    0x00000206   0x00000206   0x0000000a   Code   RO         3087    .ARM.Collect$$libinit$$00000016  c_p.l(libinit2.o)
    0x00000210   0x00000210   0x00000000   Code   RO         3088    .ARM.Collect$$libinit$$00000017  c_p.l(libinit2.o)
    0x00000210   0x00000210   0x00000000   Code   RO         3090    .ARM.Collect$$libinit$$00000019  c_p.l(libinit2.o)
    0x00000210   0x00000210   0x00000000   Code   RO         3092    .ARM.Collect$$libinit$$0000001B  c_p.l(libinit2.o)
    0x00000210   0x00000210   0x00000000   Code   RO         3094    .ARM.Collect$$libinit$$0000001D  c_p.l(libinit2.o)
    0x00000210   0x00000210   0x00000000   Code   RO         3096    .ARM.Collect$$libinit$$0000001F  c_p.l(libinit2.o)
    0x00000210   0x00000210   0x00000000   Code   RO         3098    .ARM.Collect$$libinit$$00000021  c_p.l(libinit2.o)
    0x00000210   0x00000210   0x00000000   Code   RO         3100    .ARM.Collect$$libinit$$00000023  c_p.l(libinit2.o)
    0x00000210   0x00000210   0x00000000   Code   RO         3102    .ARM.Collect$$libinit$$00000025  c_p.l(libinit2.o)
    0x00000210   0x00000210   0x00000000   Code   RO         3106    .ARM.Collect$$libinit$$0000002C  c_p.l(libinit2.o)
    0x00000210   0x00000210   0x00000000   Code   RO         3108    .ARM.Collect$$libinit$$0000002E  c_p.l(libinit2.o)
    0x00000210   0x00000210   0x00000000   Code   RO         3110    .ARM.Collect$$libinit$$00000030  c_p.l(libinit2.o)
    0x00000210   0x00000210   0x00000004   Code   RO         3111    .ARM.Collect$$libinit$$00000031  c_p.l(libinit2.o)
    0x00000214   0x00000214   0x00000000   Code   RO         3112    .ARM.Collect$$libinit$$00000032  c_p.l(libinit2.o)
    0x00000214   0x00000214   0x00000002   Code   RO         3113    .ARM.Collect$$libinit$$00000033  c_p.l(libinit2.o)
    0x00000216   0x00000216   0x00000002   Code   RO         3246    .ARM.Collect$$libshutdown$$00000000  c_p.l(libshutdown.o)
    0x00000218   0x00000218   0x00000000   Code   RO         3262    .ARM.Collect$$libshutdown$$00000002  c_p.l(libshutdown2.o)
    0x00000218   0x00000218   0x00000000   Code   RO         3264    .ARM.Collect$$libshutdown$$00000004  c_p.l(libshutdown2.o)
    0x00000218   0x00000218   0x00000000   Code   RO         3267    .ARM.Collect$$libshutdown$$00000007  c_p.l(libshutdown2.o)
    0x00000218   0x00000218   0x00000000   Code   RO         3270    .ARM.Collect$$libshutdown$$0000000A  c_p.l(libshutdown2.o)
    0x00000218   0x00000218   0x00000000   Code   RO         3272    .ARM.Collect$$libshutdown$$0000000C  c_p.l(libshutdown2.o)
    0x00000218   0x00000218   0x00000000   Code   RO         3275    .ARM.Collect$$libshutdown$$0000000F  c_p.l(libshutdown2.o)
    0x00000218   0x00000218   0x00000002   Code   RO         3276    .ARM.Collect$$libshutdown$$00000010  c_p.l(libshutdown2.o)
    0x0000021a   0x0000021a   0x00000000   Code   RO         2973    .ARM.Collect$$rtentry$$00000000  c_p.l(__rtentry.o)
    0x0000021a   0x0000021a   0x00000000   Code   RO         3117    .ARM.Collect$$rtentry$$00000002  c_p.l(__rtentry2.o)
    0x0000021a   0x0000021a   0x00000006   Code   RO         3129    .ARM.Collect$$rtentry$$00000004  c_p.l(__rtentry4.o)
    0x00000220   0x00000220   0x00000008   Code   RO         3118    .ARM.Collect$$rtentry$$00000008  c_p.l(__rtentry2.o)
    0x00000228   0x00000228   0x00000004   Code   RO         3120    .ARM.Collect$$rtentry$$0000000A  c_p.l(__rtentry2.o)
    0x0000022c   0x0000022c   0x00000000   Code   RO         3122    .ARM.Collect$$rtentry$$0000000C  c_p.l(__rtentry2.o)
    0x0000022c   0x0000022c   0x00000008   Code   RO         3123    .ARM.Collect$$rtentry$$0000000D  c_p.l(__rtentry2.o)
    0x00000234   0x00000234   0x00000002   Code   RO         3203    .ARM.Collect$$rtexit$$00000000  c_p.l(rtexit.o)
    0x00000236   0x00000236   0x00000000   Code   RO         3228    .ARM.Collect$$rtexit$$00000002  c_p.l(rtexit2.o)
    0x00000236   0x00000236   0x00000004   Code   RO         3229    .ARM.Collect$$rtexit$$00000003  c_p.l(rtexit2.o)
    0x0000023a   0x0000023a   0x00000006   Code   RO         3230    .ARM.Collect$$rtexit$$00000004  c_p.l(rtexit2.o)
    0x00000240   0x00000240   0x00000078   Code   RO         1916    .emb_text           port.o
    0x000002b8   0x000002b8   0x00000038   Code   RO         2951    .emb_text           c_p.l(rt_memcpy.o)
    0x000002f0   0x000002f0   0x00000038   Code   RO         1619    .text               startup_saml21g18b.o
    0x00000328   0x00000328   0x00000024   Code   RO         2949    .text               c_p.l(c89vsprintf.o)
    0x0000034c   0x0000034c   0x00000082   Code   RO         2952    .text               c_p.l(rt_memcpy.o)
    0x000003ce   0x000003ce   0x00000012   Code   RO         2955    .text               c_p.l(aeabi_memset.o)
    0x000003e0   0x000003e0   0x00000040   Code   RO         2957    .text               c_p.l(rt_memclr.o)
    0x00000420   0x00000420   0x0000015a   Code   RO         2959    .text               c_p.l(aeabi_sdiv.o)
    0x0000057a   0x0000057a   0x00000006   Code   RO         2963    .text               c_p.l(heapauxi.o)
    0x00000580   0x00000580   0x00000024   Code   RO         2970    .text               c_p.l(init_aeabi.o)
    0x000005a4   0x000005a4   0x0000004e   Code   RO         2980    .text               c_p.l(_printf_pad.o)
    0x000005f2   0x000005f2   0x00000024   Code   RO         2982    .text               c_p.l(_printf_truncate.o)
    0x00000616   0x00000616   0x00000052   Code   RO         2984    .text               c_p.l(_printf_str.o)
    0x00000668   0x00000668   0x0000006c   Code   RO         2986    .text               c_p.l(_printf_dec.o)
    0x000006d4   0x000006d4   0x00000026   Code   RO         2988    .text               c_p.l(_printf_charcount.o)
    0x000006fa   0x000006fa   0x00000002   PAD
    0x000006fc   0x000006fc   0x00000030   Code   RO         2990    .text               c_p.l(_printf_char_common.o)
    0x0000072c   0x0000072c   0x0000000a   Code   RO         2992    .text               c_p.l(_sputc.o)
    0x00000736   0x00000736   0x00000002   PAD
    0x00000738   0x00000738   0x000000bc   Code   RO         2994    .text               c_p.l(_printf_wctomb.o)
    0x000007f4   0x000007f4   0x00000070   Code   RO         2997    .text               c_p.l(_printf_longlong_dec.o)
    0x00000864   0x00000864   0x00000070   Code   RO         3003    .text               c_p.l(_printf_oct_int_ll.o)
    0x000008d4   0x000008d4   0x00000098   Code   RO         3023    .text               c_p.l(_printf_hex_int_ll_ptr.o)
    0x0000096c   0x0000096c   0x00000188   Code   RO         3043    .text               c_p.l(__printf_flags_ss_wp.o)
    0x00000af4   0x00000af4   0x0000007a   Code   RO         3133    .text               c_p.l(lludiv10.o)
    0x00000b6e   0x00000b6e   0x000000b0   Code   RO         3135    .text               c_p.l(_printf_intcommon.o)
    0x00000c1e   0x00000c1e   0x00000002   PAD
    0x00000c20   0x00000c20   0x00000418   Code   RO         3137    .text               c_p.l(_printf_fp_dec.o)
    0x00001038   0x00001038   0x0000002e   Code   RO         3141    .text               c_p.l(_printf_char.o)
    0x00001066   0x00001066   0x0000002e   Code   RO         3143    .text               c_p.l(_printf_wchar.o)
    0x00001094   0x00001094   0x00000040   Code   RO         3146    .text               c_p.l(_wcrtomb.o)
    0x000010d4   0x000010d4   0x00000028   Code   RO         3148    .text               c_p.l(rtudiv10.o)
    0x000010fc   0x000010fc   0x0000003e   Code   RO         3154    .text               c_p.l(sys_stackheap_outer.o)
    0x0000113a   0x0000113a   0x00000002   PAD
    0x0000113c   0x0000113c   0x00000010   Code   RO         3157    .text               c_p.l(rt_ctype_table.o)
    0x0000114c   0x0000114c   0x0000000a   Code   RO         3164    .text               c_p.l(rt_locale_twolibspace.o)
    0x00001156   0x00001156   0x00000002   PAD
    0x00001158   0x00001158   0x00000088   Code   RO         3166    .text               c_p.l(_printf_fp_infnan.o)
    0x000011e0   0x000011e0   0x000000d8   Code   RO         3168    .text               c_p.l(bigflt0.o)
    0x000012b8   0x000012b8   0x00000580   Code   RO         3171    .text               c_p.l(btod.o)
    0x00001838   0x00001838   0x00000010   Code   RO         3178    .text               c_p.l(exit.o)
    0x00001848   0x00001848   0x00000008   Code   RO         3199    .text               c_p.l(libspace.o)
    0x00001850   0x00001850   0x00000088   Code   RO         3220    .text               c_p.l(strcmp.o)
    0x000018d8   0x000018d8   0x0000000c   Code   RO         3222    .text               c_p.l(sys_exit.o)
    0x000018e4   0x000018e4   0x00000002   Code   RO         3224    .text               c_p.l(use_no_semi.o)
    0x000018e6   0x000018e6   0x00000000   Code   RO         3226    .text               c_p.l(indicate_semi.o)
    0x000018e6   0x000018e6   0x0000003a   Code   RO         3279    .text               c_p.l(__dczerorl.o)
    0x00001920   0x00001920   0x00000098   Code   RO            3    i.SERCOM0_Handler   main.o
    0x000019b8   0x000019b8   0x0000001c   Code   RO            4    i.SERCOM1_Handler   main.o
    0x000019d4   0x000019d4   0x00000014   Code   RO            5    i.SERCOM2_Handler   main.o
    0x000019e8   0x000019e8   0x00000002   Code   RO         1917    i.SVC_Handler       port.o
    0x000019ea   0x000019ea   0x00000002   PAD
    0x000019ec   0x000019ec   0x00000018   Code   RO         1019    i.SysTick_Handler   cmsis_os2.o
    0x00001a04   0x00001a04   0x00000010   Code   RO         1626    i.SystemInit        system_saml21g18b.o
    0x00001a14   0x00001a14   0x00000138   Code   RO          366    i._Z12setup_systemv  system_setup.o
    0x00001b4c   0x00001b4c   0x00000030   Code   RO            6    i._Z12verifyPackettPht  main.o
    0x00001b7c   0x00001b7c   0x00000014   Code   RO            7    i._Z18parseSmartmeshDataPv  main.o
    0x00001b90   0x00001b90   0x00000002   Code   RO          405    i._Z9setup_rtcv     rtc.o
    0x00001b92   0x00001b92   0x0000000c   Code   RO          593    i._ZN13Smartmesh_APIC1EP4UART  api.o
    0x00001b9e   0x00001b9e   0x00000002   PAD
    0x00001ba0   0x00001ba0   0x0000005c   Code   RO          538    i._ZN4UART7_printfEPKcz  sercom.o
    0x00001bfc   0x00001bfc   0x000000a4   Code   RO          539    i._ZN4UARTC1EP18sercom_registers_ti  sercom.o
    0x00001ca0   0x00001ca0   0x00000030   Code   RO         3173    i.__ARM_common_ll_muluu  c_p.l(btod.o)
    0x00001cd0   0x00001cd0   0x0000001a   Code   RO         1502    i.__ARM_common_switch8  cmsis_os2.o
    0x00001cea   0x00001cea   0x00000002   PAD
    0x00001cec   0x00001cec   0x0000002c   Code   RO         3195    i.__ARM_fpclassify  m_ps.l(fpclassify.o)
    0x00001d18   0x00001d18   0x00000040   Code   RO            8    i.__sti___8_main_cpp_30c642f8  main.o
    0x00001d58   0x00001d58   0x0000000e   Code   RO         3036    i._is_digit         c_p.l(__printf_wp.o)
    0x00001d66   0x00001d66   0x00000018   Code   RO          681    i._mutex_acquire    clib_arm.o
    0x00001d7e   0x00001d7e   0x00000002   PAD
    0x00001d80   0x00001d80   0x0000002c   Code   RO          682    i._mutex_free       clib_arm.o
    0x00001dac   0x00001dac   0x00000058   Code   RO          683    i._mutex_initialize  clib_arm.o
    0x00001e04   0x00001e04   0x0000001a   Code   RO          684    i._mutex_release    clib_arm.o
    0x00001e1e   0x00001e1e   0x00000002   Code   RO          685    i._platform_post_stackheap_init  clib_arm.o
    0x00001e20   0x00001e20   0x0000006c   Code   RO            9    i.main              main.o
    0x00001e8c   0x00001e8c   0x00000012   Code   RO          686    i.os_kernel_is_active  clib_arm.o
    0x00001e9e   0x00001e9e   0x00000002   PAD
    0x00001ea0   0x00001ea0   0x00000074   Code   RO         2389    i.prvAddCurrentTaskToDelayedList  tasks.o
    0x00001f14   0x00001f14   0x00000094   Code   RO         2390    i.prvAddNewTaskToReadyList  tasks.o
    0x00001fa8   0x00001fa8   0x00000048   Code   RO         2773    i.prvCheckForValidListAndQueue  timers.o
    0x00001ff0   0x00001ff0   0x0000003c   Code   RO         2391    i.prvCheckTasksWaitingTermination  tasks.o
    0x0000202c   0x0000202c   0x00000024   Code   RO         1995    i.prvCopyDataFromQueue  queue.o
    0x00002050   0x00002050   0x00000070   Code   RO         1996    i.prvCopyDataToQueue  queue.o
    0x000020c0   0x000020c0   0x00000026   Code   RO         2392    i.prvDeleteTCB      tasks.o
    0x000020e6   0x000020e6   0x00000014   Code   RO         1997    i.prvGetDisinheritPriorityAfterTimeout  queue.o
    0x000020fa   0x000020fa   0x00000002   PAD
    0x000020fc   0x000020fc   0x00000024   Code   RO         2774    i.prvGetNextExpireTime  timers.o
    0x00002120   0x00002120   0x0000004c   Code   RO         1853    i.prvHeapInit       heap_4.o
    0x0000216c   0x0000216c   0x00000018   Code   RO         2393    i.prvIdleTask       tasks.o
    0x00002184   0x00002184   0x0000001a   Code   RO         1998    i.prvInitialiseMutex  queue.o
    0x0000219e   0x0000219e   0x00000022   Code   RO         1999    i.prvInitialiseNewQueue  queue.o
    0x000021c0   0x000021c0   0x00000090   Code   RO         2394    i.prvInitialiseNewTask  tasks.o
    0x00002250   0x00002250   0x00000054   Code   RO         2395    i.prvInitialiseTaskLists  tasks.o
    0x000022a4   0x000022a4   0x00000054   Code   RO         1854    i.prvInsertBlockIntoFreeList  heap_4.o
    0x000022f8   0x000022f8   0x00000040   Code   RO         2776    i.prvInsertTimerInActiveList  timers.o
    0x00002338   0x00002338   0x0000001c   Code   RO         2000    i.prvIsQueueEmpty   queue.o
    0x00002354   0x00002354   0x0000001e   Code   RO         2001    i.prvIsQueueFull    queue.o
    0x00002372   0x00002372   0x00000002   PAD
    0x00002374   0x00002374   0x00000040   Code   RO         2777    i.prvProcessExpiredTimer  timers.o
    0x000023b4   0x000023b4   0x000000e4   Code   RO         2778    i.prvProcessReceivedCommands  timers.o
    0x00002498   0x00002498   0x00000064   Code   RO         2779    i.prvProcessTimerOrBlockTask  timers.o
    0x000024fc   0x000024fc   0x00000028   Code   RO         2780    i.prvReloadTimer    timers.o
    0x00002524   0x00002524   0x00000020   Code   RO         2397    i.prvResetNextTaskUnblockTime  tasks.o
    0x00002544   0x00002544   0x0000002c   Code   RO         2781    i.prvSampleTimeNow  timers.o
    0x00002570   0x00002570   0x0000002c   Code   RO         2782    i.prvSwitchTimerLists  timers.o
    0x0000259c   0x0000259c   0x00000004   Code   RO         1918    i.prvTaskExitError  port.o
    0x000025a0   0x000025a0   0x00000014   Code   RO         2783    i.prvTimerTask      timers.o
    0x000025b4   0x000025b4   0x00000070   Code   RO         2002    i.prvUnlockQueue    queue.o
    0x00002624   0x00002624   0x000000b4   Code   RO         1855    i.pvPortMalloc      heap_4.o
    0x000026d8   0x000026d8   0x00000018   Code   RO         2400    i.pvTaskIncrementMutexHeldCount  tasks.o
    0x000026f0   0x000026f0   0x00000020   Code   RO         1919    i.pxPortInitialiseStack  port.o
    0x00002710   0x00002710   0x00000026   Code   RO         1809    i.uxListRemove      list.o
    0x00002736   0x00002736   0x00000002   PAD
    0x00002738   0x00002738   0x00000014   Code   RO         1092    i.vApplicationGetIdleTaskMemory  cmsis_os2.o
    0x0000274c   0x0000274c   0x00000014   Code   RO         1093    i.vApplicationGetTimerTaskMemory  cmsis_os2.o
    0x00002760   0x00002760   0x00000002   Code   RO         1094    i.vApplicationStackOverflowHook  cmsis_os2.o
    0x00002762   0x00002762   0x00000016   Code   RO         1810    i.vListInitialise   list.o
    0x00002778   0x00002778   0x00000006   Code   RO         1811    i.vListInitialiseItem  list.o
    0x0000277e   0x0000277e   0x00000030   Code   RO         1812    i.vListInsert       list.o
    0x000027ae   0x000027ae   0x00000002   PAD
    0x000027b0   0x000027b0   0x00000018   Code   RO         1921    i.vPortEnterCritical  port.o
    0x000027c8   0x000027c8   0x00000014   Code   RO         1922    i.vPortExitCritical  port.o
    0x000027dc   0x000027dc   0x00000040   Code   RO         1856    i.vPortFree         heap_4.o
    0x0000281c   0x0000281c   0x00000028   Code   RO         1923    i.vPortSetupTimerInterrupt  port.o
    0x00002844   0x00002844   0x00000018   Code   RO         1924    i.vPortYield        port.o
    0x0000285c   0x0000285c   0x00000010   Code   RO         2008    i.vQueueDelete      queue.o
    0x0000286c   0x0000286c   0x00000046   Code   RO         2010    i.vQueueWaitForMessageRestricted  queue.o
    0x000028b2   0x000028b2   0x00000002   PAD
    0x000028b4   0x000028b4   0x00000010   Code   RO         2415    i.vTaskInternalSetTimeOutState  tasks.o
    0x000028c4   0x000028c4   0x0000000c   Code   RO         2416    i.vTaskMissedYield  tasks.o
    0x000028d0   0x000028d0   0x0000001c   Code   RO         2417    i.vTaskPlaceOnEventList  tasks.o
    0x000028ec   0x000028ec   0x00000044   Code   RO         2418    i.vTaskPlaceOnEventListRestricted  tasks.o
    0x00002930   0x00002930   0x00000080   Code   RO         2420    i.vTaskPriorityDisinheritAfterTimeout  tasks.o
    0x000029b0   0x000029b0   0x0000006c   Code   RO         2426    i.vTaskStartScheduler  tasks.o
    0x00002a1c   0x00002a1c   0x00000010   Code   RO         2428    i.vTaskSuspendAll   tasks.o
    0x00002a2c   0x00002a2c   0x0000007c   Code   RO         2429    i.vTaskSwitchContext  tasks.o
    0x00002aa8   0x00002aa8   0x00000030   Code   RO         1925    i.xPortStartScheduler  port.o
    0x00002ad8   0x00002ad8   0x00000024   Code   RO         1926    i.xPortSysTickHandler  port.o
    0x00002afc   0x00002afc   0x00000018   Code   RO         2013    i.xQueueCreateMutex  queue.o
    0x00002b14   0x00002b14   0x0000001c   Code   RO         2014    i.xQueueCreateMutexStatic  queue.o
    0x00002b30   0x00002b30   0x0000004a   Code   RO         2015    i.xQueueGenericCreate  queue.o
    0x00002b7a   0x00002b7a   0x00000032   Code   RO         2016    i.xQueueGenericCreateStatic  queue.o
    0x00002bac   0x00002bac   0x00000082   Code   RO         2017    i.xQueueGenericReset  queue.o
    0x00002c2e   0x00002c2e   0x000000e2   Code   RO         2018    i.xQueueGenericSend  queue.o
    0x00002d10   0x00002d10   0x00000054   Code   RO         2022    i.xQueueGiveFromISR  queue.o
    0x00002d64   0x00002d64   0x000000dc   Code   RO         2028    i.xQueueReceive     queue.o
    0x00002e40   0x00002e40   0x00000112   Code   RO         2030    i.xQueueSemaphoreTake  queue.o
    0x00002f52   0x00002f52   0x00000002   PAD
    0x00002f54   0x00002f54   0x00000054   Code   RO         2431    i.xTaskCheckForTimeOut  tasks.o
    0x00002fa8   0x00002fa8   0x00000060   Code   RO         2432    i.xTaskCreate       tasks.o
    0x00003008   0x00003008   0x0000003c   Code   RO         2433    i.xTaskCreateStatic  tasks.o
    0x00003044   0x00003044   0x00000020   Code   RO         2440    i.xTaskGetSchedulerState  tasks.o
    0x00003064   0x00003064   0x0000000c   Code   RO         2441    i.xTaskGetTickCount  tasks.o
    0x00003070   0x00003070   0x00000108   Code   RO         2443    i.xTaskIncrementTick  tasks.o
    0x00003178   0x00003178   0x00000070   Code   RO         2444    i.xTaskPriorityDisinherit  tasks.o
    0x000031e8   0x000031e8   0x00000098   Code   RO         2445    i.xTaskPriorityInherit  tasks.o
    0x00003280   0x00003280   0x000000c4   Code   RO         2446    i.xTaskRemoveFromEventList  tasks.o
    0x00003344   0x00003344   0x000000f8   Code   RO         2447    i.xTaskResumeAll    tasks.o
    0x0000343c   0x0000343c   0x00000058   Code   RO         2792    i.xTimerCreateTimerTask  timers.o
    0x00003494   0x00003494   0x0000002c   Code   RO         3176    locale$$code        c_p.l(lc_numeric_c.o)
    0x000034c0   0x000034c0   0x0000002c   Code   RO         3210    locale$$code        c_p.l(lc_ctype_c.o)
    0x000034ec   0x000034ec   0x00000010   Code   RO         3114    x$fpl$printf1       fz_ps.l(printf1.o)
    0x000034fc   0x000034fc   0x00000000   Code   RO         3194    x$fpl$usenofp       fz_ps.l(usenofp.o)
    0x000034fc   0x000034fc   0x00000008   Data   RO         2995    .constdata          c_p.l(_printf_wctomb.o)
    0x00003504   0x00003504   0x00000028   Data   RO         3024    .constdata          c_p.l(_printf_hex_int_ll_ptr.o)
    0x0000352c   0x0000352c   0x00000011   Data   RO         3044    .constdata          c_p.l(__printf_flags_ss_wp.o)
    0x0000353d   0x0000353d   0x00000003   PAD
    0x00003540   0x00003540   0x00000094   Data   RO         3169    .constdata          c_p.l(bigflt0.o)
    0x000035d4   0x000035d4   0x00000020   Data   RO         3277    Region$$Table       anon$$obj.o
    0x000035f4   0x000035f4   0x0000001c   Data   RO         3175    locale$$data        c_p.l(lc_numeric_c.o)
    0x00003610   0x00003610   0x00000110   Data   RO         3209    locale$$data        c_p.l(lc_ctype_c.o)
    0x00003720   0x00003720   0x00000004   Data   RO           19    .init_array         main.o
    0x00003724   0x00003720   0x00000000   Data   RO         2968    .init_array         c_p.l(init_aeabi.o)


    Execution Region RW_IRAM1 (Exec base: 0x20000000, Load base: 0x00003724, Size: 0x00003b18, Max: 0x00008000, ABSOLUTE, COMPRESSED[0x00000214])

    Exec Addr    Load Addr    Size         Type   Attr      Idx    E Section Name        Object

    0x20000000   COMPRESSED   0x00000214   Data   RW           18    .data               main.o
    0x20000214   COMPRESSED   0x00000004   Data   RW         1627    .data               system_saml21g18b.o
    0x20000218   COMPRESSED   0x00000020   Data   RW         1862    .data               heap_4.o
    0x20000238   COMPRESSED   0x00000004   Data   RW         1927    .data               port.o
    0x2000023c   COMPRESSED   0x00000040   Data   RW         2450    .data               tasks.o
    0x2000027c   COMPRESSED   0x00000014   Data   RW         2801    .data               timers.o
    0x20000290        -       0x0000010c   Zero   RW           17    .bss                main.o
    0x2000039c        -       0x00000394   Zero   RW          687    .bss                clib_arm.o
    0x20000730        -       0x000003f8   Zero   RW         1095    .bss                cmsis_os2.o
    0x20000b28        -       0x00002000   Zero   RW         1861    .bss                heap_4.o
    0x20002b28        -       0x000004c4   Zero   RW         2449    .bss                tasks.o
    0x20002fec        -       0x000000c8   Zero   RW         2800    .bss                timers.o
    0x200030b4        -       0x00000060   Zero   RW         3200    .bss                c_p.l(libspace.o)
    0x20003114   COMPRESSED   0x00000004   PAD
    0x20003118        -       0x00000500   Zero   RW         1617    HEAP                startup_saml21g18b.o
    0x20003618        -       0x00000500   Zero   RW         1616    STACK               startup_saml21g18b.o


==============================================================================

Image component sizes


      Code (inc. data)   RO Data    RW Data    ZI Data      Debug   Object Name

        12          0          0          0          0        432   api.o
       202         12          0          0        916      38256   clib_arm.o
        92         12          0          0       1016      19079   cmsis_os2.o
         0          0          0          0          0      11960   event_groups.o
       404         24          0         32       8192       4383   heap_4.o
       114          0          0          0          0       2889   list.o
       440         92          4        532        268     135851   main.o
       350         50          0          4          0       7427   port.o
      1594          0          0          0          0      19487   queue.o
         2          0          0          0          0     116656   rtc.o
       256         48          0          0          0       2464   sercom.o
        56         26        176          0       2560        656   startup_saml21g18b.o
        16          8          0          4          0        703   system_saml21g18b.o
       312         70          0          0          0       1179   system_setup.o
      2426        182          0         64       1220      30384   tasks.o
       800         70          0         20        200      11748   timers.o

    ----------------------------------------------------------------------
      7098        594        212        656      14372     403554   Object Totals
         0          0         32          0          0          0   (incl. Generated)
        22          0          0          0          0          0   (incl. Padding)

    ----------------------------------------------------------------------

      Code (inc. data)   RO Data    RW Data    ZI Data      Debug   Library Member Name

        58          0          0          0          0          0   __dczerorl.o
         8          0          0          0          0         68   __main.o
       392          6         17          0          0         76   __printf_flags_ss_wp.o
        14          0          0          0          0         60   __printf_wp.o
         0          0          0          0          0          0   __rtentry.o
        20          0          0          0          0          0   __rtentry2.o
         6          0          0          0          0          0   __rtentry4.o
        60          8          0          0          0          0   __scatter.o
        28          0          0          0          0          0   __scatter_zi.o
        10          0          0          0          0          0   _printf_a.o
        10          0          0          0          0          0   _printf_c.o
        46          0          0          0          0        100   _printf_char.o
        48          6          0          0          0         88   _printf_char_common.o
        38          0          0          0          0         60   _printf_charcount.o
        10          0          0          0          0          0   _printf_d.o
       108         18          0          0          0         76   _printf_dec.o
        10          0          0          0          0          0   _printf_e.o
        10          0          0          0          0          0   _printf_f.o
      1048         14          0          0          0        176   _printf_fp_dec.o
       136         16          0          0          0         76   _printf_fp_infnan.o
        10          0          0          0          0          0   _printf_g.o
       152          4         40          0          0        148   _printf_hex_int_ll_ptr.o
        10          0          0          0          0          0   _printf_i.o
       176          0          0          0          0         84   _printf_intcommon.o
        10          0          0          0          0          0   _printf_l.o
        10          0          0          0          0          0   _printf_lc.o
        10          0          0          0          0          0   _printf_ll.o
        10          0          0          0          0          0   _printf_lld.o
        10          0          0          0          0          0   _printf_lli.o
        10          0          0          0          0          0   _printf_llo.o
        10          0          0          0          0          0   _printf_llu.o
        10          0          0          0          0          0   _printf_llx.o
       112         18          0          0          0         76   _printf_longlong_dec.o
        10          0          0          0          0          0   _printf_ls.o
        10          0          0          0          0          0   _printf_n.o
        10          0          0          0          0          0   _printf_o.o
       112         10          0          0          0        112   _printf_oct_int_ll.o
        10          0          0          0          0          0   _printf_p.o
        78          0          0          0          0        100   _printf_pad.o
         2          0          0          0          0          0   _printf_percent.o
         4          0          0          0          0          0   _printf_percent_end.o
        10          0          0          0          0          0   _printf_s.o
        82          0          0          0          0         72   _printf_str.o
        36          0          0          0          0         76   _printf_truncate.o
        10          0          0          0          0          0   _printf_u.o
        46          0          0          0          0        100   _printf_wchar.o
       188          6          8          0          0         80   _printf_wctomb.o
        10          0          0          0          0          0   _printf_x.o
        10          0          0          0          0         60   _sputc.o
        64          0          0          0          0         72   _wcrtomb.o
        18          0          0          0          0         68   aeabi_memset.o
       346          0          0          0          0         92   aeabi_sdiv.o
       216          6        148          0          0         80   bigflt0.o
      1456         30          0          0          0        336   btod.o
        36          4          0          0          0         68   c89vsprintf.o
        16          0          0          0          0         68   exit.o
         6          0          0          0          0        136   heapauxi.o
         0          0          0          0          0          0   indicate_semi.o
        36         10          0          0          0         72   init_aeabi.o
        44         10        272          0          0         76   lc_ctype_c.o
        44         10         28          0          0         76   lc_numeric_c.o
         2          0          0          0          0          0   libinit.o
        34          0          0          0          0          0   libinit2.o
         2          0          0          0          0          0   libshutdown.o
         2          0          0          0          0          0   libshutdown2.o
         8          4          0          0         96         68   libspace.o
       122          0          0          0          0         72   lludiv10.o
        16          4          0          0          0         76   rt_ctype_table.o
        10          0          0          0          0         76   rt_locale_twolibspace.o
        64          0          0          0          0        108   rt_memclr.o
       186          0          0          0          0        144   rt_memcpy.o
         2          0          0          0          0          0   rtexit.o
        10          0          0          0          0          0   rtexit2.o
        40          0          0          0          0         60   rtudiv10.o
       136          4          0          0          0         72   strcmp.o
        12          4          0          0          0         60   sys_exit.o
        62          0          0          0          0         80   sys_stackheap_outer.o
         2          0          0          0          0         68   use_no_semi.o
        16          4          0          0          0         76   printf1.o
         0          0          0          0          0          0   usenofp.o
        44          4          0          0          0         60   fpclassify.o

    ----------------------------------------------------------------------
      6290        200        516          0        100       3852   Library Totals
        10          0          3          0          4          0   (incl. Padding)

    ----------------------------------------------------------------------

      Code (inc. data)   RO Data    RW Data    ZI Data      Debug   Library Name

      6220        192        513          0         96       3716   c_p.l
        16          4          0          0          0         76   fz_ps.l
        44          4          0          0          0         60   m_ps.l

    ----------------------------------------------------------------------
      6290        200        516          0        100       3852   Library Totals

    ----------------------------------------------------------------------

==============================================================================


      Code (inc. data)   RO Data    RW Data    ZI Data      Debug   

     13388        794        728        656      14472     401358   Grand Totals
     13388        794        728        532      14472     401358   ELF Image Totals (compressed)
     13388        794        728        532          0          0   ROM Totals

==============================================================================

    Total RO  Size (Code + RO Data)                14116 (  13.79kB)
    Total RW  Size (RW Data + ZI Data)             15128 (  14.77kB)
    Total ROM Size (Code + RO Data + RW Data)      14648 (  14.30kB)

==============================================================================

