Component: ARM Compiler 5.06 update 6 (build 750) Tool: armlink [4d35ed]

==============================================================================

Section Cross References

    main.o(i.SERCOM0_Handler) refers to main.o(i._Z12verifyPackettPht) for verifyPacket(unsigned short, unsigned char*, unsigned short)
    main.o(i.SERCOM0_Handler) refers to queue.o(i.xQueueReceiveFromISR) for xQueueReceiveFromISR
    main.o(i.SERCOM0_Handler) refers to queue.o(i.xQueueGiveFromISR) for xQueueGiveFromISR
    main.o(i.SERCOM0_Handler) refers to main.o(.data) for .data
    main.o(i.SERCOM0_Handler) refers to main.o(.bss) for .bss
    main.o(i.SERCOM1_Handler) refers to queue.o(i.xQueueGenericSendFromISR) for xQueueGenericSendFromISR
    main.o(i.SERCOM1_Handler) refers to main.o(.data) for .data
    main.o(i._Z10setupParsePv) refers to api.o(i._ZN13Smartmesh_API8mgr_initEv) for Smartmesh_API::mgr_init()
    main.o(i._Z10setupParsePv) refers to queue.o(i.xQueueSemaphoreTake) for xQueueSemaphoreTake
    main.o(i._Z10setupParsePv) refers to tasks.o(i.xTaskCreate) for xTaskCreate
    main.o(i._Z10setupParsePv) refers to main.o(.bss) for .bss
    main.o(i._Z10setupParsePv) refers to main.o(.data) for .data
    main.o(i._Z10setupParsePv) refers to main.o(i._Z18parseSmartmeshDataPv) for parseSmartmeshData(void*)
    main.o(i._Z12verifyPackettPht) refers to main.o(.data) for .data
    main.o(i._Z18parseSmartmeshDataPv) refers to queue.o(i.xQueueSemaphoreTake) for xQueueSemaphoreTake
    main.o(i._Z18parseSmartmeshDataPv) refers to queue.o(i.xQueueGenericSend) for xQueueGenericSend
    main.o(i._Z18parseSmartmeshDataPv) refers to sercom.o(i._ZN4UART7_printfEPKcz) for UART::_printf(const char*, ...)
    main.o(i._Z18parseSmartmeshDataPv) refers to api.o(i._ZN13Smartmesh_API9subscribeEjj) for Smartmesh_API::subscribe(unsigned, unsigned)
    main.o(i._Z18parseSmartmeshDataPv) refers to api.o(i._ZN13Smartmesh_API8mgr_initEv) for Smartmesh_API::mgr_init()
    main.o(i._Z18parseSmartmeshDataPv) refers to api.o(i._ZN13Smartmesh_API12resetManagerEv) for Smartmesh_API::resetManager()
    main.o(i._Z18parseSmartmeshDataPv) refers to api.o(i._ZN13Smartmesh_API16parseNetworkInfoEP12network_infoPh) for Smartmesh_API::parseNetworkInfo(network_info*, unsigned char*)
    main.o(i._Z18parseSmartmeshDataPv) refers to tasks.o(i.vTaskDelete) for vTaskDelete
    main.o(i._Z18parseSmartmeshDataPv) refers to main.o(.data) for .data
    main.o(i._Z18parseSmartmeshDataPv) refers to main.o(.bss) for .bss
    main.o(i.__sti___8_main_cpp_30c642f8) refers to sercom.o(i._ZN4UARTC1EP18sercom_registers_ti) for UART::UART(sercom_registers_t*, int)
    main.o(i.__sti___8_main_cpp_30c642f8) refers to api.o(i._ZN13Smartmesh_APIC1EP4UART) for Smartmesh_API::Smartmesh_API(UART*)
    main.o(i.__sti___8_main_cpp_30c642f8) refers to queue.o(i.xQueueGenericCreate) for xQueueGenericCreate
    main.o(i.__sti___8_main_cpp_30c642f8) refers to queue.o(i.xQueueCreateCountingSemaphore) for xQueueCreateCountingSemaphore
    main.o(i.__sti___8_main_cpp_30c642f8) refers to main.o(.data) for .data
    main.o(i.__sti___8_main_cpp_30c642f8) refers to main.o(.bss) for .bss
    main.o(i.main) refers to system_setup.o(i._Z12setup_systemv) for setup_system()
    main.o(i.main) refers to tasks.o(i.xTaskCreate) for xTaskCreate
    main.o(i.main) refers to sercom.o(i._ZN4UARTC1EP18sercom_registers_ti) for UART::UART(sercom_registers_t*, int)
    main.o(i.main) refers to rt_memcpy.o(.emb_text) for __aeabi_memcpy4
    main.o(i.main) refers to api.o(i._ZN13Smartmesh_APIC1EP4UART) for Smartmesh_API::Smartmesh_API(UART*)
    main.o(i.main) refers to queue.o(i.xQueueGenericSend) for xQueueGenericSend
    main.o(i.main) refers to sercom.o(i._ZN4UART7_printfEPKcz) for UART::_printf(const char*, ...)
    main.o(i.main) refers to tasks.o(i.vTaskStartScheduler) for vTaskStartScheduler
    main.o(i.main) refers to main.o(i._Z10setupParsePv) for setupParse(void*)
    main.o(i.main) refers to bluetooth.o(i._Z14bluetoothParsePv) for bluetoothParse(void*)
    main.o(i.main) refers to main.o(.data) for .data
    main.o(i.main) refers to main.o(.bss) for .bss
    main.o(.ARM.exidx) refers to main.o(i._Z12verifyPackettPht) for i._Z12verifyPackettPht
    main.o(.ARM.exidx) refers to main.o(i._Z18parseSmartmeshDataPv) for i._Z18parseSmartmeshDataPv
    main.o(.ARM.exidx) refers to main.o(i._Z10setupParsePv) for i._Z10setupParsePv
    main.o(.ARM.exidx) refers to main.o(i.main) for i.main
    main.o(.ARM.exidx) refers to main.o(i.SERCOM0_Handler) for i.SERCOM0_Handler
    main.o(.ARM.exidx) refers to main.o(i.SERCOM1_Handler) for i.SERCOM1_Handler
    main.o(.ARM.exidx) refers to main.o(i.SERCOM2_Handler) for i.SERCOM2_Handler
    main.o(.ARM.exidx) refers to main.o(i.__sti___8_main_cpp_30c642f8) for i.__sti___8_main_cpp_30c642f8
    main.o(.init_array) refers to main.o(i.__sti___8_main_cpp_30c642f8) for __sti___8_main_cpp_30c642f8
[...]
    i.xTaskGetTickCount                      0x00004420   Section        0  tasks.o(i.xTaskGetTickCount)
    i.xTaskIncrementTick                     0x0000442c   Section        0  tasks.o(i.xTaskIncrementTick)
    i.xTaskPriorityDisinherit                0x00004540   Section        0  tasks.o(i.xTaskPriorityDisinherit)
    i.xTaskPriorityInherit                   0x000045c4   Section        0  tasks.o(i.xTaskPriorityInherit)
    i.xTaskRemoveFromEventList               0x0000465c   Section        0  tasks.o(i.xTaskRemoveFromEventList)
    i.xTaskResumeAll                         0x00004728   Section        0  tasks.o(i.xTaskResumeAll)
    i.xTimerCreateTimerTask                  0x0000482c   Section        0  timers.o(i.xTimerCreateTimerTask)
    locale$$code                             0x0000488c   Section       44  lc_numeric_c.o(locale$$code)
    locale$$code                             0x000048b8   Section       44  lc_ctype_c.o(locale$$code)
    t._Z17littleToBigEndianIjET_S0_          0x000048e4   Section        0  bluetooth.o(t._Z17littleToBigEndianIjET_S0_)
    t._Z17littleToBigEndianItET_S0_          0x000048f6   Section        0  bluetooth.o(t._Z17littleToBigEndianItET_S0_)
    t._ZSt12reverse_copyIPhS0_ET0_T_S2_S1_   0x0000490a   Section        0  bluetooth.o(t._ZSt12reverse_copyIPhS0_ET0_T_S2_S1_)
    x$fpl$printf1                            0x00004920   Section       16  printf1.o(x$fpl$printf1)
    x$fpl$printf2                            0x00004930   Section       16  printf2.o(x$fpl$printf2)
    .constdata                               0x00004940   Section        8  _printf_wctomb.o(.constdata)
    x$fpl$usenofp                            0x00004940   Section        0  usenofp.o(x$fpl$usenofp)
    initial_mbstate                          0x00004940   Data           8  _printf_wctomb.o(.constdata)
    .constdata                               0x00004948   Section       40  _printf_hex_int_ll_ptr.o(.constdata)
    uc_hextab                                0x00004948   Data          20  _printf_hex_int_ll_ptr.o(.constdata)
    lc_hextab                                0x0000495c   Data          20  _printf_hex_int_ll_ptr.o(.constdata)
    .constdata                               0x00004970   Section       17  __printf_flags_ss_wp.o(.constdata)
    maptable                                 0x00004970   Data          17  __printf_flags_ss_wp.o(.constdata)
    .constdata                               0x00004981   Section       38  _printf_fp_hex.o(.constdata)
    lc_hextab                                0x00004981   Data          19  _printf_fp_hex.o(.constdata)
    uc_hextab                                0x00004994   Data          19  _printf_fp_hex.o(.constdata)
    .constdata                               0x000049a8   Section      148  bigflt0.o(.constdata)
    tenpwrs_x                                0x000049a8   Data          60  bigflt0.o(.constdata)
    tenpwrs_i                                0x000049e4   Data          64  bigflt0.o(.constdata)
    locale$$data                             0x00004a5c   Section       28  lc_numeric_c.o(locale$$data)
    __lcnum_c_name                           0x00004a60   Data           2  lc_numeric_c.o(locale$$data)
    __lcnum_c_start                          0x00004a68   Data           0  lc_numeric_c.o(locale$$data)
    __lcnum_c_point                          0x00004a74   Data           0  lc_numeric_c.o(locale$$data)
    __lcnum_c_thousands                      0x00004a76   Data           0  lc_numeric_c.o(locale$$data)
    __lcnum_c_grouping                       0x00004a77   Data           0  lc_numeric_c.o(locale$$data)
    locale$$data                             0x00004a78   Section      272  lc_ctype_c.o(locale$$data)
    __lcnum_c_end                            0x00004a78   Data           0  lc_numeric_c.o(locale$$data)
    __lcctype_c_name                         0x00004a7c   Data           2  lc_ctype_c.o(locale$$data)
    __lcctype_c_start                        0x00004a84   Data           0  lc_ctype_c.o(locale$$data)
    .init_array                              0x00004b88   Section        4  main.o(.init_array)
    __lcctype_c_end                          0x00004b88   Data           0  lc_ctype_c.o(locale$$data)
    .init_array                              0x00004b8c   Section        0  init_aeabi.o(.init_array)
    .data                                    0x20000000   Section      560  main.o(.data)
    fcstab                                   0x20000030   Data         512  main.o(.data)
    .data                                    0x20000230   Section      512  api.o(.data)
    fcstab                                   0x20000230   Data         512  api.o(.data)
    .data                                    0x20000430   Section        4  system_saml21g18b.o(.data)
    .data                                    0x20000434   Section       32  heap_4.o(.data)
    pxEnd                                    0x20000434   Data           4  heap_4.o(.data)
    xFreeBytesRemaining                      0x20000438   Data           4  heap_4.o(.data)
    xMinimumEverFreeBytesRemaining           0x2000043c   Data           4  heap_4.o(.data)
    xNumberOfSuccessfulAllocations           0x20000440   Data           4  heap_4.o(.data)
    xNumberOfSuccessfulFrees                 0x20000444   Data           4  heap_4.o(.data)
    xBlockAllocatedBit                       0x20000448   Data           4  heap_4.o(.data)
    xStart                                   0x2000044c   Data           8  heap_4.o(.data)
    .data                                    0x20000454   Section        4  port.o(.data)
    uxCriticalNesting                        0x20000454   Data           4  port.o(.data)
    .data                                    0x20000458   Section       64  tasks.o(.data)
    uxDeletedTasksWaitingCleanUp             0x2000045c   Data           4  tasks.o(.data)
    uxCurrentNumberOfTasks                   0x20000460   Data           4  tasks.o(.data)
    xTickCount                               0x20000464   Data           4  tasks.o(.data)
    uxTopReadyPriority                       0x20000468   Data           4  tasks.o(.data)
    xSchedulerRunning                        0x2000046c   Data           4  tasks.o(.data)
    xPendedTicks                             0x20000470   Data           4  tasks.o(.data)
    xYieldPending                            0x20000474   Data           4  tasks.o(.data)
    xNumOfOverflows                          0x20000478   Data           4  tasks.o(.data)
    uxTaskNumber                             0x2000047c   Data           4  tasks.o(.data)
    xNextTaskUnblockTime                     0x20000480   Data           4  tasks.o(.data)
    xIdleTaskHandle                          0x20000484   Data           4  tasks.o(.data)
    uxSchedulerSuspended                     0x2000048c   Data           4  tasks.o(.data)
    pxDelayedTaskList                        0x20000490   Data           4  tasks.o(.data)
    pxOverflowDelayedTaskList                0x20000494   Data           4  tasks.o(.data)
    .data                                    0x20000498   Section       20  timers.o(.data)
    xTimerQueue                              0x20000498   Data           4  timers.o(.data)
    xTimerTaskHandle                         0x2000049c   Data           4  timers.o(.data)
    xLastTime                                0x200004a0   Data           4  timers.o(.data)
    pxCurrentTimerList                       0x200004a4   Data           4  timers.o(.data)
    pxOverflowTimerList                      0x200004a8   Data           4  timers.o(.data)
    .bss                                     0x200004ac   Section      400  main.o(.bss)
    .bss                                     0x2000063c   Section      916  clib_arm.o(.bss)
    os_libspace                              0x2000063c   Data         480  clib_arm.o(.bss)
    os_libspace_id                           0x2000081c   Data          16  clib_arm.o(.bss)
    clib_mutex_cb                            0x2000082c   Data         400  clib_arm.o(.bss)
    clib_mutex_id                            0x200009bc   Data          20  clib_arm.o(.bss)
    .bss                                     0x200009d0   Section     1016  cmsis_os2.o(.bss)
    Idle_TCB                                 0x200009d0   Data          92  cmsis_os2.o(.bss)
    Idle_Stack                               0x20000a2c   Data         512  cmsis_os2.o(.bss)
    Timer_TCB                                0x20000c2c   Data          92  cmsis_os2.o(.bss)
    Timer_Stack                              0x20000c88   Data         320  cmsis_os2.o(.bss)
    .bss                                     0x20000dc8   Section    16384  heap_4.o(.bss)
    ucHeap                                   0x20000dc8   Data       16384  heap_4.o(.bss)
    .bss                                     0x20004dc8   Section     1220  tasks.o(.bss)
    pxReadyTasksLists                        0x20004dc8   Data        1120  tasks.o(.bss)
    xDelayedTaskList1                        0x20005228   Data          20  tasks.o(.bss)
    xDelayedTaskList2                        0x2000523c   Data          20  tasks.o(.bss)
    xPendingReadyList                        0x20005250   Data          20  tasks.o(.bss)
    xTasksWaitingTermination                 0x20005264   Data          20  tasks.o(.bss)
    xSuspendedTaskList                       0x20005278   Data          20  tasks.o(.bss)
    .bss                                     0x2000528c   Section      200  timers.o(.bss)
    xStaticTimerQueue                        0x2000528c   Data          80  timers.o(.bss)
    ucStaticTimerQueueStorage                0x200052dc   Data          80  timers.o(.bss)
    xActiveTimerList1                        0x2000532c   Data          20  timers.o(.bss)
    xActiveTimerList2                        0x20005340   Data          20  timers.o(.bss)
    .bss                                     0x20005354   Section       96  libspace.o(.bss)
    HEAP                                     0x200053b8   Section     4096  startup_saml21g18b.o(HEAP)
    Heap_Mem                                 0x200053b8   Data        4096  startup_saml21g18b.o(HEAP)
    STACK                                    0x200063b8   Section     4096  startup_saml21g18b.o(STACK)
    Stack_Mem                                0x200063b8   Data        4096  startup_saml21g18b.o(STACK)
    __initial_sp                             0x200073b8   Data           0  startup_saml21g18b.o(STACK)

    Global Symbols

    Symbol Name                              Value     Ov Type        Size  Object(Section)

    BuildAttributes$$THM_ISAv3M$S$PE$A:L22$X:L11$S22$IEEE1$IW$USESV6$~STKCKD$USESV7$~SHL$OTIME$ROPI$IEEEJ$EBA8$UX$STANDARDLIB$REQ8$PRES8$EABIv2 0x00000000   Number         0  anon$$obj.o ABSOLUTE
    __ARM_use_no_argv                        0x00000000   Number         0  main.o ABSOLUTE
    __Vectors                                0x00000000   Data           4  startup_saml21g18b.o(RESET)
    _printf_flags                            0x00000000   Number         0  printf_stubs.o ABSOLUTE
    _printf_return_value                     0x00000000   Number         0  printf_stubs.o ABSOLUTE
    _printf_sizespec                         0x00000000   Number         0  printf_stubs.o ABSOLUTE
    _printf_widthprec                        0x00000000   Number         0  printf_stubs.o ABSOLUTE
    __ARM_exceptions_init                     - Undefined Weak Reference
    __alloca_initialize                       - Undefined Weak Reference
    __arm_preinit_                            - Undefined Weak Reference
    __cxa_finalize                            - Undefined Weak Reference
    __sigvec_lookup                           - Undefined Weak Reference
    __user_heap_extent                        - Undefined Weak Reference
    _atexit_init                              - Undefined Weak Reference
    _call_atexit_fns                          - Undefined Weak Reference
    _clock_init                               - Undefined Weak Reference
    _fp_trap_init                             - Undefined Weak Reference
    _fp_trap_shutdown                         - Undefined Weak Reference
    _get_lc_collate                           - Undefined Weak Reference
    _get_lc_monetary                          - Undefined Weak Reference
    _get_lc_time                              - Undefined Weak Reference
    _getenv_init                              - Undefined Weak Reference
    _handle_redirection                       - Undefined Weak Reference
    _initio                                   - Undefined Weak Reference
    _printf_mbtowc                            - Undefined Weak Reference
    _printf_wc                                - Undefined Weak Reference
    _rand_init                                - Undefined Weak Reference
    _signal_finish                            - Undefined Weak Reference
    _signal_init                              - Undefined Weak Reference
    _terminateio                              - Undefined Weak Reference
    __Vectors_End                            0x000000b0   Data           0  startup_saml21g18b.o(RESET)
    __Vectors_Size                           0x000000b0   Number         0  startup_saml21g18b.o ABSOLUTE
    __main                                   0x000000b1   Thumb Code     8  __main.o(!!!main)
    __scatterload                            0x000000b9   Thumb Code     0  __scatter.o(!!!scatter)
    __scatterload_rt2                        0x000000b9   Thumb Code    52  __scatter.o(!!!scatter)
    __scatterload_rt2_thumb_only             0x000000b9   Thumb Code     0  __scatter.o(!!!scatter)
    __scatterload_null                       0x000000c9   Thumb Code     0  __scatter.o(!!!scatter)
    __scatterload_zeroinit                   0x000000f5   Thumb Code    28  __scatter_zi.o(!!handler_zi)
    _printf_percent                          0x00000111   Thumb Code     0  _printf_percent.o(.ARM.Collect$$_printf_percent$$00000000)
    _printf_n                                0x00000113   Thumb Code     0  _printf_n.o(.ARM.Collect$$_printf_percent$$00000001)
    _printf_p                                0x0000011d   Thumb Code     0  _printf_p.o(.ARM.Collect$$_printf_percent$$00000002)
    _printf_f                                0x00000127   Thumb Code     0  _printf_f.o(.ARM.Collect$$_printf_percent$$00000003)
    _printf_e                                0x00000131   Thumb Code     0  _printf_e.o(.ARM.Collect$$_printf_percent$$00000004)
    _printf_g                                0x0000013b   Thumb Code     0  _printf_g.o(.ARM.Collect$$_printf_percent$$00000005)
    _printf_a                                0x00000145   Thumb Code     0  _printf_a.o(.ARM.Collect$$_printf_percent$$00000006)
    _printf_ll                               0x0000014f   Thumb Code     0  _printf_ll.o(.ARM.Collect$$_printf_percent$$00000007)
    _printf_i                                0x00000159   Thumb Code     0  _printf_i.o(.ARM.Collect$$_printf_percent$$00000008)
    _printf_d                                0x00000163   Thumb Code     0  _printf_d.o(.ARM.Collect$$_printf_percent$$00000009)
    _printf_u                                0x0000016d   Thumb Code     0  _printf_u.o(.ARM.Collect$$_printf_percent$$0000000A)
    _printf_o                                0x00000177   Thumb Code     0  _printf_o.o(.ARM.Collect$$_printf_percent$$0000000B)
    _printf_x                                0x00000181   Thumb Code     0  _printf_x.o(.ARM.Collect$$_printf_percent$$0000000C)
    _printf_lli                              0x0000018b   Thumb Code     0  _printf_lli.o(.ARM.Collect$$_printf_percent$$0000000D)
    _printf_lld                              0x00000195   Thumb Code     0  _printf_lld.o(.ARM.Collect$$_printf_percent$$0000000E)
    _printf_llu                              0x0000019f   Thumb Code     0  _printf_llu.o(.ARM.Collect$$_printf_percent$$0000000F)
    _printf_llo                              0x000001a9   Thumb Code     0  _printf_llo.o(.ARM.Collect$$_printf_percent$$00000010)
    _printf_llx                              0x000001b3   Thumb Code     0  _printf_llx.o(.ARM.Collect$$_printf_percent$$00000011)
    _printf_l                                0x000001bd   Thumb Code     0  _printf_l.o(.ARM.Collect$$_printf_percent$$00000012)
    _printf_c                                0x000001c7   Thumb Code     0  _printf_c.o(.ARM.Collect$$_printf_percent$$00000013)
    _printf_s                                0x000001d1   Thumb Code     0  _printf_s.o(.ARM.Collect$$_printf_percent$$00000014)
    _printf_lc                               0x000001db   Thumb Code     0  _printf_lc.o(.ARM.Collect$$_printf_percent$$00000015)
    _printf_ls                               0x000001e5   Thumb Code     0  _printf_ls.o(.ARM.Collect$$_printf_percent$$00000016)
    _printf_percent_end                      0x000001ef   Thumb Code     0  _printf_percent_end.o(.ARM.Collect$$_printf_percent$$00000017)
    __rt_lib_init                            0x000001f3   Thumb Code     0  libinit.o(.ARM.Collect$$libinit$$00000000)
    __rt_lib_init_fp_1                       0x000001f5   Thumb Code     0  libinit2.o(.ARM.Collect$$libinit$$00000002)
    __rt_lib_init_heap_2                     0x000001f5   Thumb Code     0  libinit2.o(.ARM.Collect$$libinit$$00000005)
    __rt_lib_init_preinit_1                  0x000001f5   Thumb Code     0  libinit2.o(.ARM.Collect$$libinit$$00000004)
    __rt_lib_init_heap_1                     0x000001fd   Thumb Code     0  libinit2.o(.ARM.Collect$$libinit$$0000000A)
    __rt_lib_init_lc_common                  0x000001fd   Thumb Code     0  libinit2.o(.ARM.Collect$$libinit$$0000000F)
    __rt_lib_init_rand_1                     0x000001fd   Thumb Code     0  libinit2.o(.ARM.Collect$$libinit$$0000000E)
    __rt_lib_init_user_alloc_1               0x000001fd   Thumb Code     0  libinit2.o(.ARM.Collect$$libinit$$0000000C)
    __rt_lib_init_lc_collate_1               0x00000203   Thumb Code     0  libinit2.o(.ARM.Collect$$libinit$$00000011)
    __rt_lib_init_lc_ctype_2                 0x00000203   Thumb Code     0  libinit2.o(.ARM.Collect$$libinit$$00000012)
    __rt_lib_init_lc_ctype_1                 0x0000020f   Thumb Code     0  libinit2.o(.ARM.Collect$$libinit$$00000013)
    __rt_lib_init_lc_monetary_1              0x0000020f   Thumb Code     0  libinit2.o(.ARM.Collect$$libinit$$00000015)
    __rt_lib_init_lc_numeric_2               0x0000020f   Thumb Code     0  libinit2.o(.ARM.Collect$$libinit$$00000016)
    __rt_lib_init_alloca_1                   0x00000219   Thumb Code     0  libinit2.o(.ARM.Collect$$libinit$$0000002E)
    __rt_lib_init_argv_1                     0x00000219   Thumb Code     0  libinit2.o(.ARM.Collect$$libinit$$0000002C)
    __rt_lib_init_atexit_1                   0x00000219   Thumb Code     0  libinit2.o(.ARM.Collect$$libinit$$0000001B)
    __rt_lib_init_clock_1                    0x00000219   Thumb Code     0  libinit2.o(.ARM.Collect$$libinit$$00000021)
    __rt_lib_init_cpp_2                      0x00000219   Thumb Code     0  libinit2.o(.ARM.Collect$$libinit$$00000031)
    __rt_lib_init_exceptions_1               0x00000219   Thumb Code     0  libinit2.o(.ARM.Collect$$libinit$$00000030)
    __rt_lib_init_fp_trap_1                  0x00000219   Thumb Code     0  libinit2.o(.ARM.Collect$$libinit$$0000001F)
    __rt_lib_init_getenv_1                   0x00000219   Thumb Code     0  libinit2.o(.ARM.Collect$$libinit$$00000023)
    __rt_lib_init_lc_numeric_1               0x00000219   Thumb Code     0  libinit2.o(.ARM.Collect$$libinit$$00000017)
    __rt_lib_init_lc_time_1                  0x00000219   Thumb Code     0  libinit2.o(.ARM.Collect$$libinit$$00000019)
    __rt_lib_init_signal_1                   0x00000219   Thumb Code     0  libinit2.o(.ARM.Collect$$libinit$$0000001D)
    __rt_lib_init_stdio_1                    0x00000219   Thumb Code     0  libinit2.o(.ARM.Collect$$libinit$$00000025)
    __rt_lib_init_cpp_1                      0x0000021d   Thumb Code     0  libinit2.o(.ARM.Collect$$libinit$$00000032)
    __rt_lib_init_return                     0x0000021d   Thumb Code     0  libinit2.o(.ARM.Collect$$libinit$$00000033)
    __rt_lib_shutdown                        0x0000021f   Thumb Code     0  libshutdown.o(.ARM.Collect$$libshutdown$$00000000)
    __rt_lib_shutdown_cpp_1                  0x00000221   Thumb Code     0  libshutdown2.o(.ARM.Collect$$libshutdown$$00000002)
    __rt_lib_shutdown_fp_trap_1              0x00000221   Thumb Code     0  libshutdown2.o(.ARM.Collect$$libshutdown$$00000007)
    __rt_lib_shutdown_heap_2                 0x00000221   Thumb Code     0  libshutdown2.o(.ARM.Collect$$libshutdown$$0000000D)
    __rt_lib_shutdown_signal_1               0x00000221   Thumb Code     0  libshutdown2.o(.ARM.Collect$$libshutdown$$0000000A)
    __rt_lib_shutdown_stdio_1                0x00000221   Thumb Code     0  libshutdown2.o(.ARM.Collect$$libshutdown$$00000004)
    __rt_lib_shutdown_user_alloc_1           0x00000221   Thumb Code     0  libshutdown2.o(.ARM.Collect$$libshutdown$$0000000C)
    __rt_lib_shutdown_heap_1                 0x00000225   Thumb Code     0  libshutdown2.o(.ARM.Collect$$libshutdown$$0000000F)
    __rt_lib_shutdown_return                 0x00000225   Thumb Code     0  libshutdown2.o(.ARM.Collect$$libshutdown$$00000010)
    __rt_entry                               0x00000227   Thumb Code     0  __rtentry.o(.ARM.Collect$$rtentry$$00000000)
    __rt_entry_presh_1                       0x00000227   Thumb Code     0  __rtentry2.o(.ARM.Collect$$rtentry$$00000002)
    __rt_entry_sh                            0x00000227   Thumb Code     0  __rtentry4.o(.ARM.Collect$$rtentry$$00000004)
    __rt_entry_postsh_1                      0x0000022d   Thumb Code     0  __rtentry2.o(.ARM.Collect$$rtentry$$00000008)
    __rt_entry_li                            0x00000235   Thumb Code     0  __rtentry2.o(.ARM.Collect$$rtentry$$0000000A)
    __rt_entry_main                          0x00000239   Thumb Code     0  __rtentry2.o(.ARM.Collect$$rtentry$$0000000D)
    __rt_entry_postli_1                      0x00000239   Thumb Code     0  __rtentry2.o(.ARM.Collect$$rtentry$$0000000C)
    __rt_exit                                0x00000241   Thumb Code     0  rtexit.o(.ARM.Collect$$rtexit$$00000000)
    __rt_exit_ls                             0x00000243   Thumb Code     0  rtexit2.o(.ARM.Collect$$rtexit$$00000003)
    __rt_exit_prels_1                        0x00000243   Thumb Code     0  rtexit2.o(.ARM.Collect$$rtexit$$00000002)
    __rt_exit_exit                           0x00000247   Thumb Code     0  rtexit2.o(.ARM.Collect$$rtexit$$00000004)
    __asm___6_port_c_39a90d8d__prvPortStartFirstTask 0x0000024d   Thumb Code    36  port.o(.emb_text)
    ulSetInterruptMaskFromISR                0x00000275   Thumb Code     8  port.o(.emb_text)
    vClearInterruptMaskFromISR               0x0000027d   Thumb Code     6  port.o(.emb_text)
    PendSV_Handler                           0x00000283   Thumb Code    62  port.o(.emb_text)
    __aeabi_memcpy4                          0x000002c5   Thumb Code    56  rt_memcpy.o(.emb_text)
    __aeabi_memcpy8                          0x000002c5   Thumb Code     0  rt_memcpy.o(.emb_text)
    Reset_Handler                            0x000002fd   Thumb Code     8  startup_saml21g18b.o(.text)
    _maybe_terminate_alloc                   0x000002fd   Thumb Code     0  maybetermalloc2.o(.emb_text)
    NonMaskableInt_Handler                   0x00000305   Thumb Code     2  startup_saml21g18b.o(.text)
    HardFault_Handler                        0x00000307   Thumb Code     2  startup_saml21g18b.o(.text)
    AC_Handler                               0x0000030f   Thumb Code     0  startup_saml21g18b.o(.text)
    ADC_Handler                              0x0000030f   Thumb Code     0  startup_saml21g18b.o(.text)
    AES_Handler                              0x0000030f   Thumb Code     0  startup_saml21g18b.o(.text)
    DAC_Handler                              0x0000030f   Thumb Code     0  startup_saml21g18b.o(.text)
    DMAC_Handler                             0x0000030f   Thumb Code     0  startup_saml21g18b.o(.text)
    EIC_Handler                              0x0000030f   Thumb Code     0  startup_saml21g18b.o(.text)
    EVSYS_Handler                            0x0000030f   Thumb Code     0  startup_saml21g18b.o(.text)
    NVMCTRL_Handler                          0x0000030f   Thumb Code     0  startup_saml21g18b.o(.text)
    PTC_Handler                              0x0000030f   Thumb Code     0  startup_saml21g18b.o(.text)
    RTC_Handler                              0x0000030f   Thumb Code     0  startup_saml21g18b.o(.text)
    SERCOM3_Handler                          0x0000030f   Thumb Code     0  startup_saml21g18b.o(.text)
    SERCOM4_Handler                          0x0000030f   Thumb Code     0  startup_saml21g18b.o(.text)
    SERCOM5_Handler                          0x0000030f   Thumb Code     0  startup_saml21g18b.o(.text)
    SYSTEM_Handler                           0x0000030f   Thumb Code     0  startup_saml21g18b.o(.text)
    TC0_Handler                              0x0000030f   Thumb Code     0  startup_saml21g18b.o(.text)
    TC1_Handler                              0x0000030f   Thumb Code     0  startup_saml21g18b.o(.text)
    TC4_Handler                              0x0000030f   Thumb Code     0  startup_saml21g18b.o(.text)
    TCC0_Handler                             0x0000030f   Thumb Code     0  startup_saml21g18b.o(.text)
    TCC1_Handler                             0x0000030f   Thumb Code     0  startup_saml21g18b.o(.text)
    TCC2_Handler                             0x0000030f   Thumb Code     0  startup_saml21g18b.o(.text)
    TRNG_Handler                             0x0000030f   Thumb Code     0  startup_saml21g18b.o(.text)
    USB_Handler                              0x0000030f   Thumb Code     0  startup_saml21g18b.o(.text)
    WDT_Handler                              0x0000030f   Thumb Code     0  startup_saml21g18b.o(.text)
    __user_initial_stackheap                 0x00000311   Thumb Code     0  startup_saml21g18b.o(.text)
    vasprintf                                0x00000335   Thumb Code    52  vasprintf.o(.text)
    __aeabi_memcpy                           0x00000369   Thumb Code   130  rt_memcpy.o(.text)
    __rt_memcpy                              0x00000369   Thumb Code     0  rt_memcpy.o(.text)
    __aeabi_memset                           0x000003eb   Thumb Code    18  aeabi_memset.o(.text)
    _memset_w                                0x000003fd   Thumb Code    26  rt_memclr.o(.text)
    _memset                                  0x00000417   Thumb Code    30  rt_memclr.o(.text)
    __aeabi_memclr                           0x00000435   Thumb Code     4  rt_memclr.o(.text)
    __rt_memclr                              0x00000435   Thumb Code     0  rt_memclr.o(.text)
    __aeabi_memclr4                          0x00000439   Thumb Code     0  rt_memclr.o(.text)
    __aeabi_memclr8                          0x00000439   Thumb Code     0  rt_memclr.o(.text)
    __rt_memclr_w                            0x00000439   Thumb Code     4  rt_memclr.o(.text)
    __aeabi_uidiv                            0x0000043d   Thumb Code     0  aeabi_sdiv.o(.text)
    __aeabi_uidivmod                         0x0000043d   Thumb Code    20  aeabi_sdiv.o(.text)
    __aeabi_idiv                             0x00000451   Thumb Code     0  aeabi_sdiv.o(.text)
    __aeabi_idivmod                          0x00000451   Thumb Code   326  aeabi_sdiv.o(.text)
    __use_two_region_memory                  0x00000597   Thumb Code     2  heapauxi.o(.text)
    __rt_heap_escrow                         0x00000599   Thumb Code     2  heapauxi.o(.text)
    __rt_heap_expand                         0x0000059b   Thumb Code     2  heapauxi.o(.text)
    __cpp_initialize__aeabi_                 0x0000059d   Thumb Code    26  init_aeabi.o(.text)
    _malloc_internal                         0x000005c9   Thumb Code   126  h1_alloc_mt.o(.text)
    malloc                                   0x00000647   Thumb Code    20  h1_alloc_mt.o(.text)
    vsnprintf                                0x0000065d   Thumb Code    50  vsnprintf.o(.text)
    _printf_pre_padding                      0x00000695   Thumb Code    44  _printf_pad.o(.text)
    _printf_post_padding                     0x000006c1   Thumb Code    34  _printf_pad.o(.text)
    _printf_truncate_signed                  0x000006e3   Thumb Code    18  _printf_truncate.o(.text)
    _printf_truncate_unsigned                0x000006f5   Thumb Code    18  _printf_truncate.o(.text)
    _printf_str                              0x00000707   Thumb Code    82  _printf_str.o(.text)
    _printf_int_dec                          0x00000759   Thumb Code    90  _printf_dec.o(.text)
    _printf_charcount                        0x000007c5   Thumb Code    38  _printf_charcount.o(.text)
    _printf_wctomb                           0x000007ed   Thumb Code   182  _printf_wctomb.o(.text)
    _printf_longlong_dec                     0x000008a9   Thumb Code    94  _printf_longlong_dec.o(.text)
    _printf_longlong_oct                     0x00000919   Thumb Code    68  _printf_oct_int_ll.o(.text)
    _printf_int_oct                          0x0000095d   Thumb Code    24  _printf_oct_int_ll.o(.text)
    _printf_ll_oct                           0x00000975   Thumb Code    10  _printf_oct_int_ll.o(.text)
    _printf_longlong_hex                     0x00000989   Thumb Code    88  _printf_hex_int_ll_ptr.o(.text)
    _printf_int_hex                          0x000009e1   Thumb Code    28  _printf_hex_int_ll_ptr.o(.text)
    _printf_ll_hex                           0x000009fd   Thumb Code    10  _printf_hex_int_ll_ptr.o(.text)
    _printf_hex_ptr                          0x00000a07   Thumb Code    22  _printf_hex_int_ll_ptr.o(.text)
    __printf                                 0x00000a21   Thumb Code   386  __printf_flags_ss_wp.o(.text)
    __rt_heap_descriptor                     0x00000ba9   Thumb Code    10  rt_heap_descriptor_twolibspace.o(.text)
    __use_no_heap                            0x00000bb3   Thumb Code     2  hguard.o(.text)
    __heap$guard                             0x00000bb5   Thumb Code     2  hguard.o(.text)
    _terminate_user_alloc                    0x00000bb7   Thumb Code     2  init_alloc.o(.text)
    _init_user_alloc                         0x00000bb9   Thumb Code     2  init_alloc.o(.text)
    __Heap_Full                              0x00000bbb   Thumb Code    32  init_alloc.o(.text)
    __Heap_Broken                            0x00000bdb   Thumb Code    10  init_alloc.o(.text)
    _init_alloc                              0x00000be5   Thumb Code    90  init_alloc.o(.text)
    __Heap_Initialize                        0x00000c3f   Thumb Code    18  h1_init_mt.o(.text)
    __Heap_DescSize                          0x00000c51   Thumb Code     4  h1_init_mt.o(.text)
    _free_internal                           0x00000c55   Thumb Code    96  h1_free_mt.o(.text)
    free                                     0x00000cb5   Thumb Code    20  h1_free_mt.o(.text)
    _ll_udiv10                               0x00000cc9   Thumb Code   122  lludiv10.o(.text)
    _printf_int_common                       0x00000d43   Thumb Code   176  _printf_intcommon.o(.text)
    __lib_sel_fp_printf                      0x00000df5   Thumb Code     2  _printf_fp_dec.o(.text)
    _printf_fp_dec_real                      0x00000f93   Thumb Code   620  _printf_fp_dec.o(.text)
    _printf_fp_hex_real                      0x0000120d   Thumb Code   718  _printf_fp_hex.o(.text)
    _printf_char_common                      0x000014ef   Thumb Code    32  _printf_char_common.o(.text)
    _sputc                                   0x00001515   Thumb Code    10  _sputc.o(.text)
    _snputc                                  0x0000151f   Thumb Code    16  _snputc.o(.text)
    _printf_cs_common                        0x0000152f   Thumb Code    22  _printf_char.o(.text)
    _printf_char                             0x00001545   Thumb Code    16  _printf_char.o(.text)
    _printf_string                           0x00001555   Thumb Code     8  _printf_char.o(.text)
    _printf_lcs_common                       0x0000155d   Thumb Code    22  _printf_wchar.o(.text)
    _printf_wchar                            0x00001573   Thumb Code    16  _printf_wchar.o(.text)
    _printf_wstring                          0x00001583   Thumb Code     8  _printf_wchar.o(.text)
    _wcrtomb                                 0x0000158b   Thumb Code    64  _wcrtomb.o(.text)
    __rt_udiv10                              0x000015cb   Thumb Code    40  rtudiv10.o(.text)
    __user_libspace                          0x000015f5   Thumb Code     8  libspace.o(.text)
    __user_perproc_libspace                  0x000015f5   Thumb Code     0  libspace.o(.text)
    __user_setup_stackheap                   0x000015fd   Thumb Code    62  sys_stackheap_outer.o(.text)
    __rt_ctype_table                         0x0000163d   Thumb Code    16  rt_ctype_table.o(.text)
    __rt_locale                              0x0000164d   Thumb Code    10  rt_locale_twolibspace.o(.text)
    __Heap_ProvideMemory                     0x00001657   Thumb Code    54  h1_extend_mt.o(.text)
    _printf_fp_infnan                        0x0000168d   Thumb Code   120  _printf_fp_infnan.o(.text)
    _btod_etento                             0x00001715   Thumb Code   210  bigflt0.o(.text)
    _btod_d2e                                0x000017ed   Thumb Code    64  btod.o(.text)
    _btod_emul                               0x00001c21   Thumb Code    28  btod.o(.text)
    _btod_emuld                              0x00001c3d   Thumb Code   144  btod.o(.text)
    _btod_ediv                               0x00001ccd   Thumb Code    26  btod.o(.text)
    _btod_edivd                              0x00001ce7   Thumb Code   124  btod.o(.text)
    exit                                     0x00001d6d   Thumb Code    16  exit.o(.text)
    __rt_SIGRTMEM                            0x00001d7d   Thumb Code    12  defsig_rtmem_outer.o(.text)
    __I$use$semihosting                      0x00001d89   Thumb Code     0  use_no_semi.o(.text)
    __use_no_semihosting_swi                 0x00001d89   Thumb Code     2  use_no_semi.o(.text)
    __semihosting_library_function           0x00001d8b   Thumb Code     0  indicate_semi.o(.text)
    _terminate_alloc                         0x00001d8b   Thumb Code    14  term_alloc.o(.text)
    __sig_exit                               0x00001d99   Thumb Code    12  defsig_exit.o(.text)
    __rt_SIGRTMEM_inner                      0x00001da5   Thumb Code    22  defsig_rtmem_inner.o(.text)
    strcmp                                   0x00001df5   Thumb Code   132  strcmp.o(.text)
    _sys_exit                                0x00001e7d   Thumb Code     8  sys_exit.o(.text)
    __Heap_Finalize                          0x00001e89   Thumb Code    10  h1_final_mt.o(.text)
    __default_signal_display                 0x00001e93   Thumb Code    52  defsig_general.o(.text)
    _ttywrch                                 0x00001ec7   Thumb Code    12  sys_wrch.o(.text)
    __decompress                             0x00001ed3   Thumb Code     0  __dclz77c.o(.text)
    __decompress2                            0x00001ed3   Thumb Code    96  __dclz77c.o(.text)
    SERCOM0_Handler                          0x00001f35   Thumb Code   222  main.o(i.SERCOM0_Handler)
    SERCOM1_Handler                          0x00002031   Thumb Code    36  main.o(i.SERCOM1_Handler)
    SERCOM2_Handler                          0x00002061   Thumb Code    14  main.o(i.SERCOM2_Handler)
    SVC_Handler                              0x00002075   Thumb Code     2  port.o(i.SVC_Handler)
    SysTick_Handler                          0x00002079   Thumb Code    20  cmsis_os2.o(i.SysTick_Handler)
    SystemInit                               0x00002091   Thumb Code     8  system_saml21g18b.o(i.SystemInit)
    setupParse(void*)                        0x000020a1   Thumb Code    44  main.o(i._Z10setupParsePv)
    setup_system()                           0x000020e1   Thumb Code   360  system_setup.o(i._Z12setup_systemv)
    verifyPacket(unsigned short, unsigned char*, unsigned short) 0x00002299   Thumb Code    40  main.o(i._Z12verifyPackettPht)
    bluetoothParse(void*)                    0x000022c9   Thumb Code   490  bluetooth.o(i._Z14bluetoothParsePv)
    parseSmartmeshData(void*)                0x000025a5   Thumb Code   250  main.o(i._Z18parseSmartmeshDataPv)
    setup_rtc()                              0x00002705   Thumb Code     2  rtc.o(i._Z9setup_rtcv)
    Smartmesh_API::setJoinKey(unsigned char*) 0x00002709   Thumb Code    54  api.o(i._ZN13Smartmesh_API10setJoinKeyEPh)
    Smartmesh_API::init_packet(unsigned char, unsigned char) 0x00002745   Thumb Code    34  api.o(i._ZN13Smartmesh_API11init_packetEhh)
    Smartmesh_API::checksumData(unsigned short, unsigned char*, unsigned short) 0x00002769   Thumb Code    44  api.o(i._ZN13Smartmesh_API12checksumDataEtPht)
    Smartmesh_API::resetManager()            0x00002799   Thumb Code    48  api.o(i._ZN13Smartmesh_API12resetManagerEv)
    Smartmesh_API::verifyPacket(unsigned short, unsigned char*, unsigned short) 0x000027cd   Thumb Code    42  api.o(i._ZN13Smartmesh_API12verifyPacketEtPht)
    Smartmesh_API::getNetworkInfo()          0x00002801   Thumb Code    42  api.o(i._ZN13Smartmesh_API14getNetworkInfoEv)
    Smartmesh_API::clearStatistics()         0x00002831   Thumb Code    42  api.o(i._ZN13Smartmesh_API15clearStatisticsEv)
    Smartmesh_API::getNetworkConfig()        0x00002861   Thumb Code    42  api.o(i._ZN13Smartmesh_API16getNetworkConfigEv)
    Smartmesh_API::parseNetworkInfo(network_info*, unsigned char*) 0x00002891   Thumb Code   178  api.o(i._ZN13Smartmesh_API16parseNetworkInfoEP12network_infoPh)
    Smartmesh_API::setNetworkConfig(unsigned char*) 0x00002949   Thumb Code   110  api.o(i._ZN13Smartmesh_API16setNetworkConfigEPh)
    Smartmesh_API::getMoteConfigFromMoteId(unsigned short) 0x000029bd   Thumb Code    54  api.o(i._ZN13Smartmesh_API23getMoteConfigFromMoteIdEt)
    Smartmesh_API::mgr_init()                0x000029f9   Thumb Code    54  api.o(i._ZN13Smartmesh_API8mgr_initEv)
    Smartmesh_API::subscribe(unsigned, unsigned) 0x00002a35   Thumb Code    64  api.o(i._ZN13Smartmesh_API9subscribeEjj)
    Smartmesh_API::Smartmesh_API(UART*)      0x00002a79   Thumb Code    12  api.o(i._ZN13Smartmesh_APIC1EP4UART)
    Smartmesh_API::Smartmesh_API__sub_object(UART*) 0x00002a79   Thumb Code     0  api.o(i._ZN13Smartmesh_APIC1EP4UART)
    UART::send_array(unsigned char*, unsigned char) 0x00002a85   Thumb Code    76  sercom.o(i._ZN4UART10send_arrayEPhh)
    UART::_printf(const char*, ...)          0x00002add   Thumb Code   110  sercom.o(i._ZN4UART7_printfEPKcz)
    UART::UART(sercom_registers_t*, int)     0x00002b5d   Thumb Code   212  sercom.o(i._ZN4UARTC1EP18sercom_registers_ti)
    UART::UART__sub_object(sercom_registers_t*, int) 0x00002b5d   Thumb Code     0  sercom.o(i._ZN4UARTC1EP18sercom_registers_ti)
    __ARM_common_ll_muluu                    0x00002c55   Thumb Code    48  btod.o(i.__ARM_common_ll_muluu)
    __ARM_common_switch8                     0x00002c85   Thumb Code    26  cmsis_os2.o(i.__ARM_common_switch8)
    __ARM_fpclassify                         0x00002ca1   Thumb Code    40  fpclassify.o(i.__ARM_fpclassify)
    _is_digit                                0x00002d59   Thumb Code    14  __printf_wp.o(i._is_digit)
    _mutex_acquire                           0x00002d67   Thumb Code    24  clib_arm.o(i._mutex_acquire)
    _mutex_free                              0x00002d81   Thumb Code    40  clib_arm.o(i._mutex_free)
    _mutex_initialize                        0x00002dad   Thumb Code    80  clib_arm.o(i._mutex_initialize)
    _mutex_release                           0x00002e05   Thumb Code    26  clib_arm.o(i._mutex_release)
    _platform_post_stackheap_init            0x00002e1f   Thumb Code     2  clib_arm.o(i._platform_post_stackheap_init)
    main                                     0x00002e21   Thumb Code   154  main.o(i.main)
    pvPortMalloc                             0x000036b9   Thumb Code   198  heap_4.o(i.pvPortMalloc)
    pvTaskIncrementMutexHeldCount            0x00003785   Thumb Code    20  tasks.o(i.pvTaskIncrementMutexHeldCount)
    pxPortInitialiseStack                    0x0000379d   Thumb Code    26  port.o(i.pxPortInitialiseStack)
    uxListRemove                             0x000037bd   Thumb Code    38  list.o(i.uxListRemove)
    vApplicationGetIdleTaskMemory            0x000037e5   Thumb Code    16  cmsis_os2.o(i.vApplicationGetIdleTaskMemory)
    vApplicationGetTimerTaskMemory           0x000037f9   Thumb Code    16  cmsis_os2.o(i.vApplicationGetTimerTaskMemory)
    vApplicationStackOverflowHook            0x0000380d   Thumb Code     4  cmsis_os2.o(i.vApplicationStackOverflowHook)
    vListInitialise                          0x00003811   Thumb Code    22  list.o(i.vListInitialise)
    vListInitialiseItem                      0x00003827   Thumb Code     6  list.o(i.vListInitialiseItem)
    vListInsert                              0x0000382d   Thumb Code    48  list.o(i.vListInsert)
    vListInsertEnd                           0x0000385d   Thumb Code    24  list.o(i.vListInsertEnd)
    vPortEnterCritical                       0x00003875   Thumb Code    20  port.o(i.vPortEnterCritical)
    vPortExitCritical                        0x0000388d   Thumb Code    24  port.o(i.vPortExitCritical)
    vPortFree                                0x000038a9   Thumb Code    68  heap_4.o(i.vPortFree)
    vPortSetupTimerInterrupt                 0x000038f1   Thumb Code    32  port.o(i.vPortSetupTimerInterrupt)
    vPortYield                               0x00003919   Thumb Code    18  port.o(i.vPortYield)
    vQueueDelete                             0x00003931   Thumb Code    24  queue.o(i.vQueueDelete)
    vQueueWaitForMessageRestricted           0x00003949   Thumb Code    70  queue.o(i.vQueueWaitForMessageRestricted)
    vTaskDelete                              0x00003991   Thumb Code   118  tasks.o(i.vTaskDelete)
    vTaskInternalSetTimeOutState             0x00003a11   Thumb Code    12  tasks.o(i.vTaskInternalSetTimeOutState)
    vTaskMissedYield                         0x00003a21   Thumb Code     8  tasks.o(i.vTaskMissedYield)
    vTaskPlaceOnEventList                    0x00003a2d   Thumb Code    32  tasks.o(i.vTaskPlaceOnEventList)
    vTaskPlaceOnEventListRestricted          0x00003a51   Thumb Code    68  tasks.o(i.vTaskPlaceOnEventListRestricted)
    vTaskPriorityDisinheritAfterTimeout      0x00003a99   Thumb Code   136  tasks.o(i.vTaskPriorityDisinheritAfterTimeout)
    vTaskStartScheduler                      0x00003b29   Thumb Code   102  tasks.o(i.vTaskStartScheduler)
    vTaskSuspendAll                          0x00003ba1   Thumb Code    10  tasks.o(i.vTaskSuspendAll)
    vTaskSwitchContext                       0x00003bb1   Thumb Code   120  tasks.o(i.vTaskSwitchContext)
    xPortStartScheduler                      0x00003c35   Thumb Code    40  port.o(i.xPortStartScheduler)
    xPortSysTickHandler                      0x00003c65   Thumb Code    32  port.o(i.xPortSysTickHandler)
    xQueueCreateCountingSemaphore            0x00003c89   Thumb Code    32  queue.o(i.xQueueCreateCountingSemaphore)
    xQueueCreateMutex                        0x00003ca9   Thumb Code    24  queue.o(i.xQueueCreateMutex)
    xQueueCreateMutexStatic                  0x00003cc1   Thumb Code    28  queue.o(i.xQueueCreateMutexStatic)
    xQueueGenericCreate                      0x00003cdd   Thumb Code    78  queue.o(i.xQueueGenericCreate)
    xQueueGenericCreateStatic                0x00003d2b   Thumb Code    62  queue.o(i.xQueueGenericCreateStatic)
    xQueueGenericReset                       0x00003d69   Thumb Code   142  queue.o(i.xQueueGenericReset)
    xQueueGenericSend                        0x00003df7   Thumb Code   284  queue.o(i.xQueueGenericSend)
    xQueueGenericSendFromISR                 0x00003f13   Thumb Code   154  queue.o(i.xQueueGenericSendFromISR)
    xQueueGiveFromISR                        0x00003fad   Thumb Code   126  queue.o(i.xQueueGiveFromISR)
    xQueueReceive                            0x0000402b   Thumb Code   264  queue.o(i.xQueueReceive)
    xQueueReceiveFromISR                     0x00004133   Thumb Code   132  queue.o(i.xQueueReceiveFromISR)
    xQueueSemaphoreTake                      0x000041b7   Thumb Code   318  queue.o(i.xQueueSemaphoreTake)
    xTaskCheckForTimeOut                     0x000042f5   Thumb Code    96  tasks.o(i.xTaskCheckForTimeOut)
    xTaskCreate                              0x00004359   Thumb Code    96  tasks.o(i.xTaskCreate)
    xTaskCreateStatic                        0x000043b9   Thumb Code    70  tasks.o(i.xTaskCreateStatic)
    xTaskGetSchedulerState                   0x00004401   Thumb Code    26  tasks.o(i.xTaskGetSchedulerState)
    xTaskGetTickCount                        0x00004421   Thumb Code     6  tasks.o(i.xTaskGetTickCount)
    xTaskIncrementTick                       0x0000442d   Thumb Code   266  tasks.o(i.xTaskIncrementTick)
    xTaskPriorityDisinherit                  0x00004541   Thumb Code   122  tasks.o(i.xTaskPriorityDisinherit)
    xTaskPriorityInherit                     0x000045c5   Thumb Code   142  tasks.o(i.xTaskPriorityInherit)
    xTaskRemoveFromEventList                 0x0000465d   Thumb Code   190  tasks.o(i.xTaskRemoveFromEventList)
    xTaskResumeAll                           0x00004729   Thumb Code   248  tasks.o(i.xTaskResumeAll)
    xTimerCreateTimerTask                    0x0000482d   Thumb Code    80  timers.o(i.xTimerCreateTimerTask)
    _get_lc_numeric                          0x0000488d   Thumb Code    44  lc_numeric_c.o(locale$$code)
    _get_lc_ctype                            0x000048b9   Thumb Code    44  lc_ctype_c.o(locale$$code)
    T1 littleToBigEndian<unsigned>(T1)       0x000048e5   Thumb Code    18  bluetooth.o(t._Z17littleToBigEndianIjET_S0_)
    T1 littleToBigEndian<unsigned short>(T1) 0x000048f7   Thumb Code    20  bluetooth.o(t._Z17littleToBigEndianItET_S0_)
    T2 std::reverse_copy<unsigned char*, unsigned char*>(T1, T1, T2) 0x0000490b   Thumb Code    20  bluetooth.o(t._ZSt12reverse_copyIPhS0_ET0_T_S2_S1_)
    _printf_fp_dec                           0x00004921   Thumb Code    16  printf1.o(x$fpl$printf1)
    _printf_fp_hex                           0x00004931   Thumb Code    16  printf2.o(x$fpl$printf2)
    __I$use$fp                               0x00004940   Number         0  usenofp.o(x$fpl$usenofp)
    Region$$Table$$Base                      0x00004a3c   Number         0  anon$$obj.o(Region$$Table)
    Region$$Table$$Limit                     0x00004a5c   Number         0  anon$$obj.o(Region$$Table)
    __ctype                                  0x00004a85   Data           0  lc_ctype_c.o(locale$$data)
    SHT$$INIT_ARRAY$$Base                    0x00004b88   Number         0  main.o(.init_array)
    SHT$$INIT_ARRAY$$Limit                   0x00004b8c   Number         0  init_aeabi.o(.init_array)
    startFlag                                0x20000000   Data           1  main.o(.data)
    connectedToManager                       0x20000001   Data           1  main.o(.data)
    length                                   0x20000002   Data           1  main.o(.data)
    bluetoothData                            0x20000004   Data           4  main.o(.data)
    dma_in_use                               0x20000008   Data           4  main.o(.data)
    bluetoothInUse                           0x2000000c   Data           4  main.o(.data)
    dataRecieved                             0x20000010   Data           4  main.o(.data)
    getNetworkInfo                           0x20000014   Data           4  main.o(.data)
    getNetworkConfig                         0x20000018   Data           4  main.o(.data)
    moteConfigWasGotFromID                   0x2000001c   Data           4  main.o(.data)
    api_usart                                0x20000020   Data           8  main.o(.data)
    bluetooth                                0x20000028   Data           8  main.o(.data)
    SystemCoreClock                          0x20000430   Data           4  system_saml21g18b.o(.data)
    pxCurrentTCB                             0x20000458   Data           4  tasks.o(.data)
    uxTopUsedPriority                        0x20000488   Data           4  tasks.o(.data)
    txbuffer                                 0x200004ac   Data         130  main.o(.bss)
    smartmeshData                            0x2000052e   Data         130  main.o(.bss)
    api                                      0x200005b0   Data         140  main.o(.bss)
    __libspace_start                         0x20005354   Data          96  libspace.o(.bss)
    __temporary_stack_top$libspace           0x200053b4   Data           0  libspace.o(.bss)



==============================================================================

Memory Map of the image

  Image Entry point : 0x000000b1

  Load Region LR_IROM1 (Base: 0x00000000, Size: 0x00005038, Max: 0x00040000, ABSOLUTE, COMPRESSED[0x00004db0])

    Execution Region ER_IROM1 (Exec base: 0x00000000, Load base: 0x00000000, Size: 0x00004b8c, Max: 0x00040000, ABSOLUTE)

    Exec Addr    Load Addr    Size         Type   Attr      Idx    E Section Name        Object

    0x00000000   0x00000000   0x000000b0   Data   RO         2004    RESET               startup_saml21g18b.o
    0x000000b0   0x000000b0   0x00000008   Code   RO         3353  * !!!main             c_p.l(__main.o)
    0x000000b8   0x000000b8   0x0000003c   Code   RO         3788    !!!scatter          c_p.l(__scatter.o)
    0x000000f4   0x000000f4   0x0000001c   Code   RO         3790    !!handler_zi        c_p.l(__scatter_zi.o)
    0x00000110   0x00000110   0x00000002   Code   RO         3501    .ARM.Collect$$_printf_percent$$00000000  c_p.l(_printf_percent.o)
    0x00000112   0x00000112   0x0000000a   Code   RO         3490    .ARM.Collect$$_printf_percent$$00000001  c_p.l(_printf_n.o)
    0x0000011c   0x0000011c   0x0000000a   Code   RO         3492    .ARM.Collect$$_printf_percent$$00000002  c_p.l(_printf_p.o)
    0x00000126   0x00000126   0x0000000a   Code   RO         3497    .ARM.Collect$$_printf_percent$$00000003  c_p.l(_printf_f.o)
    0x00000130   0x00000130   0x0000000a   Code   RO         3498    .ARM.Collect$$_printf_percent$$00000004  c_p.l(_printf_e.o)
    0x0000013a   0x0000013a   0x0000000a   Code   RO         3499    .ARM.Collect$$_printf_percent$$00000005  c_p.l(_printf_g.o)
    0x00000144   0x00000144   0x0000000a   Code   RO         3500    .ARM.Collect$$_printf_percent$$00000006  c_p.l(_printf_a.o)
    0x0000014e   0x0000014e   0x0000000a   Code   RO         3505    .ARM.Collect$$_printf_percent$$00000007  c_p.l(_printf_ll.o)
    0x00000158   0x00000158   0x0000000a   Code   RO         3494    .ARM.Collect$$_printf_percent$$00000008  c_p.l(_printf_i.o)
    0x00000162   0x00000162   0x0000000a   Code   RO         3495    .ARM.Collect$$_printf_percent$$00000009  c_p.l(_printf_d.o)
    0x0000016c   0x0000016c   0x0000000a   Code   RO         3496    .ARM.Collect$$_printf_percent$$0000000A  c_p.l(_printf_u.o)
    0x00000176   0x00000176   0x0000000a   Code   RO         3493    .ARM.Collect$$_printf_percent$$0000000B  c_p.l(_printf_o.o)
    0x00000180   0x00000180   0x0000000a   Code   RO         3491    .ARM.Collect$$_printf_percent$$0000000C  c_p.l(_printf_x.o)
    0x0000018a   0x0000018a   0x0000000a   Code   RO         3502    .ARM.Collect$$_printf_percent$$0000000D  c_p.l(_printf_lli.o)
    0x00000194   0x00000194   0x0000000a   Code   RO         3503    .ARM.Collect$$_printf_percent$$0000000E  c_p.l(_printf_lld.o)
    0x0000019e   0x0000019e   0x0000000a   Code   RO         3504    .ARM.Collect$$_printf_percent$$0000000F  c_p.l(_printf_llu.o)
    0x000001a8   0x000001a8   0x0000000a   Code   RO         3509    .ARM.Collect$$_printf_percent$$00000010  c_p.l(_printf_llo.o)
    0x000001b2   0x000001b2   0x0000000a   Code   RO         3510    .ARM.Collect$$_printf_percent$$00000011  c_p.l(_printf_llx.o)
    0x000001bc   0x000001bc   0x0000000a   Code   RO         3506    .ARM.Collect$$_printf_percent$$00000012  c_p.l(_printf_l.o)
    0x000001c6   0x000001c6   0x0000000a   Code   RO         3488    .ARM.Collect$$_printf_percent$$00000013  c_p.l(_printf_c.o)
    0x000001d0   0x000001d0   0x0000000a   Code   RO         3489    .ARM.Collect$$_printf_percent$$00000014  c_p.l(_printf_s.o)
    0x000001da   0x000001da   0x0000000a   Code   RO         3507    .ARM.Collect$$_printf_percent$$00000015  c_p.l(_printf_lc.o)
    0x000001e4   0x000001e4   0x0000000a   Code   RO         3508    .ARM.Collect$$_printf_percent$$00000016  c_p.l(_printf_ls.o)
    0x000001ee   0x000001ee   0x00000004   Code   RO         3633    .ARM.Collect$$_printf_percent$$00000017  c_p.l(_printf_percent_end.o)
    0x000001f2   0x000001f2   0x00000002   Code   RO         3703    .ARM.Collect$$libinit$$00000000  c_p.l(libinit.o)
    0x000001f4   0x000001f4   0x00000000   Code   RO         3512    .ARM.Collect$$libinit$$00000002  c_p.l(libinit2.o)
    0x000001f4   0x000001f4   0x00000000   Code   RO         3514    .ARM.Collect$$libinit$$00000004  c_p.l(libinit2.o)
    0x000001f4   0x000001f4   0x00000008   Code   RO         3515    .ARM.Collect$$libinit$$00000005  c_p.l(libinit2.o)
    0x000001fc   0x000001fc   0x00000000   Code   RO         3517    .ARM.Collect$$libinit$$0000000A  c_p.l(libinit2.o)
    0x000001fc   0x000001fc   0x00000000   Code   RO         3519    .ARM.Collect$$libinit$$0000000C  c_p.l(libinit2.o)
    0x000001fc   0x000001fc   0x00000000   Code   RO         3521    .ARM.Collect$$libinit$$0000000E  c_p.l(libinit2.o)
    0x000001fc   0x000001fc   0x00000006   Code   RO         3522    .ARM.Collect$$libinit$$0000000F  c_p.l(libinit2.o)
    0x00000202   0x00000202   0x00000000   Code   RO         3524    .ARM.Collect$$libinit$$00000011  c_p.l(libinit2.o)
    0x00000202   0x00000202   0x0000000c   Code   RO         3525    .ARM.Collect$$libinit$$00000012  c_p.l(libinit2.o)
    0x0000020e   0x0000020e   0x00000000   Code   RO         3526    .ARM.Collect$$libinit$$00000013  c_p.l(libinit2.o)
    0x0000020e   0x0000020e   0x00000000   Code   RO         3528    .ARM.Collect$$libinit$$00000015  c_p.l(libinit2.o)
    0x0000020e   0x0000020e   0x0000000a   Code   RO         3529    .ARM.Collect$$libinit$$00000016  c_p.l(libinit2.o)
    0x00000218   0x00000218   0x00000000   Code   RO         3530    .ARM.Collect$$libinit$$00000017  c_p.l(libinit2.o)
    0x00000218   0x00000218   0x00000000   Code   RO         3532    .ARM.Collect$$libinit$$00000019  c_p.l(libinit2.o)
    0x00000218   0x00000218   0x00000000   Code   RO         3534    .ARM.Collect$$libinit$$0000001B  c_p.l(libinit2.o)
    0x00000218   0x00000218   0x00000000   Code   RO         3536    .ARM.Collect$$libinit$$0000001D  c_p.l(libinit2.o)
    0x00000218   0x00000218   0x00000000   Code   RO         3538    .ARM.Collect$$libinit$$0000001F  c_p.l(libinit2.o)
    0x00000218   0x00000218   0x00000000   Code   RO         3540    .ARM.Collect$$libinit$$00000021  c_p.l(libinit2.o)
    0x00000218   0x00000218   0x00000000   Code   RO         3542    .ARM.Collect$$libinit$$00000023  c_p.l(libinit2.o)
    0x00000218   0x00000218   0x00000000   Code   RO         3544    .ARM.Collect$$libinit$$00000025  c_p.l(libinit2.o)
    0x00000218   0x00000218   0x00000000   Code   RO         3548    .ARM.Collect$$libinit$$0000002C  c_p.l(libinit2.o)
    0x00000218   0x00000218   0x00000000   Code   RO         3550    .ARM.Collect$$libinit$$0000002E  c_p.l(libinit2.o)
    0x00000218   0x00000218   0x00000000   Code   RO         3552    .ARM.Collect$$libinit$$00000030  c_p.l(libinit2.o)
    0x00000218   0x00000218   0x00000004   Code   RO         3553    .ARM.Collect$$libinit$$00000031  c_p.l(libinit2.o)
    0x0000021c   0x0000021c   0x00000000   Code   RO         3554    .ARM.Collect$$libinit$$00000032  c_p.l(libinit2.o)
    0x0000021c   0x0000021c   0x00000002   Code   RO         3555    .ARM.Collect$$libinit$$00000033  c_p.l(libinit2.o)
    0x0000021e   0x0000021e   0x00000002   Code   RO         3769    .ARM.Collect$$libshutdown$$00000000  c_p.l(libshutdown.o)
    0x00000220   0x00000220   0x00000000   Code   RO         3748    .ARM.Collect$$libshutdown$$00000002  c_p.l(libshutdown2.o)
    0x00000220   0x00000220   0x00000000   Code   RO         3750    .ARM.Collect$$libshutdown$$00000004  c_p.l(libshutdown2.o)
    0x00000220   0x00000220   0x00000000   Code   RO         3753    .ARM.Collect$$libshutdown$$00000007  c_p.l(libshutdown2.o)
    0x00000220   0x00000220   0x00000000   Code   RO         3756    .ARM.Collect$$libshutdown$$0000000A  c_p.l(libshutdown2.o)
    0x00000220   0x00000220   0x00000000   Code   RO         3758    .ARM.Collect$$libshutdown$$0000000C  c_p.l(libshutdown2.o)
    0x00000220   0x00000220   0x00000004   Code   RO         3759    .ARM.Collect$$libshutdown$$0000000D  c_p.l(libshutdown2.o)
    0x00000224   0x00000224   0x00000000   Code   RO         3761    .ARM.Collect$$libshutdown$$0000000F  c_p.l(libshutdown2.o)
    0x00000224   0x00000224   0x00000002   Code   RO         3762    .ARM.Collect$$libshutdown$$00000010  c_p.l(libshutdown2.o)
    0x00000226   0x00000226   0x00000000   Code   RO         3361    .ARM.Collect$$rtentry$$00000000  c_p.l(__rtentry.o)
    0x00000226   0x00000226   0x00000000   Code   RO         3565    .ARM.Collect$$rtentry$$00000002  c_p.l(__rtentry2.o)
    0x00000226   0x00000226   0x00000006   Code   RO         3577    .ARM.Collect$$rtentry$$00000004  c_p.l(__rtentry4.o)
    0x0000022c   0x0000022c   0x00000008   Code   RO         3566    .ARM.Collect$$rtentry$$00000008  c_p.l(__rtentry2.o)
    0x00000234   0x00000234   0x00000004   Code   RO         3568    .ARM.Collect$$rtentry$$0000000A  c_p.l(__rtentry2.o)
    0x00000238   0x00000238   0x00000000   Code   RO         3570    .ARM.Collect$$rtentry$$0000000C  c_p.l(__rtentry2.o)
    0x00000238   0x00000238   0x00000008   Code   RO         3571    .ARM.Collect$$rtentry$$0000000D  c_p.l(__rtentry2.o)
    0x00000240   0x00000240   0x00000002   Code   RO         3713    .ARM.Collect$$rtexit$$00000000  c_p.l(rtexit.o)
    0x00000242   0x00000242   0x00000000   Code   RO         3733    .ARM.Collect$$rtexit$$00000002  c_p.l(rtexit2.o)
    0x00000242   0x00000242   0x00000004   Code   RO         3734    .ARM.Collect$$rtexit$$00000003  c_p.l(rtexit2.o)
    0x00000246   0x00000246   0x00000006   Code   RO         3735    .ARM.Collect$$rtexit$$00000004  c_p.l(rtexit2.o)
    0x0000024c   0x0000024c   0x00000078   Code   RO         2302    .emb_text           port.o
    0x000002c4   0x000002c4   0x00000038   Code   RO         3337    .emb_text           c_p.l(rt_memcpy.o)
    0x000002fc   0x000002fc   0x00000000   Code   RO         3664    .emb_text           c_p.l(maybetermalloc2.o)
    0x000002fc   0x000002fc   0x00000038   Code   RO         2005    .text               startup_saml21g18b.o
    0x00000334   0x00000334   0x00000034   Code   RO         3335    .text               c_p.l(vasprintf.o)
    0x00000368   0x00000368   0x00000082   Code   RO         3338    .text               c_p.l(rt_memcpy.o)
    0x000003ea   0x000003ea   0x00000012   Code   RO         3343    .text               c_p.l(aeabi_memset.o)
    0x000003fc   0x000003fc   0x00000040   Code   RO         3345    .text               c_p.l(rt_memclr.o)
    0x0000043c   0x0000043c   0x0000015a   Code   RO         3347    .text               c_p.l(aeabi_sdiv.o)
    0x00000596   0x00000596   0x00000006   Code   RO         3351    .text               c_p.l(heapauxi.o)
    0x0000059c   0x0000059c   0x00000024   Code   RO         3358    .text               c_p.l(init_aeabi.o)
    0x000005c0   0x000005c0   0x0000009a   Code   RO         3370    .text               c_p.l(h1_alloc_mt.o)
    0x0000065a   0x0000065a   0x00000002   PAD
    0x0000065c   0x0000065c   0x00000038   Code   RO         3422    .text               c_p.l(vsnprintf.o)
    0x00000694   0x00000694   0x0000004e   Code   RO         3426    .text               c_p.l(_printf_pad.o)
    0x000006e2   0x000006e2   0x00000024   Code   RO         3428    .text               c_p.l(_printf_truncate.o)
    0x00000706   0x00000706   0x00000052   Code   RO         3430    .text               c_p.l(_printf_str.o)
    0x00000758   0x00000758   0x0000006c   Code   RO         3432    .text               c_p.l(_printf_dec.o)
    0x000007c4   0x000007c4   0x00000026   Code   RO         3434    .text               c_p.l(_printf_charcount.o)
    0x000007ea   0x000007ea   0x00000002   PAD
    0x000007ec   0x000007ec   0x000000bc   Code   RO         3436    .text               c_p.l(_printf_wctomb.o)
    0x000008a8   0x000008a8   0x00000070   Code   RO         3439    .text               c_p.l(_printf_longlong_dec.o)
    0x00000918   0x00000918   0x00000070   Code   RO         3445    .text               c_p.l(_printf_oct_int_ll.o)
    0x00000988   0x00000988   0x00000098   Code   RO         3465    .text               c_p.l(_printf_hex_int_ll_ptr.o)
    0x00000a20   0x00000a20   0x00000188   Code   RO         3485    .text               c_p.l(__printf_flags_ss_wp.o)
    0x00000ba8   0x00000ba8   0x0000000a   Code   RO         3586    .text               c_p.l(rt_heap_descriptor_twolibspace.o)
    0x00000bb2   0x00000bb2   0x00000004   Code   RO         3588    .text               c_p.l(hguard.o)
    0x00000bb6   0x00000bb6   0x00000088   Code   RO         3590    .text               c_p.l(init_alloc.o)
    0x00000c3e   0x00000c3e   0x00000016   Code   RO         3600    .text               c_p.l(h1_init_mt.o)
    0x00000c54   0x00000c54   0x00000074   Code   RO         3602    .text               c_p.l(h1_free_mt.o)
    0x00000cc8   0x00000cc8   0x0000007a   Code   RO         3614    .text               c_p.l(lludiv10.o)
    0x00000d42   0x00000d42   0x000000b0   Code   RO         3616    .text               c_p.l(_printf_intcommon.o)
    0x00000df2   0x00000df2   0x00000002   PAD
    0x00000df4   0x00000df4   0x00000418   Code   RO         3618    .text               c_p.l(_printf_fp_dec.o)
    0x0000120c   0x0000120c   0x000002d8   Code   RO         3620    .text               c_p.l(_printf_fp_hex.o)
    0x000014e4   0x000014e4   0x00000030   Code   RO         3623    .text               c_p.l(_printf_char_common.o)
    0x00001514   0x00001514   0x0000000a   Code   RO         3625    .text               c_p.l(_sputc.o)
    0x0000151e   0x0000151e   0x00000010   Code   RO         3627    .text               c_p.l(_snputc.o)
    0x0000152e   0x0000152e   0x0000002e   Code   RO         3629    .text               c_p.l(_printf_char.o)
    0x0000155c   0x0000155c   0x0000002e   Code   RO         3631    .text               c_p.l(_printf_wchar.o)
    0x0000158a   0x0000158a   0x00000040   Code   RO         3634    .text               c_p.l(_wcrtomb.o)
    0x000015ca   0x000015ca   0x00000028   Code   RO         3636    .text               c_p.l(rtudiv10.o)
    0x000015f2   0x000015f2   0x00000002   PAD
    0x000015f4   0x000015f4   0x00000008   Code   RO         3646    .text               c_p.l(libspace.o)
    0x000015fc   0x000015fc   0x0000003e   Code   RO         3649    .text               c_p.l(sys_stackheap_outer.o)
    0x0000163a   0x0000163a   0x00000002   PAD
    0x0000163c   0x0000163c   0x00000010   Code   RO         3652    .text               c_p.l(rt_ctype_table.o)
    0x0000164c   0x0000164c   0x0000000a   Code   RO         3659    .text               c_p.l(rt_locale_twolibspace.o)
    0x00001656   0x00001656   0x00000036   Code   RO         3667    .text               c_p.l(h1_extend_mt.o)
    0x0000168c   0x0000168c   0x00000088   Code   RO         3669    .text               c_p.l(_printf_fp_infnan.o)
    0x00001714   0x00001714   0x000000d8   Code   RO         3673    .text               c_p.l(bigflt0.o)
    0x000017ec   0x000017ec   0x00000580   Code   RO         3676    .text               c_p.l(btod.o)
    0x00001d6c   0x00001d6c   0x00000010   Code   RO         3683    .text               c_p.l(exit.o)
    0x00001d7c   0x00001d7c   0x0000000c   Code   RO         3689    .text               c_p.l(defsig_rtmem_outer.o)
    0x00001d88   0x00001d88   0x00000002   Code   RO         3709    .text               c_p.l(use_no_semi.o)
    0x00001d8a   0x00001d8a   0x00000000   Code   RO         3711    .text               c_p.l(indicate_semi.o)
    0x00001d8a   0x00001d8a   0x0000000e   Code   RO         3717    .text               c_p.l(term_alloc.o)
    0x00001d98   0x00001d98   0x0000000c   Code   RO         3722    .text               c_p.l(defsig_exit.o)
    0x00001da4   0x00001da4   0x00000050   Code   RO         3726    .text               c_p.l(defsig_rtmem_inner.o)
    0x00001df4   0x00001df4   0x00000088   Code   RO         3728    .text               c_p.l(strcmp.o)
    0x00001e7c   0x00001e7c   0x0000000c   Code   RO         3730    .text               c_p.l(sys_exit.o)
    0x00001e88   0x00001e88   0x0000000a   Code   RO         3741    .text               c_p.l(h1_final_mt.o)
    0x00001e92   0x00001e92   0x00000034   Code   RO         3745    .text               c_p.l(defsig_general.o)
    0x00001ec6   0x00001ec6   0x0000000c   Code   RO         3763    .text               c_p.l(sys_wrch.o)
    0x00001ed2   0x00001ed2   0x00000060   Code   RO         3786    .text               c_p.l(__dclz77c.o)
    0x00001f32   0x00001f32   0x00000002   PAD
    0x00001f34   0x00001f34   0x000000fc   Code   RO            3    i.SERCOM0_Handler   main.o
    0x00002030   0x00002030   0x00000030   Code   RO            4    i.SERCOM1_Handler   main.o
    0x00002060   0x00002060   0x00000014   Code   RO            5    i.SERCOM2_Handler   main.o
    0x00002074   0x00002074   0x00000002   Code   RO         2303    i.SVC_Handler       port.o
    0x00002076   0x00002076   0x00000002   PAD
    0x00002078   0x00002078   0x00000018   Code   RO         1405    i.SysTick_Handler   cmsis_os2.o
    0x00002090   0x00002090   0x00000010   Code   RO         2012    i.SystemInit        system_saml21g18b.o
    0x000020a0   0x000020a0   0x00000040   Code   RO            6    i._Z10setupParsePv  main.o
    0x000020e0   0x000020e0   0x000001b8   Code   RO          545    i._Z12setup_systemv  system_setup.o
    0x00002298   0x00002298   0x00000030   Code   RO            7    i._Z12verifyPackettPht  main.o
    0x000022c8   0x000022c8   0x000002dc   Code   RO          592    i._Z14bluetoothParsePv  bluetooth.o
    0x000025a4   0x000025a4   0x00000160   Code   RO            8    i._Z18parseSmartmeshDataPv  main.o
    0x00002704   0x00002704   0x00000002   Code   RO          733    i._Z9setup_rtcv     rtc.o
    0x00002706   0x00002706   0x00000002   PAD
    0x00002708   0x00002708   0x0000003c   Code   RO          925    i._ZN13Smartmesh_API10setJoinKeyEPh  api.o
    0x00002744   0x00002744   0x00000022   Code   RO          927    i._ZN13Smartmesh_API11init_packetEhh  api.o
    0x00002766   0x00002766   0x00000002   PAD
    0x00002768   0x00002768   0x00000030   Code   RO          928    i._ZN13Smartmesh_API12checksumDataEtPht  api.o
    0x00002798   0x00002798   0x00000034   Code   RO          929    i._ZN13Smartmesh_API12resetManagerEv  api.o
    0x000027cc   0x000027cc   0x00000034   Code   RO          930    i._ZN13Smartmesh_API12verifyPacketEtPht  api.o
    0x00002800   0x00002800   0x00000030   Code   RO          931    i._ZN13Smartmesh_API14getNetworkInfoEv  api.o
    0x00002830   0x00002830   0x00000030   Code   RO          932    i._ZN13Smartmesh_API15clearStatisticsEv  api.o
    0x00002860   0x00002860   0x00000030   Code   RO          934    i._ZN13Smartmesh_API16getNetworkConfigEv  api.o
    0x00002890   0x00002890   0x000000b8   Code   RO          936    i._ZN13Smartmesh_API16parseNetworkInfoEP12network_infoPh  api.o
    0x00002948   0x00002948   0x00000074   Code   RO          937    i._ZN13Smartmesh_API16setNetworkConfigEPh  api.o
    0x000029bc   0x000029bc   0x0000003c   Code   RO          940    i._ZN13Smartmesh_API23getMoteConfigFromMoteIdEt  api.o
    0x000029f8   0x000029f8   0x0000003c   Code   RO          941    i._ZN13Smartmesh_API8mgr_initEv  api.o
    0x00002a34   0x00002a34   0x00000044   Code   RO          943    i._ZN13Smartmesh_API9subscribeEjj  api.o
    0x00002a78   0x00002a78   0x0000000c   Code   RO          944    i._ZN13Smartmesh_APIC1EP4UART  api.o
    0x00002a84   0x00002a84   0x00000058   Code   RO          865    i._ZN4UART10send_arrayEPhh  sercom.o
    0x00002adc   0x00002adc   0x00000080   Code   RO          866    i._ZN4UART7_printfEPKcz  sercom.o
    0x00002b5c   0x00002b5c   0x000000f8   Code   RO          867    i._ZN4UARTC1EP18sercom_registers_ti  sercom.o
    0x00002c54   0x00002c54   0x00000030   Code   RO         3678    i.__ARM_common_ll_muluu  c_p.l(btod.o)
    0x00002c84   0x00002c84   0x0000001a   Code   RO         1888    i.__ARM_common_switch8  cmsis_os2.o
    0x00002c9e   0x00002c9e   0x00000002   PAD
    0x00002ca0   0x00002ca0   0x0000002c   Code   RO         3707    i.__ARM_fpclassify  m_ps.l(fpclassify.o)
    0x00002ccc   0x00002ccc   0x0000008c   Code   RO            9    i.__sti___8_main_cpp_30c642f8  main.o
    0x00002d58   0x00002d58   0x0000000e   Code   RO         3478    i._is_digit         c_p.l(__printf_wp.o)
    0x00002d66   0x00002d66   0x00000018   Code   RO         1067    i._mutex_acquire    clib_arm.o
    0x00002d7e   0x00002d7e   0x00000002   PAD
    0x00002d80   0x00002d80   0x0000002c   Code   RO         1068    i._mutex_free       clib_arm.o
    0x00002dac   0x00002dac   0x00000058   Code   RO         1069    i._mutex_initialize  clib_arm.o
    0x00002e04   0x00002e04   0x0000001a   Code   RO         1070    i._mutex_release    clib_arm.o
    0x00002e1e   0x00002e1e   0x00000002   Code   RO         1071    i._platform_post_stackheap_init  clib_arm.o
    0x00002e20   0x00002e20   0x000000d4   Code   RO           10    i.main              main.o
    0x00002ef4   0x00002ef4   0x00000012   Code   RO         1072    i.os_kernel_is_active  clib_arm.o
    0x00002f06   0x00002f06   0x00000002   PAD
    0x00002f08   0x00002f08   0x00000074   Code   RO         2775    i.prvAddCurrentTaskToDelayedList  tasks.o
    0x00002f7c   0x00002f7c   0x00000094   Code   RO         2776    i.prvAddNewTaskToReadyList  tasks.o
    0x00003010   0x00003010   0x00000048   Code   RO         3159    i.prvCheckForValidListAndQueue  timers.o
    0x00003058   0x00003058   0x0000003c   Code   RO         2777    i.prvCheckTasksWaitingTermination  tasks.o
    0x00003094   0x00003094   0x00000024   Code   RO         2381    i.prvCopyDataFromQueue  queue.o
    0x000030b8   0x000030b8   0x00000070   Code   RO         2382    i.prvCopyDataToQueue  queue.o
    0x00003128   0x00003128   0x0000002e   Code   RO         2778    i.prvDeleteTCB      tasks.o
    0x00003156   0x00003156   0x00000014   Code   RO         2383    i.prvGetDisinheritPriorityAfterTimeout  queue.o
    0x0000316a   0x0000316a   0x00000002   PAD
    0x0000316c   0x0000316c   0x00000024   Code   RO         3160    i.prvGetNextExpireTime  timers.o
    0x00003190   0x00003190   0x0000004c   Code   RO         2239    i.prvHeapInit       heap_4.o
    0x000031dc   0x000031dc   0x00000018   Code   RO         2779    i.prvIdleTask       tasks.o
    0x000031f4   0x000031f4   0x0000001a   Code   RO         2384    i.prvInitialiseMutex  queue.o
    0x0000320e   0x0000320e   0x00000022   Code   RO         2385    i.prvInitialiseNewQueue  queue.o
    0x00003230   0x00003230   0x0000009c   Code   RO         2780    i.prvInitialiseNewTask  tasks.o
    0x000032cc   0x000032cc   0x00000054   Code   RO         2781    i.prvInitialiseTaskLists  tasks.o
    0x00003320   0x00003320   0x00000054   Code   RO         2240    i.prvInsertBlockIntoFreeList  heap_4.o
    0x00003374   0x00003374   0x00000040   Code   RO         3162    i.prvInsertTimerInActiveList  timers.o
    0x000033b4   0x000033b4   0x0000001c   Code   RO         2386    i.prvIsQueueEmpty   queue.o
    0x000033d0   0x000033d0   0x0000001e   Code   RO         2387    i.prvIsQueueFull    queue.o
    0x000033ee   0x000033ee   0x00000002   PAD
    0x000033f0   0x000033f0   0x00000040   Code   RO         3163    i.prvProcessExpiredTimer  timers.o
    0x00003430   0x00003430   0x000000ec   Code   RO         3164    i.prvProcessReceivedCommands  timers.o
    0x0000351c   0x0000351c   0x00000064   Code   RO         3165    i.prvProcessTimerOrBlockTask  timers.o
    0x00003580   0x00003580   0x00000028   Code   RO         3166    i.prvReloadTimer    timers.o
    0x000035a8   0x000035a8   0x00000020   Code   RO         2783    i.prvResetNextTaskUnblockTime  tasks.o
    0x000035c8   0x000035c8   0x0000002c   Code   RO         3167    i.prvSampleTimeNow  timers.o
    0x000035f4   0x000035f4   0x0000002c   Code   RO         3168    i.prvSwitchTimerLists  timers.o
    0x00003620   0x00003620   0x00000014   Code   RO         2304    i.prvTaskExitError  port.o
    0x00003634   0x00003634   0x00000014   Code   RO         3169    i.prvTimerTask      timers.o
    0x00003648   0x00003648   0x00000070   Code   RO         2388    i.prvUnlockQueue    queue.o
    0x000036b8   0x000036b8   0x000000cc   Code   RO         2241    i.pvPortMalloc      heap_4.o
    0x00003784   0x00003784   0x00000018   Code   RO         2786    i.pvTaskIncrementMutexHeldCount  tasks.o
    0x0000379c   0x0000379c   0x00000020   Code   RO         2305    i.pxPortInitialiseStack  port.o
    0x000037bc   0x000037bc   0x00000026   Code   RO         2195    i.uxListRemove      list.o
    0x000037e2   0x000037e2   0x00000002   PAD
    0x000037e4   0x000037e4   0x00000014   Code   RO         1478    i.vApplicationGetIdleTaskMemory  cmsis_os2.o
    0x000037f8   0x000037f8   0x00000014   Code   RO         1479    i.vApplicationGetTimerTaskMemory  cmsis_os2.o
    0x0000380c   0x0000380c   0x00000004   Code   RO         1480    i.vApplicationStackOverflowHook  cmsis_os2.o
    0x00003810   0x00003810   0x00000016   Code   RO         2196    i.vListInitialise   list.o
    0x00003826   0x00003826   0x00000006   Code   RO         2197    i.vListInitialiseItem  list.o
    0x0000382c   0x0000382c   0x00000030   Code   RO         2198    i.vListInsert       list.o
    0x0000385c   0x0000385c   0x00000018   Code   RO         2199    i.vListInsertEnd    list.o
    0x00003874   0x00003874   0x00000018   Code   RO         2307    i.vPortEnterCritical  port.o
    0x0000388c   0x0000388c   0x0000001c   Code   RO         2308    i.vPortExitCritical  port.o
    0x000038a8   0x000038a8   0x00000048   Code   RO         2242    i.vPortFree         heap_4.o
    0x000038f0   0x000038f0   0x00000028   Code   RO         2309    i.vPortSetupTimerInterrupt  port.o
    0x00003918   0x00003918   0x00000018   Code   RO         2310    i.vPortYield        port.o
    0x00003930   0x00003930   0x00000018   Code   RO         2394    i.vQueueDelete      queue.o
    0x00003948   0x00003948   0x00000046   Code   RO         2396    i.vQueueWaitForMessageRestricted  queue.o
    0x0000398e   0x0000398e   0x00000002   PAD
    0x00003990   0x00003990   0x00000080   Code   RO         2797    i.vTaskDelete       tasks.o
    0x00003a10   0x00003a10   0x00000010   Code   RO         2801    i.vTaskInternalSetTimeOutState  tasks.o
    0x00003a20   0x00003a20   0x0000000c   Code   RO         2802    i.vTaskMissedYield  tasks.o
    0x00003a2c   0x00003a2c   0x00000024   Code   RO         2803    i.vTaskPlaceOnEventList  tasks.o
    0x00003a50   0x00003a50   0x00000048   Code   RO         2804    i.vTaskPlaceOnEventListRestricted  tasks.o
    0x00003a98   0x00003a98   0x00000090   Code   RO         2806    i.vTaskPriorityDisinheritAfterTimeout  tasks.o
    0x00003b28   0x00003b28   0x00000078   Code   RO         2812    i.vTaskStartScheduler  tasks.o
    0x00003ba0   0x00003ba0   0x00000010   Code   RO         2814    i.vTaskSuspendAll   tasks.o
    0x00003bb0   0x00003bb0   0x00000084   Code   RO         2815    i.vTaskSwitchContext  tasks.o
    0x00003c34   0x00003c34   0x00000030   Code   RO         2311    i.xPortStartScheduler  port.o
    0x00003c64   0x00003c64   0x00000024   Code   RO         2312    i.xPortSysTickHandler  port.o
    0x00003c88   0x00003c88   0x00000020   Code   RO         2397    i.xQueueCreateCountingSemaphore  queue.o
    0x00003ca8   0x00003ca8   0x00000018   Code   RO         2399    i.xQueueCreateMutex  queue.o
    0x00003cc0   0x00003cc0   0x0000001c   Code   RO         2400    i.xQueueCreateMutexStatic  queue.o
    0x00003cdc   0x00003cdc   0x0000004e   Code   RO         2401    i.xQueueGenericCreate  queue.o
    0x00003d2a   0x00003d2a   0x0000003e   Code   RO         2402    i.xQueueGenericCreateStatic  queue.o
    0x00003d68   0x00003d68   0x0000008e   Code   RO         2403    i.xQueueGenericReset  queue.o
    0x00003df6   0x00003df6   0x0000011c   Code   RO         2404    i.xQueueGenericSend  queue.o
    0x00003f12   0x00003f12   0x0000009a   Code   RO         2405    i.xQueueGenericSendFromISR  queue.o
    0x00003fac   0x00003fac   0x0000007e   Code   RO         2408    i.xQueueGiveFromISR  queue.o
    0x0000402a   0x0000402a   0x00000108   Code   RO         2414    i.xQueueReceive     queue.o
    0x00004132   0x00004132   0x00000084   Code   RO         2415    i.xQueueReceiveFromISR  queue.o
    0x000041b6   0x000041b6   0x0000013e   Code   RO         2416    i.xQueueSemaphoreTake  queue.o
    0x000042f4   0x000042f4   0x00000064   Code   RO         2817    i.xTaskCheckForTimeOut  tasks.o
    0x00004358   0x00004358   0x00000060   Code   RO         2818    i.xTaskCreate       tasks.o
    0x000043b8   0x000043b8   0x00000046   Code   RO         2819    i.xTaskCreateStatic  tasks.o
    0x000043fe   0x000043fe   0x00000002   PAD
    0x00004400   0x00004400   0x00000020   Code   RO         2826    i.xTaskGetSchedulerState  tasks.o
    0x00004420   0x00004420   0x0000000c   Code   RO         2827    i.xTaskGetTickCount  tasks.o
    0x0000442c   0x0000442c   0x00000114   Code   RO         2829    i.xTaskIncrementTick  tasks.o
    0x00004540   0x00004540   0x00000084   Code   RO         2830    i.xTaskPriorityDisinherit  tasks.o
    0x000045c4   0x000045c4   0x00000098   Code   RO         2831    i.xTaskPriorityInherit  tasks.o
    0x0000465c   0x0000465c   0x000000cc   Code   RO         2832    i.xTaskRemoveFromEventList  tasks.o
    0x00004728   0x00004728   0x00000104   Code   RO         2833    i.xTaskResumeAll    tasks.o
    0x0000482c   0x0000482c   0x00000060   Code   RO         3178    i.xTimerCreateTimerTask  timers.o
    0x0000488c   0x0000488c   0x0000002c   Code   RO         3681    locale$$code        c_p.l(lc_numeric_c.o)
    0x000048b8   0x000048b8   0x0000002c   Code   RO         3720    locale$$code        c_p.l(lc_ctype_c.o)
    0x000048e4   0x000048e4   0x00000012   Code   RO          615    t._Z17littleToBigEndianIjET_S0_  bluetooth.o
    0x000048f6   0x000048f6   0x00000014   Code   RO          608    t._Z17littleToBigEndianItET_S0_  bluetooth.o
    0x0000490a   0x0000490a   0x00000014   Code   RO          622    t._ZSt12reverse_copyIPhS0_ET0_T_S2_S1_  bluetooth.o
    0x0000491e   0x0000491e   0x00000002   PAD
    0x00004920   0x00004920   0x00000010   Code   RO         3556    x$fpl$printf1       fz_ps.l(printf1.o)
    0x00004930   0x00004930   0x00000010   Code   RO         3558    x$fpl$printf2       fz_ps.l(printf2.o)
    0x00004940   0x00004940   0x00000000   Code   RO         3706    x$fpl$usenofp       fz_ps.l(usenofp.o)
    0x00004940   0x00004940   0x00000008   Data   RO         3437    .constdata          c_p.l(_printf_wctomb.o)
    0x00004948   0x00004948   0x00000028   Data   RO         3466    .constdata          c_p.l(_printf_hex_int_ll_ptr.o)
    0x00004970   0x00004970   0x00000011   Data   RO         3486    .constdata          c_p.l(__printf_flags_ss_wp.o)
    0x00004981   0x00004981   0x00000026   Data   RO         3621    .constdata          c_p.l(_printf_fp_hex.o)
    0x000049a7   0x000049a7   0x00000001   PAD
    0x000049a8   0x000049a8   0x00000094   Data   RO         3674    .constdata          c_p.l(bigflt0.o)
    0x00004a3c   0x00004a3c   0x00000020   Data   RO         3784    Region$$Table       anon$$obj.o
    0x00004a5c   0x00004a5c   0x0000001c   Data   RO         3680    locale$$data        c_p.l(lc_numeric_c.o)
    0x00004a78   0x00004a78   0x00000110   Data   RO         3719    locale$$data        c_p.l(lc_ctype_c.o)
    0x00004b88   0x00004b88   0x00000004   Data   RO           21    .init_array         main.o
    0x00004b8c   0x00004b88   0x00000000   Data   RO         3356    .init_array         c_p.l(init_aeabi.o)


    Execution Region RW_IRAM1 (Exec base: 0x20000000, Load base: 0x00004b8c, Size: 0x000073b8, Max: 0x00008000, ABSOLUTE, COMPRESSED[0x00000224])

    Exec Addr    Load Addr    Size         Type   Attr      Idx    E Section Name        Object

    0x20000000   COMPRESSED   0x00000230   Data   RW           20    .data               main.o
    0x20000230   COMPRESSED   0x00000200   Data   RW          966    .data               api.o
    0x20000430   COMPRESSED   0x00000004   Data   RW         2013    .data               system_saml21g18b.o
    0x20000434   COMPRESSED   0x00000020   Data   RW         2248    .data               heap_4.o
    0x20000454   COMPRESSED   0x00000004   Data   RW         2313    .data               port.o
    0x20000458   COMPRESSED   0x00000040   Data   RW         2836    .data               tasks.o
    0x20000498   COMPRESSED   0x00000014   Data   RW         3187    .data               timers.o
    0x200004ac        -       0x00000190   Zero   RW           19    .bss                main.o
    0x2000063c        -       0x00000394   Zero   RW         1073    .bss                clib_arm.o
    0x200009d0        -       0x000003f8   Zero   RW         1481    .bss                cmsis_os2.o
    0x20000dc8        -       0x00004000   Zero   RW         2247    .bss                heap_4.o
    0x20004dc8        -       0x000004c4   Zero   RW         2835    .bss                tasks.o
    0x2000528c        -       0x000000c8   Zero   RW         3186    .bss                timers.o
    0x20005354        -       0x00000060   Zero   RW         3647    .bss                c_p.l(libspace.o)
    0x200053b4   COMPRESSED   0x00000004   PAD
    0x200053b8        -       0x00001000   Zero   RW         2003    HEAP                startup_saml21g18b.o
    0x200063b8        -       0x00001000   Zero   RW         2002    STACK               startup_saml21g18b.o


==============================================================================

Image component sizes


      Code (inc. data)   RO Data    RW Data    ZI Data      Debug   Object Name

       890         70          0        512          0       7504   api.o
       790        242          0          0          0       8308   bluetooth.o
       202         12          0          0        916      38236   clib_arm.o
        94         12          0          0       1016      19059   cmsis_os2.o
         0          0          0          0          0      11940   event_groups.o
       436         26          0         32      16384       4395   heap_4.o
       138          0          0          0          0       3474   list.o
      1136        250          4        560        400     137223   main.o
       374         54          0          4          0       7451   port.o
      2136          0          0          0          0      23153   queue.o
         2          0          0          0          0     116656   rtc.o
       464         66          0          0          0       3412   sercom.o
        56         26        176          0       8192        656   startup_saml21g18b.o
        16          8          0          4          0        703   system_saml21g18b.o
       440         80          0          0          0       7147   system_setup.o
      2700        192          0         64       1220      31486   tasks.o
       816         70          0         20        200      11828   timers.o

    ----------------------------------------------------------------------
     10714       1108        212       1196      28328     432631   Object Totals
         0          0         32          0          0          0   (incl. Generated)
        24          0          0          0          0          0   (incl. Padding)

    ----------------------------------------------------------------------

      Code (inc. data)   RO Data    RW Data    ZI Data      Debug   Library Member Name

        96          0          0          0          0          0   __dclz77c.o
         8          0          0          0          0         68   __main.o
       392          6         17          0          0         76   __printf_flags_ss_wp.o
        14          0          0          0          0         60   __printf_wp.o
         0          0          0          0          0          0   __rtentry.o
        20          0          0          0          0          0   __rtentry2.o
         6          0          0          0          0          0   __rtentry4.o
        60          8          0          0          0          0   __scatter.o
        28          0          0          0          0          0   __scatter_zi.o
        10          0          0          0          0          0   _printf_a.o
        10          0          0          0          0          0   _printf_c.o
        46          0          0          0          0        100   _printf_char.o
        48          6          0          0          0         88   _printf_char_common.o
        38          0          0          0          0         60   _printf_charcount.o
        10          0          0          0          0          0   _printf_d.o
       108         18          0          0          0         76   _printf_dec.o
        10          0          0          0          0          0   _printf_e.o
        10          0          0          0          0          0   _printf_f.o
      1048         14          0          0          0        176   _printf_fp_dec.o
       728         10         38          0          0         84   _printf_fp_hex.o
       136         16          0          0          0         76   _printf_fp_infnan.o
        10          0          0          0          0          0   _printf_g.o
       152          4         40          0          0        148   _printf_hex_int_ll_ptr.o
        10          0          0          0          0          0   _printf_i.o
       176          0          0          0          0         84   _printf_intcommon.o
        10          0          0          0          0          0   _printf_l.o
        10          0          0          0          0          0   _printf_lc.o
        10          0          0          0          0          0   _printf_ll.o
        10          0          0          0          0          0   _printf_lld.o
        10          0          0          0          0          0   _printf_lli.o
        10          0          0          0          0          0   _printf_llo.o
        10          0          0          0          0          0   _printf_llu.o
        10          0          0          0          0          0   _printf_llx.o
       112         18          0          0          0         76   _printf_longlong_dec.o
        10          0          0          0          0          0   _printf_ls.o
        10          0          0          0          0          0   _printf_n.o
        10          0          0          0          0          0   _printf_o.o
       112         10          0          0          0        112   _printf_oct_int_ll.o
        10          0          0          0          0          0   _printf_p.o
        78          0          0          0          0        100   _printf_pad.o
         2          0          0          0          0          0   _printf_percent.o
         4          0          0          0          0          0   _printf_percent_end.o
        10          0          0          0          0          0   _printf_s.o
        82          0          0          0          0         72   _printf_str.o
        36          0          0          0          0         76   _printf_truncate.o
        10          0          0          0          0          0   _printf_u.o
        46          0          0          0          0        100   _printf_wchar.o
       188          6          8          0          0         80   _printf_wctomb.o
        10          0          0          0          0          0   _printf_x.o
        16          0          0          0          0         60   _snputc.o
        10          0          0          0          0         60   _sputc.o
        64          0          0          0          0         72   _wcrtomb.o
        18          0          0          0          0         68   aeabi_memset.o
       346          0          0          0          0         92   aeabi_sdiv.o
       216          6        148          0          0         80   bigflt0.o
      1456         30          0          0          0        336   btod.o
        12          0          0          0          0         68   defsig_exit.o
        52          0          0          0          0         72   defsig_general.o
        80         58          0          0          0         68   defsig_rtmem_inner.o
        12          0          0          0          0         68   defsig_rtmem_outer.o
        16          0          0          0          0         68   exit.o
       154          0          0          0          0        116   h1_alloc_mt.o
        54          0          0          0          0         72   h1_extend_mt.o
        10          0          0          0          0         68   h1_final_mt.o
       116          0          0          0          0        100   h1_free_mt.o
        22          0          0          0          0         84   h1_init_mt.o
         6          0          0          0          0        136   heapauxi.o
         4          0          0          0          0        120   hguard.o
         0          0          0          0          0          0   indicate_semi.o
        36         10          0          0          0         72   init_aeabi.o
       136          0          0          0          0        160   init_alloc.o
        44         10        272          0          0         76   lc_ctype_c.o
        44         10         28          0          0         76   lc_numeric_c.o
         2          0          0          0          0          0   libinit.o
        42          0          0          0          0          0   libinit2.o
         2          0          0          0          0          0   libshutdown.o
         6          0          0          0          0          0   libshutdown2.o
         8          4          0          0         96         68   libspace.o
       122          0          0          0          0         72   lludiv10.o
         0          0          0          0          0          0   maybetermalloc2.o
        16          4          0          0          0         76   rt_ctype_table.o
        10          0          0          0          0         76   rt_heap_descriptor_twolibspace.o
        10          0          0          0          0         76   rt_locale_twolibspace.o
        64          0          0          0          0        108   rt_memclr.o
       186          0          0          0          0        144   rt_memcpy.o
         2          0          0          0          0          0   rtexit.o
        10          0          0          0          0          0   rtexit2.o
        40          0          0          0          0         60   rtudiv10.o
       136          4          0          0          0         72   strcmp.o
        12          4          0          0          0         60   sys_exit.o
        62          0          0          0          0         80   sys_stackheap_outer.o
        12          0          0          0          0         68   sys_wrch.o
        14          0          0          0          0         68   term_alloc.o
         2          0          0          0          0         68   use_no_semi.o
        52          0          0          0          0         76   vasprintf.o
        56          6          0          0          0         72   vsnprintf.o
        16          4          0          0          0         76   printf1.o
        16          4          0          0          0         76   printf2.o
         0          0          0          0          0          0   usenofp.o
        44          4          0          0          0         60   fpclassify.o

    ----------------------------------------------------------------------
      7862        274        552          0        100       5360   Library Totals
        12          0          1          0          4          0   (incl. Padding)

    ----------------------------------------------------------------------

      Code (inc. data)   RO Data    RW Data    ZI Data      Debug   Library Name

      7774        262        551          0         96       5148   c_p.l
        32          8          0          0          0        152   fz_ps.l
        44          4          0          0          0         60   m_ps.l

    ----------------------------------------------------------------------
      7862        274        552          0        100       5360   Library Totals

    ----------------------------------------------------------------------

==============================================================================


      Code (inc. data)   RO Data    RW Data    ZI Data      Debug   

     18576       1382        764       1196      28428     430035   Grand Totals
     18576       1382        764        548      28428     430035   ELF Image Totals (compressed)
     18576       1382        764        548          0          0   ROM Totals

==============================================================================

    Total RO  Size (Code + RO Data)                19340 (  18.89kB)
    Total RW  Size (RW Data + ZI Data)             29624 (  28.93kB)
    Total ROM Size (Code + RO Data + RW Data)      19888 (  19.42kB)

==============================================================================

