Component: ARM Compiler 5.06 update 6 (build 750) Tool: armlink [4d35ed]

==============================================================================

Section Cross References

    main.o(i.SERCOM0_Handler) refers to sercom.o(i._ZN4UART7_printfEPKcz) for UART::_printf(const char*, ...)
    main.o(i.SERCOM0_Handler) refers to main.o(.data) for .data
    main.o(i.__sti___8_main_cpp_13df9c0f) refers to sercom.o(i._ZN4UARTC1EP18sercom_registers_ti) for UART::UART(sercom_registers_t*, int)
    main.o(i.__sti___8_main_cpp_13df9c0f) refers to main.o(.data) for .data
    main.o(i.main) refers to system_setup.o(i._Z12setup_systemv) for setup_system()
    main.o(i.main) refers to sercom.o(i._ZN4UARTC1EP18sercom_registers_ti) for UART::UART(sercom_registers_t*, int)
    main.o(i.main) refers to sercom.o(i._ZN4UART7_printfEPKcz) for UART::_printf(const char*, ...)
    main.o(i.main) refers to main.o(.data) for .data
    main.o(.ARM.exidx) refers to main.o(i._Z8mainTaskPv) for i._Z8mainTaskPv
    main.o(.ARM.exidx) refers to main.o(i.main) for i.main
    main.o(.ARM.exidx) refers to main.o(i.SERCOM0_Handler) for i.SERCOM0_Handler
    main.o(.ARM.exidx) refers to main.o(i.__sti___8_main_cpp_13df9c0f) for i.__sti___8_main_cpp_13df9c0f
    main.o(.init_array) refers to main.o(i.__sti___8_main_cpp_13df9c0f) for __sti___8_main_cpp_13df9c0f
    main.o(.init_array) refers to init_aeabi.o(.text) for __cpp_initialize__aeabi_
    system_setup.o(i._Z12setup_systemv) refers to rtc.o(i._Z9setup_rtcv) for setup_rtc()
    system_setup.o(i._Z12setup_systemv) refers to system_saml21g18b.o(.data) for SystemCoreClock
    system_setup.o(.ARM.exidx) refers to system_setup.o(i._Z12setup_systemv) for i._Z12setup_systemv
    rtc.o(.ARM.exidx) refers to rtc.o(i._Z9setup_rtcv) for i._Z9setup_rtcv
    rtc.o(.ARM.exidx) refers to rtc.o(i._Z13set_timestampP9timestamp) for i._Z13set_timestampP9timestamp
    rtc.o(.ARM.exidx) refers to rtc.o(i._Z13get_timestampP9timestamp) for i._Z13get_timestampP9timestamp
    sercom.o(i._ZN4UART7_printfEPKcz) refers to c89vsprintf.o(.text) for __c89vsprintf
    sercom.o(.ARM.exidx) refers to sercom.o(i._ZN4UARTC1EP18sercom_registers_ti) for i._ZN4UARTC1EP18sercom_registers_ti
    sercom.o(.ARM.exidx) refers to sercom.o(i._ZN4UART7_printfEPKcz) for i._ZN4UART7_printfEPKcz
    sercom.o(.ARM.exidx) refers to sercom.o(i._ZN4UART10send_arrayEPhh) for i._ZN4UART10send_arrayEPhh
    startup_saml21g18b.o(STACK) refers (Special) to heapauxi.o(.text) for __use_two_region_memory
    startup_saml21g18b.o(HEAP) refers (Special) to heapauxi.o(.text) for __use_two_region_memory
    startup_saml21g18b.o(RESET) refers (Special) to heapauxi.o(.text) for __use_two_region_memory
    startup_saml21g18b.o(RESET) refers to startup_saml21g18b.o(STACK) for __initial_sp
    startup_saml21g18b.o(RESET) refers to startup_saml21g18b.o(.text) for Reset_Handler
    startup_saml21g18b.o(RESET) refers to main.o(i.SERCOM0_Handler) for SERCOM0_Handler
    startup_saml21g18b.o(.text) refers (Special) to heapauxi.o(.text) for __use_two_region_memory
    startup_saml21g18b.o(.text) refers to system_saml21g18b.o(i.SystemInit) for SystemInit
    startup_saml21g18b.o(.text) refers to __main.o(!!!main) for __main
    startup_saml21g18b.o(.text) refers to startup_saml21g18b.o(HEAP) for Heap_Mem
    startup_saml21g18b.o(.text) refers to startup_saml21g18b.o(STACK) for Stack_Mem
    system_saml21g18b.o(i.SystemCoreClockUpdate) refers to system_saml21g18b.o(.data) for .data
    system_saml21g18b.o(i.SystemInit) refers to system_saml21g18b.o(.data) for .data
    c89vsprintf.o(.text) refers (Special) to _printf_a.o(.ARM.Collect$$_printf_percent$$00000006) for _printf_a
    c89vsprintf.o(.text) refers (Special) to _printf_c.o(.ARM.Collect$$_printf_percent$$00000013) for _printf_c
    c89vsprintf.o(.text) refers (Special) to _printf_charcount.o(.text) for _printf_charcount
    c89vsprintf.o(.text) refers (Special) to _printf_d.o(.ARM.Collect$$_printf_percent$$00000009) for _printf_d
    c89vsprintf.o(.text) refers (Special) to _printf_e.o(.ARM.Collect$$_printf_percent$$00000004) for _printf_e
    c89vsprintf.o(.text) refers (Special) to _printf_f.o(.ARM.Collect$$_printf_percent$$00000003) for _printf_f
    c89vsprintf.o(.text) refers (Special) to printf1.o(x$fpl$printf1) for _printf_fp_dec
    c89vsprintf.o(.text) refers (Special) to _printf_g.o(.ARM.Collect$$_printf_percent$$00000005) for _printf_g
    c89vsprintf.o(.text) refers (Special) to _printf_i.o(.ARM.Collect$$_printf_percent$$00000008) for _printf_i
    c89vsprintf.o(.text) refers (Special) to _printf_dec.o(.text) for _printf_int_dec
    c89vsprintf.o(.text) refers (Special) to _printf_l.o(.ARM.Collect$$_printf_percent$$00000012) for _printf_l
    c89vsprintf.o(.text) refers (Special) to _printf_lc.o(.ARM.Collect$$_printf_percent$$00000015) for _printf_lc
    c89vsprintf.o(.text) refers (Special) to _printf_ll.o(.ARM.Collect$$_printf_percent$$00000007) for _printf_ll
[...]
    rt_ctype_table.o(.text) refers to rt_locale_intlibspace.o(.text) for __rt_locale
    rt_ctype_table.o(.text) refers to lc_ctype_c.o(locale$$code) for _get_lc_ctype
    rt_locale.o(.text) refers to rt_locale.o(.bss) for __rt_locale_data
    rt_locale_intlibspace.o(.text) refers to libspace.o(.bss) for __libspace_start
    _printf_fp_infnan.o(.text) refers (Weak) to _printf_pad.o(.text) for _printf_pre_padding
    _printf_fp_infnan.o(.text) refers (Weak) to _printf_pad.o(.text) for _printf_post_padding
    bigflt0.o(.text) refers (Special) to usenofp.o(x$fpl$usenofp) for __I$use$fp
    bigflt0.o(.text) refers to aeabi_sdiv.o(.text) for __aeabi_idivmod
    bigflt0.o(.text) refers to btod.o(.text) for _btod_emul
    bigflt0.o(.text) refers to bigflt0.o(.constdata) for .constdata
    bigflt0.o(.constdata) refers (Special) to usenofp.o(x$fpl$usenofp) for __I$use$fp
    btod.o(.text) refers to btod.o(i.__ARM_common_ll_muluu) for __ARM_common_ll_muluu
    lc_numeric_c.o(locale$$data) refers (Special) to libinit2.o(.ARM.Collect$$libinit$$00000016) for __rt_lib_init_lc_numeric_2
    lc_numeric_c.o(locale$$code) refers (Special) to libinit2.o(.ARM.Collect$$libinit$$00000016) for __rt_lib_init_lc_numeric_2
    lc_numeric_c.o(locale$$code) refers to strcmp.o(.text) for strcmp
    lc_numeric_c.o(locale$$code) refers to lc_numeric_c.o(locale$$data) for __lcnum_c_name
    exit.o(.text) refers to rtexit.o(.ARM.Collect$$rtexit$$00000000) for __rt_exit
    _get_argv_nomalloc.o(.text) refers (Special) to hrguard.o(.text) for __heap_region$guard
    _get_argv_nomalloc.o(.text) refers to defsig_rtmem_outer.o(.text) for __rt_SIGRTMEM
    _get_argv_nomalloc.o(.text) refers to sys_command.o(.text) for _sys_command_string
    libinit.o(.ARM.Collect$$libinit$$00000000) refers (Special) to libinit2.o(.ARM.Collect$$libinit$$0000002E) for __rt_lib_init_alloca_1
    libinit.o(.ARM.Collect$$libinit$$00000000) refers (Special) to libinit2.o(.ARM.Collect$$libinit$$0000002C) for __rt_lib_init_argv_1
    libinit.o(.ARM.Collect$$libinit$$00000000) refers (Special) to libinit2.o(.ARM.Collect$$libinit$$0000001B) for __rt_lib_init_atexit_1
    libinit.o(.ARM.Collect$$libinit$$00000000) refers (Special) to libinit2.o(.ARM.Collect$$libinit$$00000021) for __rt_lib_init_clock_1
    libinit.o(.ARM.Collect$$libinit$$00000000) refers (Special) to libinit2.o(.ARM.Collect$$libinit$$00000032) for __rt_lib_init_cpp_1
    libinit.o(.ARM.Collect$$libinit$$00000000) refers (Special) to libinit2.o(.ARM.Collect$$libinit$$00000030) for __rt_lib_init_exceptions_1
    libinit.o(.ARM.Collect$$libinit$$00000000) refers (Special) to libinit2.o(.ARM.Collect$$libinit$$00000002) for __rt_lib_init_fp_1
    libinit.o(.ARM.Collect$$libinit$$00000000) refers (Special) to libinit2.o(.ARM.Collect$$libinit$$0000001F) for __rt_lib_init_fp_trap_1
    libinit.o(.ARM.Collect$$libinit$$00000000) refers (Special) to libinit2.o(.ARM.Collect$$libinit$$00000023) for __rt_lib_init_getenv_1
    libinit.o(.ARM.Collect$$libinit$$00000000) refers (Special) to libinit2.o(.ARM.Collect$$libinit$$0000000A) for __rt_lib_init_heap_1
    libinit.o(.ARM.Collect$$libinit$$00000000) refers (Special) to libinit2.o(.ARM.Collect$$libinit$$00000011) for __rt_lib_init_lc_collate_1
    libinit.o(.ARM.Collect$$libinit$$00000000) refers (Special) to libinit2.o(.ARM.Collect$$libinit$$00000013) for __rt_lib_init_lc_ctype_1
    libinit.o(.ARM.Collect$$libinit$$00000000) refers (Special) to libinit2.o(.ARM.Collect$$libinit$$00000015) for __rt_lib_init_lc_monetary_1
    libinit.o(.ARM.Collect$$libinit$$00000000) refers (Special) to libinit2.o(.ARM.Collect$$libinit$$00000017) for __rt_lib_init_lc_numeric_1
    libinit.o(.ARM.Collect$$libinit$$00000000) refers (Special) to libinit2.o(.ARM.Collect$$libinit$$00000019) for __rt_lib_init_lc_time_1
    libinit.o(.ARM.Collect$$libinit$$00000000) refers (Special) to libinit2.o(.ARM.Collect$$libinit$$00000004) for __rt_lib_init_preinit_1
    libinit.o(.ARM.Collect$$libinit$$00000000) refers (Special) to libinit2.o(.ARM.Collect$$libinit$$0000000E) for __rt_lib_init_rand_1
    libinit.o(.ARM.Collect$$libinit$$00000000) refers (Special) to libinit2.o(.ARM.Collect$$libinit$$00000033) for __rt_lib_init_return
    libinit.o(.ARM.Collect$$libinit$$00000000) refers (Special) to libinit2.o(.ARM.Collect$$libinit$$0000001D) for __rt_lib_init_signal_1
    libinit.o(.ARM.Collect$$libinit$$00000000) refers (Special) to libinit2.o(.ARM.Collect$$libinit$$00000025) for __rt_lib_init_stdio_1
    libinit.o(.ARM.Collect$$libinit$$00000000) refers (Special) to libinit2.o(.ARM.Collect$$libinit$$0000000C) for __rt_lib_init_user_alloc_1
    ieee_status.o(.text) refers (Special) to usenofp.o(x$fpl$usenofp) for __I$use$fp
    fpclassify.o(i.__ARM_fpclassify) refers (Special) to usenofp.o(x$fpl$usenofp) for __I$use$fp
    sys_command.o(.text) refers (Special) to use_no_semi.o(.text) for __I$use$semihosting
    sys_command.o(.text) refers (Special) to indicate_semi.o(.text) for __semihosting_library_function
    libspace.o(.text) refers to libspace.o(.bss) for __libspace_start
    rtexit.o(.ARM.Collect$$rtexit$$00000000) refers (Special) to rtexit2.o(.ARM.Collect$$rtexit$$00000004) for __rt_exit_exit
    rtexit.o(.ARM.Collect$$rtexit$$00000000) refers (Special) to rtexit2.o(.ARM.Collect$$rtexit$$00000003) for __rt_exit_ls
    rtexit.o(.ARM.Collect$$rtexit$$00000000) refers (Special) to rtexit2.o(.ARM.Collect$$rtexit$$00000002) for __rt_exit_prels_1
    rtexit.o(.ARM.exidx) refers (Special) to rtexit2.o(.ARM.Collect$$rtexit$$00000004) for __rt_exit_exit
    rtexit.o(.ARM.exidx) refers (Special) to rtexit2.o(.ARM.Collect$$rtexit$$00000003) for __rt_exit_ls
    rtexit.o(.ARM.exidx) refers (Special) to rtexit2.o(.ARM.Collect$$rtexit$$00000002) for __rt_exit_prels_1
    rtexit.o(.ARM.exidx) refers to rtexit.o(.ARM.Collect$$rtexit$$00000000) for .ARM.Collect$$rtexit$$00000000
    lc_ctype_c.o(locale$$data) refers (Special) to libinit2.o(.ARM.Collect$$libinit$$00000012) for __rt_lib_init_lc_ctype_2
    lc_ctype_c.o(locale$$code) refers (Special) to libinit2.o(.ARM.Collect$$libinit$$00000012) for __rt_lib_init_lc_ctype_2
    lc_ctype_c.o(locale$$code) refers to strcmp.o(.text) for strcmp
    lc_ctype_c.o(locale$$code) refers to lc_ctype_c.o(locale$$data) for __lcctype_c_name
    defsig_rtmem_outer.o(.text) refers to defsig_rtmem_inner.o(.text) for __rt_SIGRTMEM_inner
    defsig_rtmem_outer.o(.text) refers to defsig_exit.o(.text) for __sig_exit
    defsig_rtmem_formal.o(.text) refers to rt_raise.o(.text) for __rt_raise
    rtexit2.o(.ARM.Collect$$rtexit$$00000003) refers to libshutdown.o(.ARM.Collect$$libshutdown$$00000000) for __rt_lib_shutdown
    rtexit2.o(.ARM.Collect$$rtexit$$00000004) refers to sys_exit.o(.text) for _sys_exit
    rtexit2.o(.ARM.exidx) refers to rtexit2.o(.ARM.Collect$$rtexit$$00000001) for .ARM.Collect$$rtexit$$00000001
    rtexit2.o(.ARM.exidx) refers to rtexit2.o(.ARM.Collect$$rtexit$$00000003) for .ARM.Collect$$rtexit$$00000003
    rtexit2.o(.ARM.exidx) refers to rtexit2.o(.ARM.Collect$$rtexit$$00000004) for .ARM.Collect$$rtexit$$00000004
    aeabi_idiv0_sigfpe.o(.text) refers to rt_div0.o(.text) for __rt_div0
    rt_raise.o(.text) refers to __raise.o(.text) for __raise
    rt_raise.o(.text) refers to sys_exit.o(.text) for _sys_exit
    defsig_exit.o(.text) refers to sys_exit.o(.text) for _sys_exit
    defsig_rtmem_inner.o(.text) refers to defsig_general.o(.text) for __default_signal_display
    sys_exit.o(.text) refers (Special) to use_no_semi.o(.text) for __I$use$semihosting
    sys_exit.o(.text) refers (Special) to indicate_semi.o(.text) for __semihosting_library_function
    rt_div0.o(.text) refers to defsig_fpe_outer.o(.text) for __rt_SIGFPE
    __raise.o(.text) refers to defsig.o(CL$$defsig) for __default_signal_handler
    defsig_general.o(.text) refers to sys_wrch.o(.text) for _ttywrch
    libshutdown.o(.ARM.Collect$$libshutdown$$00000000) refers (Special) to libshutdown2.o(.ARM.Collect$$libshutdown$$00000002) for __rt_lib_shutdown_cpp_1
    libshutdown.o(.ARM.Collect$$libshutdown$$00000000) refers (Special) to libshutdown2.o(.ARM.Collect$$libshutdown$$00000007) for __rt_lib_shutdown_fp_trap_1
    libshutdown.o(.ARM.Collect$$libshutdown$$00000000) refers (Special) to libshutdown2.o(.ARM.Collect$$libshutdown$$0000000F) for __rt_lib_shutdown_heap_1
    libshutdown.o(.ARM.Collect$$libshutdown$$00000000) refers (Special) to libshutdown2.o(.ARM.Collect$$libshutdown$$00000010) for __rt_lib_shutdown_return
    libshutdown.o(.ARM.Collect$$libshutdown$$00000000) refers (Special) to libshutdown2.o(.ARM.Collect$$libshutdown$$0000000A) for __rt_lib_shutdown_signal_1
    libshutdown.o(.ARM.Collect$$libshutdown$$00000000) refers (Special) to libshutdown2.o(.ARM.Collect$$libshutdown$$00000004) for __rt_lib_shutdown_stdio_1
    libshutdown.o(.ARM.Collect$$libshutdown$$00000000) refers (Special) to libshutdown2.o(.ARM.Collect$$libshutdown$$0000000C) for __rt_lib_shutdown_user_alloc_1
    sys_wrch.o(.text) refers (Special) to use_no_semi.o(.text) for __I$use$semihosting
    sys_wrch.o(.text) refers (Special) to indicate_semi.o(.text) for __semihosting_library_function
    defsig_fpe_outer.o(.text) refers to defsig_fpe_inner.o(.text) for __rt_SIGFPE_inner
    defsig_fpe_outer.o(.text) refers to defsig_exit.o(.text) for __sig_exit
    defsig_fpe_formal.o(.text) refers to rt_raise.o(.text) for __rt_raise
    defsig.o(CL$$defsig) refers to defsig_fpe_inner.o(.text) for __rt_SIGFPE_inner
    defsig.o(CL$$defsig) refers to defsig_rtmem_inner.o(.text) for __rt_SIGRTMEM_inner
    defsig_abrt_inner.o(.text) refers to defsig_general.o(.text) for __default_signal_display
    defsig_fpe_inner.o(.text) refers to defsig_general.o(.text) for __default_signal_display
    defsig_rtred_inner.o(.text) refers to defsig_general.o(.text) for __default_signal_display
    defsig_stak_inner.o(.text) refers to defsig_general.o(.text) for __default_signal_display
    defsig_pvfn_inner.o(.text) refers to defsig_general.o(.text) for __default_signal_display
    defsig_cppl_inner.o(.text) refers to defsig_general.o(.text) for __default_signal_display
    defsig_segv_inner.o(.text) refers to defsig_general.o(.text) for __default_signal_display
    defsig_other.o(.text) refers to defsig_general.o(.text) for __default_signal_display


==============================================================================

Removing Unused input sections from the image.

    Removing main.o(.rev16_text), (4 bytes).
    Removing main.o(.revsh_text), (4 bytes).
    Removing main.o(i._Z8mainTaskPv), (2 bytes).
    Removing main.o(.ARM.exidx), (8 bytes).
    Removing main.o(.ARM.exidx), (8 bytes).
    Removing main.o(.ARM.exidx), (8 bytes).
    Removing main.o(.ARM.exidx), (8 bytes).
    Removing system_setup.o(.rev16_text), (4 bytes).
    Removing system_setup.o(.revsh_text), (4 bytes).
    Removing system_setup.o(.ARM.exidx), (8 bytes).
    Removing rtc.o(.rev16_text), (4 bytes).
    Removing rtc.o(.revsh_text), (4 bytes).
    Removing rtc.o(i._Z13get_timestampP9timestamp), (2 bytes).
    Removing rtc.o(i._Z13set_timestampP9timestamp), (16 bytes).
    Removing rtc.o(.ARM.exidx), (8 bytes).
    Removing rtc.o(.ARM.exidx), (8 bytes).
    Removing rtc.o(.ARM.exidx), (8 bytes).
    Removing sercom.o(.rev16_text), (4 bytes).
    Removing sercom.o(.revsh_text), (4 bytes).
    Removing sercom.o(i._ZN4UART10send_arrayEPhh), (38 bytes).
    Removing sercom.o(.ARM.exidx), (8 bytes).
    Removing sercom.o(.ARM.exidx), (8 bytes).
    Removing sercom.o(.ARM.exidx), (8 bytes).
    Removing system_saml21g18b.o(.rev16_text), (4 bytes).
    Removing system_saml21g18b.o(.revsh_text), (4 bytes).
    Removing system_saml21g18b.o(i.SystemCoreClockUpdate), (16 bytes).

26 unused section(s) (total 202 bytes) removed from the image.

==============================================================================

Image Symbol Table

    Local Symbols

    Symbol Name                              Value     Ov Type        Size  Object(Section)

    RESET                                    0x00000000   Section      176  startup_saml21g18b.o(RESET)
    ../clib/angel/boardlib.s                 0x00000000   Number         0  boardshut.o ABSOLUTE
    ../clib/angel/boardlib.s                 0x00000000   Number         0  boardinit3.o ABSOLUTE
    ../clib/angel/boardlib.s                 0x00000000   Number         0  boardinit1.o ABSOLUTE
    ../clib/angel/boardlib.s                 0x00000000   Number         0  boardinit2.o ABSOLUTE
    ../clib/angel/handlers.s                 0x00000000   Number         0  __scatter_zi.o ABSOLUTE
    ../clib/angel/handlers.s                 0x00000000   Number         0  __scatter_copy.o ABSOLUTE
    ../clib/angel/kernel.s                   0x00000000   Number         0  rtexit2.o ABSOLUTE
    ../clib/angel/kernel.s                   0x00000000   Number         0  rtexit.o ABSOLUTE
    ../clib/angel/kernel.s                   0x00000000   Number         0  __rtentry4.o ABSOLUTE
    ../clib/angel/kernel.s                   0x00000000   Number         0  __rtentry.o ABSOLUTE
    ../clib/angel/kernel.s                   0x00000000   Number         0  __rtentry2.o ABSOLUTE
    ../clib/angel/rt.s                       0x00000000   Number         0  aeabi_idiv0_sigfpe.o ABSOLUTE
    ../clib/angel/rt.s                       0x00000000   Number         0  rt_div0.o ABSOLUTE
    ../clib/angel/rt.s                       0x00000000   Number         0  rt_raise.o ABSOLUTE
    ../clib/angel/rt.s                       0x00000000   Number         0  rt_ctype_table.o ABSOLUTE
    ../clib/angel/rt.s                       0x00000000   Number         0  rt_locale.o ABSOLUTE
    ../clib/angel/rt.s                       0x00000000   Number         0  rt_locale_intlibspace.o ABSOLUTE
    ../clib/angel/rt.s                       0x00000000   Number         0  aeabi_idiv0.o ABSOLUTE
    ../clib/angel/scatterp.s                 0x00000000   Number         0  __scatter.o ABSOLUTE
    ../clib/angel/startup.s                  0x00000000   Number         0  __main.o ABSOLUTE
    ../clib/angel/sys.s                      0x00000000   Number         0  libspace.o ABSOLUTE
    ../clib/angel/sys.s                      0x00000000   Number         0  tempstk.o ABSOLUTE
    ../clib/angel/sys.s                      0x00000000   Number         0  use_no_semi.o ABSOLUTE
    ../clib/angel/sys.s                      0x00000000   Number         0  indicate_semi.o ABSOLUTE
    ../clib/angel/sys.s                      0x00000000   Number         0  sys_stackheap_outer.o ABSOLUTE
    ../clib/angel/sysapp.c                   0x00000000   Number         0  sys_command.o ABSOLUTE
    ../clib/angel/sysapp.c                   0x00000000   Number         0  sys_wrch.o ABSOLUTE
    ../clib/angel/sysapp.c                   0x00000000   Number         0  sys_exit.o ABSOLUTE
    ../clib/arm_runtime.c                    0x00000000   Number         0  init_aeabi.o ABSOLUTE
    ../clib/arm_runtime.c                    0x00000000   Number         0  init_aeabi.o ABSOLUTE
    ../clib/armsys.c                         0x00000000   Number         0  no_argv.o ABSOLUTE
    ../clib/armsys.c                         0x00000000   Number         0  _get_argv_nomalloc.o ABSOLUTE
    ../clib/armsys.c                         0x00000000   Number         0  argv_veneer.o ABSOLUTE
    ../clib/bigflt.c                         0x00000000   Number         0  bigflt0.o ABSOLUTE
    ../clib/btod.c                           0x00000000   Number         0  btod.o ABSOLUTE
    ../clib/division.c                       0x00000000   Number         0  rtudiv10.o ABSOLUTE
    ../clib/division.c                       0x00000000   Number         0  lludiv10.o ABSOLUTE
    ../clib/division.s                       0x00000000   Number         0  aeabi_sdiv_div0.o ABSOLUTE
    ../clib/division.s                       0x00000000   Number         0  aeabi_sdiv.o ABSOLUTE
    ../clib/heapalloc.c                      0x00000000   Number         0  hrguard.o ABSOLUTE
    ../clib/heapaux.c                        0x00000000   Number         0  heapauxi.o ABSOLUTE
    ../clib/libinit.s                        0x00000000   Number         0  libinit.o ABSOLUTE
    ../clib/libinit.s                        0x00000000   Number         0  libinit2.o ABSOLUTE
    ../clib/libinit.s                        0x00000000   Number         0  libshutdown2.o ABSOLUTE
    ../clib/libinit.s                        0x00000000   Number         0  libshutdown.o ABSOLUTE
    ../clib/locale.c                         0x00000000   Number         0  _wcrtomb.o ABSOLUTE
    ../clib/locale.s                         0x00000000   Number         0  lc_numeric_c.o ABSOLUTE
    ../clib/locale.s                         0x00000000   Number         0  lc_ctype_c.o ABSOLUTE
    ../clib/misc.s                           0x00000000   Number         0  printf_stubs.o ABSOLUTE
    ../clib/printf.c                         0x00000000   Number         0  _printf_fp_infnan.o ABSOLUTE
    ../clib/printf.c                         0x00000000   Number         0  _printf_wchar.o ABSOLUTE
    ../clib/printf.c                         0x00000000   Number         0  _printf_char.o ABSOLUTE
    ../clib/printf.c                         0x00000000   Number         0  __printf_nopercent.o ABSOLUTE
    ../clib/printf.c                         0x00000000   Number         0  _printf_fp_dec.o ABSOLUTE
    ../clib/printf.c                         0x00000000   Number         0  _printf_intcommon.o ABSOLUTE
    ../clib/printf.c                         0x00000000   Number         0  c89vsprintf.o ABSOLUTE
    ../clib/printf.c                         0x00000000   Number         0  __printf.o ABSOLUTE
    ../clib/printf.c                         0x00000000   Number         0  _printf_pad.o ABSOLUTE
    ../clib/printf.c                         0x00000000   Number         0  _printf_truncate.o ABSOLUTE
    ../clib/printf.c                         0x00000000   Number         0  _printf_str.o ABSOLUTE
    ../clib/printf.c                         0x00000000   Number         0  _printf_dec.o ABSOLUTE
    ../clib/printf.c                         0x00000000   Number         0  _printf_charcount.o ABSOLUTE
    ../clib/printf.c                         0x00000000   Number         0  _printf_char_common.o ABSOLUTE
    ../clib/printf.c                         0x00000000   Number         0  _sputc.o ABSOLUTE
    ../clib/printf.c                         0x00000000   Number         0  _printf_wctomb.o ABSOLUTE
    ../clib/printf.c                         0x00000000   Number         0  _printf_longlong_dec.o ABSOLUTE
    ../clib/printf.c                         0x00000000   Number         0  _printf_oct_ll.o ABSOLUTE
    ../clib/printf.c                         0x00000000   Number         0  _printf_oct_int.o ABSOLUTE
    ../clib/printf.c                         0x00000000   Number         0  _printf_oct_int_ll.o ABSOLUTE
    ../clib/printf.c                         0x00000000   Number         0  _printf_hex_int_ll_ptr.o ABSOLUTE
    ../clib/printf.c                         0x00000000   Number         0  _printf_hex_int.o ABSOLUTE
    ../clib/printf.c                         0x00000000   Number         0  _printf_hex_int_ll.o ABSOLUTE
    ../clib/printf.c                         0x00000000   Number         0  _printf_hex_ptr.o ABSOLUTE
    ../clib/printf.c                         0x00000000   Number         0  _printf_hex_int_ptr.o ABSOLUTE
    ../clib/printf.c                         0x00000000   Number         0  _printf_hex_ll_ptr.o ABSOLUTE
    ../clib/printf.c                         0x00000000   Number         0  __printf_flags.o ABSOLUTE
    ../clib/printf.c                         0x00000000   Number         0  __printf_ss.o ABSOLUTE
    ../clib/printf.c                         0x00000000   Number         0  __printf_flags_ss.o ABSOLUTE
    ../clib/printf.c                         0x00000000   Number         0  __printf_wp.o ABSOLUTE
    ../clib/printf.c                         0x00000000   Number         0  __printf_flags_wp.o ABSOLUTE
    ../clib/printf.c                         0x00000000   Number         0  __printf_ss_wp.o ABSOLUTE
    ../clib/printf.c                         0x00000000   Number         0  __printf_flags_ss_wp.o ABSOLUTE
    ../clib/printf.c                         0x00000000   Number         0  _printf_hex_ll.o ABSOLUTE
    ../clib/printf_percent.s                 0x00000000   Number         0  _printf_percent_end.o ABSOLUTE
    ../clib/printf_percent.s                 0x00000000   Number         0  _printf_a.o ABSOLUTE
    ../clib/printf_percent.s                 0x00000000   Number         0  _printf_o.o ABSOLUTE
    ../clib/printf_percent.s                 0x00000000   Number         0  _printf_llu.o ABSOLUTE
    ../clib/printf_percent.s                 0x00000000   Number         0  _printf_g.o ABSOLUTE
    ../clib/printf_percent.s                 0x00000000   Number         0  _printf_percent.o ABSOLUTE
    ../clib/printf_percent.s                 0x00000000   Number         0  _printf_e.o ABSOLUTE
    ../clib/printf_percent.s                 0x00000000   Number         0  _printf_i.o ABSOLUTE
    ../clib/printf_percent.s                 0x00000000   Number         0  _printf_lld.o ABSOLUTE
    ../clib/printf_percent.s                 0x00000000   Number         0  _printf_c.o ABSOLUTE
    ../clib/printf_percent.s                 0x00000000   Number         0  _printf_d.o ABSOLUTE
    ../clib/printf_percent.s                 0x00000000   Number         0  _printf_s.o ABSOLUTE
    ../clib/printf_percent.s                 0x00000000   Number         0  _printf_f.o ABSOLUTE
    ../clib/printf_percent.s                 0x00000000   Number         0  _printf_n.o ABSOLUTE
    ../clib/printf_percent.s                 0x00000000   Number         0  _printf_u.o ABSOLUTE
    ../clib/printf_percent.s                 0x00000000   Number         0  _printf_x.o ABSOLUTE
    ../clib/printf_percent.s                 0x00000000   Number         0  _printf_lli.o ABSOLUTE
    ../clib/printf_percent.s                 0x00000000   Number         0  _printf_p.o ABSOLUTE
    ../clib/printf_percent.s                 0x00000000   Number         0  _printf_ll.o ABSOLUTE
    ../clib/printf_percent.s                 0x00000000   Number         0  _printf_l.o ABSOLUTE
    ../clib/printf_percent.s                 0x00000000   Number         0  _printf_lc.o ABSOLUTE
    ../clib/printf_percent.s                 0x00000000   Number         0  _printf_ls.o ABSOLUTE
    ../clib/printf_percent.s                 0x00000000   Number         0  _printf_llo.o ABSOLUTE
    ../clib/printf_percent.s                 0x00000000   Number         0  _printf_llx.o ABSOLUTE
    ../clib/signal.c                         0x00000000   Number         0  defsig_fpe_inner.o ABSOLUTE
    ../clib/signal.c                         0x00000000   Number         0  defsig_rtred_inner.o ABSOLUTE
    ../clib/signal.c                         0x00000000   Number         0  defsig_stak_inner.o ABSOLUTE
    ../clib/signal.c                         0x00000000   Number         0  defsig_pvfn_inner.o ABSOLUTE
    ../clib/signal.c                         0x00000000   Number         0  defsig_fpe_formal.o ABSOLUTE
    ../clib/signal.c                         0x00000000   Number         0  defsig_cppl_inner.o ABSOLUTE
    ../clib/signal.c                         0x00000000   Number         0  defsig_segv_inner.o ABSOLUTE
    ../clib/signal.c                         0x00000000   Number         0  defsig_other.o ABSOLUTE
    ../clib/signal.c                         0x00000000   Number         0  defsig_rtmem_inner.o ABSOLUTE
    ../clib/signal.c                         0x00000000   Number         0  __raise.o ABSOLUTE
    ../clib/signal.c                         0x00000000   Number         0  defsig_general.o ABSOLUTE
    ../clib/signal.c                         0x00000000   Number         0  defsig_rtmem_outer.o ABSOLUTE
    ../clib/signal.c                         0x00000000   Number         0  defsig_rtmem_formal.o ABSOLUTE
    ../clib/signal.c                         0x00000000   Number         0  defsig_exit.o ABSOLUTE
    ../clib/signal.c                         0x00000000   Number         0  defsig_fpe_outer.o ABSOLUTE
    ../clib/signal.c                         0x00000000   Number         0  defsig_abrt_inner.o ABSOLUTE
    ../clib/signal.s                         0x00000000   Number         0  defsig.o ABSOLUTE
    ../clib/stdlib.c                         0x00000000   Number         0  exit.o ABSOLUTE
    ../clib/string.c                         0x00000000   Number         0  strcmp.o ABSOLUTE
    ../fplib/cfplib/fpinit.c                 0x00000000   Number         0  fpinit.o ABSOLUTE
    ../fplib/cfplib/ieee_status.c            0x00000000   Number         0  ieee_status.o ABSOLUTE
    ../fplib/printf1.s                       0x00000000   Number         0  printf1.o ABSOLUTE
    ../fplib/usenofp.s                       0x00000000   Number         0  usenofp.o ABSOLUTE
    ../mathlib/fpclassify.c                  0x00000000   Number         0  fpclassify.o ABSOLUTE
    RTC.cpp                                  0x00000000   Number         0  rtc.o ABSOLUTE
    RTC.cpp                                  0x00000000   Number         0  rtc.o ABSOLUTE
    RTE\Device\ATSAML21G18B\startup_saml21g18b.s 0x00000000   Number         0  startup_saml21g18b.o ABSOLUTE
    RTE\Device\ATSAML21G18B\system_saml21g18b.c 0x00000000   Number         0  system_saml21g18b.o ABSOLUTE
    RTE\\Device\\ATSAML21G18B\\system_saml21g18b.c 0x00000000   Number         0  system_saml21g18b.o ABSOLUTE
    SERCOM.cpp                               0x00000000   Number         0  sercom.o ABSOLUTE
    SERCOM.cpp                               0x00000000   Number         0  sercom.o ABSOLUTE
    dc.s                                     0x00000000   Number         0  dc.o ABSOLUTE
    main.cpp                                 0x00000000   Number         0  main.o ABSOLUTE
    main.cpp                                 0x00000000   Number         0  main.o ABSOLUTE
    system_setup.cpp                         0x00000000   Number         0  system_setup.o ABSOLUTE
    system_setup.cpp                         0x00000000   Number         0  system_setup.o ABSOLUTE
    !!!main                                  0x000000b0   Section        8  __main.o(!!!main)
    !!!scatter                               0x000000b8   Section       60  __scatter.o(!!!scatter)
    !!handler_copy                           0x000000f4   Section       26  __scatter_copy.o(!!handler_copy)
    !!handler_zi                             0x00000110   Section       28  __scatter_zi.o(!!handler_zi)
    .ARM.Collect$$_printf_percent$$00000000  0x0000012c   Section        2  _printf_percent.o(.ARM.Collect$$_printf_percent$$00000000)
    .ARM.Collect$$_printf_percent$$00000001  0x0000012e   Section       10  _printf_n.o(.ARM.Collect$$_printf_percent$$00000001)
    .ARM.Collect$$_printf_percent$$00000002  0x00000138   Section       10  _printf_p.o(.ARM.Collect$$_printf_percent$$00000002)
    .ARM.Collect$$_printf_percent$$00000003  0x00000142   Section       10  _printf_f.o(.ARM.Collect$$_printf_percent$$00000003)
    .ARM.Collect$$_printf_percent$$00000004  0x0000014c   Section       10  _printf_e.o(.ARM.Collect$$_printf_percent$$00000004)
    .ARM.Collect$$_printf_percent$$00000005  0x00000156   Section       10  _printf_g.o(.ARM.Collect$$_printf_percent$$00000005)
    .ARM.Collect$$_printf_percent$$00000006  0x00000160   Section       10  _printf_a.o(.ARM.Collect$$_printf_percent$$00000006)
    .ARM.Collect$$_printf_percent$$00000007  0x0000016a   Section       10  _printf_ll.o(.ARM.Collect$$_printf_percent$$00000007)
    .ARM.Collect$$_printf_percent$$00000008  0x00000174   Section       10  _printf_i.o(.ARM.Collect$$_printf_percent$$00000008)
    .ARM.Collect$$_printf_percent$$00000009  0x0000017e   Section       10  _printf_d.o(.ARM.Collect$$_printf_percent$$00000009)
    .ARM.Collect$$_printf_percent$$0000000A  0x00000188   Section       10  _printf_u.o(.ARM.Collect$$_printf_percent$$0000000A)
    .ARM.Collect$$_printf_percent$$0000000B  0x00000192   Section       10  _printf_o.o(.ARM.Collect$$_printf_percent$$0000000B)
    .ARM.Collect$$_printf_percent$$0000000C  0x0000019c   Section       10  _printf_x.o(.ARM.Collect$$_printf_percent$$0000000C)
    .ARM.Collect$$_printf_percent$$0000000D  0x000001a6   Section       10  _printf_lli.o(.ARM.Collect$$_printf_percent$$0000000D)
    .ARM.Collect$$_printf_percent$$0000000E  0x000001b0   Section       10  _printf_lld.o(.ARM.Collect$$_printf_percent$$0000000E)
    .ARM.Collect$$_printf_percent$$0000000F  0x000001ba   Section       10  _printf_llu.o(.ARM.Collect$$_printf_percent$$0000000F)
    .ARM.Collect$$_printf_percent$$00000010  0x000001c4   Section       10  _printf_llo.o(.ARM.Collect$$_printf_percent$$00000010)
    .ARM.Collect$$_printf_percent$$00000011  0x000001ce   Section       10  _printf_llx.o(.ARM.Collect$$_printf_percent$$00000011)
    .ARM.Collect$$_printf_percent$$00000012  0x000001d8   Section       10  _printf_l.o(.ARM.Collect$$_printf_percent$$00000012)
    .ARM.Collect$$_printf_percent$$00000013  0x000001e2   Section       10  _printf_c.o(.ARM.Collect$$_printf_percent$$00000013)
    .ARM.Collect$$_printf_percent$$00000014  0x000001ec   Section       10  _printf_s.o(.ARM.Collect$$_printf_percent$$00000014)
    .ARM.Collect$$_printf_percent$$00000015  0x000001f6   Section       10  _printf_lc.o(.ARM.Collect$$_printf_percent$$00000015)
    .ARM.Collect$$_printf_percent$$00000016  0x00000200   Section       10  _printf_ls.o(.ARM.Collect$$_printf_percent$$00000016)
    .ARM.Collect$$_printf_percent$$00000017  0x0000020a   Section        4  _printf_percent_end.o(.ARM.Collect$$_printf_percent$$00000017)
    .ARM.Collect$$libinit$$00000000          0x0000020e   Section        2  libinit.o(.ARM.Collect$$libinit$$00000000)
    .ARM.Collect$$libinit$$00000002          0x00000210   Section        0  libinit2.o(.ARM.Collect$$libinit$$00000002)
    .ARM.Collect$$libinit$$00000004          0x00000210   Section        0  libinit2.o(.ARM.Collect$$libinit$$00000004)
    .ARM.Collect$$libinit$$0000000A          0x00000210   Section        0  libinit2.o(.ARM.Collect$$libinit$$0000000A)
    .ARM.Collect$$libinit$$0000000C          0x00000210   Section        0  libinit2.o(.ARM.Collect$$libinit$$0000000C)
    .ARM.Collect$$libinit$$0000000E          0x00000210   Section        0  libinit2.o(.ARM.Collect$$libinit$$0000000E)
    .ARM.Collect$$libinit$$0000000F          0x00000210   Section        6  libinit2.o(.ARM.Collect$$libinit$$0000000F)
    .ARM.Collect$$libinit$$00000011          0x00000216   Section        0  libinit2.o(.ARM.Collect$$libinit$$00000011)
    .ARM.Collect$$libinit$$00000012          0x00000216   Section       12  libinit2.o(.ARM.Collect$$libinit$$00000012)
    .ARM.Collect$$libinit$$00000013          0x00000222   Section        0  libinit2.o(.ARM.Collect$$libinit$$00000013)
    .ARM.Collect$$libinit$$00000015          0x00000222   Section        0  libinit2.o(.ARM.Collect$$libinit$$00000015)
    .ARM.Collect$$libinit$$00000016          0x00000222   Section       10  libinit2.o(.ARM.Collect$$libinit$$00000016)
    .ARM.Collect$$libinit$$00000017          0x0000022c   Section        0  libinit2.o(.ARM.Collect$$libinit$$00000017)
    .ARM.Collect$$libinit$$00000019          0x0000022c   Section        0  libinit2.o(.ARM.Collect$$libinit$$00000019)
    .ARM.Collect$$libinit$$0000001B          0x0000022c   Section        0  libinit2.o(.ARM.Collect$$libinit$$0000001B)
    .ARM.Collect$$libinit$$0000001D          0x0000022c   Section        0  libinit2.o(.ARM.Collect$$libinit$$0000001D)
    .ARM.Collect$$libinit$$0000001F          0x0000022c   Section        0  libinit2.o(.ARM.Collect$$libinit$$0000001F)
    .ARM.Collect$$libinit$$00000021          0x0000022c   Section        0  libinit2.o(.ARM.Collect$$libinit$$00000021)
    .ARM.Collect$$libinit$$00000023          0x0000022c   Section        0  libinit2.o(.ARM.Collect$$libinit$$00000023)
    .ARM.Collect$$libinit$$00000025          0x0000022c   Section        0  libinit2.o(.ARM.Collect$$libinit$$00000025)
    .ARM.Collect$$libinit$$0000002C          0x0000022c   Section        0  libinit2.o(.ARM.Collect$$libinit$$0000002C)
    .ARM.Collect$$libinit$$0000002E          0x0000022c   Section        0  libinit2.o(.ARM.Collect$$libinit$$0000002E)
    .ARM.Collect$$libinit$$00000030          0x0000022c   Section        0  libinit2.o(.ARM.Collect$$libinit$$00000030)
    .ARM.Collect$$libinit$$00000031          0x0000022c   Section        4  libinit2.o(.ARM.Collect$$libinit$$00000031)
    .ARM.Collect$$libinit$$00000032          0x00000230   Section        0  libinit2.o(.ARM.Collect$$libinit$$00000032)
    .ARM.Collect$$libinit$$00000033          0x00000230   Section        2  libinit2.o(.ARM.Collect$$libinit$$00000033)
    .ARM.Collect$$libshutdown$$00000000      0x00000232   Section        2  libshutdown.o(.ARM.Collect$$libshutdown$$00000000)
    .ARM.Collect$$libshutdown$$00000002      0x00000234   Section        0  libshutdown2.o(.ARM.Collect$$libshutdown$$00000002)
    .ARM.Collect$$libshutdown$$00000004      0x00000234   Section        0  libshutdown2.o(.ARM.Collect$$libshutdown$$00000004)
    .ARM.Collect$$libshutdown$$00000007      0x00000234   Section        0  libshutdown2.o(.ARM.Collect$$libshutdown$$00000007)
    .ARM.Collect$$libshutdown$$0000000A      0x00000234   Section        0  libshutdown2.o(.ARM.Collect$$libshutdown$$0000000A)
    .ARM.Collect$$libshutdown$$0000000C      0x00000234   Section        0  libshutdown2.o(.ARM.Collect$$libshutdown$$0000000C)
    .ARM.Collect$$libshutdown$$0000000F      0x00000234   Section        0  libshutdown2.o(.ARM.Collect$$libshutdown$$0000000F)
    .ARM.Collect$$libshutdown$$00000010      0x00000234   Section        2  libshutdown2.o(.ARM.Collect$$libshutdown$$00000010)
    .ARM.Collect$$rtentry$$00000000          0x00000236   Section        0  __rtentry.o(.ARM.Collect$$rtentry$$00000000)
    .ARM.Collect$$rtentry$$00000002          0x00000236   Section        0  __rtentry2.o(.ARM.Collect$$rtentry$$00000002)
    .ARM.Collect$$rtentry$$00000004          0x00000236   Section        6  __rtentry4.o(.ARM.Collect$$rtentry$$00000004)
    .ARM.Collect$$rtentry$$00000009          0x0000023c   Section        0  __rtentry2.o(.ARM.Collect$$rtentry$$00000009)
    .ARM.Collect$$rtentry$$0000000A          0x0000023c   Section        4  __rtentry2.o(.ARM.Collect$$rtentry$$0000000A)
    .ARM.Collect$$rtentry$$0000000C          0x00000240   Section        0  __rtentry2.o(.ARM.Collect$$rtentry$$0000000C)
    .ARM.Collect$$rtentry$$0000000D          0x00000240   Section        8  __rtentry2.o(.ARM.Collect$$rtentry$$0000000D)
    .ARM.Collect$$rtexit$$00000000           0x00000248   Section        2  rtexit.o(.ARM.Collect$$rtexit$$00000000)
    .ARM.Collect$$rtexit$$00000002           0x0000024a   Section        0  rtexit2.o(.ARM.Collect$$rtexit$$00000002)
    .ARM.Collect$$rtexit$$00000003           0x0000024a   Section        4  rtexit2.o(.ARM.Collect$$rtexit$$00000003)
    .ARM.Collect$$rtexit$$00000004           0x0000024e   Section        6  rtexit2.o(.ARM.Collect$$rtexit$$00000004)
    .text                                    0x00000254   Section       56  startup_saml21g18b.o(.text)
    .text                                    0x0000028c   Section        0  c89vsprintf.o(.text)
    .text                                    0x000002b0   Section        0  heapauxi.o(.text)
    .text                                    0x000002b8   Section        0  init_aeabi.o(.text)
    .text                                    0x000002dc   Section        0  _printf_pad.o(.text)
    .text                                    0x0000032a   Section        0  _printf_truncate.o(.text)
    .text                                    0x0000034e   Section        0  _printf_str.o(.text)
    .text                                    0x000003a0   Section        0  _printf_dec.o(.text)
    .text                                    0x0000040c   Section        0  _printf_charcount.o(.text)
    .text                                    0x00000434   Section        0  _printf_char_common.o(.text)
    _printf_input_char                       0x00000435   Thumb Code    10  _printf_char_common.o(.text)
    .text                                    0x00000464   Section        0  _sputc.o(.text)
    .text                                    0x00000470   Section        0  _printf_wctomb.o(.text)
    .text                                    0x0000052c   Section        0  _printf_longlong_dec.o(.text)
    .text                                    0x0000059c   Section        0  _printf_oct_int_ll.o(.text)
    _printf_longlong_oct_internal            0x0000059d   Thumb Code     0  _printf_oct_int_ll.o(.text)
    .text                                    0x0000060c   Section        0  _printf_hex_int_ll_ptr.o(.text)
    _printf_hex_common                       0x0000060d   Thumb Code     0  _printf_hex_int_ll_ptr.o(.text)
    .text                                    0x000006a4   Section        0  __printf_flags_ss_wp.o(.text)
    .text                                    0x0000082c   Section        0  lludiv10.o(.text)
    .text                                    0x000008a6   Section        0  _printf_intcommon.o(.text)
    .text                                    0x00000958   Section        0  _printf_fp_dec.o(.text)
    _fp_digits                               0x0000095b   Thumb Code   412  _printf_fp_dec.o(.text)
    .text                                    0x00000d70   Section        0  _printf_char.o(.text)
    .text                                    0x00000d9e   Section        0  _printf_wchar.o(.text)
    .text                                    0x00000dcc   Section        0  _wcrtomb.o(.text)
    .text                                    0x00000e0c   Section        0  rtudiv10.o(.text)
    .text                                    0x00000e34   Section       62  sys_stackheap_outer.o(.text)
    .text                                    0x00000e74   Section       16  rt_ctype_table.o(.text)
    .text                                    0x00000e84   Section        8  rt_locale_intlibspace.o(.text)
    .text                                    0x00000e8c   Section        0  _printf_fp_infnan.o(.text)
    .text                                    0x00000f14   Section        0  bigflt0.o(.text)
    .text                                    0x00000fec   Section        0  btod.o(.text)
    btod_internal_mul                        0x0000102d   Thumb Code   492  btod.o(.text)
    btod_internal_div                        0x00001219   Thumb Code   520  btod.o(.text)
    .text                                    0x0000156c   Section        0  exit.o(.text)
    .text                                    0x0000157c   Section        8  libspace.o(.text)
    .text                                    0x00001584   Section        0  strcmp.o(.text)
    .text                                    0x0000160c   Section      346  aeabi_sdiv.o(.text)
    .text                                    0x00001766   Section        2  use_no_semi.o(.text)
    .text                                    0x00001768   Section        0  indicate_semi.o(.text)
    .text                                    0x00001768   Section        0  sys_exit.o(.text)
    i.SERCOM0_Handler                        0x00001774   Section        0  main.o(i.SERCOM0_Handler)
    i.SystemInit                             0x000017a4   Section        0  system_saml21g18b.o(i.SystemInit)
    i._Z12setup_systemv                      0x000017b4   Section        0  system_setup.o(i._Z12setup_systemv)
    i._Z9setup_rtcv                          0x00001878   Section        0  rtc.o(i._Z9setup_rtcv)
    i._ZN4UART7_printfEPKcz                  0x0000187a   Section        0  sercom.o(i._ZN4UART7_printfEPKcz)
    i._ZN4UARTC1EP18sercom_registers_ti      0x000018c0   Section        0  sercom.o(i._ZN4UARTC1EP18sercom_registers_ti)
    i.__ARM_common_ll_muluu                  0x00001944   Section        0  btod.o(i.__ARM_common_ll_muluu)
    i.__ARM_fpclassify                       0x00001974   Section        0  fpclassify.o(i.__ARM_fpclassify)
    i.__sti___8_main_cpp_13df9c0f            0x000019a0   Section        0  main.o(i.__sti___8_main_cpp_13df9c0f)
    __sti___8_main_cpp_13df9c0f              0x000019a1   Thumb Code    18  main.o(i.__sti___8_main_cpp_13df9c0f)
    i._is_digit                              0x000019b8   Section        0  __printf_wp.o(i._is_digit)
    i.main                                   0x000019c8   Section        0  main.o(i.main)
    locale$$code                             0x000019fc   Section       44  lc_numeric_c.o(locale$$code)
    locale$$code                             0x00001a28   Section       44  lc_ctype_c.o(locale$$code)
    x$fpl$printf1                            0x00001a54   Section       16  printf1.o(x$fpl$printf1)
    .constdata                               0x00001a64   Section        8  _printf_wctomb.o(.constdata)
    x$fpl$usenofp                            0x00001a64   Section        0  usenofp.o(x$fpl$usenofp)
    initial_mbstate                          0x00001a64   Data           8  _printf_wctomb.o(.constdata)
    .constdata                               0x00001a6c   Section       40  _printf_hex_int_ll_ptr.o(.constdata)
    uc_hextab                                0x00001a6c   Data          20  _printf_hex_int_ll_ptr.o(.constdata)
    lc_hextab                                0x00001a80   Data          20  _printf_hex_int_ll_ptr.o(.constdata)
    .constdata                               0x00001a94   Section       17  __printf_flags_ss_wp.o(.constdata)
    maptable                                 0x00001a94   Data          17  __printf_flags_ss_wp.o(.constdata)
    .constdata                               0x00001aa8   Section      148  bigflt0.o(.constdata)
    tenpwrs_x                                0x00001aa8   Data          60  bigflt0.o(.constdata)
    tenpwrs_i                                0x00001ae4   Data          64  bigflt0.o(.constdata)
    locale$$data                             0x00001b5c   Section       28  lc_numeric_c.o(locale$$data)
    __lcnum_c_name                           0x00001b60   Data           2  lc_numeric_c.o(locale$$data)
    __lcnum_c_start                          0x00001b68   Data           0  lc_numeric_c.o(locale$$data)
    __lcnum_c_point                          0x00001b74   Data           0  lc_numeric_c.o(locale$$data)
    __lcnum_c_thousands                      0x00001b76   Data           0  lc_numeric_c.o(locale$$data)
    __lcnum_c_grouping                       0x00001b77   Data           0  lc_numeric_c.o(locale$$data)
    locale$$data                             0x00001b78   Section      272  lc_ctype_c.o(locale$$data)
    __lcnum_c_end                            0x00001b78   Data           0  lc_numeric_c.o(locale$$data)
    __lcctype_c_name                         0x00001b7c   Data           2  lc_ctype_c.o(locale$$data)
    __lcctype_c_start                        0x00001b84   Data           0  lc_ctype_c.o(locale$$data)
    .init_array                              0x00001c88   Section        4  main.o(.init_array)
    __lcctype_c_end                          0x00001c88   Data           0  lc_ctype_c.o(locale$$data)
    .init_array                              0x00001c8c   Section        0  init_aeabi.o(.init_array)
    .data                                    0x20000000   Section        4  main.o(.data)
    .data                                    0x20000004   Section        4  system_saml21g18b.o(.data)
    .bss                                     0x20000008   Section       96  libspace.o(.bss)
    HEAP                                     0x20000068   Section     4096  startup_saml21g18b.o(HEAP)
    Heap_Mem                                 0x20000068   Data        4096  startup_saml21g18b.o(HEAP)
    STACK                                    0x20001068   Section     4096  startup_saml21g18b.o(STACK)
    Stack_Mem                                0x20001068   Data        4096  startup_saml21g18b.o(STACK)
    __initial_sp                             0x20002068   Data           0  startup_saml21g18b.o(STACK)

    Global Symbols

    Symbol Name                              Value     Ov Type        Size  Object(Section)

    BuildAttributes$$THM_ISAv3M$S$PE$A:L22$X:L11$S22$IEEE1$IW$USESV6$~STKCKD$USESV7$~SHL$OTIME$ROPI$IEEEJ$EBA8$UX$STANDARDLIB$REQ8$PRES8$EABIv2 0x00000000   Number         0  anon$$obj.o ABSOLUTE
    __ARM_use_no_argv                        0x00000000   Number         0  main.o ABSOLUTE
    __Vectors                                0x00000000   Data           4  startup_saml21g18b.o(RESET)
    _printf_flags                            0x00000000   Number         0  printf_stubs.o ABSOLUTE
    _printf_return_value                     0x00000000   Number         0  printf_stubs.o ABSOLUTE
    _printf_sizespec                         0x00000000   Number         0  printf_stubs.o ABSOLUTE
    _printf_widthprec                        0x00000000   Number         0  printf_stubs.o ABSOLUTE
    __ARM_exceptions_init                     - Undefined Weak Reference
    __alloca_initialize                       - Undefined Weak Reference
    __arm_preinit_                            - Undefined Weak Reference
    __cxa_finalize                            - Undefined Weak Reference
    __sigvec_lookup                           - Undefined Weak Reference
    _atexit_init                              - Undefined Weak Reference
    _call_atexit_fns                          - Undefined Weak Reference
    _clock_init                               - Undefined Weak Reference
    _fp_trap_init                             - Undefined Weak Reference
    _fp_trap_shutdown                         - Undefined Weak Reference
    _get_lc_collate                           - Undefined Weak Reference
    _get_lc_monetary                          - Undefined Weak Reference
    _get_lc_time                              - Undefined Weak Reference
    _getenv_init                              - Undefined Weak Reference
    _handle_redirection                       - Undefined Weak Reference
    _init_alloc                               - Undefined Weak Reference
    _init_user_alloc                          - Undefined Weak Reference
    _initio                                   - Undefined Weak Reference
    _printf_fp_hex                            - Undefined Weak Reference
    _printf_mbtowc                            - Undefined Weak Reference
    _printf_wc                                - Undefined Weak Reference
    _rand_init                                - Undefined Weak Reference
    _signal_finish                            - Undefined Weak Reference
    _signal_init                              - Undefined Weak Reference
    _terminate_alloc                          - Undefined Weak Reference
    _terminate_user_alloc                     - Undefined Weak Reference
    _terminateio                              - Undefined Weak Reference
    __Vectors_End                            0x000000b0   Data           0  startup_saml21g18b.o(RESET)
    __Vectors_Size                           0x000000b0   Number         0  startup_saml21g18b.o ABSOLUTE
    __main                                   0x000000b1   Thumb Code     8  __main.o(!!!main)
    __scatterload                            0x000000b9   Thumb Code     0  __scatter.o(!!!scatter)
    __scatterload_rt2                        0x000000b9   Thumb Code    52  __scatter.o(!!!scatter)
    __scatterload_rt2_thumb_only             0x000000b9   Thumb Code     0  __scatter.o(!!!scatter)
    __scatterload_null                       0x000000c9   Thumb Code     0  __scatter.o(!!!scatter)
    __scatterload_copy                       0x000000f5   Thumb Code    26  __scatter_copy.o(!!handler_copy)
    __scatterload_zeroinit                   0x00000111   Thumb Code    28  __scatter_zi.o(!!handler_zi)
    _printf_percent                          0x0000012d   Thumb Code     0  _printf_percent.o(.ARM.Collect$$_printf_percent$$00000000)
    _printf_n                                0x0000012f   Thumb Code     0  _printf_n.o(.ARM.Collect$$_printf_percent$$00000001)
    _printf_p                                0x00000139   Thumb Code     0  _printf_p.o(.ARM.Collect$$_printf_percent$$00000002)
    _printf_f                                0x00000143   Thumb Code     0  _printf_f.o(.ARM.Collect$$_printf_percent$$00000003)
    _printf_e                                0x0000014d   Thumb Code     0  _printf_e.o(.ARM.Collect$$_printf_percent$$00000004)
    _printf_g                                0x00000157   Thumb Code     0  _printf_g.o(.ARM.Collect$$_printf_percent$$00000005)
    _printf_a                                0x00000161   Thumb Code     0  _printf_a.o(.ARM.Collect$$_printf_percent$$00000006)
    _printf_ll                               0x0000016b   Thumb Code     0  _printf_ll.o(.ARM.Collect$$_printf_percent$$00000007)
    _printf_i                                0x00000175   Thumb Code     0  _printf_i.o(.ARM.Collect$$_printf_percent$$00000008)
    _printf_d                                0x0000017f   Thumb Code     0  _printf_d.o(.ARM.Collect$$_printf_percent$$00000009)
    _printf_u                                0x00000189   Thumb Code     0  _printf_u.o(.ARM.Collect$$_printf_percent$$0000000A)
    _printf_o                                0x00000193   Thumb Code     0  _printf_o.o(.ARM.Collect$$_printf_percent$$0000000B)
    _printf_x                                0x0000019d   Thumb Code     0  _printf_x.o(.ARM.Collect$$_printf_percent$$0000000C)
    _printf_lli                              0x000001a7   Thumb Code     0  _printf_lli.o(.ARM.Collect$$_printf_percent$$0000000D)
    _printf_lld                              0x000001b1   Thumb Code     0  _printf_lld.o(.ARM.Collect$$_printf_percent$$0000000E)
    _printf_llu                              0x000001bb   Thumb Code     0  _printf_llu.o(.ARM.Collect$$_printf_percent$$0000000F)
    _printf_llo                              0x000001c5   Thumb Code     0  _printf_llo.o(.ARM.Collect$$_printf_percent$$00000010)
    _printf_llx                              0x000001cf   Thumb Code     0  _printf_llx.o(.ARM.Collect$$_printf_percent$$00000011)
    _printf_l                                0x000001d9   Thumb Code     0  _printf_l.o(.ARM.Collect$$_printf_percent$$00000012)
    _printf_c                                0x000001e3   Thumb Code     0  _printf_c.o(.ARM.Collect$$_printf_percent$$00000013)
    _printf_s                                0x000001ed   Thumb Code     0  _printf_s.o(.ARM.Collect$$_printf_percent$$00000014)
    _printf_lc                               0x000001f7   Thumb Code     0  _printf_lc.o(.ARM.Collect$$_printf_percent$$00000015)
    _printf_ls                               0x00000201   Thumb Code     0  _printf_ls.o(.ARM.Collect$$_printf_percent$$00000016)
    _printf_percent_end                      0x0000020b   Thumb Code     0  _printf_percent_end.o(.ARM.Collect$$_printf_percent$$00000017)
    __rt_lib_init                            0x0000020f   Thumb Code     0  libinit.o(.ARM.Collect$$libinit$$00000000)
    __rt_lib_init_fp_1                       0x00000211   Thumb Code     0  libinit2.o(.ARM.Collect$$libinit$$00000002)
    __rt_lib_init_heap_1                     0x00000211   Thumb Code     0  libinit2.o(.ARM.Collect$$libinit$$0000000A)
    __rt_lib_init_lc_common                  0x00000211   Thumb Code     0  libinit2.o(.ARM.Collect$$libinit$$0000000F)
    __rt_lib_init_preinit_1                  0x00000211   Thumb Code     0  libinit2.o(.ARM.Collect$$libinit$$00000004)
    __rt_lib_init_rand_1                     0x00000211   Thumb Code     0  libinit2.o(.ARM.Collect$$libinit$$0000000E)
    __rt_lib_init_user_alloc_1               0x00000211   Thumb Code     0  libinit2.o(.ARM.Collect$$libinit$$0000000C)
    __rt_lib_init_lc_collate_1               0x00000217   Thumb Code     0  libinit2.o(.ARM.Collect$$libinit$$00000011)
    __rt_lib_init_lc_ctype_2                 0x00000217   Thumb Code     0  libinit2.o(.ARM.Collect$$libinit$$00000012)
    __rt_lib_init_lc_ctype_1                 0x00000223   Thumb Code     0  libinit2.o(.ARM.Collect$$libinit$$00000013)
    __rt_lib_init_lc_monetary_1              0x00000223   Thumb Code     0  libinit2.o(.ARM.Collect$$libinit$$00000015)
    __rt_lib_init_lc_numeric_2               0x00000223   Thumb Code     0  libinit2.o(.ARM.Collect$$libinit$$00000016)
    __rt_lib_init_alloca_1                   0x0000022d   Thumb Code     0  libinit2.o(.ARM.Collect$$libinit$$0000002E)
    __rt_lib_init_argv_1                     0x0000022d   Thumb Code     0  libinit2.o(.ARM.Collect$$libinit$$0000002C)
    __rt_lib_init_atexit_1                   0x0000022d   Thumb Code     0  libinit2.o(.ARM.Collect$$libinit$$0000001B)
    __rt_lib_init_clock_1                    0x0000022d   Thumb Code     0  libinit2.o(.ARM.Collect$$libinit$$00000021)
    __rt_lib_init_cpp_2                      0x0000022d   Thumb Code     0  libinit2.o(.ARM.Collect$$libinit$$00000031)
    __rt_lib_init_exceptions_1               0x0000022d   Thumb Code     0  libinit2.o(.ARM.Collect$$libinit$$00000030)
    __rt_lib_init_fp_trap_1                  0x0000022d   Thumb Code     0  libinit2.o(.ARM.Collect$$libinit$$0000001F)
    __rt_lib_init_getenv_1                   0x0000022d   Thumb Code     0  libinit2.o(.ARM.Collect$$libinit$$00000023)
    __rt_lib_init_lc_numeric_1               0x0000022d   Thumb Code     0  libinit2.o(.ARM.Collect$$libinit$$00000017)
    __rt_lib_init_lc_time_1                  0x0000022d   Thumb Code     0  libinit2.o(.ARM.Collect$$libinit$$00000019)
    __rt_lib_init_signal_1                   0x0000022d   Thumb Code     0  libinit2.o(.ARM.Collect$$libinit$$0000001D)
    __rt_lib_init_stdio_1                    0x0000022d   Thumb Code     0  libinit2.o(.ARM.Collect$$libinit$$00000025)
    __rt_lib_init_cpp_1                      0x00000231   Thumb Code     0  libinit2.o(.ARM.Collect$$libinit$$00000032)
    __rt_lib_init_return                     0x00000231   Thumb Code     0  libinit2.o(.ARM.Collect$$libinit$$00000033)
    __rt_lib_shutdown                        0x00000233   Thumb Code     0  libshutdown.o(.ARM.Collect$$libshutdown$$00000000)
    __rt_lib_shutdown_cpp_1                  0x00000235   Thumb Code     0  libshutdown2.o(.ARM.Collect$$libshutdown$$00000002)
    __rt_lib_shutdown_fp_trap_1              0x00000235   Thumb Code     0  libshutdown2.o(.ARM.Collect$$libshutdown$$00000007)
    __rt_lib_shutdown_heap_1                 0x00000235   Thumb Code     0  libshutdown2.o(.ARM.Collect$$libshutdown$$0000000F)
    __rt_lib_shutdown_return                 0x00000235   Thumb Code     0  libshutdown2.o(.ARM.Collect$$libshutdown$$00000010)
    __rt_lib_shutdown_signal_1               0x00000235   Thumb Code     0  libshutdown2.o(.ARM.Collect$$libshutdown$$0000000A)
    __rt_lib_shutdown_stdio_1                0x00000235   Thumb Code     0  libshutdown2.o(.ARM.Collect$$libshutdown$$00000004)
    __rt_lib_shutdown_user_alloc_1           0x00000235   Thumb Code     0  libshutdown2.o(.ARM.Collect$$libshutdown$$0000000C)
    __rt_entry                               0x00000237   Thumb Code     0  __rtentry.o(.ARM.Collect$$rtentry$$00000000)
    __rt_entry_presh_1                       0x00000237   Thumb Code     0  __rtentry2.o(.ARM.Collect$$rtentry$$00000002)
    __rt_entry_sh                            0x00000237   Thumb Code     0  __rtentry4.o(.ARM.Collect$$rtentry$$00000004)
    __rt_entry_li                            0x0000023d   Thumb Code     0  __rtentry2.o(.ARM.Collect$$rtentry$$0000000A)
    __rt_entry_postsh_1                      0x0000023d   Thumb Code     0  __rtentry2.o(.ARM.Collect$$rtentry$$00000009)
    __rt_entry_main                          0x00000241   Thumb Code     0  __rtentry2.o(.ARM.Collect$$rtentry$$0000000D)
    __rt_entry_postli_1                      0x00000241   Thumb Code     0  __rtentry2.o(.ARM.Collect$$rtentry$$0000000C)
    __rt_exit                                0x00000249   Thumb Code     0  rtexit.o(.ARM.Collect$$rtexit$$00000000)
    __rt_exit_ls                             0x0000024b   Thumb Code     0  rtexit2.o(.ARM.Collect$$rtexit$$00000003)
    __rt_exit_prels_1                        0x0000024b   Thumb Code     0  rtexit2.o(.ARM.Collect$$rtexit$$00000002)
    __rt_exit_exit                           0x0000024f   Thumb Code     0  rtexit2.o(.ARM.Collect$$rtexit$$00000004)
    Reset_Handler                            0x00000255   Thumb Code     8  startup_saml21g18b.o(.text)
    NonMaskableInt_Handler                   0x0000025d   Thumb Code     2  startup_saml21g18b.o(.text)
    HardFault_Handler                        0x0000025f   Thumb Code     2  startup_saml21g18b.o(.text)
    SVC_Handler                              0x00000261   Thumb Code     2  startup_saml21g18b.o(.text)
    PendSV_Handler                           0x00000263   Thumb Code     2  startup_saml21g18b.o(.text)
    SysTick_Handler                          0x00000265   Thumb Code     2  startup_saml21g18b.o(.text)
    AC_Handler                               0x00000267   Thumb Code     0  startup_saml21g18b.o(.text)
    ADC_Handler                              0x00000267   Thumb Code     0  startup_saml21g18b.o(.text)
    AES_Handler                              0x00000267   Thumb Code     0  startup_saml21g18b.o(.text)
    DAC_Handler                              0x00000267   Thumb Code     0  startup_saml21g18b.o(.text)
    DMAC_Handler                             0x00000267   Thumb Code     0  startup_saml21g18b.o(.text)
    EIC_Handler                              0x00000267   Thumb Code     0  startup_saml21g18b.o(.text)
    EVSYS_Handler                            0x00000267   Thumb Code     0  startup_saml21g18b.o(.text)
    NVMCTRL_Handler                          0x00000267   Thumb Code     0  startup_saml21g18b.o(.text)
    PTC_Handler                              0x00000267   Thumb Code     0  startup_saml21g18b.o(.text)
    RTC_Handler                              0x00000267   Thumb Code     0  startup_saml21g18b.o(.text)
    SERCOM1_Handler                          0x00000267   Thumb Code     0  startup_saml21g18b.o(.text)
    SERCOM2_Handler                          0x00000267   Thumb Code     0  startup_saml21g18b.o(.text)
    SERCOM3_Handler                          0x00000267   Thumb Code     0  startup_saml21g18b.o(.text)
    SERCOM4_Handler                          0x00000267   Thumb Code     0  startup_saml21g18b.o(.text)
    SERCOM5_Handler                          0x00000267   Thumb Code     0  startup_saml21g18b.o(.text)
    SYSTEM_Handler                           0x00000267   Thumb Code     0  startup_saml21g18b.o(.text)
    TC0_Handler                              0x00000267   Thumb Code     0  startup_saml21g18b.o(.text)
    TC1_Handler                              0x00000267   Thumb Code     0  startup_saml21g18b.o(.text)
    TC4_Handler                              0x00000267   Thumb Code     0  startup_saml21g18b.o(.text)
    TCC0_Handler                             0x00000267   Thumb Code     0  startup_saml21g18b.o(.text)
    TCC1_Handler                             0x00000267   Thumb Code     0  startup_saml21g18b.o(.text)
    TCC2_Handler                             0x00000267   Thumb Code     0  startup_saml21g18b.o(.text)
    TRNG_Handler                             0x00000267   Thumb Code     0  startup_saml21g18b.o(.text)
    USB_Handler                              0x00000267   Thumb Code     0  startup_saml21g18b.o(.text)
    WDT_Handler                              0x00000267   Thumb Code     0  startup_saml21g18b.o(.text)
    __user_initial_stackheap                 0x00000269   Thumb Code     0  startup_saml21g18b.o(.text)
    __c89vsprintf                            0x0000028d   Thumb Code    32  c89vsprintf.o(.text)
    __use_two_region_memory                  0x000002b1   Thumb Code     2  heapauxi.o(.text)
    __rt_heap_escrow$2region                 0x000002b3   Thumb Code     2  heapauxi.o(.text)
    __rt_heap_expand$2region                 0x000002b5   Thumb Code     2  heapauxi.o(.text)
    __cpp_initialize__aeabi_                 0x000002b9   Thumb Code    26  init_aeabi.o(.text)
    _printf_pre_padding                      0x000002dd   Thumb Code    44  _printf_pad.o(.text)
    _printf_post_padding                     0x00000309   Thumb Code    34  _printf_pad.o(.text)
    _printf_truncate_signed                  0x0000032b   Thumb Code    18  _printf_truncate.o(.text)
    _printf_truncate_unsigned                0x0000033d   Thumb Code    18  _printf_truncate.o(.text)
    _printf_str                              0x0000034f   Thumb Code    82  _printf_str.o(.text)
    _printf_int_dec                          0x000003a1   Thumb Code    90  _printf_dec.o(.text)
    _printf_charcount                        0x0000040d   Thumb Code    38  _printf_charcount.o(.text)
    _printf_char_common                      0x0000043f   Thumb Code    32  _printf_char_common.o(.text)
    _sputc                                   0x00000465   Thumb Code    10  _sputc.o(.text)
    _printf_wctomb                           0x00000471   Thumb Code   182  _printf_wctomb.o(.text)
    _printf_longlong_dec                     0x0000052d   Thumb Code    94  _printf_longlong_dec.o(.text)
    _printf_longlong_oct                     0x0000059d   Thumb Code    68  _printf_oct_int_ll.o(.text)
    _printf_int_oct                          0x000005e1   Thumb Code    24  _printf_oct_int_ll.o(.text)
    _printf_ll_oct                           0x000005f9   Thumb Code    10  _printf_oct_int_ll.o(.text)
    _printf_longlong_hex                     0x0000060d   Thumb Code    88  _printf_hex_int_ll_ptr.o(.text)
    _printf_int_hex                          0x00000665   Thumb Code    28  _printf_hex_int_ll_ptr.o(.text)
    _printf_ll_hex                           0x00000681   Thumb Code    10  _printf_hex_int_ll_ptr.o(.text)
    _printf_hex_ptr                          0x0000068b   Thumb Code    22  _printf_hex_int_ll_ptr.o(.text)
    __printf                                 0x000006a5   Thumb Code   386  __printf_flags_ss_wp.o(.text)
    _ll_udiv10                               0x0000082d   Thumb Code   122  lludiv10.o(.text)
    _printf_int_common                       0x000008a7   Thumb Code   176  _printf_intcommon.o(.text)
    __lib_sel_fp_printf                      0x00000959   Thumb Code     2  _printf_fp_dec.o(.text)
    _printf_fp_dec_real                      0x00000af7   Thumb Code   620  _printf_fp_dec.o(.text)
    _printf_cs_common                        0x00000d71   Thumb Code    22  _printf_char.o(.text)
    _printf_char                             0x00000d87   Thumb Code    16  _printf_char.o(.text)
    _printf_string                           0x00000d97   Thumb Code     8  _printf_char.o(.text)
    _printf_lcs_common                       0x00000d9f   Thumb Code    22  _printf_wchar.o(.text)
    _printf_wchar                            0x00000db5   Thumb Code    16  _printf_wchar.o(.text)
    _printf_wstring                          0x00000dc5   Thumb Code     8  _printf_wchar.o(.text)
    _wcrtomb                                 0x00000dcd   Thumb Code    64  _wcrtomb.o(.text)
    __rt_udiv10                              0x00000e0d   Thumb Code    40  rtudiv10.o(.text)
    __user_setup_stackheap                   0x00000e35   Thumb Code    62  sys_stackheap_outer.o(.text)
    __rt_ctype_table                         0x00000e75   Thumb Code    16  rt_ctype_table.o(.text)
    __rt_locale                              0x00000e85   Thumb Code     8  rt_locale_intlibspace.o(.text)
    _printf_fp_infnan                        0x00000e8d   Thumb Code   120  _printf_fp_infnan.o(.text)
    _btod_etento                             0x00000f15   Thumb Code   210  bigflt0.o(.text)
    _btod_d2e                                0x00000fed   Thumb Code    64  btod.o(.text)
    _btod_emul                               0x00001421   Thumb Code    28  btod.o(.text)
    _btod_emuld                              0x0000143d   Thumb Code   144  btod.o(.text)
    _btod_ediv                               0x000014cd   Thumb Code    26  btod.o(.text)
    _btod_edivd                              0x000014e7   Thumb Code   124  btod.o(.text)
    exit                                     0x0000156d   Thumb Code    16  exit.o(.text)
    __user_libspace                          0x0000157d   Thumb Code     8  libspace.o(.text)
    __user_perproc_libspace                  0x0000157d   Thumb Code     0  libspace.o(.text)
    __user_perthread_libspace                0x0000157d   Thumb Code     0  libspace.o(.text)
    strcmp                                   0x00001585   Thumb Code   132  strcmp.o(.text)
    __aeabi_uidiv                            0x0000160d   Thumb Code     0  aeabi_sdiv.o(.text)
    __aeabi_uidivmod                         0x0000160d   Thumb Code    20  aeabi_sdiv.o(.text)
    __aeabi_idiv                             0x00001621   Thumb Code     0  aeabi_sdiv.o(.text)
    __aeabi_idivmod                          0x00001621   Thumb Code   326  aeabi_sdiv.o(.text)
    __I$use$semihosting                      0x00001767   Thumb Code     0  use_no_semi.o(.text)
    __use_no_semihosting_swi                 0x00001767   Thumb Code     2  use_no_semi.o(.text)
    __semihosting_library_function           0x00001769   Thumb Code     0  indicate_semi.o(.text)
    _sys_exit                                0x00001769   Thumb Code     8  sys_exit.o(.text)
    SERCOM0_Handler                          0x00001775   Thumb Code    30  main.o(i.SERCOM0_Handler)
    SystemInit                               0x000017a5   Thumb Code     8  system_saml21g18b.o(i.SystemInit)
    setup_system()                           0x000017b5   Thumb Code   156  system_setup.o(i._Z12setup_systemv)
    setup_rtc()                              0x00001879   Thumb Code     2  rtc.o(i._Z9setup_rtcv)
    UART::_printf(const char*, ...)          0x0000187b   Thumb Code    70  sercom.o(i._ZN4UART7_printfEPKcz)
    UART::UART(sercom_registers_t*, int)     0x000018c1   Thumb Code   108  sercom.o(i._ZN4UARTC1EP18sercom_registers_ti)
    UART::UART__sub_object(sercom_registers_t*, int) 0x000018c1   Thumb Code     0  sercom.o(i._ZN4UARTC1EP18sercom_registers_ti)
    __ARM_common_ll_muluu                    0x00001945   Thumb Code    48  btod.o(i.__ARM_common_ll_muluu)
    __ARM_fpclassify                         0x00001975   Thumb Code    40  fpclassify.o(i.__ARM_fpclassify)
    _is_digit                                0x000019b9   Thumb Code    14  __printf_wp.o(i._is_digit)
    main                                     0x000019c9   Thumb Code    36  main.o(i.main)
    _get_lc_numeric                          0x000019fd   Thumb Code    44  lc_numeric_c.o(locale$$code)
    _get_lc_ctype                            0x00001a29   Thumb Code    44  lc_ctype_c.o(locale$$code)
    _printf_fp_dec                           0x00001a55   Thumb Code    16  printf1.o(x$fpl$printf1)
    __I$use$fp                               0x00001a64   Number         0  usenofp.o(x$fpl$usenofp)
    Region$$Table$$Base                      0x00001b3c   Number         0  anon$$obj.o(Region$$Table)
    Region$$Table$$Limit                     0x00001b5c   Number         0  anon$$obj.o(Region$$Table)
    __ctype                                  0x00001b85   Data           0  lc_ctype_c.o(locale$$data)
    SHT$$INIT_ARRAY$$Base                    0x00001c88   Number         0  main.o(.init_array)
    SHT$$INIT_ARRAY$$Limit                   0x00001c8c   Number         0  init_aeabi.o(.init_array)
    usart                                    0x20000000   Data           4  main.o(.data)
    SystemCoreClock                          0x20000004   Data           4  system_saml21g18b.o(.data)
    __libspace_start                         0x20000008   Data          96  libspace.o(.bss)
    __temporary_stack_top$libspace           0x20000068   Data           0  libspace.o(.bss)



==============================================================================

Memory Map of the image

  Image Entry point : 0x000000b1

  Load Region LR_IROM1 (Base: 0x00000000, Size: 0x00001c94, Max: 0x00040000, ABSOLUTE)

    Execution Region ER_IROM1 (Exec base: 0x00000000, Load base: 0x00000000, Size: 0x00001c8c, Max: 0x00040000, ABSOLUTE)

    Exec Addr    Load Addr    Size         Type   Attr      Idx    E Section Name        Object

    0x00000000   0x00000000   0x000000b0   Data   RO          386    RESET               startup_saml21g18b.o
    0x000000b0   0x000000b0   0x00000008   Code   RO          655  * !!!main             c_p.l(__main.o)
    0x000000b8   0x000000b8   0x0000003c   Code   RO          973    !!!scatter          c_p.l(__scatter.o)
    0x000000f4   0x000000f4   0x0000001a   Code   RO          975    !!handler_copy      c_p.l(__scatter_copy.o)
    0x0000010e   0x0000010e   0x00000002   PAD
    0x00000110   0x00000110   0x0000001c   Code   RO          977    !!handler_zi        c_p.l(__scatter_zi.o)
    0x0000012c   0x0000012c   0x00000002   Code   RO          745    .ARM.Collect$$_printf_percent$$00000000  c_p.l(_printf_percent.o)
    0x0000012e   0x0000012e   0x0000000a   Code   RO          734    .ARM.Collect$$_printf_percent$$00000001  c_p.l(_printf_n.o)
    0x00000138   0x00000138   0x0000000a   Code   RO          736    .ARM.Collect$$_printf_percent$$00000002  c_p.l(_printf_p.o)
    0x00000142   0x00000142   0x0000000a   Code   RO          741    .ARM.Collect$$_printf_percent$$00000003  c_p.l(_printf_f.o)
    0x0000014c   0x0000014c   0x0000000a   Code   RO          742    .ARM.Collect$$_printf_percent$$00000004  c_p.l(_printf_e.o)
    0x00000156   0x00000156   0x0000000a   Code   RO          743    .ARM.Collect$$_printf_percent$$00000005  c_p.l(_printf_g.o)
    0x00000160   0x00000160   0x0000000a   Code   RO          744    .ARM.Collect$$_printf_percent$$00000006  c_p.l(_printf_a.o)
    0x0000016a   0x0000016a   0x0000000a   Code   RO          749    .ARM.Collect$$_printf_percent$$00000007  c_p.l(_printf_ll.o)
    0x00000174   0x00000174   0x0000000a   Code   RO          738    .ARM.Collect$$_printf_percent$$00000008  c_p.l(_printf_i.o)
    0x0000017e   0x0000017e   0x0000000a   Code   RO          739    .ARM.Collect$$_printf_percent$$00000009  c_p.l(_printf_d.o)
    0x00000188   0x00000188   0x0000000a   Code   RO          740    .ARM.Collect$$_printf_percent$$0000000A  c_p.l(_printf_u.o)
    0x00000192   0x00000192   0x0000000a   Code   RO          737    .ARM.Collect$$_printf_percent$$0000000B  c_p.l(_printf_o.o)
    0x0000019c   0x0000019c   0x0000000a   Code   RO          735    .ARM.Collect$$_printf_percent$$0000000C  c_p.l(_printf_x.o)
    0x000001a6   0x000001a6   0x0000000a   Code   RO          746    .ARM.Collect$$_printf_percent$$0000000D  c_p.l(_printf_lli.o)
    0x000001b0   0x000001b0   0x0000000a   Code   RO          747    .ARM.Collect$$_printf_percent$$0000000E  c_p.l(_printf_lld.o)
    0x000001ba   0x000001ba   0x0000000a   Code   RO          748    .ARM.Collect$$_printf_percent$$0000000F  c_p.l(_printf_llu.o)
    0x000001c4   0x000001c4   0x0000000a   Code   RO          753    .ARM.Collect$$_printf_percent$$00000010  c_p.l(_printf_llo.o)
    0x000001ce   0x000001ce   0x0000000a   Code   RO          754    .ARM.Collect$$_printf_percent$$00000011  c_p.l(_printf_llx.o)
    0x000001d8   0x000001d8   0x0000000a   Code   RO          750    .ARM.Collect$$_printf_percent$$00000012  c_p.l(_printf_l.o)
    0x000001e2   0x000001e2   0x0000000a   Code   RO          732    .ARM.Collect$$_printf_percent$$00000013  c_p.l(_printf_c.o)
    0x000001ec   0x000001ec   0x0000000a   Code   RO          733    .ARM.Collect$$_printf_percent$$00000014  c_p.l(_printf_s.o)
    0x000001f6   0x000001f6   0x0000000a   Code   RO          751    .ARM.Collect$$_printf_percent$$00000015  c_p.l(_printf_lc.o)
    0x00000200   0x00000200   0x0000000a   Code   RO          752    .ARM.Collect$$_printf_percent$$00000016  c_p.l(_printf_ls.o)
    0x0000020a   0x0000020a   0x00000004   Code   RO          829    .ARM.Collect$$_printf_percent$$00000017  c_p.l(_printf_percent_end.o)
    0x0000020e   0x0000020e   0x00000002   Code   RO          871    .ARM.Collect$$libinit$$00000000  c_p.l(libinit.o)
    0x00000210   0x00000210   0x00000000   Code   RO          756    .ARM.Collect$$libinit$$00000002  c_p.l(libinit2.o)
    0x00000210   0x00000210   0x00000000   Code   RO          758    .ARM.Collect$$libinit$$00000004  c_p.l(libinit2.o)
    0x00000210   0x00000210   0x00000000   Code   RO          761    .ARM.Collect$$libinit$$0000000A  c_p.l(libinit2.o)
    0x00000210   0x00000210   0x00000000   Code   RO          763    .ARM.Collect$$libinit$$0000000C  c_p.l(libinit2.o)
    0x00000210   0x00000210   0x00000000   Code   RO          765    .ARM.Collect$$libinit$$0000000E  c_p.l(libinit2.o)
    0x00000210   0x00000210   0x00000006   Code   RO          766    .ARM.Collect$$libinit$$0000000F  c_p.l(libinit2.o)
    0x00000216   0x00000216   0x00000000   Code   RO          768    .ARM.Collect$$libinit$$00000011  c_p.l(libinit2.o)
    0x00000216   0x00000216   0x0000000c   Code   RO          769    .ARM.Collect$$libinit$$00000012  c_p.l(libinit2.o)
    0x00000222   0x00000222   0x00000000   Code   RO          770    .ARM.Collect$$libinit$$00000013  c_p.l(libinit2.o)
    0x00000222   0x00000222   0x00000000   Code   RO          772    .ARM.Collect$$libinit$$00000015  c_p.l(libinit2.o)
    0x00000222   0x00000222   0x0000000a   Code   RO          773    .ARM.Collect$$libinit$$00000016  c_p.l(libinit2.o)
    0x0000022c   0x0000022c   0x00000000   Code   RO          774    .ARM.Collect$$libinit$$00000017  c_p.l(libinit2.o)
    0x0000022c   0x0000022c   0x00000000   Code   RO          776    .ARM.Collect$$libinit$$00000019  c_p.l(libinit2.o)
    0x0000022c   0x0000022c   0x00000000   Code   RO          778    .ARM.Collect$$libinit$$0000001B  c_p.l(libinit2.o)
    0x0000022c   0x0000022c   0x00000000   Code   RO          780    .ARM.Collect$$libinit$$0000001D  c_p.l(libinit2.o)
    0x0000022c   0x0000022c   0x00000000   Code   RO          782    .ARM.Collect$$libinit$$0000001F  c_p.l(libinit2.o)
    0x0000022c   0x0000022c   0x00000000   Code   RO          784    .ARM.Collect$$libinit$$00000021  c_p.l(libinit2.o)
    0x0000022c   0x0000022c   0x00000000   Code   RO          786    .ARM.Collect$$libinit$$00000023  c_p.l(libinit2.o)
    0x0000022c   0x0000022c   0x00000000   Code   RO          788    .ARM.Collect$$libinit$$00000025  c_p.l(libinit2.o)
    0x0000022c   0x0000022c   0x00000000   Code   RO          792    .ARM.Collect$$libinit$$0000002C  c_p.l(libinit2.o)
    0x0000022c   0x0000022c   0x00000000   Code   RO          794    .ARM.Collect$$libinit$$0000002E  c_p.l(libinit2.o)
    0x0000022c   0x0000022c   0x00000000   Code   RO          796    .ARM.Collect$$libinit$$00000030  c_p.l(libinit2.o)
    0x0000022c   0x0000022c   0x00000004   Code   RO          797    .ARM.Collect$$libinit$$00000031  c_p.l(libinit2.o)
    0x00000230   0x00000230   0x00000000   Code   RO          798    .ARM.Collect$$libinit$$00000032  c_p.l(libinit2.o)
    0x00000230   0x00000230   0x00000002   Code   RO          799    .ARM.Collect$$libinit$$00000033  c_p.l(libinit2.o)
    0x00000232   0x00000232   0x00000002   Code   RO          930    .ARM.Collect$$libshutdown$$00000000  c_p.l(libshutdown.o)
    0x00000234   0x00000234   0x00000000   Code   RO          940    .ARM.Collect$$libshutdown$$00000002  c_p.l(libshutdown2.o)
    0x00000234   0x00000234   0x00000000   Code   RO          942    .ARM.Collect$$libshutdown$$00000004  c_p.l(libshutdown2.o)
    0x00000234   0x00000234   0x00000000   Code   RO          945    .ARM.Collect$$libshutdown$$00000007  c_p.l(libshutdown2.o)
    0x00000234   0x00000234   0x00000000   Code   RO          948    .ARM.Collect$$libshutdown$$0000000A  c_p.l(libshutdown2.o)
    0x00000234   0x00000234   0x00000000   Code   RO          950    .ARM.Collect$$libshutdown$$0000000C  c_p.l(libshutdown2.o)
    0x00000234   0x00000234   0x00000000   Code   RO          953    .ARM.Collect$$libshutdown$$0000000F  c_p.l(libshutdown2.o)
    0x00000234   0x00000234   0x00000002   Code   RO          954    .ARM.Collect$$libshutdown$$00000010  c_p.l(libshutdown2.o)
    0x00000236   0x00000236   0x00000000   Code   RO          663    .ARM.Collect$$rtentry$$00000000  c_p.l(__rtentry.o)
    0x00000236   0x00000236   0x00000000   Code   RO          803    .ARM.Collect$$rtentry$$00000002  c_p.l(__rtentry2.o)
    0x00000236   0x00000236   0x00000006   Code   RO          815    .ARM.Collect$$rtentry$$00000004  c_p.l(__rtentry4.o)
    0x0000023c   0x0000023c   0x00000000   Code   RO          805    .ARM.Collect$$rtentry$$00000009  c_p.l(__rtentry2.o)
    0x0000023c   0x0000023c   0x00000004   Code   RO          806    .ARM.Collect$$rtentry$$0000000A  c_p.l(__rtentry2.o)
    0x00000240   0x00000240   0x00000000   Code   RO          808    .ARM.Collect$$rtentry$$0000000C  c_p.l(__rtentry2.o)
    0x00000240   0x00000240   0x00000008   Code   RO          809    .ARM.Collect$$rtentry$$0000000D  c_p.l(__rtentry2.o)
    0x00000248   0x00000248   0x00000002   Code   RO          883    .ARM.Collect$$rtexit$$00000000  c_p.l(rtexit.o)
    0x0000024a   0x0000024a   0x00000000   Code   RO          904    .ARM.Collect$$rtexit$$00000002  c_p.l(rtexit2.o)
    0x0000024a   0x0000024a   0x00000004   Code   RO          905    .ARM.Collect$$rtexit$$00000003  c_p.l(rtexit2.o)
    0x0000024e   0x0000024e   0x00000006   Code   RO          906    .ARM.Collect$$rtexit$$00000004  c_p.l(rtexit2.o)
    0x00000254   0x00000254   0x00000038   Code   RO          387    .text               startup_saml21g18b.o
    0x0000028c   0x0000028c   0x00000024   Code   RO          651    .text               c_p.l(c89vsprintf.o)
    0x000002b0   0x000002b0   0x00000006   Code   RO          653    .text               c_p.l(heapauxi.o)
    0x000002b6   0x000002b6   0x00000002   PAD
    0x000002b8   0x000002b8   0x00000024   Code   RO          660    .text               c_p.l(init_aeabi.o)
    0x000002dc   0x000002dc   0x0000004e   Code   RO          666    .text               c_p.l(_printf_pad.o)
    0x0000032a   0x0000032a   0x00000024   Code   RO          668    .text               c_p.l(_printf_truncate.o)
    0x0000034e   0x0000034e   0x00000052   Code   RO          670    .text               c_p.l(_printf_str.o)
    0x000003a0   0x000003a0   0x0000006c   Code   RO          672    .text               c_p.l(_printf_dec.o)
    0x0000040c   0x0000040c   0x00000026   Code   RO          674    .text               c_p.l(_printf_charcount.o)
    0x00000432   0x00000432   0x00000002   PAD
    0x00000434   0x00000434   0x00000030   Code   RO          676    .text               c_p.l(_printf_char_common.o)
    0x00000464   0x00000464   0x0000000a   Code   RO          678    .text               c_p.l(_sputc.o)
    0x0000046e   0x0000046e   0x00000002   PAD
    0x00000470   0x00000470   0x000000bc   Code   RO          680    .text               c_p.l(_printf_wctomb.o)
    0x0000052c   0x0000052c   0x00000070   Code   RO          683    .text               c_p.l(_printf_longlong_dec.o)
    0x0000059c   0x0000059c   0x00000070   Code   RO          689    .text               c_p.l(_printf_oct_int_ll.o)
    0x0000060c   0x0000060c   0x00000098   Code   RO          709    .text               c_p.l(_printf_hex_int_ll_ptr.o)
    0x000006a4   0x000006a4   0x00000188   Code   RO          729    .text               c_p.l(__printf_flags_ss_wp.o)
    0x0000082c   0x0000082c   0x0000007a   Code   RO          817    .text               c_p.l(lludiv10.o)
    0x000008a6   0x000008a6   0x000000b0   Code   RO          819    .text               c_p.l(_printf_intcommon.o)
    0x00000956   0x00000956   0x00000002   PAD
    0x00000958   0x00000958   0x00000418   Code   RO          821    .text               c_p.l(_printf_fp_dec.o)
    0x00000d70   0x00000d70   0x0000002e   Code   RO          825    .text               c_p.l(_printf_char.o)
    0x00000d9e   0x00000d9e   0x0000002e   Code   RO          827    .text               c_p.l(_printf_wchar.o)
    0x00000dcc   0x00000dcc   0x00000040   Code   RO          830    .text               c_p.l(_wcrtomb.o)
    0x00000e0c   0x00000e0c   0x00000028   Code   RO          832    .text               c_p.l(rtudiv10.o)
    0x00000e34   0x00000e34   0x0000003e   Code   RO          838    .text               c_p.l(sys_stackheap_outer.o)
    0x00000e72   0x00000e72   0x00000002   PAD
    0x00000e74   0x00000e74   0x00000010   Code   RO          841    .text               c_p.l(rt_ctype_table.o)
    0x00000e84   0x00000e84   0x00000008   Code   RO          846    .text               c_p.l(rt_locale_intlibspace.o)
    0x00000e8c   0x00000e8c   0x00000088   Code   RO          848    .text               c_p.l(_printf_fp_infnan.o)
    0x00000f14   0x00000f14   0x000000d8   Code   RO          850    .text               c_p.l(bigflt0.o)
    0x00000fec   0x00000fec   0x00000580   Code   RO          853    .text               c_p.l(btod.o)
    0x0000156c   0x0000156c   0x00000010   Code   RO          860    .text               c_p.l(exit.o)
    0x0000157c   0x0000157c   0x00000008   Code   RO          879    .text               c_p.l(libspace.o)
    0x00001584   0x00001584   0x00000088   Code   RO          894    .text               c_p.l(strcmp.o)
    0x0000160c   0x0000160c   0x0000015a   Code   RO          896    .text               c_p.l(aeabi_sdiv.o)
    0x00001766   0x00001766   0x00000002   Code   RO          900    .text               c_p.l(use_no_semi.o)
    0x00001768   0x00001768   0x00000000   Code   RO          902    .text               c_p.l(indicate_semi.o)
    0x00001768   0x00001768   0x0000000c   Code   RO          920    .text               c_p.l(sys_exit.o)
    0x00001774   0x00001774   0x00000030   Code   RO            3    i.SERCOM0_Handler   main.o
    0x000017a4   0x000017a4   0x00000010   Code   RO          394    i.SystemInit        system_saml21g18b.o
    0x000017b4   0x000017b4   0x000000c4   Code   RO          291    i._Z12setup_systemv  system_setup.o
    0x00001878   0x00001878   0x00000002   Code   RO          321    i._Z9setup_rtcv     rtc.o
    0x0000187a   0x0000187a   0x00000046   Code   RO          355    i._ZN4UART7_printfEPKcz  sercom.o
    0x000018c0   0x000018c0   0x00000084   Code   RO          356    i._ZN4UARTC1EP18sercom_registers_ti  sercom.o
    0x00001944   0x00001944   0x00000030   Code   RO          855    i.__ARM_common_ll_muluu  c_p.l(btod.o)
    0x00001974   0x00001974   0x0000002c   Code   RO          875    i.__ARM_fpclassify  m_ps.l(fpclassify.o)
    0x000019a0   0x000019a0   0x00000018   Code   RO            5    i.__sti___8_main_cpp_13df9c0f  main.o
    0x000019b8   0x000019b8   0x0000000e   Code   RO          722    i._is_digit         c_p.l(__printf_wp.o)
    0x000019c6   0x000019c6   0x00000002   PAD
    0x000019c8   0x000019c8   0x00000034   Code   RO            6    i.main              main.o
    0x000019fc   0x000019fc   0x0000002c   Code   RO          858    locale$$code        c_p.l(lc_numeric_c.o)
    0x00001a28   0x00001a28   0x0000002c   Code   RO          888    locale$$code        c_p.l(lc_ctype_c.o)
    0x00001a54   0x00001a54   0x00000010   Code   RO          800    x$fpl$printf1       fz_ps.l(printf1.o)
    0x00001a64   0x00001a64   0x00000000   Code   RO          874    x$fpl$usenofp       fz_ps.l(usenofp.o)
    0x00001a64   0x00001a64   0x00000008   Data   RO          681    .constdata          c_p.l(_printf_wctomb.o)
    0x00001a6c   0x00001a6c   0x00000028   Data   RO          710    .constdata          c_p.l(_printf_hex_int_ll_ptr.o)
    0x00001a94   0x00001a94   0x00000011   Data   RO          730    .constdata          c_p.l(__printf_flags_ss_wp.o)
    0x00001aa5   0x00001aa5   0x00000003   PAD
    0x00001aa8   0x00001aa8   0x00000094   Data   RO          851    .constdata          c_p.l(bigflt0.o)
    0x00001b3c   0x00001b3c   0x00000020   Data   RO          971    Region$$Table       anon$$obj.o
    0x00001b5c   0x00001b5c   0x0000001c   Data   RO          857    locale$$data        c_p.l(lc_numeric_c.o)
    0x00001b78   0x00001b78   0x00000110   Data   RO          887    locale$$data        c_p.l(lc_ctype_c.o)
    0x00001c88   0x00001c88   0x00000004   Data   RO           12    .init_array         main.o
    0x00001c8c   0x00001c88   0x00000000   Data   RO          658    .init_array         c_p.l(init_aeabi.o)


    Execution Region RW_IRAM1 (Exec base: 0x20000000, Load base: 0x00001c8c, Size: 0x00002068, Max: 0x00008000, ABSOLUTE)

    Exec Addr    Load Addr    Size         Type   Attr      Idx    E Section Name        Object

    0x20000000   0x00001c8c   0x00000004   Data   RW           11    .data               main.o
    0x20000004   0x00001c90   0x00000004   Data   RW          395    .data               system_saml21g18b.o
    0x20000008        -       0x00000060   Zero   RW          880    .bss                c_p.l(libspace.o)
    0x20000068        -       0x00001000   Zero   RW          385    HEAP                startup_saml21g18b.o
    0x20001068        -       0x00001000   Zero   RW          384    STACK               startup_saml21g18b.o


==============================================================================

Image component sizes


      Code (inc. data)   RO Data    RW Data    ZI Data      Debug   Object Name

       124         40          4          4          0     121749   main.o
         2          0          0          0          0        360   rtc.o
       202         24          0          0          0       1768   sercom.o
        56         26        176          0       8192        656   startup_saml21g18b.o
        16          8          0          4          0       5211   system_saml21g18b.o
       196         40          0          0          0       1047   system_setup.o

    ----------------------------------------------------------------------
       596        138        212          8       8192     130791   Object Totals
         0          0         32          0          0          0   (incl. Generated)
         0          0          0          0          0          0   (incl. Padding)

    ----------------------------------------------------------------------

      Code (inc. data)   RO Data    RW Data    ZI Data      Debug   Library Member Name

         8          0          0          0          0         68   __main.o
       392          6         17          0          0         76   __printf_flags_ss_wp.o
        14          0          0          0          0         60   __printf_wp.o
         0          0          0          0          0          0   __rtentry.o
        12          0          0          0          0          0   __rtentry2.o
         6          0          0          0          0          0   __rtentry4.o
        60          8          0          0          0          0   __scatter.o
        26          0          0          0          0          0   __scatter_copy.o
        28          0          0          0          0          0   __scatter_zi.o
        10          0          0          0          0          0   _printf_a.o
        10          0          0          0          0          0   _printf_c.o
        46          0          0          0          0        100   _printf_char.o
        48          6          0          0          0         88   _printf_char_common.o
        38          0          0          0          0         60   _printf_charcount.o
        10          0          0          0          0          0   _printf_d.o
       108         18          0          0          0         76   _printf_dec.o
        10          0          0          0          0          0   _printf_e.o
        10          0          0          0          0          0   _printf_f.o
      1048         14          0          0          0        176   _printf_fp_dec.o
       136         16          0          0          0         76   _printf_fp_infnan.o
        10          0          0          0          0          0   _printf_g.o
       152          4         40          0          0        148   _printf_hex_int_ll_ptr.o
        10          0          0          0          0          0   _printf_i.o
       176          0          0          0          0         84   _printf_intcommon.o
        10          0          0          0          0          0   _printf_l.o
        10          0          0          0          0          0   _printf_lc.o
        10          0          0          0          0          0   _printf_ll.o
        10          0          0          0          0          0   _printf_lld.o
        10          0          0          0          0          0   _printf_lli.o
        10          0          0          0          0          0   _printf_llo.o
        10          0          0          0          0          0   _printf_llu.o
        10          0          0          0          0          0   _printf_llx.o
       112         18          0          0          0         76   _printf_longlong_dec.o
        10          0          0          0          0          0   _printf_ls.o
        10          0          0          0          0          0   _printf_n.o
        10          0          0          0          0          0   _printf_o.o
       112         10          0          0          0        112   _printf_oct_int_ll.o
        10          0          0          0          0          0   _printf_p.o
        78          0          0          0          0        100   _printf_pad.o
         2          0          0          0          0          0   _printf_percent.o
         4          0          0          0          0          0   _printf_percent_end.o
        10          0          0          0          0          0   _printf_s.o
        82          0          0          0          0         72   _printf_str.o
        36          0          0          0          0         76   _printf_truncate.o
        10          0          0          0          0          0   _printf_u.o
        46          0          0          0          0        100   _printf_wchar.o
       188          6          8          0          0         80   _printf_wctomb.o
        10          0          0          0          0          0   _printf_x.o
        10          0          0          0          0         60   _sputc.o
        64          0          0          0          0         72   _wcrtomb.o
       346          0          0          0          0         92   aeabi_sdiv.o
       216          6        148          0          0         80   bigflt0.o
      1456         30          0          0          0        336   btod.o
        36          4          0          0          0         68   c89vsprintf.o
        16          0          0          0          0         68   exit.o
         6          0          0          0          0        136   heapauxi.o
         0          0          0          0          0          0   indicate_semi.o
        36         10          0          0          0         72   init_aeabi.o
        44         10        272          0          0         76   lc_ctype_c.o
        44         10         28          0          0         76   lc_numeric_c.o
         2          0          0          0          0          0   libinit.o
        34          0          0          0          0          0   libinit2.o
         2          0          0          0          0          0   libshutdown.o
         2          0          0          0          0          0   libshutdown2.o
         8          4          0          0         96         68   libspace.o
       122          0          0          0          0         72   lludiv10.o
        16          4          0          0          0         76   rt_ctype_table.o
         8          4          0          0          0         68   rt_locale_intlibspace.o
         2          0          0          0          0          0   rtexit.o
        10          0          0          0          0          0   rtexit2.o
        40          0          0          0          0         60   rtudiv10.o
       136          4          0          0          0         72   strcmp.o
        12          4          0          0          0         60   sys_exit.o
        62          0          0          0          0         80   sys_stackheap_outer.o
         2          0          0          0          0         68   use_no_semi.o
        16          4          0          0          0         76   printf1.o
         0          0          0          0          0          0   usenofp.o
        44          4          0          0          0         60   fpclassify.o

    ----------------------------------------------------------------------
      5984        204        516          0         96       3524   Library Totals
        14          0          3          0          0          0   (incl. Padding)

    ----------------------------------------------------------------------

      Code (inc. data)   RO Data    RW Data    ZI Data      Debug   Library Name

      5910        196        513          0         96       3388   c_p.l
        16          4          0          0          0         76   fz_ps.l
        44          4          0          0          0         60   m_ps.l

    ----------------------------------------------------------------------
      5984        204        516          0         96       3524   Library Totals

    ----------------------------------------------------------------------

==============================================================================


      Code (inc. data)   RO Data    RW Data    ZI Data      Debug   

      6580        342        728          8       8288     132371   Grand Totals
      6580        342        728          8       8288     132371   ELF Image Totals
      6580        342        728          8          0          0   ROM Totals

==============================================================================

    Total RO  Size (Code + RO Data)                 7308 (   7.14kB)
    Total RW  Size (RW Data + ZI Data)              8296 (   8.10kB)
    Total ROM Size (Code + RO Data + RW Data)       7316 (   7.14kB)

==============================================================================

