Component: ARM Compiler 5.06 update 6 (build 750) Tool: armlink [4d35ed]

==============================================================================

Section Cross References

    main.o(i.SERCOM0_Handler) refers to queue.o(i.xQueueGenericSendFromISR) for xQueueGenericSendFromISR
    main.o(i.SERCOM0_Handler) refers to main.o(.data) for .data
    main.o(i.SERCOM1_Handler) refers to main.o(i._Z12verifyPackettPht) for verifyPacket(unsigned short, unsigned char*, unsigned short)
    main.o(i.SERCOM1_Handler) refers to queue.o(i.xQueueReceiveFromISR) for xQueueReceiveFromISR
    main.o(i.SERCOM1_Handler) refers to queue.o(i.xQueueGiveFromISR) for xQueueGiveFromISR
    main.o(i.SERCOM1_Handler) refers to main.o(.data) for .data
    main.o(i.SERCOM1_Handler) refers to main.o(.bss) for .bss
    main.o(i._Z10setupParsePv) refers to api.o(i._ZN13Smartmesh_API8mgr_initEv) for Smartmesh_API::mgr_init()
    main.o(i._Z10setupParsePv) refers to queue.o(i.xQueueSemaphoreTake) for xQueueSemaphoreTake
    main.o(i._Z10setupParsePv) refers to tasks.o(i.xTaskCreate) for xTaskCreate
    main.o(i._Z10setupParsePv) refers to main.o(.bss) for .bss
    main.o(i._Z10setupParsePv) refers to main.o(.data) for .data
    main.o(i._Z10setupParsePv) refers to main.o(i._Z18parseSmartmeshDataPv) for parseSmartmeshData(void*)
    main.o(i._Z12verifyPackettPht) refers to main.o(.data) for .data
    main.o(i._Z18parseSmartmeshDataPv) refers to queue.o(i.xQueueSemaphoreTake) for xQueueSemaphoreTake
    main.o(i._Z18parseSmartmeshDataPv) refers to queue.o(i.xQueueGenericSend) for xQueueGenericSend
    main.o(i._Z18parseSmartmeshDataPv) refers to main.o(i.__ARM_common_switch8) for __ARM_common_switch8
    main.o(i._Z18parseSmartmeshDataPv) refers to api.o(i._ZN13Smartmesh_API9subscribeEjj) for Smartmesh_API::subscribe(unsigned, unsigned)
    main.o(i._Z18parseSmartmeshDataPv) refers to api.o(i._ZN13Smartmesh_API8mgr_initEv) for Smartmesh_API::mgr_init()
    main.o(i._Z18parseSmartmeshDataPv) refers to api.o(i._ZN13Smartmesh_API21parseDataNotificationEP10data_notifPh) for Smartmesh_API::parseDataNotification(data_notif*, unsigned char*)
    main.o(i._Z18parseSmartmeshDataPv) refers to sercom.o(i._ZN4UART7_printfEPKcz) for UART::_printf(const char*, ...)
    main.o(i._Z18parseSmartmeshDataPv) refers to sercom.o(i._ZN4UART10send_arrayEPhh) for UART::send_array(unsigned char*, unsigned char)
    main.o(i._Z18parseSmartmeshDataPv) refers to api.o(i._ZN13Smartmesh_API12resetManagerEv) for Smartmesh_API::resetManager()
    main.o(i._Z18parseSmartmeshDataPv) refers to tasks.o(i.vTaskDelete) for vTaskDelete
    main.o(i._Z18parseSmartmeshDataPv) refers to main.o(.data) for .data
    main.o(i._Z18parseSmartmeshDataPv) refers to main.o(.bss) for .bss
    main.o(i.__sti___8_main_cpp_30c642f8) refers to sercom.o(i._ZN4UARTC1EP18sercom_registers_ti) for UART::UART(sercom_registers_t*, int)
    main.o(i.__sti___8_main_cpp_30c642f8) refers to api.o(i._ZN13Smartmesh_APIC1EP4UART) for Smartmesh_API::Smartmesh_API(UART*)
    main.o(i.__sti___8_main_cpp_30c642f8) refers to queue.o(i.xQueueGenericCreate) for xQueueGenericCreate
    main.o(i.__sti___8_main_cpp_30c642f8) refers to queue.o(i.xQueueCreateCountingSemaphore) for xQueueCreateCountingSemaphore
    main.o(i.__sti___8_main_cpp_30c642f8) refers to main.o(.data) for .data
    main.o(i.__sti___8_main_cpp_30c642f8) refers to main.o(.bss) for .bss
    main.o(i.main) refers to system_setup.o(i._Z12setup_systemv) for setup_system()
    main.o(i.main) refers to tasks.o(i.xTaskCreate) for xTaskCreate
    main.o(i.main) refers to sercom.o(i._ZN4UARTC1EP18sercom_registers_ti) for UART::UART(sercom_registers_t*, int)
    main.o(i.main) refers to rt_memcpy.o(.emb_text) for __aeabi_memcpy4
    main.o(i.main) refers to api.o(i._ZN13Smartmesh_APIC1EP4UART) for Smartmesh_API::Smartmesh_API(UART*)
    main.o(i.main) refers to queue.o(i.xQueueGenericSend) for xQueueGenericSend
    main.o(i.main) refers to tasks.o(i.vTaskStartScheduler) for vTaskStartScheduler
    main.o(i.main) refers to main.o(i._Z10setupParsePv) for setupParse(void*)
    main.o(i.main) refers to bluetooth.o(i._Z14bluetoothParsePv) for bluetoothParse(void*)
    main.o(i.main) refers to main.o(.data) for .data
    main.o(i.main) refers to main.o(.bss) for .bss
    main.o(.ARM.exidx) refers to main.o(i._Z12verifyPackettPht) for i._Z12verifyPackettPht
    main.o(.ARM.exidx) refers to main.o(i._Z18parseSmartmeshDataPv) for i._Z18parseSmartmeshDataPv
    main.o(.ARM.exidx) refers to main.o(i._Z10setupParsePv) for i._Z10setupParsePv
    main.o(.ARM.exidx) refers to main.o(i.main) for i.main
    main.o(.ARM.exidx) refers to main.o(i.SERCOM1_Handler) for i.SERCOM1_Handler
    main.o(.ARM.exidx) refers to main.o(i.SERCOM0_Handler) for i.SERCOM0_Handler
    main.o(.ARM.exidx) refers to main.o(i.SERCOM2_Handler) for i.SERCOM2_Handler
    main.o(.ARM.exidx) refers to main.o(i.__sti___8_main_cpp_30c642f8) for i.__sti___8_main_cpp_30c642f8
[...]
    prvProcessTimerOrBlockTask               0x00003255   Thumb Code    96  timers.o(i.prvProcessTimerOrBlockTask)
    i.prvReloadTimer                         0x000032b8   Section        0  timers.o(i.prvReloadTimer)
    prvReloadTimer                           0x000032b9   Thumb Code    40  timers.o(i.prvReloadTimer)
    i.prvResetNextTaskUnblockTime            0x000032e0   Section        0  tasks.o(i.prvResetNextTaskUnblockTime)
    prvResetNextTaskUnblockTime              0x000032e1   Thumb Code    28  tasks.o(i.prvResetNextTaskUnblockTime)
    i.prvSampleTimeNow                       0x00003300   Section        0  timers.o(i.prvSampleTimeNow)
    prvSampleTimeNow                         0x00003301   Thumb Code    38  timers.o(i.prvSampleTimeNow)
    i.prvSwitchTimerLists                    0x0000332c   Section        0  timers.o(i.prvSwitchTimerLists)
    prvSwitchTimerLists                      0x0000332d   Thumb Code    38  timers.o(i.prvSwitchTimerLists)
    i.prvTaskExitError                       0x00003358   Section        0  port.o(i.prvTaskExitError)
    prvTaskExitError                         0x00003359   Thumb Code    16  port.o(i.prvTaskExitError)
    i.prvTimerTask                           0x0000336c   Section        0  timers.o(i.prvTimerTask)
    prvTimerTask                             0x0000336d   Thumb Code    20  timers.o(i.prvTimerTask)
    i.prvUnlockQueue                         0x00003380   Section        0  queue.o(i.prvUnlockQueue)
    prvUnlockQueue                           0x00003381   Thumb Code   112  queue.o(i.prvUnlockQueue)
    i.pvPortMalloc                           0x000033f0   Section        0  heap_4.o(i.pvPortMalloc)
    i.pvTaskIncrementMutexHeldCount          0x000034bc   Section        0  tasks.o(i.pvTaskIncrementMutexHeldCount)
    i.pxPortInitialiseStack                  0x000034d4   Section        0  port.o(i.pxPortInitialiseStack)
    i.uxListRemove                           0x000034f4   Section        0  list.o(i.uxListRemove)
    i.vApplicationGetIdleTaskMemory          0x0000351c   Section        0  cmsis_os2.o(i.vApplicationGetIdleTaskMemory)
    i.vApplicationGetTimerTaskMemory         0x00003530   Section        0  cmsis_os2.o(i.vApplicationGetTimerTaskMemory)
    i.vApplicationStackOverflowHook          0x00003544   Section        0  cmsis_os2.o(i.vApplicationStackOverflowHook)
    i.vListInitialise                        0x00003548   Section        0  list.o(i.vListInitialise)
    i.vListInitialiseItem                    0x0000355e   Section        0  list.o(i.vListInitialiseItem)
    i.vListInsert                            0x00003564   Section        0  list.o(i.vListInsert)
    i.vListInsertEnd                         0x00003594   Section        0  list.o(i.vListInsertEnd)
    i.vPortEnterCritical                     0x000035ac   Section        0  port.o(i.vPortEnterCritical)
    i.vPortExitCritical                      0x000035c4   Section        0  port.o(i.vPortExitCritical)
    i.vPortFree                              0x000035e0   Section        0  heap_4.o(i.vPortFree)
    i.vPortSetupTimerInterrupt               0x00003628   Section        0  port.o(i.vPortSetupTimerInterrupt)
    i.vPortYield                             0x00003650   Section        0  port.o(i.vPortYield)
    i.vQueueDelete                           0x00003668   Section        0  queue.o(i.vQueueDelete)
    i.vQueueWaitForMessageRestricted         0x00003680   Section        0  queue.o(i.vQueueWaitForMessageRestricted)
    i.vTaskDelay                             0x000036c8   Section        0  tasks.o(i.vTaskDelay)
    i.vTaskDelete                            0x000036fc   Section        0  tasks.o(i.vTaskDelete)
    i.vTaskInternalSetTimeOutState           0x0000377c   Section        0  tasks.o(i.vTaskInternalSetTimeOutState)
    i.vTaskMissedYield                       0x0000378c   Section        0  tasks.o(i.vTaskMissedYield)
    i.vTaskPlaceOnEventList                  0x00003798   Section        0  tasks.o(i.vTaskPlaceOnEventList)
    i.vTaskPlaceOnEventListRestricted        0x000037bc   Section        0  tasks.o(i.vTaskPlaceOnEventListRestricted)
    i.vTaskPriorityDisinheritAfterTimeout    0x00003804   Section        0  tasks.o(i.vTaskPriorityDisinheritAfterTimeout)
    i.vTaskStartScheduler                    0x00003894   Section        0  tasks.o(i.vTaskStartScheduler)
    i.vTaskSuspendAll                        0x0000390c   Section        0  tasks.o(i.vTaskSuspendAll)
    i.vTaskSwitchContext                     0x0000391c   Section        0  tasks.o(i.vTaskSwitchContext)
    i.xPortStartScheduler                    0x000039a0   Section        0  port.o(i.xPortStartScheduler)
    i.xPortSysTickHandler                    0x000039d0   Section        0  port.o(i.xPortSysTickHandler)
    i.xQueueCreateCountingSemaphore          0x000039f4   Section        0  queue.o(i.xQueueCreateCountingSemaphore)
    i.xQueueCreateMutex                      0x00003a14   Section        0  queue.o(i.xQueueCreateMutex)
    i.xQueueCreateMutexStatic                0x00003a2c   Section        0  queue.o(i.xQueueCreateMutexStatic)
    i.xQueueGenericCreate                    0x00003a48   Section        0  queue.o(i.xQueueGenericCreate)
    i.xQueueGenericCreateStatic              0x00003a96   Section        0  queue.o(i.xQueueGenericCreateStatic)
    i.xQueueGenericReset                     0x00003ad4   Section        0  queue.o(i.xQueueGenericReset)
    i.xQueueGenericSend                      0x00003b62   Section        0  queue.o(i.xQueueGenericSend)
    i.xQueueGenericSendFromISR               0x00003c7e   Section        0  queue.o(i.xQueueGenericSendFromISR)
    i.xQueueGiveFromISR                      0x00003d18   Section        0  queue.o(i.xQueueGiveFromISR)
    i.xQueueReceive                          0x00003d96   Section        0  queue.o(i.xQueueReceive)
    i.xQueueReceiveFromISR                   0x00003e9e   Section        0  queue.o(i.xQueueReceiveFromISR)
    i.xQueueSemaphoreTake                    0x00003f22   Section        0  queue.o(i.xQueueSemaphoreTake)
    i.xTaskCheckForTimeOut                   0x00004060   Section        0  tasks.o(i.xTaskCheckForTimeOut)
    i.xTaskCreate                            0x000040c4   Section        0  tasks.o(i.xTaskCreate)
    i.xTaskCreateStatic                      0x00004124   Section        0  tasks.o(i.xTaskCreateStatic)
    i.xTaskGetSchedulerState                 0x0000416c   Section        0  tasks.o(i.xTaskGetSchedulerState)
    i.xTaskGetTickCount                      0x0000418c   Section        0  tasks.o(i.xTaskGetTickCount)
    i.xTaskIncrementTick                     0x00004198   Section        0  tasks.o(i.xTaskIncrementTick)
    i.xTaskPriorityDisinherit                0x000042ac   Section        0  tasks.o(i.xTaskPriorityDisinherit)
    i.xTaskPriorityInherit                   0x00004330   Section        0  tasks.o(i.xTaskPriorityInherit)
    i.xTaskRemoveFromEventList               0x000043c8   Section        0  tasks.o(i.xTaskRemoveFromEventList)
    i.xTaskResumeAll                         0x00004494   Section        0  tasks.o(i.xTaskResumeAll)
    i.xTimerCreateTimerTask                  0x00004598   Section        0  timers.o(i.xTimerCreateTimerTask)
    locale$$code                             0x000045f8   Section       44  lc_numeric_c.o(locale$$code)
    locale$$code                             0x00004624   Section       44  lc_ctype_c.o(locale$$code)
    x$fpl$printf1                            0x00004650   Section       16  printf1.o(x$fpl$printf1)
    .constdata                               0x00004660   Section        8  _printf_wctomb.o(.constdata)
    x$fpl$usenofp                            0x00004660   Section        0  usenofp.o(x$fpl$usenofp)
    initial_mbstate                          0x00004660   Data           8  _printf_wctomb.o(.constdata)
    .constdata                               0x00004668   Section       40  _printf_hex_int_ll_ptr.o(.constdata)
    uc_hextab                                0x00004668   Data          20  _printf_hex_int_ll_ptr.o(.constdata)
    lc_hextab                                0x0000467c   Data          20  _printf_hex_int_ll_ptr.o(.constdata)
    .constdata                               0x00004690   Section       17  __printf_flags_ss_wp.o(.constdata)
    maptable                                 0x00004690   Data          17  __printf_flags_ss_wp.o(.constdata)
    .constdata                               0x000046a4   Section      148  bigflt0.o(.constdata)
    tenpwrs_x                                0x000046a4   Data          60  bigflt0.o(.constdata)
    tenpwrs_i                                0x000046e0   Data          64  bigflt0.o(.constdata)
    locale$$data                             0x00004758   Section       28  lc_numeric_c.o(locale$$data)
    __lcnum_c_name                           0x0000475c   Data           2  lc_numeric_c.o(locale$$data)
    __lcnum_c_start                          0x00004764   Data           0  lc_numeric_c.o(locale$$data)
    __lcnum_c_point                          0x00004770   Data           0  lc_numeric_c.o(locale$$data)
    __lcnum_c_thousands                      0x00004772   Data           0  lc_numeric_c.o(locale$$data)
    __lcnum_c_grouping                       0x00004773   Data           0  lc_numeric_c.o(locale$$data)
    locale$$data                             0x00004774   Section      272  lc_ctype_c.o(locale$$data)
    __lcnum_c_end                            0x00004774   Data           0  lc_numeric_c.o(locale$$data)
    __lcctype_c_name                         0x00004778   Data           2  lc_ctype_c.o(locale$$data)
    __lcctype_c_start                        0x00004780   Data           0  lc_ctype_c.o(locale$$data)
    .init_array                              0x00004884   Section        4  main.o(.init_array)
    __lcctype_c_end                          0x00004884   Data           0  lc_ctype_c.o(locale$$data)
    .init_array                              0x00004888   Section        0  init_aeabi.o(.init_array)
    .data                                    0x20000000   Section      584  main.o(.data)
    fcstab                                   0x20000048   Data         512  main.o(.data)
    .data                                    0x20000248   Section      512  api.o(.data)
    fcstab                                   0x20000248   Data         512  api.o(.data)
    .data                                    0x20000448   Section        4  system_saml21g18b.o(.data)
    .data                                    0x2000044c   Section       32  heap_4.o(.data)
    pxEnd                                    0x2000044c   Data           4  heap_4.o(.data)
    xFreeBytesRemaining                      0x20000450   Data           4  heap_4.o(.data)
    xMinimumEverFreeBytesRemaining           0x20000454   Data           4  heap_4.o(.data)
    xNumberOfSuccessfulAllocations           0x20000458   Data           4  heap_4.o(.data)
    xNumberOfSuccessfulFrees                 0x2000045c   Data           4  heap_4.o(.data)
    xBlockAllocatedBit                       0x20000460   Data           4  heap_4.o(.data)
    xStart                                   0x20000464   Data           8  heap_4.o(.data)
    .data                                    0x2000046c   Section        4  port.o(.data)
    uxCriticalNesting                        0x2000046c   Data           4  port.o(.data)
    .data                                    0x20000470   Section       64  tasks.o(.data)
    uxDeletedTasksWaitingCleanUp             0x20000474   Data           4  tasks.o(.data)
    uxCurrentNumberOfTasks                   0x20000478   Data           4  tasks.o(.data)
    xTickCount                               0x2000047c   Data           4  tasks.o(.data)
    uxTopReadyPriority                       0x20000480   Data           4  tasks.o(.data)
    xSchedulerRunning                        0x20000484   Data           4  tasks.o(.data)
    xPendedTicks                             0x20000488   Data           4  tasks.o(.data)
    xYieldPending                            0x2000048c   Data           4  tasks.o(.data)
    xNumOfOverflows                          0x20000490   Data           4  tasks.o(.data)
    uxTaskNumber                             0x20000494   Data           4  tasks.o(.data)
    xNextTaskUnblockTime                     0x20000498   Data           4  tasks.o(.data)
    xIdleTaskHandle                          0x2000049c   Data           4  tasks.o(.data)
    uxSchedulerSuspended                     0x200004a4   Data           4  tasks.o(.data)
    pxDelayedTaskList                        0x200004a8   Data           4  tasks.o(.data)
    pxOverflowDelayedTaskList                0x200004ac   Data           4  tasks.o(.data)
    .data                                    0x200004b0   Section       20  timers.o(.data)
    xTimerQueue                              0x200004b0   Data           4  timers.o(.data)
    xTimerTaskHandle                         0x200004b4   Data           4  timers.o(.data)
    xLastTime                                0x200004b8   Data           4  timers.o(.data)
    pxCurrentTimerList                       0x200004bc   Data           4  timers.o(.data)
    pxOverflowTimerList                      0x200004c0   Data           4  timers.o(.data)
    .bss                                     0x200004c4   Section      404  main.o(.bss)
    .bss                                     0x20000658   Section      916  clib_arm.o(.bss)
    os_libspace                              0x20000658   Data         480  clib_arm.o(.bss)
    os_libspace_id                           0x20000838   Data          16  clib_arm.o(.bss)
    clib_mutex_cb                            0x20000848   Data         400  clib_arm.o(.bss)
    clib_mutex_id                            0x200009d8   Data          20  clib_arm.o(.bss)
    .bss                                     0x200009ec   Section     1016  cmsis_os2.o(.bss)
    Idle_TCB                                 0x200009ec   Data          92  cmsis_os2.o(.bss)
    Idle_Stack                               0x20000a48   Data         512  cmsis_os2.o(.bss)
    Timer_TCB                                0x20000c48   Data          92  cmsis_os2.o(.bss)
    Timer_Stack                              0x20000ca4   Data         320  cmsis_os2.o(.bss)
    .bss                                     0x20000de4   Section    16384  heap_4.o(.bss)
    ucHeap                                   0x20000de4   Data       16384  heap_4.o(.bss)
    .bss                                     0x20004de4   Section     1220  tasks.o(.bss)
    pxReadyTasksLists                        0x20004de4   Data        1120  tasks.o(.bss)
    xDelayedTaskList1                        0x20005244   Data          20  tasks.o(.bss)
    xDelayedTaskList2                        0x20005258   Data          20  tasks.o(.bss)
    xPendingReadyList                        0x2000526c   Data          20  tasks.o(.bss)
    xTasksWaitingTermination                 0x20005280   Data          20  tasks.o(.bss)
    xSuspendedTaskList                       0x20005294   Data          20  tasks.o(.bss)
    .bss                                     0x200052a8   Section      200  timers.o(.bss)
    xStaticTimerQueue                        0x200052a8   Data          80  timers.o(.bss)
    ucStaticTimerQueueStorage                0x200052f8   Data          80  timers.o(.bss)
    xActiveTimerList1                        0x20005348   Data          20  timers.o(.bss)
    xActiveTimerList2                        0x2000535c   Data          20  timers.o(.bss)
    .bss                                     0x20005370   Section       96  libspace.o(.bss)
    HEAP                                     0x200053d0   Section     1280  startup_saml21g18b.o(HEAP)
    Heap_Mem                                 0x200053d0   Data        1280  startup_saml21g18b.o(HEAP)
    STACK                                    0x200058d0   Section     1280  startup_saml21g18b.o(STACK)
    Stack_Mem                                0x200058d0   Data        1280  startup_saml21g18b.o(STACK)
    __initial_sp                             0x20005dd0   Data           0  startup_saml21g18b.o(STACK)

    Global Symbols

    Symbol Name                              Value     Ov Type        Size  Object(Section)

    BuildAttributes$$THM_ISAv3M$S$PE$A:L22$X:L11$S22$IEEE1$IW$USESV6$~STKCKD$USESV7$~SHL$OTIME$ROPI$IEEEJ$EBA8$UX$STANDARDLIB$REQ8$PRES8$EABIv2 0x00000000   Number         0  anon$$obj.o ABSOLUTE
    __ARM_use_no_argv                        0x00000000   Number         0  main.o ABSOLUTE
    __Vectors                                0x00000000   Data           4  startup_saml21g18b.o(RESET)
    _printf_flags                            0x00000000   Number         0  printf_stubs.o ABSOLUTE
    _printf_return_value                     0x00000000   Number         0  printf_stubs.o ABSOLUTE
    _printf_sizespec                         0x00000000   Number         0  printf_stubs.o ABSOLUTE
    _printf_widthprec                        0x00000000   Number         0  printf_stubs.o ABSOLUTE
    __ARM_exceptions_init                     - Undefined Weak Reference
    __alloca_initialize                       - Undefined Weak Reference
    __arm_preinit_                            - Undefined Weak Reference
    __cxa_finalize                            - Undefined Weak Reference
    __sigvec_lookup                           - Undefined Weak Reference
    __user_heap_extent                        - Undefined Weak Reference
    _atexit_init                              - Undefined Weak Reference
    _call_atexit_fns                          - Undefined Weak Reference
    _clock_init                               - Undefined Weak Reference
    _fp_trap_init                             - Undefined Weak Reference
    _fp_trap_shutdown                         - Undefined Weak Reference
    _get_lc_collate                           - Undefined Weak Reference
    _get_lc_monetary                          - Undefined Weak Reference
    _get_lc_time                              - Undefined Weak Reference
    _getenv_init                              - Undefined Weak Reference
    _handle_redirection                       - Undefined Weak Reference
    _printf_fp_hex                            - Undefined Weak Reference
    _printf_mbtowc                            - Undefined Weak Reference
    _printf_wc                                - Undefined Weak Reference
    _rand_init                                - Undefined Weak Reference
    _scanf_longlong                           - Undefined Weak Reference
    _scanf_mbtowc                             - Undefined Weak Reference
    _scanf_real                               - Undefined Weak Reference
    _scanf_wctomb                             - Undefined Weak Reference
    _scanf_wstring                            - Undefined Weak Reference
    _signal_finish                            - Undefined Weak Reference
    _signal_init                              - Undefined Weak Reference
    __Vectors_End                            0x000000b0   Data           0  startup_saml21g18b.o(RESET)
    __Vectors_Size                           0x000000b0   Number         0  startup_saml21g18b.o ABSOLUTE
    __main                                   0x000000b1   Thumb Code     8  __main.o(!!!main)
    __scatterload                            0x000000b9   Thumb Code     0  __scatter.o(!!!scatter)
    __scatterload_rt2                        0x000000b9   Thumb Code    52  __scatter.o(!!!scatter)
    __scatterload_rt2_thumb_only             0x000000b9   Thumb Code     0  __scatter.o(!!!scatter)
    __scatterload_null                       0x000000c9   Thumb Code     0  __scatter.o(!!!scatter)
    __scatterload_zeroinit                   0x000000f5   Thumb Code    28  __scatter_zi.o(!!handler_zi)
    _printf_percent                          0x00000111   Thumb Code     0  _printf_percent.o(.ARM.Collect$$_printf_percent$$00000000)
    _printf_n                                0x00000113   Thumb Code     0  _printf_n.o(.ARM.Collect$$_printf_percent$$00000001)
    _printf_p                                0x0000011d   Thumb Code     0  _printf_p.o(.ARM.Collect$$_printf_percent$$00000002)
    _printf_f                                0x00000127   Thumb Code     0  _printf_f.o(.ARM.Collect$$_printf_percent$$00000003)
    _printf_e                                0x00000131   Thumb Code     0  _printf_e.o(.ARM.Collect$$_printf_percent$$00000004)
    _printf_g                                0x0000013b   Thumb Code     0  _printf_g.o(.ARM.Collect$$_printf_percent$$00000005)
    _printf_a                                0x00000145   Thumb Code     0  _printf_a.o(.ARM.Collect$$_printf_percent$$00000006)
    _printf_ll                               0x0000014f   Thumb Code     0  _printf_ll.o(.ARM.Collect$$_printf_percent$$00000007)
    _printf_i                                0x00000159   Thumb Code     0  _printf_i.o(.ARM.Collect$$_printf_percent$$00000008)
    _printf_d                                0x00000163   Thumb Code     0  _printf_d.o(.ARM.Collect$$_printf_percent$$00000009)
    _printf_u                                0x0000016d   Thumb Code     0  _printf_u.o(.ARM.Collect$$_printf_percent$$0000000A)
    _printf_o                                0x00000177   Thumb Code     0  _printf_o.o(.ARM.Collect$$_printf_percent$$0000000B)
    _printf_x                                0x00000181   Thumb Code     0  _printf_x.o(.ARM.Collect$$_printf_percent$$0000000C)
    _printf_lli                              0x0000018b   Thumb Code     0  _printf_lli.o(.ARM.Collect$$_printf_percent$$0000000D)
    _printf_lld                              0x00000195   Thumb Code     0  _printf_lld.o(.ARM.Collect$$_printf_percent$$0000000E)
    _printf_llu                              0x0000019f   Thumb Code     0  _printf_llu.o(.ARM.Collect$$_printf_percent$$0000000F)
    _printf_llo                              0x000001a9   Thumb Code     0  _printf_llo.o(.ARM.Collect$$_printf_percent$$00000010)
    _printf_llx                              0x000001b3   Thumb Code     0  _printf_llx.o(.ARM.Collect$$_printf_percent$$00000011)
    _printf_l                                0x000001bd   Thumb Code     0  _printf_l.o(.ARM.Collect$$_printf_percent$$00000012)
    _printf_c                                0x000001c7   Thumb Code     0  _printf_c.o(.ARM.Collect$$_printf_percent$$00000013)
    _printf_s                                0x000001d1   Thumb Code     0  _printf_s.o(.ARM.Collect$$_printf_percent$$00000014)
    _printf_lc                               0x000001db   Thumb Code     0  _printf_lc.o(.ARM.Collect$$_printf_percent$$00000015)
    _printf_ls                               0x000001e5   Thumb Code     0  _printf_ls.o(.ARM.Collect$$_printf_percent$$00000016)
    _printf_percent_end                      0x000001ef   Thumb Code     0  _printf_percent_end.o(.ARM.Collect$$_printf_percent$$00000017)
    __rt_lib_init                            0x000001f3   Thumb Code     0  libinit.o(.ARM.Collect$$libinit$$00000000)
    __rt_lib_init_fp_1                       0x000001f5   Thumb Code     0  libinit2.o(.ARM.Collect$$libinit$$00000002)
    __rt_lib_init_heap_1                     0x000001f5   Thumb Code     0  libinit2.o(.ARM.Collect$$libinit$$0000000A)
    __rt_lib_init_lc_common                  0x000001f5   Thumb Code     0  libinit2.o(.ARM.Collect$$libinit$$0000000F)
    __rt_lib_init_preinit_1                  0x000001f5   Thumb Code     0  libinit2.o(.ARM.Collect$$libinit$$00000004)
    __rt_lib_init_rand_1                     0x000001f5   Thumb Code     0  libinit2.o(.ARM.Collect$$libinit$$0000000E)
    __rt_lib_init_user_alloc_1               0x000001f5   Thumb Code     0  libinit2.o(.ARM.Collect$$libinit$$0000000C)
    __rt_lib_init_lc_collate_1               0x000001fb   Thumb Code     0  libinit2.o(.ARM.Collect$$libinit$$00000011)
    __rt_lib_init_lc_ctype_2                 0x000001fb   Thumb Code     0  libinit2.o(.ARM.Collect$$libinit$$00000012)
    __rt_lib_init_lc_ctype_1                 0x00000207   Thumb Code     0  libinit2.o(.ARM.Collect$$libinit$$00000013)
    __rt_lib_init_lc_monetary_1              0x00000207   Thumb Code     0  libinit2.o(.ARM.Collect$$libinit$$00000015)
    __rt_lib_init_lc_numeric_2               0x00000207   Thumb Code     0  libinit2.o(.ARM.Collect$$libinit$$00000016)
    __rt_lib_init_alloca_1                   0x00000211   Thumb Code     0  libinit2.o(.ARM.Collect$$libinit$$0000002E)
    __rt_lib_init_argv_1                     0x00000211   Thumb Code     0  libinit2.o(.ARM.Collect$$libinit$$0000002C)
    __rt_lib_init_atexit_1                   0x00000211   Thumb Code     0  libinit2.o(.ARM.Collect$$libinit$$0000001B)
    __rt_lib_init_clock_1                    0x00000211   Thumb Code     0  libinit2.o(.ARM.Collect$$libinit$$00000021)
    __rt_lib_init_cpp_2                      0x00000211   Thumb Code     0  libinit2.o(.ARM.Collect$$libinit$$00000031)
    __rt_lib_init_exceptions_1               0x00000211   Thumb Code     0  libinit2.o(.ARM.Collect$$libinit$$00000030)
    __rt_lib_init_fp_trap_1                  0x00000211   Thumb Code     0  libinit2.o(.ARM.Collect$$libinit$$0000001F)
    __rt_lib_init_getenv_1                   0x00000211   Thumb Code     0  libinit2.o(.ARM.Collect$$libinit$$00000023)
    __rt_lib_init_lc_numeric_1               0x00000211   Thumb Code     0  libinit2.o(.ARM.Collect$$libinit$$00000017)
    __rt_lib_init_lc_time_1                  0x00000211   Thumb Code     0  libinit2.o(.ARM.Collect$$libinit$$00000019)
    __rt_lib_init_signal_1                   0x00000211   Thumb Code     0  libinit2.o(.ARM.Collect$$libinit$$0000001D)
    __rt_lib_init_stdio_1                    0x00000211   Thumb Code     0  libinit2.o(.ARM.Collect$$libinit$$00000025)
    __rt_lib_init_cpp_1                      0x00000215   Thumb Code     0  libinit2.o(.ARM.Collect$$libinit$$00000032)
    __rt_lib_init_return                     0x00000215   Thumb Code     0  libinit2.o(.ARM.Collect$$libinit$$00000033)
    __rt_lib_shutdown                        0x00000217   Thumb Code     0  libshutdown.o(.ARM.Collect$$libshutdown$$00000000)
    __rt_lib_shutdown_cpp_1                  0x00000219   Thumb Code     0  libshutdown2.o(.ARM.Collect$$libshutdown$$00000002)
    __rt_lib_shutdown_fp_trap_1              0x00000219   Thumb Code     0  libshutdown2.o(.ARM.Collect$$libshutdown$$00000007)
    __rt_lib_shutdown_heap_1                 0x00000219   Thumb Code     0  libshutdown2.o(.ARM.Collect$$libshutdown$$0000000F)
    __rt_lib_shutdown_return                 0x00000219   Thumb Code     0  libshutdown2.o(.ARM.Collect$$libshutdown$$00000010)
    __rt_lib_shutdown_signal_1               0x00000219   Thumb Code     0  libshutdown2.o(.ARM.Collect$$libshutdown$$0000000A)
    __rt_lib_shutdown_stdio_1                0x00000219   Thumb Code     0  libshutdown2.o(.ARM.Collect$$libshutdown$$00000004)
    __rt_lib_shutdown_user_alloc_1           0x00000219   Thumb Code     0  libshutdown2.o(.ARM.Collect$$libshutdown$$0000000C)
    __rt_entry                               0x0000021b   Thumb Code     0  __rtentry.o(.ARM.Collect$$rtentry$$00000000)
    __rt_entry_presh_1                       0x0000021b   Thumb Code     0  __rtentry2.o(.ARM.Collect$$rtentry$$00000002)
    __rt_entry_sh                            0x0000021b   Thumb Code     0  __rtentry4.o(.ARM.Collect$$rtentry$$00000004)
    __rt_entry_postsh_1                      0x00000221   Thumb Code     0  __rtentry2.o(.ARM.Collect$$rtentry$$00000008)
    __rt_entry_li                            0x00000229   Thumb Code     0  __rtentry2.o(.ARM.Collect$$rtentry$$0000000A)
    __rt_entry_main                          0x0000022d   Thumb Code     0  __rtentry2.o(.ARM.Collect$$rtentry$$0000000D)
    __rt_entry_postli_1                      0x0000022d   Thumb Code     0  __rtentry2.o(.ARM.Collect$$rtentry$$0000000C)
    __rt_exit                                0x00000235   Thumb Code     0  rtexit.o(.ARM.Collect$$rtexit$$00000000)
    __rt_exit_ls                             0x00000237   Thumb Code     0  rtexit2.o(.ARM.Collect$$rtexit$$00000003)
    __rt_exit_prels_1                        0x00000237   Thumb Code     0  rtexit2.o(.ARM.Collect$$rtexit$$00000002)
    __rt_exit_exit                           0x0000023b   Thumb Code     0  rtexit2.o(.ARM.Collect$$rtexit$$00000004)
    __asm___6_port_c_39a90d8d__prvPortStartFirstTask 0x00000241   Thumb Code    36  port.o(.emb_text)
    ulSetInterruptMaskFromISR                0x00000269   Thumb Code     8  port.o(.emb_text)
    vClearInterruptMaskFromISR               0x00000271   Thumb Code     6  port.o(.emb_text)
    PendSV_Handler                           0x00000277   Thumb Code    62  port.o(.emb_text)
    __aeabi_memcpy4                          0x000002b9   Thumb Code    56  rt_memcpy.o(.emb_text)
    __aeabi_memcpy8                          0x000002b9   Thumb Code     0  rt_memcpy.o(.emb_text)
    Reset_Handler                            0x000002f1   Thumb Code     8  startup_saml21g18b.o(.text)
    NonMaskableInt_Handler                   0x000002f9   Thumb Code     2  startup_saml21g18b.o(.text)
    HardFault_Handler                        0x000002fb   Thumb Code     2  startup_saml21g18b.o(.text)
    AC_Handler                               0x00000303   Thumb Code     0  startup_saml21g18b.o(.text)
    ADC_Handler                              0x00000303   Thumb Code     0  startup_saml21g18b.o(.text)
    AES_Handler                              0x00000303   Thumb Code     0  startup_saml21g18b.o(.text)
    DAC_Handler                              0x00000303   Thumb Code     0  startup_saml21g18b.o(.text)
    DMAC_Handler                             0x00000303   Thumb Code     0  startup_saml21g18b.o(.text)
    EIC_Handler                              0x00000303   Thumb Code     0  startup_saml21g18b.o(.text)
    EVSYS_Handler                            0x00000303   Thumb Code     0  startup_saml21g18b.o(.text)
    NVMCTRL_Handler                          0x00000303   Thumb Code     0  startup_saml21g18b.o(.text)
    PTC_Handler                              0x00000303   Thumb Code     0  startup_saml21g18b.o(.text)
    RTC_Handler                              0x00000303   Thumb Code     0  startup_saml21g18b.o(.text)
    SERCOM3_Handler                          0x00000303   Thumb Code     0  startup_saml21g18b.o(.text)
    SERCOM4_Handler                          0x00000303   Thumb Code     0  startup_saml21g18b.o(.text)
    SERCOM5_Handler                          0x00000303   Thumb Code     0  startup_saml21g18b.o(.text)
    SYSTEM_Handler                           0x00000303   Thumb Code     0  startup_saml21g18b.o(.text)
    TC0_Handler                              0x00000303   Thumb Code     0  startup_saml21g18b.o(.text)
    TC1_Handler                              0x00000303   Thumb Code     0  startup_saml21g18b.o(.text)
    TC4_Handler                              0x00000303   Thumb Code     0  startup_saml21g18b.o(.text)
    TCC0_Handler                             0x00000303   Thumb Code     0  startup_saml21g18b.o(.text)
    TCC1_Handler                             0x00000303   Thumb Code     0  startup_saml21g18b.o(.text)
    TCC2_Handler                             0x00000303   Thumb Code     0  startup_saml21g18b.o(.text)
    TRNG_Handler                             0x00000303   Thumb Code     0  startup_saml21g18b.o(.text)
    USB_Handler                              0x00000303   Thumb Code     0  startup_saml21g18b.o(.text)
    WDT_Handler                              0x00000303   Thumb Code     0  startup_saml21g18b.o(.text)
    __user_initial_stackheap                 0x00000305   Thumb Code     0  startup_saml21g18b.o(.text)
    __c89vsprintf                            0x00000329   Thumb Code    32  c89vsprintf.o(.text)
    __aeabi_memcpy                           0x0000034d   Thumb Code   130  rt_memcpy.o(.text)
    __rt_memcpy                              0x0000034d   Thumb Code     0  rt_memcpy.o(.text)
    __aeabi_memset                           0x000003cf   Thumb Code    18  aeabi_memset.o(.text)
    _memset_w                                0x000003e1   Thumb Code    26  rt_memclr.o(.text)
    _memset                                  0x000003fb   Thumb Code    30  rt_memclr.o(.text)
    __aeabi_memclr                           0x00000419   Thumb Code     4  rt_memclr.o(.text)
    __rt_memclr                              0x00000419   Thumb Code     0  rt_memclr.o(.text)
    __aeabi_memclr4                          0x0000041d   Thumb Code     0  rt_memclr.o(.text)
    __aeabi_memclr8                          0x0000041d   Thumb Code     0  rt_memclr.o(.text)
    __rt_memclr_w                            0x0000041d   Thumb Code     4  rt_memclr.o(.text)
    __aeabi_uidiv                            0x00000421   Thumb Code     0  aeabi_sdiv.o(.text)
    __aeabi_uidivmod                         0x00000421   Thumb Code    20  aeabi_sdiv.o(.text)
    __aeabi_idiv                             0x00000435   Thumb Code     0  aeabi_sdiv.o(.text)
    __aeabi_idivmod                          0x00000435   Thumb Code   326  aeabi_sdiv.o(.text)
    __use_two_region_memory                  0x0000057b   Thumb Code     2  heapauxi.o(.text)
    __rt_heap_escrow                         0x0000057d   Thumb Code     2  heapauxi.o(.text)
    __rt_heap_expand                         0x0000057f   Thumb Code     2  heapauxi.o(.text)
    __cpp_initialize__aeabi_                 0x00000581   Thumb Code    26  init_aeabi.o(.text)
    _printf_pre_padding                      0x000005a5   Thumb Code    44  _printf_pad.o(.text)
    _printf_post_padding                     0x000005d1   Thumb Code    34  _printf_pad.o(.text)
    _printf_truncate_signed                  0x000005f3   Thumb Code    18  _printf_truncate.o(.text)
    _printf_truncate_unsigned                0x00000605   Thumb Code    18  _printf_truncate.o(.text)
    _printf_str                              0x00000617   Thumb Code    82  _printf_str.o(.text)
    _printf_int_dec                          0x00000669   Thumb Code    90  _printf_dec.o(.text)
    _printf_charcount                        0x000006d5   Thumb Code    38  _printf_charcount.o(.text)
    _printf_char_common                      0x00000707   Thumb Code    32  _printf_char_common.o(.text)
    _sputc                                   0x0000072d   Thumb Code    10  _sputc.o(.text)
    _printf_wctomb                           0x00000739   Thumb Code   182  _printf_wctomb.o(.text)
    _printf_longlong_dec                     0x000007f5   Thumb Code    94  _printf_longlong_dec.o(.text)
    _printf_longlong_oct                     0x00000865   Thumb Code    68  _printf_oct_int_ll.o(.text)
    _printf_int_oct                          0x000008a9   Thumb Code    24  _printf_oct_int_ll.o(.text)
    _printf_ll_oct                           0x000008c1   Thumb Code    10  _printf_oct_int_ll.o(.text)
    _printf_longlong_hex                     0x000008d5   Thumb Code    88  _printf_hex_int_ll_ptr.o(.text)
    _printf_int_hex                          0x0000092d   Thumb Code    28  _printf_hex_int_ll_ptr.o(.text)
    _printf_ll_hex                           0x00000949   Thumb Code    10  _printf_hex_int_ll_ptr.o(.text)
    _printf_hex_ptr                          0x00000953   Thumb Code    22  _printf_hex_int_ll_ptr.o(.text)
    __printf                                 0x0000096d   Thumb Code   386  __printf_flags_ss_wp.o(.text)
    _sys_exit                                0x00000af5   Thumb Code     8  sys_exit.o(.text)
    __user_libspace                          0x00000b01   Thumb Code     8  libspace.o(.text)
    __user_perproc_libspace                  0x00000b01   Thumb Code     0  libspace.o(.text)
    _ll_udiv10                               0x00000b09   Thumb Code   122  lludiv10.o(.text)
    _printf_int_common                       0x00000b83   Thumb Code   176  _printf_intcommon.o(.text)
    __lib_sel_fp_printf                      0x00000c35   Thumb Code     2  _printf_fp_dec.o(.text)
    _printf_fp_dec_real                      0x00000dd3   Thumb Code   620  _printf_fp_dec.o(.text)
    _printf_cs_common                        0x0000104d   Thumb Code    22  _printf_char.o(.text)
    _printf_char                             0x00001063   Thumb Code    16  _printf_char.o(.text)
    _printf_string                           0x00001073   Thumb Code     8  _printf_char.o(.text)
    _printf_lcs_common                       0x0000107b   Thumb Code    22  _printf_wchar.o(.text)
    _printf_wchar                            0x00001091   Thumb Code    16  _printf_wchar.o(.text)
    _printf_wstring                          0x000010a1   Thumb Code     8  _printf_wchar.o(.text)
    _wcrtomb                                 0x000010a9   Thumb Code    64  _wcrtomb.o(.text)
    __rt_udiv10                              0x000010e9   Thumb Code    40  rtudiv10.o(.text)
    __I$use$semihosting                      0x00001111   Thumb Code     0  use_no_semi.o(.text)
    __use_no_semihosting_swi                 0x00001111   Thumb Code     2  use_no_semi.o(.text)
    __semihosting_library_function           0x00001113   Thumb Code     0  indicate_semi.o(.text)
    __user_setup_stackheap                   0x00001113   Thumb Code    62  sys_stackheap_outer.o(.text)
    __rt_ctype_table                         0x00001151   Thumb Code    16  rt_ctype_table.o(.text)
    __rt_locale                              0x00001161   Thumb Code    10  rt_locale_twolibspace.o(.text)
    _printf_fp_infnan                        0x0000116d   Thumb Code   120  _printf_fp_infnan.o(.text)
    _btod_etento                             0x000011f5   Thumb Code   210  bigflt0.o(.text)
    _btod_d2e                                0x000012cd   Thumb Code    64  btod.o(.text)
    _btod_emul                               0x00001701   Thumb Code    28  btod.o(.text)
    _btod_emuld                              0x0000171d   Thumb Code   144  btod.o(.text)
    _btod_ediv                               0x000017ad   Thumb Code    26  btod.o(.text)
    _btod_edivd                              0x000017c7   Thumb Code   124  btod.o(.text)
    exit                                     0x0000184d   Thumb Code    16  exit.o(.text)
    strcmp                                   0x0000185d   Thumb Code   132  strcmp.o(.text)
    __decompress                             0x000018e5   Thumb Code     0  __dclz77c.o(.text)
    __decompress2                            0x000018e5   Thumb Code    96  __dclz77c.o(.text)
    SERCOM0_Handler                          0x00001945   Thumb Code    36  main.o(i.SERCOM0_Handler)
    SERCOM1_Handler                          0x00001975   Thumb Code   222  main.o(i.SERCOM1_Handler)
    SERCOM2_Handler                          0x00001a71   Thumb Code    14  main.o(i.SERCOM2_Handler)
    SVC_Handler                              0x00001a85   Thumb Code     2  port.o(i.SVC_Handler)
    SysTick_Handler                          0x00001a89   Thumb Code    20  cmsis_os2.o(i.SysTick_Handler)
    SystemInit                               0x00001aa1   Thumb Code     8  system_saml21g18b.o(i.SystemInit)
    setupParse(void*)                        0x00001ab1   Thumb Code    44  main.o(i._Z10setupParsePv)
    setup_system()                           0x00001af1   Thumb Code   368  system_setup.o(i._Z12setup_systemv)
    verifyPacket(unsigned short, unsigned char*, unsigned short) 0x00001cb5   Thumb Code    40  main.o(i._Z12verifyPackettPht)
    bluetoothParse(void*)                    0x00001ce5   Thumb Code   740  bluetooth.o(i._Z14bluetoothParsePv)
    parseSmartmeshData(void*)                0x00002019   Thumb Code   508  main.o(i._Z18parseSmartmeshDataPv)
    setup_rtc()                              0x00002231   Thumb Code     2  rtc.o(i._Z9setup_rtcv)
    Smartmesh_API::setJoinKey(unsigned char*) 0x00002235   Thumb Code    54  api.o(i._ZN13Smartmesh_API10setJoinKeyEPh)
    Smartmesh_API::getMoteInfo(unsigned char*) 0x00002271   Thumb Code    54  api.o(i._ZN13Smartmesh_API11getMoteInfoEPh)
    Smartmesh_API::init_packet(unsigned char, unsigned char) 0x000022ad   Thumb Code    34  api.o(i._ZN13Smartmesh_API11init_packetEhh)
    Smartmesh_API::checksumData(unsigned short, unsigned char*, unsigned short) 0x000022d1   Thumb Code    44  api.o(i._ZN13Smartmesh_API12checksumDataEtPht)
    Smartmesh_API::resetManager()            0x00002301   Thumb Code    48  api.o(i._ZN13Smartmesh_API12resetManagerEv)
    Smartmesh_API::verifyPacket(unsigned short, unsigned char*, unsigned short) 0x00002335   Thumb Code    42  api.o(i._ZN13Smartmesh_API12verifyPacketEtPht)
    Smartmesh_API::getNetworkInfo()          0x00002369   Thumb Code    42  api.o(i._ZN13Smartmesh_API14getNetworkInfoEv)
    Smartmesh_API::clearStatistics()         0x00002399   Thumb Code    66  api.o(i._ZN13Smartmesh_API15clearStatisticsEv)
    Smartmesh_API::getNetworkConfig()        0x000023e1   Thumb Code    42  api.o(i._ZN13Smartmesh_API16getNetworkConfigEv)
    Smartmesh_API::parseNetworkInfo(network_info*, unsigned char*) 0x00002411   Thumb Code   214  api.o(i._ZN13Smartmesh_API16parseNetworkInfoEP12network_infoPh)
    Smartmesh_API::setNetworkConfig(unsigned char*) 0x000024ed   Thumb Code   110  api.o(i._ZN13Smartmesh_API16setNetworkConfigEPh)
    Smartmesh_API::parseNetworkConfig(network_config*, unsigned char*) 0x00002561   Thumb Code   110  api.o(i._ZN13Smartmesh_API18parseNetworkConfigEP14network_configPh)
    Smartmesh_API::parseDataNotification(data_notif*, unsigned char*) 0x000025d1   Thumb Code   136  api.o(i._ZN13Smartmesh_API21parseDataNotificationEP10data_notifPh)
    Smartmesh_API::getMoteConfigFromMoteId(unsigned short) 0x0000265d   Thumb Code    50  api.o(i._ZN13Smartmesh_API23getMoteConfigFromMoteIdEt)
    Smartmesh_API::mgr_init()                0x00002695   Thumb Code    84  api.o(i._ZN13Smartmesh_API8mgr_initEv)
    Smartmesh_API::subscribe(unsigned, unsigned) 0x000026ed   Thumb Code    88  api.o(i._ZN13Smartmesh_API9subscribeEjj)
    Smartmesh_API::Smartmesh_API(UART*)      0x00002749   Thumb Code    40  api.o(i._ZN13Smartmesh_APIC1EP4UART)
    Smartmesh_API::Smartmesh_API__sub_object(UART*) 0x00002749   Thumb Code     0  api.o(i._ZN13Smartmesh_APIC1EP4UART)
    UART::send_array(unsigned char*, unsigned char) 0x00002771   Thumb Code    76  sercom.o(i._ZN4UART10send_arrayEPhh)
    UART::_printf(const char*, ...)          0x000027c9   Thumb Code   112  sercom.o(i._ZN4UART7_printfEPKcz)
    UART::UART(sercom_registers_t*, int)     0x00002845   Thumb Code   212  sercom.o(i._ZN4UARTC1EP18sercom_registers_ti)
    UART::UART__sub_object(sercom_registers_t*, int) 0x00002845   Thumb Code     0  sercom.o(i._ZN4UARTC1EP18sercom_registers_ti)
    __ARM_common_ll_muluu                    0x0000293d   Thumb Code    48  uecc.o(i.__ARM_common_ll_muluu)
    __ARM_common_switch8                     0x0000296d   Thumb Code    26  main.o(i.__ARM_common_switch8)
    __ARM_fpclassify                         0x00002989   Thumb Code    40  fpclassify.o(i.__ARM_fpclassify)
    _is_digit                                0x00002a81   Thumb Code    14  __printf_wp.o(i._is_digit)
    _mutex_acquire                           0x00002a8f   Thumb Code    24  clib_arm.o(i._mutex_acquire)
    _mutex_free                              0x00002aa9   Thumb Code    40  clib_arm.o(i._mutex_free)
    _mutex_initialize                        0x00002ad5   Thumb Code    80  clib_arm.o(i._mutex_initialize)
    _mutex_release                           0x00002b2d   Thumb Code    26  clib_arm.o(i._mutex_release)
    _platform_post_stackheap_init            0x00002b47   Thumb Code     2  clib_arm.o(i._platform_post_stackheap_init)
    main                                     0x00002b49   Thumb Code   180  main.o(i.main)
    pvPortMalloc                             0x000033f1   Thumb Code   198  heap_4.o(i.pvPortMalloc)
    pvTaskIncrementMutexHeldCount            0x000034bd   Thumb Code    20  tasks.o(i.pvTaskIncrementMutexHeldCount)
    pxPortInitialiseStack                    0x000034d5   Thumb Code    26  port.o(i.pxPortInitialiseStack)
    uxListRemove                             0x000034f5   Thumb Code    38  list.o(i.uxListRemove)
    vApplicationGetIdleTaskMemory            0x0000351d   Thumb Code    16  cmsis_os2.o(i.vApplicationGetIdleTaskMemory)
    vApplicationGetTimerTaskMemory           0x00003531   Thumb Code    16  cmsis_os2.o(i.vApplicationGetTimerTaskMemory)
    vApplicationStackOverflowHook            0x00003545   Thumb Code     4  cmsis_os2.o(i.vApplicationStackOverflowHook)
    vListInitialise                          0x00003549   Thumb Code    22  list.o(i.vListInitialise)
    vListInitialiseItem                      0x0000355f   Thumb Code     6  list.o(i.vListInitialiseItem)
    vListInsert                              0x00003565   Thumb Code    48  list.o(i.vListInsert)
    vListInsertEnd                           0x00003595   Thumb Code    24  list.o(i.vListInsertEnd)
    vPortEnterCritical                       0x000035ad   Thumb Code    20  port.o(i.vPortEnterCritical)
    vPortExitCritical                        0x000035c5   Thumb Code    24  port.o(i.vPortExitCritical)
    vPortFree                                0x000035e1   Thumb Code    68  heap_4.o(i.vPortFree)
    vPortSetupTimerInterrupt                 0x00003629   Thumb Code    32  port.o(i.vPortSetupTimerInterrupt)
    vPortYield                               0x00003651   Thumb Code    18  port.o(i.vPortYield)
    vQueueDelete                             0x00003669   Thumb Code    24  queue.o(i.vQueueDelete)
    vQueueWaitForMessageRestricted           0x00003681   Thumb Code    70  queue.o(i.vQueueWaitForMessageRestricted)
    vTaskDelay                               0x000036c9   Thumb Code    48  tasks.o(i.vTaskDelay)
    vTaskDelete                              0x000036fd   Thumb Code   118  tasks.o(i.vTaskDelete)
    vTaskInternalSetTimeOutState             0x0000377d   Thumb Code    12  tasks.o(i.vTaskInternalSetTimeOutState)
    vTaskMissedYield                         0x0000378d   Thumb Code     8  tasks.o(i.vTaskMissedYield)
    vTaskPlaceOnEventList                    0x00003799   Thumb Code    32  tasks.o(i.vTaskPlaceOnEventList)
    vTaskPlaceOnEventListRestricted          0x000037bd   Thumb Code    68  tasks.o(i.vTaskPlaceOnEventListRestricted)
    vTaskPriorityDisinheritAfterTimeout      0x00003805   Thumb Code   136  tasks.o(i.vTaskPriorityDisinheritAfterTimeout)
    vTaskStartScheduler                      0x00003895   Thumb Code   102  tasks.o(i.vTaskStartScheduler)
    vTaskSuspendAll                          0x0000390d   Thumb Code    10  tasks.o(i.vTaskSuspendAll)
    vTaskSwitchContext                       0x0000391d   Thumb Code   120  tasks.o(i.vTaskSwitchContext)
    xPortStartScheduler                      0x000039a1   Thumb Code    40  port.o(i.xPortStartScheduler)
    xPortSysTickHandler                      0x000039d1   Thumb Code    32  port.o(i.xPortSysTickHandler)
    xQueueCreateCountingSemaphore            0x000039f5   Thumb Code    32  queue.o(i.xQueueCreateCountingSemaphore)
    xQueueCreateMutex                        0x00003a15   Thumb Code    24  queue.o(i.xQueueCreateMutex)
    xQueueCreateMutexStatic                  0x00003a2d   Thumb Code    28  queue.o(i.xQueueCreateMutexStatic)
    xQueueGenericCreate                      0x00003a49   Thumb Code    78  queue.o(i.xQueueGenericCreate)
    xQueueGenericCreateStatic                0x00003a97   Thumb Code    62  queue.o(i.xQueueGenericCreateStatic)
    xQueueGenericReset                       0x00003ad5   Thumb Code   142  queue.o(i.xQueueGenericReset)
    xQueueGenericSend                        0x00003b63   Thumb Code   284  queue.o(i.xQueueGenericSend)
    xQueueGenericSendFromISR                 0x00003c7f   Thumb Code   154  queue.o(i.xQueueGenericSendFromISR)
    xQueueGiveFromISR                        0x00003d19   Thumb Code   126  queue.o(i.xQueueGiveFromISR)
    xQueueReceive                            0x00003d97   Thumb Code   264  queue.o(i.xQueueReceive)
    xQueueReceiveFromISR                     0x00003e9f   Thumb Code   132  queue.o(i.xQueueReceiveFromISR)
    xQueueSemaphoreTake                      0x00003f23   Thumb Code   318  queue.o(i.xQueueSemaphoreTake)
    xTaskCheckForTimeOut                     0x00004061   Thumb Code    96  tasks.o(i.xTaskCheckForTimeOut)
    xTaskCreate                              0x000040c5   Thumb Code    96  tasks.o(i.xTaskCreate)
    xTaskCreateStatic                        0x00004125   Thumb Code    70  tasks.o(i.xTaskCreateStatic)
    xTaskGetSchedulerState                   0x0000416d   Thumb Code    26  tasks.o(i.xTaskGetSchedulerState)
    xTaskGetTickCount                        0x0000418d   Thumb Code     6  tasks.o(i.xTaskGetTickCount)
    xTaskIncrementTick                       0x00004199   Thumb Code   266  tasks.o(i.xTaskIncrementTick)
    xTaskPriorityDisinherit                  0x000042ad   Thumb Code   122  tasks.o(i.xTaskPriorityDisinherit)
    xTaskPriorityInherit                     0x00004331   Thumb Code   142  tasks.o(i.xTaskPriorityInherit)
    xTaskRemoveFromEventList                 0x000043c9   Thumb Code   190  tasks.o(i.xTaskRemoveFromEventList)
    xTaskResumeAll                           0x00004495   Thumb Code   248  tasks.o(i.xTaskResumeAll)
    xTimerCreateTimerTask                    0x00004599   Thumb Code    80  timers.o(i.xTimerCreateTimerTask)
    _get_lc_numeric                          0x000045f9   Thumb Code    44  lc_numeric_c.o(locale$$code)
    _get_lc_ctype                            0x00004625   Thumb Code    44  lc_ctype_c.o(locale$$code)
    _printf_fp_dec                           0x00004651   Thumb Code    16  printf1.o(x$fpl$printf1)
    __I$use$fp                               0x00004660   Number         0  usenofp.o(x$fpl$usenofp)
    Region$$Table$$Base                      0x00004738   Number         0  anon$$obj.o(Region$$Table)
    Region$$Table$$Limit                     0x00004758   Number         0  anon$$obj.o(Region$$Table)
    __ctype                                  0x00004781   Data           0  lc_ctype_c.o(locale$$data)
    SHT$$INIT_ARRAY$$Base                    0x00004884   Number         0  main.o(.init_array)
    SHT$$INIT_ARRAY$$Limit                   0x00004888   Number         0  init_aeabi.o(.init_array)
    startFlag                                0x20000000   Data           1  main.o(.data)
    connectedToManager                       0x20000001   Data           1  main.o(.data)
    length                                   0x20000002   Data           1  main.o(.data)
    bluetoothData                            0x20000004   Data           4  main.o(.data)
    gsmData                                  0x20000008   Data           4  main.o(.data)
    dma_in_use                               0x2000000c   Data           4  main.o(.data)
    apiInUse                                 0x20000010   Data           4  main.o(.data)
    bluetoothInUse                           0x20000014   Data           4  main.o(.data)
    dataRecieved                             0x20000018   Data           4  main.o(.data)
    getNetworkInfo                           0x2000001c   Data           4  main.o(.data)
    getNetworkConfig                         0x20000020   Data           4  main.o(.data)
    getMoteInfo                              0x20000024   Data           4  main.o(.data)
    gsm_in_use                               0x20000028   Data           4  main.o(.data)
    moteConfigWasGotFromID                   0x2000002c   Data           4  main.o(.data)
    api_usart                                0x20000030   Data           8  main.o(.data)
    bluetooth                                0x20000038   Data           8  main.o(.data)
    gsm_usart                                0x20000040   Data           8  main.o(.data)
    SystemCoreClock                          0x20000448   Data           4  system_saml21g18b.o(.data)
    pxCurrentTCB                             0x20000470   Data           4  tasks.o(.data)
    uxTopUsedPriority                        0x200004a0   Data           4  tasks.o(.data)
    txbuffer                                 0x200004c4   Data         130  main.o(.bss)
    smartmeshData                            0x20000546   Data         130  main.o(.bss)
    api                                      0x200005c8   Data         144  main.o(.bss)
    __libspace_start                         0x20005370   Data          96  libspace.o(.bss)
    __temporary_stack_top$libspace           0x200053d0   Data           0  libspace.o(.bss)



==============================================================================

Memory Map of the image

  Image Entry point : 0x000000b1

  Load Region LR_IROM1 (Base: 0x00000000, Size: 0x00004d4c, Max: 0x00040000, ABSOLUTE, COMPRESSED[0x00004aac])

    Execution Region ER_IROM1 (Exec base: 0x00000000, Load base: 0x00000000, Size: 0x00004888, Max: 0x00040000, ABSOLUTE)

    Exec Addr    Load Addr    Size         Type   Attr      Idx    E Section Name        Object

    0x00000000   0x00000000   0x000000b0   Data   RO         2917    RESET               startup_saml21g18b.o
    0x000000b0   0x000000b0   0x00000008   Code   RO         4340  * !!!main             c_p.l(__main.o)
    0x000000b8   0x000000b8   0x0000003c   Code   RO         4791    !!!scatter          c_p.l(__scatter.o)
    0x000000f4   0x000000f4   0x0000001c   Code   RO         4793    !!handler_zi        c_p.l(__scatter_zi.o)
    0x00000110   0x00000110   0x00000002   Code   RO         4463    .ARM.Collect$$_printf_percent$$00000000  c_p.l(_printf_percent.o)
    0x00000112   0x00000112   0x0000000a   Code   RO         4452    .ARM.Collect$$_printf_percent$$00000001  c_p.l(_printf_n.o)
    0x0000011c   0x0000011c   0x0000000a   Code   RO         4454    .ARM.Collect$$_printf_percent$$00000002  c_p.l(_printf_p.o)
    0x00000126   0x00000126   0x0000000a   Code   RO         4459    .ARM.Collect$$_printf_percent$$00000003  c_p.l(_printf_f.o)
    0x00000130   0x00000130   0x0000000a   Code   RO         4460    .ARM.Collect$$_printf_percent$$00000004  c_p.l(_printf_e.o)
    0x0000013a   0x0000013a   0x0000000a   Code   RO         4461    .ARM.Collect$$_printf_percent$$00000005  c_p.l(_printf_g.o)
    0x00000144   0x00000144   0x0000000a   Code   RO         4462    .ARM.Collect$$_printf_percent$$00000006  c_p.l(_printf_a.o)
    0x0000014e   0x0000014e   0x0000000a   Code   RO         4467    .ARM.Collect$$_printf_percent$$00000007  c_p.l(_printf_ll.o)
    0x00000158   0x00000158   0x0000000a   Code   RO         4456    .ARM.Collect$$_printf_percent$$00000008  c_p.l(_printf_i.o)
    0x00000162   0x00000162   0x0000000a   Code   RO         4457    .ARM.Collect$$_printf_percent$$00000009  c_p.l(_printf_d.o)
    0x0000016c   0x0000016c   0x0000000a   Code   RO         4458    .ARM.Collect$$_printf_percent$$0000000A  c_p.l(_printf_u.o)
    0x00000176   0x00000176   0x0000000a   Code   RO         4455    .ARM.Collect$$_printf_percent$$0000000B  c_p.l(_printf_o.o)
    0x00000180   0x00000180   0x0000000a   Code   RO         4453    .ARM.Collect$$_printf_percent$$0000000C  c_p.l(_printf_x.o)
    0x0000018a   0x0000018a   0x0000000a   Code   RO         4464    .ARM.Collect$$_printf_percent$$0000000D  c_p.l(_printf_lli.o)
    0x00000194   0x00000194   0x0000000a   Code   RO         4465    .ARM.Collect$$_printf_percent$$0000000E  c_p.l(_printf_lld.o)
    0x0000019e   0x0000019e   0x0000000a   Code   RO         4466    .ARM.Collect$$_printf_percent$$0000000F  c_p.l(_printf_llu.o)
    0x000001a8   0x000001a8   0x0000000a   Code   RO         4471    .ARM.Collect$$_printf_percent$$00000010  c_p.l(_printf_llo.o)
    0x000001b2   0x000001b2   0x0000000a   Code   RO         4472    .ARM.Collect$$_printf_percent$$00000011  c_p.l(_printf_llx.o)
    0x000001bc   0x000001bc   0x0000000a   Code   RO         4468    .ARM.Collect$$_printf_percent$$00000012  c_p.l(_printf_l.o)
    0x000001c6   0x000001c6   0x0000000a   Code   RO         4450    .ARM.Collect$$_printf_percent$$00000013  c_p.l(_printf_c.o)
    0x000001d0   0x000001d0   0x0000000a   Code   RO         4451    .ARM.Collect$$_printf_percent$$00000014  c_p.l(_printf_s.o)
    0x000001da   0x000001da   0x0000000a   Code   RO         4469    .ARM.Collect$$_printf_percent$$00000015  c_p.l(_printf_lc.o)
    0x000001e4   0x000001e4   0x0000000a   Code   RO         4470    .ARM.Collect$$_printf_percent$$00000016  c_p.l(_printf_ls.o)
    0x000001ee   0x000001ee   0x00000004   Code   RO         4586    .ARM.Collect$$_printf_percent$$00000017  c_p.l(_printf_percent_end.o)
    0x000001f2   0x000001f2   0x00000002   Code   RO         4692    .ARM.Collect$$libinit$$00000000  c_p.l(libinit.o)
    0x000001f4   0x000001f4   0x00000000   Code   RO         4492    .ARM.Collect$$libinit$$00000002  c_p.l(libinit2.o)
    0x000001f4   0x000001f4   0x00000000   Code   RO         4494    .ARM.Collect$$libinit$$00000004  c_p.l(libinit2.o)
    0x000001f4   0x000001f4   0x00000000   Code   RO         4497    .ARM.Collect$$libinit$$0000000A  c_p.l(libinit2.o)
    0x000001f4   0x000001f4   0x00000000   Code   RO         4499    .ARM.Collect$$libinit$$0000000C  c_p.l(libinit2.o)
    0x000001f4   0x000001f4   0x00000000   Code   RO         4501    .ARM.Collect$$libinit$$0000000E  c_p.l(libinit2.o)
    0x000001f4   0x000001f4   0x00000006   Code   RO         4502    .ARM.Collect$$libinit$$0000000F  c_p.l(libinit2.o)
    0x000001fa   0x000001fa   0x00000000   Code   RO         4504    .ARM.Collect$$libinit$$00000011  c_p.l(libinit2.o)
    0x000001fa   0x000001fa   0x0000000c   Code   RO         4505    .ARM.Collect$$libinit$$00000012  c_p.l(libinit2.o)
    0x00000206   0x00000206   0x00000000   Code   RO         4506    .ARM.Collect$$libinit$$00000013  c_p.l(libinit2.o)
    0x00000206   0x00000206   0x00000000   Code   RO         4508    .ARM.Collect$$libinit$$00000015  c_p.l(libinit2.o)
    0x00000206   0x00000206   0x0000000a   Code   RO         4509    .ARM.Collect$$libinit$$00000016  c_p.l(libinit2.o)
    0x00000210   0x00000210   0x00000000   Code   RO         4510    .ARM.Collect$$libinit$$00000017  c_p.l(libinit2.o)
    0x00000210   0x00000210   0x00000000   Code   RO         4512    .ARM.Collect$$libinit$$00000019  c_p.l(libinit2.o)
    0x00000210   0x00000210   0x00000000   Code   RO         4514    .ARM.Collect$$libinit$$0000001B  c_p.l(libinit2.o)
    0x00000210   0x00000210   0x00000000   Code   RO         4516    .ARM.Collect$$libinit$$0000001D  c_p.l(libinit2.o)
    0x00000210   0x00000210   0x00000000   Code   RO         4518    .ARM.Collect$$libinit$$0000001F  c_p.l(libinit2.o)
    0x00000210   0x00000210   0x00000000   Code   RO         4520    .ARM.Collect$$libinit$$00000021  c_p.l(libinit2.o)
    0x00000210   0x00000210   0x00000000   Code   RO         4522    .ARM.Collect$$libinit$$00000023  c_p.l(libinit2.o)
    0x00000210   0x00000210   0x00000000   Code   RO         4524    .ARM.Collect$$libinit$$00000025  c_p.l(libinit2.o)
    0x00000210   0x00000210   0x00000000   Code   RO         4528    .ARM.Collect$$libinit$$0000002C  c_p.l(libinit2.o)
    0x00000210   0x00000210   0x00000000   Code   RO         4530    .ARM.Collect$$libinit$$0000002E  c_p.l(libinit2.o)
    0x00000210   0x00000210   0x00000000   Code   RO         4532    .ARM.Collect$$libinit$$00000030  c_p.l(libinit2.o)
    0x00000210   0x00000210   0x00000004   Code   RO         4533    .ARM.Collect$$libinit$$00000031  c_p.l(libinit2.o)
    0x00000214   0x00000214   0x00000000   Code   RO         4534    .ARM.Collect$$libinit$$00000032  c_p.l(libinit2.o)
    0x00000214   0x00000214   0x00000002   Code   RO         4535    .ARM.Collect$$libinit$$00000033  c_p.l(libinit2.o)
    0x00000216   0x00000216   0x00000002   Code   RO         4786    .ARM.Collect$$libshutdown$$00000000  c_p.l(libshutdown.o)
    0x00000218   0x00000218   0x00000000   Code   RO         4694    .ARM.Collect$$libshutdown$$00000002  c_p.l(libshutdown2.o)
    0x00000218   0x00000218   0x00000000   Code   RO         4696    .ARM.Collect$$libshutdown$$00000004  c_p.l(libshutdown2.o)
    0x00000218   0x00000218   0x00000000   Code   RO         4699    .ARM.Collect$$libshutdown$$00000007  c_p.l(libshutdown2.o)
    0x00000218   0x00000218   0x00000000   Code   RO         4702    .ARM.Collect$$libshutdown$$0000000A  c_p.l(libshutdown2.o)
    0x00000218   0x00000218   0x00000000   Code   RO         4704    .ARM.Collect$$libshutdown$$0000000C  c_p.l(libshutdown2.o)
    0x00000218   0x00000218   0x00000000   Code   RO         4707    .ARM.Collect$$libshutdown$$0000000F  c_p.l(libshutdown2.o)
    0x00000218   0x00000218   0x00000002   Code   RO         4708    .ARM.Collect$$libshutdown$$00000010  c_p.l(libshutdown2.o)
    0x0000021a   0x0000021a   0x00000000   Code   RO         4348    .ARM.Collect$$rtentry$$00000000  c_p.l(__rtentry.o)
    0x0000021a   0x0000021a   0x00000000   Code   RO         4548    .ARM.Collect$$rtentry$$00000002  c_p.l(__rtentry2.o)
    0x0000021a   0x0000021a   0x00000006   Code   RO         4560    .ARM.Collect$$rtentry$$00000004  c_p.l(__rtentry4.o)
    0x00000220   0x00000220   0x00000008   Code   RO         4549    .ARM.Collect$$rtentry$$00000008  c_p.l(__rtentry2.o)
    0x00000228   0x00000228   0x00000004   Code   RO         4551    .ARM.Collect$$rtentry$$0000000A  c_p.l(__rtentry2.o)
    0x0000022c   0x0000022c   0x00000000   Code   RO         4553    .ARM.Collect$$rtentry$$0000000C  c_p.l(__rtentry2.o)
    0x0000022c   0x0000022c   0x00000008   Code   RO         4554    .ARM.Collect$$rtentry$$0000000D  c_p.l(__rtentry2.o)
    0x00000234   0x00000234   0x00000002   Code   RO         4717    .ARM.Collect$$rtexit$$00000000  c_p.l(rtexit.o)
    0x00000236   0x00000236   0x00000000   Code   RO         4749    .ARM.Collect$$rtexit$$00000002  c_p.l(rtexit2.o)
    0x00000236   0x00000236   0x00000004   Code   RO         4750    .ARM.Collect$$rtexit$$00000003  c_p.l(rtexit2.o)
    0x0000023a   0x0000023a   0x00000006   Code   RO         4751    .ARM.Collect$$rtexit$$00000004  c_p.l(rtexit2.o)
    0x00000240   0x00000240   0x00000078   Code   RO         3209    .emb_text           port.o
    0x000002b8   0x000002b8   0x00000038   Code   RO         4324    .emb_text           c_p.l(rt_memcpy.o)
    0x000002f0   0x000002f0   0x00000038   Code   RO         2918    .text               startup_saml21g18b.o
    0x00000328   0x00000328   0x00000024   Code   RO         4304    .text               c_p.l(c89vsprintf.o)
    0x0000034c   0x0000034c   0x00000082   Code   RO         4325    .text               c_p.l(rt_memcpy.o)
    0x000003ce   0x000003ce   0x00000012   Code   RO         4330    .text               c_p.l(aeabi_memset.o)
    0x000003e0   0x000003e0   0x00000040   Code   RO         4332    .text               c_p.l(rt_memclr.o)
    0x00000420   0x00000420   0x0000015a   Code   RO         4334    .text               c_p.l(aeabi_sdiv.o)
    0x0000057a   0x0000057a   0x00000006   Code   RO         4338    .text               c_p.l(heapauxi.o)
    0x00000580   0x00000580   0x00000024   Code   RO         4345    .text               c_p.l(init_aeabi.o)
    0x000005a4   0x000005a4   0x0000004e   Code   RO         4382    .text               c_p.l(_printf_pad.o)
    0x000005f2   0x000005f2   0x00000024   Code   RO         4384    .text               c_p.l(_printf_truncate.o)
    0x00000616   0x00000616   0x00000052   Code   RO         4386    .text               c_p.l(_printf_str.o)
    0x00000668   0x00000668   0x0000006c   Code   RO         4388    .text               c_p.l(_printf_dec.o)
    0x000006d4   0x000006d4   0x00000026   Code   RO         4390    .text               c_p.l(_printf_charcount.o)
    0x000006fa   0x000006fa   0x00000002   PAD
    0x000006fc   0x000006fc   0x00000030   Code   RO         4392    .text               c_p.l(_printf_char_common.o)
    0x0000072c   0x0000072c   0x0000000a   Code   RO         4394    .text               c_p.l(_sputc.o)
    0x00000736   0x00000736   0x00000002   PAD
    0x00000738   0x00000738   0x000000bc   Code   RO         4398    .text               c_p.l(_printf_wctomb.o)
    0x000007f4   0x000007f4   0x00000070   Code   RO         4401    .text               c_p.l(_printf_longlong_dec.o)
    0x00000864   0x00000864   0x00000070   Code   RO         4407    .text               c_p.l(_printf_oct_int_ll.o)
    0x000008d4   0x000008d4   0x00000098   Code   RO         4427    .text               c_p.l(_printf_hex_int_ll_ptr.o)
    0x0000096c   0x0000096c   0x00000188   Code   RO         4447    .text               c_p.l(__printf_flags_ss_wp.o)
    0x00000af4   0x00000af4   0x0000000c   Code   RO         4542    .text               c_p.l(sys_exit.o)
    0x00000b00   0x00000b00   0x00000008   Code   RO         4544    .text               c_p.l(libspace.o)
    0x00000b08   0x00000b08   0x0000007a   Code   RO         4572    .text               c_p.l(lludiv10.o)
    0x00000b82   0x00000b82   0x000000b0   Code   RO         4576    .text               c_p.l(_printf_intcommon.o)
    0x00000c32   0x00000c32   0x00000002   PAD
    0x00000c34   0x00000c34   0x00000418   Code   RO         4578    .text               c_p.l(_printf_fp_dec.o)
    0x0000104c   0x0000104c   0x0000002e   Code   RO         4582    .text               c_p.l(_printf_char.o)
    0x0000107a   0x0000107a   0x0000002e   Code   RO         4584    .text               c_p.l(_printf_wchar.o)
    0x000010a8   0x000010a8   0x00000040   Code   RO         4603    .text               c_p.l(_wcrtomb.o)
    0x000010e8   0x000010e8   0x00000028   Code   RO         4613    .text               c_p.l(rtudiv10.o)
    0x00001110   0x00001110   0x00000002   Code   RO         4627    .text               c_p.l(use_no_semi.o)
    0x00001112   0x00001112   0x00000000   Code   RO         4629    .text               c_p.l(indicate_semi.o)
    0x00001112   0x00001112   0x0000003e   Code   RO         4630    .text               c_p.l(sys_stackheap_outer.o)
    0x00001150   0x00001150   0x00000010   Code   RO         4633    .text               c_p.l(rt_ctype_table.o)
    0x00001160   0x00001160   0x0000000a   Code   RO         4642    .text               c_p.l(rt_locale_twolibspace.o)
    0x0000116a   0x0000116a   0x00000002   PAD
    0x0000116c   0x0000116c   0x00000088   Code   RO         4646    .text               c_p.l(_printf_fp_infnan.o)
    0x000011f4   0x000011f4   0x000000d8   Code   RO         4648    .text               c_p.l(bigflt0.o)
    0x000012cc   0x000012cc   0x00000580   Code   RO         4651    .text               c_p.l(btod.o)
    0x0000184c   0x0000184c   0x00000010   Code   RO         4669    .text               c_p.l(exit.o)
    0x0000185c   0x0000185c   0x00000088   Code   RO         4746    .text               c_p.l(strcmp.o)
    0x000018e4   0x000018e4   0x00000060   Code   RO         4789    .text               c_p.l(__dclz77c.o)
    0x00001944   0x00001944   0x00000030   Code   RO            3    i.SERCOM0_Handler   main.o
    0x00001974   0x00001974   0x000000fc   Code   RO            4    i.SERCOM1_Handler   main.o
    0x00001a70   0x00001a70   0x00000014   Code   RO            5    i.SERCOM2_Handler   main.o
    0x00001a84   0x00001a84   0x00000002   Code   RO         3210    i.SVC_Handler       port.o
    0x00001a86   0x00001a86   0x00000002   PAD
    0x00001a88   0x00001a88   0x00000018   Code   RO         2326    i.SysTick_Handler   cmsis_os2.o
    0x00001aa0   0x00001aa0   0x00000010   Code   RO         2925    i.SystemInit        system_saml21g18b.o
    0x00001ab0   0x00001ab0   0x00000040   Code   RO            6    i._Z10setupParsePv  main.o
    0x00001af0   0x00001af0   0x000001c4   Code   RO          557    i._Z12setup_systemv  system_setup.o
    0x00001cb4   0x00001cb4   0x00000030   Code   RO            7    i._Z12verifyPackettPht  main.o
    0x00001ce4   0x00001ce4   0x00000334   Code   RO          672    i._Z14bluetoothParsePv  bluetooth.o
    0x00002018   0x00002018   0x00000218   Code   RO            8    i._Z18parseSmartmeshDataPv  main.o
    0x00002230   0x00002230   0x00000002   Code   RO         1095    i._Z9setup_rtcv     rtc.o
    0x00002232   0x00002232   0x00000002   PAD
    0x00002234   0x00002234   0x0000003c   Code   RO         1174    i._ZN13Smartmesh_API10setJoinKeyEPh  api.o
    0x00002270   0x00002270   0x0000003c   Code   RO         1175    i._ZN13Smartmesh_API11getMoteInfoEPh  api.o
    0x000022ac   0x000022ac   0x00000022   Code   RO         1176    i._ZN13Smartmesh_API11init_packetEhh  api.o
    0x000022ce   0x000022ce   0x00000002   PAD
    0x000022d0   0x000022d0   0x00000030   Code   RO         1177    i._ZN13Smartmesh_API12checksumDataEtPht  api.o
    0x00002300   0x00002300   0x00000034   Code   RO         1178    i._ZN13Smartmesh_API12resetManagerEv  api.o
    0x00002334   0x00002334   0x00000034   Code   RO         1179    i._ZN13Smartmesh_API12verifyPacketEtPht  api.o
    0x00002368   0x00002368   0x00000030   Code   RO         1180    i._ZN13Smartmesh_API14getNetworkInfoEv  api.o
    0x00002398   0x00002398   0x00000048   Code   RO         1181    i._ZN13Smartmesh_API15clearStatisticsEv  api.o
    0x000023e0   0x000023e0   0x00000030   Code   RO         1183    i._ZN13Smartmesh_API16getNetworkConfigEv  api.o
    0x00002410   0x00002410   0x000000dc   Code   RO         1185    i._ZN13Smartmesh_API16parseNetworkInfoEP12network_infoPh  api.o
    0x000024ec   0x000024ec   0x00000074   Code   RO         1186    i._ZN13Smartmesh_API16setNetworkConfigEPh  api.o
    0x00002560   0x00002560   0x0000006e   Code   RO         1188    i._ZN13Smartmesh_API18parseNetworkConfigEP14network_configPh  api.o
    0x000025ce   0x000025ce   0x00000002   PAD
    0x000025d0   0x000025d0   0x0000008c   Code   RO         1190    i._ZN13Smartmesh_API21parseDataNotificationEP10data_notifPh  api.o
    0x0000265c   0x0000265c   0x00000038   Code   RO         1191    i._ZN13Smartmesh_API23getMoteConfigFromMoteIdEt  api.o
    0x00002694   0x00002694   0x00000058   Code   RO         1192    i._ZN13Smartmesh_API8mgr_initEv  api.o
    0x000026ec   0x000026ec   0x0000005c   Code   RO         1194    i._ZN13Smartmesh_API9subscribeEjj  api.o
    0x00002748   0x00002748   0x00000028   Code   RO         1195    i._ZN13Smartmesh_APIC1EP4UART  api.o
    0x00002770   0x00002770   0x00000058   Code   RO         1131    i._ZN4UART10send_arrayEPhh  sercom.o
    0x000027c8   0x000027c8   0x0000007c   Code   RO         1132    i._ZN4UART7_printfEPKcz  sercom.o
    0x00002844   0x00002844   0x000000f8   Code   RO         1133    i._ZN4UARTC1EP18sercom_registers_ti  sercom.o
    0x0000293c   0x0000293c   0x00000030   Code   RO         1935    i.__ARM_common_ll_muluu  uecc.o
    0x0000296c   0x0000296c   0x0000001a   Code   RO           72    i.__ARM_common_switch8  main.o
    0x00002986   0x00002986   0x00000002   PAD
    0x00002988   0x00002988   0x0000002c   Code   RO         4714    i.__ARM_fpclassify  m_ps.l(fpclassify.o)
    0x000029b4   0x000029b4   0x000000cc   Code   RO            9    i.__sti___8_main_cpp_30c642f8  main.o
    0x00002a80   0x00002a80   0x0000000e   Code   RO         4440    i._is_digit         c_p.l(__printf_wp.o)
    0x00002a8e   0x00002a8e   0x00000018   Code   RO         1995    i._mutex_acquire    clib_arm.o
    0x00002aa6   0x00002aa6   0x00000002   PAD
    0x00002aa8   0x00002aa8   0x0000002c   Code   RO         1996    i._mutex_free       clib_arm.o
    0x00002ad4   0x00002ad4   0x00000058   Code   RO         1997    i._mutex_initialize  clib_arm.o
    0x00002b2c   0x00002b2c   0x0000001a   Code   RO         1998    i._mutex_release    clib_arm.o
    0x00002b46   0x00002b46   0x00000002   Code   RO         1999    i._platform_post_stackheap_init  clib_arm.o
    0x00002b48   0x00002b48   0x000000e4   Code   RO           10    i.main              main.o
    0x00002c2c   0x00002c2c   0x00000012   Code   RO         2000    i.os_kernel_is_active  clib_arm.o
    0x00002c3e   0x00002c3e   0x00000002   PAD
    0x00002c40   0x00002c40   0x00000074   Code   RO         3682    i.prvAddCurrentTaskToDelayedList  tasks.o
    0x00002cb4   0x00002cb4   0x00000094   Code   RO         3683    i.prvAddNewTaskToReadyList  tasks.o
    0x00002d48   0x00002d48   0x00000048   Code   RO         4066    i.prvCheckForValidListAndQueue  timers.o
    0x00002d90   0x00002d90   0x0000003c   Code   RO         3684    i.prvCheckTasksWaitingTermination  tasks.o
    0x00002dcc   0x00002dcc   0x00000024   Code   RO         3288    i.prvCopyDataFromQueue  queue.o
    0x00002df0   0x00002df0   0x00000070   Code   RO         3289    i.prvCopyDataToQueue  queue.o
    0x00002e60   0x00002e60   0x0000002e   Code   RO         3685    i.prvDeleteTCB      tasks.o
    0x00002e8e   0x00002e8e   0x00000014   Code   RO         3290    i.prvGetDisinheritPriorityAfterTimeout  queue.o
    0x00002ea2   0x00002ea2   0x00000002   PAD
    0x00002ea4   0x00002ea4   0x00000024   Code   RO         4067    i.prvGetNextExpireTime  timers.o
    0x00002ec8   0x00002ec8   0x0000004c   Code   RO         3146    i.prvHeapInit       heap_4.o
    0x00002f14   0x00002f14   0x00000018   Code   RO         3686    i.prvIdleTask       tasks.o
    0x00002f2c   0x00002f2c   0x0000001a   Code   RO         3291    i.prvInitialiseMutex  queue.o
    0x00002f46   0x00002f46   0x00000022   Code   RO         3292    i.prvInitialiseNewQueue  queue.o
    0x00002f68   0x00002f68   0x0000009c   Code   RO         3687    i.prvInitialiseNewTask  tasks.o
    0x00003004   0x00003004   0x00000054   Code   RO         3688    i.prvInitialiseTaskLists  tasks.o
    0x00003058   0x00003058   0x00000054   Code   RO         3147    i.prvInsertBlockIntoFreeList  heap_4.o
    0x000030ac   0x000030ac   0x00000040   Code   RO         4069    i.prvInsertTimerInActiveList  timers.o
    0x000030ec   0x000030ec   0x0000001c   Code   RO         3293    i.prvIsQueueEmpty   queue.o
    0x00003108   0x00003108   0x0000001e   Code   RO         3294    i.prvIsQueueFull    queue.o
    0x00003126   0x00003126   0x00000002   PAD
    0x00003128   0x00003128   0x00000040   Code   RO         4070    i.prvProcessExpiredTimer  timers.o
    0x00003168   0x00003168   0x000000ec   Code   RO         4071    i.prvProcessReceivedCommands  timers.o
    0x00003254   0x00003254   0x00000064   Code   RO         4072    i.prvProcessTimerOrBlockTask  timers.o
    0x000032b8   0x000032b8   0x00000028   Code   RO         4073    i.prvReloadTimer    timers.o
    0x000032e0   0x000032e0   0x00000020   Code   RO         3690    i.prvResetNextTaskUnblockTime  tasks.o
    0x00003300   0x00003300   0x0000002c   Code   RO         4074    i.prvSampleTimeNow  timers.o
    0x0000332c   0x0000332c   0x0000002c   Code   RO         4075    i.prvSwitchTimerLists  timers.o
    0x00003358   0x00003358   0x00000014   Code   RO         3211    i.prvTaskExitError  port.o
    0x0000336c   0x0000336c   0x00000014   Code   RO         4076    i.prvTimerTask      timers.o
    0x00003380   0x00003380   0x00000070   Code   RO         3295    i.prvUnlockQueue    queue.o
    0x000033f0   0x000033f0   0x000000cc   Code   RO         3148    i.pvPortMalloc      heap_4.o
    0x000034bc   0x000034bc   0x00000018   Code   RO         3693    i.pvTaskIncrementMutexHeldCount  tasks.o
    0x000034d4   0x000034d4   0x00000020   Code   RO         3212    i.pxPortInitialiseStack  port.o
    0x000034f4   0x000034f4   0x00000026   Code   RO         3102    i.uxListRemove      list.o
    0x0000351a   0x0000351a   0x00000002   PAD
    0x0000351c   0x0000351c   0x00000014   Code   RO         2399    i.vApplicationGetIdleTaskMemory  cmsis_os2.o
    0x00003530   0x00003530   0x00000014   Code   RO         2400    i.vApplicationGetTimerTaskMemory  cmsis_os2.o
    0x00003544   0x00003544   0x00000004   Code   RO         2401    i.vApplicationStackOverflowHook  cmsis_os2.o
    0x00003548   0x00003548   0x00000016   Code   RO         3103    i.vListInitialise   list.o
    0x0000355e   0x0000355e   0x00000006   Code   RO         3104    i.vListInitialiseItem  list.o
    0x00003564   0x00003564   0x00000030   Code   RO         3105    i.vListInsert       list.o
    0x00003594   0x00003594   0x00000018   Code   RO         3106    i.vListInsertEnd    list.o
    0x000035ac   0x000035ac   0x00000018   Code   RO         3214    i.vPortEnterCritical  port.o
    0x000035c4   0x000035c4   0x0000001c   Code   RO         3215    i.vPortExitCritical  port.o
    0x000035e0   0x000035e0   0x00000048   Code   RO         3149    i.vPortFree         heap_4.o
    0x00003628   0x00003628   0x00000028   Code   RO         3216    i.vPortSetupTimerInterrupt  port.o
    0x00003650   0x00003650   0x00000018   Code   RO         3217    i.vPortYield        port.o
    0x00003668   0x00003668   0x00000018   Code   RO         3301    i.vQueueDelete      queue.o
    0x00003680   0x00003680   0x00000046   Code   RO         3303    i.vQueueWaitForMessageRestricted  queue.o
    0x000036c6   0x000036c6   0x00000002   PAD
    0x000036c8   0x000036c8   0x00000034   Code   RO         3703    i.vTaskDelay        tasks.o
    0x000036fc   0x000036fc   0x00000080   Code   RO         3704    i.vTaskDelete       tasks.o
    0x0000377c   0x0000377c   0x00000010   Code   RO         3708    i.vTaskInternalSetTimeOutState  tasks.o
    0x0000378c   0x0000378c   0x0000000c   Code   RO         3709    i.vTaskMissedYield  tasks.o
    0x00003798   0x00003798   0x00000024   Code   RO         3710    i.vTaskPlaceOnEventList  tasks.o
    0x000037bc   0x000037bc   0x00000048   Code   RO         3711    i.vTaskPlaceOnEventListRestricted  tasks.o
    0x00003804   0x00003804   0x00000090   Code   RO         3713    i.vTaskPriorityDisinheritAfterTimeout  tasks.o
    0x00003894   0x00003894   0x00000078   Code   RO         3719    i.vTaskStartScheduler  tasks.o
    0x0000390c   0x0000390c   0x00000010   Code   RO         3721    i.vTaskSuspendAll   tasks.o
    0x0000391c   0x0000391c   0x00000084   Code   RO         3722    i.vTaskSwitchContext  tasks.o
    0x000039a0   0x000039a0   0x00000030   Code   RO         3218    i.xPortStartScheduler  port.o
    0x000039d0   0x000039d0   0x00000024   Code   RO         3219    i.xPortSysTickHandler  port.o
    0x000039f4   0x000039f4   0x00000020   Code   RO         3304    i.xQueueCreateCountingSemaphore  queue.o
    0x00003a14   0x00003a14   0x00000018   Code   RO         3306    i.xQueueCreateMutex  queue.o
    0x00003a2c   0x00003a2c   0x0000001c   Code   RO         3307    i.xQueueCreateMutexStatic  queue.o
    0x00003a48   0x00003a48   0x0000004e   Code   RO         3308    i.xQueueGenericCreate  queue.o
    0x00003a96   0x00003a96   0x0000003e   Code   RO         3309    i.xQueueGenericCreateStatic  queue.o
    0x00003ad4   0x00003ad4   0x0000008e   Code   RO         3310    i.xQueueGenericReset  queue.o
    0x00003b62   0x00003b62   0x0000011c   Code   RO         3311    i.xQueueGenericSend  queue.o
    0x00003c7e   0x00003c7e   0x0000009a   Code   RO         3312    i.xQueueGenericSendFromISR  queue.o
    0x00003d18   0x00003d18   0x0000007e   Code   RO         3315    i.xQueueGiveFromISR  queue.o
    0x00003d96   0x00003d96   0x00000108   Code   RO         3321    i.xQueueReceive     queue.o
    0x00003e9e   0x00003e9e   0x00000084   Code   RO         3322    i.xQueueReceiveFromISR  queue.o
    0x00003f22   0x00003f22   0x0000013e   Code   RO         3323    i.xQueueSemaphoreTake  queue.o
    0x00004060   0x00004060   0x00000064   Code   RO         3724    i.xTaskCheckForTimeOut  tasks.o
    0x000040c4   0x000040c4   0x00000060   Code   RO         3725    i.xTaskCreate       tasks.o
    0x00004124   0x00004124   0x00000046   Code   RO         3726    i.xTaskCreateStatic  tasks.o
    0x0000416a   0x0000416a   0x00000002   PAD
    0x0000416c   0x0000416c   0x00000020   Code   RO         3733    i.xTaskGetSchedulerState  tasks.o
    0x0000418c   0x0000418c   0x0000000c   Code   RO         3734    i.xTaskGetTickCount  tasks.o
    0x00004198   0x00004198   0x00000114   Code   RO         3736    i.xTaskIncrementTick  tasks.o
    0x000042ac   0x000042ac   0x00000084   Code   RO         3737    i.xTaskPriorityDisinherit  tasks.o
    0x00004330   0x00004330   0x00000098   Code   RO         3738    i.xTaskPriorityInherit  tasks.o
    0x000043c8   0x000043c8   0x000000cc   Code   RO         3739    i.xTaskRemoveFromEventList  tasks.o
    0x00004494   0x00004494   0x00000104   Code   RO         3740    i.xTaskResumeAll    tasks.o
    0x00004598   0x00004598   0x00000060   Code   RO         4085    i.xTimerCreateTimerTask  timers.o
    0x000045f8   0x000045f8   0x0000002c   Code   RO         4667    locale$$code        c_p.l(lc_numeric_c.o)
    0x00004624   0x00004624   0x0000002c   Code   RO         4734    locale$$code        c_p.l(lc_ctype_c.o)
    0x00004650   0x00004650   0x00000010   Code   RO         4536    x$fpl$printf1       fz_ps.l(printf1.o)
    0x00004660   0x00004660   0x00000000   Code   RO         4713    x$fpl$usenofp       fz_ps.l(usenofp.o)
    0x00004660   0x00004660   0x00000008   Data   RO         4399    .constdata          c_p.l(_printf_wctomb.o)
    0x00004668   0x00004668   0x00000028   Data   RO         4428    .constdata          c_p.l(_printf_hex_int_ll_ptr.o)
    0x00004690   0x00004690   0x00000011   Data   RO         4448    .constdata          c_p.l(__printf_flags_ss_wp.o)
    0x000046a1   0x000046a1   0x00000003   PAD
    0x000046a4   0x000046a4   0x00000094   Data   RO         4649    .constdata          c_p.l(bigflt0.o)
    0x00004738   0x00004738   0x00000020   Data   RO         4787    Region$$Table       anon$$obj.o
    0x00004758   0x00004758   0x0000001c   Data   RO         4666    locale$$data        c_p.l(lc_numeric_c.o)
    0x00004774   0x00004774   0x00000110   Data   RO         4733    locale$$data        c_p.l(lc_ctype_c.o)
    0x00004884   0x00004884   0x00000004   Data   RO           23    .init_array         main.o
    0x00004888   0x00004884   0x00000000   Data   RO         4343    .init_array         c_p.l(init_aeabi.o)


    Execution Region RW_IRAM1 (Exec base: 0x20000000, Load base: 0x00004888, Size: 0x00005dd0, Max: 0x00008000, ABSOLUTE, COMPRESSED[0x00000224])

    Exec Addr    Load Addr    Size         Type   Attr      Idx    E Section Name        Object

    0x20000000   COMPRESSED   0x00000248   Data   RW           20    .data               main.o
    0x20000248   COMPRESSED   0x00000200   Data   RW         1219    .data               api.o
    0x20000448   COMPRESSED   0x00000004   Data   RW         2926    .data               system_saml21g18b.o
    0x2000044c   COMPRESSED   0x00000020   Data   RW         3155    .data               heap_4.o
    0x2000046c   COMPRESSED   0x00000004   Data   RW         3220    .data               port.o
    0x20000470   COMPRESSED   0x00000040   Data   RW         3743    .data               tasks.o
    0x200004b0   COMPRESSED   0x00000014   Data   RW         4094    .data               timers.o
    0x200004c4        -       0x00000194   Zero   RW           19    .bss                main.o
    0x20000658        -       0x00000394   Zero   RW         2001    .bss                clib_arm.o
    0x200009ec        -       0x000003f8   Zero   RW         2402    .bss                cmsis_os2.o
    0x20000de4        -       0x00004000   Zero   RW         3154    .bss                heap_4.o
    0x20004de4        -       0x000004c4   Zero   RW         3742    .bss                tasks.o
    0x200052a8        -       0x000000c8   Zero   RW         4093    .bss                timers.o
    0x20005370        -       0x00000060   Zero   RW         4545    .bss                c_p.l(libspace.o)
    0x200053d0        -       0x00000500   Zero   RW         2916    HEAP                startup_saml21g18b.o
    0x200058d0        -       0x00000500   Zero   RW         2915    STACK               startup_saml21g18b.o


==============================================================================

Image component sizes


      Code (inc. data)   RO Data    RW Data    ZI Data      Debug   Object Name

      1336         78          0        512          0      10280   api.o
       820         80          0          0          0       6165   bluetooth.o
         0          0          0          0          0       5032   byte_order.o
       202         12          0          0        916      33204   clib_arm.o
        68         12          0          0       1016      18595   cmsis_os2.o
         0          0          0          0          0      10468   event_groups.o
       436         26          0         32      16384       4395   heap_4.o
       138          0          0          0          0       3474   list.o
      1426        178          4        584        404     138464   main.o
         0          0          0          0          0        392   mainrlp.o
       374         54          0          4          0       7451   port.o
      2136          0          0          0          0      23153   queue.o
         0          0          0          0          0       1472   rlp.o
         2          0          0          0          0        360   rtc.o
         0          0          0          0          0     117235   sendingdata.o
       460         60          0          0          0       3144   sercom.o
        56         26        176          0       2560        656   startup_saml21g18b.o
        16          8          0          4          0        703   system_saml21g18b.o
       452         84          0          0          0       7866   system_setup.o
      2752        196          0         64       1220      32139   tasks.o
       816         70          0         20        200      11828   timers.o
        48          0          0          0          0         76   uecc.o

    ----------------------------------------------------------------------
     11562        884        212       1220      22700     436552   Object Totals
         0          0         32          0          0          0   (incl. Generated)
        24          0          0          0          0          0   (incl. Padding)

    ----------------------------------------------------------------------

      Code (inc. data)   RO Data    RW Data    ZI Data      Debug   Library Member Name

        96          0          0          0          0          0   __dclz77c.o
         8          0          0          0          0         68   __main.o
       392          6         17          0          0         76   __printf_flags_ss_wp.o
        14          0          0          0          0         60   __printf_wp.o
         0          0          0          0          0          0   __rtentry.o
        20          0          0          0          0          0   __rtentry2.o
         6          0          0          0          0          0   __rtentry4.o
        60          8          0          0          0          0   __scatter.o
        28          0          0          0          0          0   __scatter_zi.o
        10          0          0          0          0          0   _printf_a.o
        10          0          0          0          0          0   _printf_c.o
        46          0          0          0          0        100   _printf_char.o
        48          6          0          0          0         88   _printf_char_common.o
        38          0          0          0          0         60   _printf_charcount.o
        10          0          0          0          0          0   _printf_d.o
       108         18          0          0          0         76   _printf_dec.o
        10          0          0          0          0          0   _printf_e.o
        10          0          0          0          0          0   _printf_f.o
      1048         14          0          0          0        176   _printf_fp_dec.o
       136         16          0          0          0         76   _printf_fp_infnan.o
        10          0          0          0          0          0   _printf_g.o
       152          4         40          0          0        148   _printf_hex_int_ll_ptr.o
        10          0          0          0          0          0   _printf_i.o
       176          0          0          0          0         84   _printf_intcommon.o
        10          0          0          0          0          0   _printf_l.o
        10          0          0          0          0          0   _printf_lc.o
        10          0          0          0          0          0   _printf_ll.o
        10          0          0          0          0          0   _printf_lld.o
        10          0          0          0          0          0   _printf_lli.o
        10          0          0          0          0          0   _printf_llo.o
        10          0          0          0          0          0   _printf_llu.o
        10          0          0          0          0          0   _printf_llx.o
       112         18          0          0          0         76   _printf_longlong_dec.o
        10          0          0          0          0          0   _printf_ls.o
        10          0          0          0          0          0   _printf_n.o
        10          0          0          0          0          0   _printf_o.o
       112         10          0          0          0        112   _printf_oct_int_ll.o
        10          0          0          0          0          0   _printf_p.o
        78          0          0          0          0        100   _printf_pad.o
         2          0          0          0          0          0   _printf_percent.o
         4          0          0          0          0          0   _printf_percent_end.o
        10          0          0          0          0          0   _printf_s.o
        82          0          0          0          0         72   _printf_str.o
        36          0          0          0          0         76   _printf_truncate.o
        10          0          0          0          0          0   _printf_u.o
        46          0          0          0          0        100   _printf_wchar.o
       188          6          8          0          0         80   _printf_wctomb.o
        10          0          0          0          0          0   _printf_x.o
        10          0          0          0          0         60   _sputc.o
        64          0          0          0          0         72   _wcrtomb.o
        18          0          0          0          0         68   aeabi_memset.o
       346          0          0          0          0         92   aeabi_sdiv.o
       216          6        148          0          0         80   bigflt0.o
      1408         30          0          0          0        260   btod.o
        36          4          0          0          0         68   c89vsprintf.o
        16          0          0          0          0         68   exit.o
         6          0          0          0          0        136   heapauxi.o
         0          0          0          0          0          0   indicate_semi.o
        36         10          0          0          0         72   init_aeabi.o
        44         10        272          0          0         76   lc_ctype_c.o
        44         10         28          0          0         76   lc_numeric_c.o
         2          0          0          0          0          0   libinit.o
        34          0          0          0          0          0   libinit2.o
         2          0          0          0          0          0   libshutdown.o
         2          0          0          0          0          0   libshutdown2.o
         8          4          0          0         96         68   libspace.o
       122          0          0          0          0         72   lludiv10.o
        16          4          0          0          0         76   rt_ctype_table.o
        10          0          0          0          0         76   rt_locale_twolibspace.o
        64          0          0          0          0        108   rt_memclr.o
       186          0          0          0          0        144   rt_memcpy.o
         2          0          0          0          0          0   rtexit.o
        10          0          0          0          0          0   rtexit2.o
        40          0          0          0          0         60   rtudiv10.o
       136          4          0          0          0         72   strcmp.o
        12          4          0          0          0         60   sys_exit.o
        62          0          0          0          0         80   sys_stackheap_outer.o
         2          0          0          0          0         68   use_no_semi.o
        16          4          0          0          0         76   printf1.o
         0          0          0          0          0          0   usenofp.o
        44          4          0          0          0         60   fpclassify.o

    ----------------------------------------------------------------------
      6278        200        516          0         96       3776   Library Totals
         8          0          3          0          0          0   (incl. Padding)

    ----------------------------------------------------------------------

      Code (inc. data)   RO Data    RW Data    ZI Data      Debug   Library Name

      6210        192        513          0         96       3640   c_p.l
        16          4          0          0          0         76   fz_ps.l
        44          4          0          0          0         60   m_ps.l

    ----------------------------------------------------------------------
      6278        200        516          0         96       3776   Library Totals

    ----------------------------------------------------------------------

==============================================================================


      Code (inc. data)   RO Data    RW Data    ZI Data      Debug   

     17840       1084        728       1220      22796     433180   Grand Totals
     17840       1084        728        548      22796     433180   ELF Image Totals (compressed)
     17840       1084        728        548          0          0   ROM Totals

==============================================================================

    Total RO  Size (Code + RO Data)                18568 (  18.13kB)
    Total RW  Size (RW Data + ZI Data)             24016 (  23.45kB)
    Total ROM Size (Code + RO Data + RW Data)      19116 (  18.67kB)

==============================================================================

