Component: ARM Compiler 5.06 update 6 (build 750) Tool: armlink [4d35ed]

==============================================================================

Section Cross References

    main.o(i.SERCOM0_Handler) refers to main.o(i._Z12verifyPackettPht) for verifyPacket(unsigned short, unsigned char*, unsigned short)
    main.o(i.SERCOM0_Handler) refers to queue.o(i.xQueueReceiveFromISR) for xQueueReceiveFromISR
    main.o(i.SERCOM0_Handler) refers to queue.o(i.xQueueGiveFromISR) for xQueueGiveFromISR
    main.o(i.SERCOM0_Handler) refers to main.o(.data) for .data
    main.o(i.SERCOM0_Handler) refers to main.o(.bss) for .bss
    main.o(i.SERCOM1_Handler) refers to queue.o(i.xQueueGenericSendFromISR) for xQueueGenericSendFromISR
    main.o(i.SERCOM1_Handler) refers to main.o(.data) for .data
    main.o(i._Z10setupParsePv) refers to api.o(i._ZN13Smartmesh_API8mgr_initEv) for Smartmesh_API::mgr_init()
    main.o(i._Z10setupParsePv) refers to queue.o(i.xQueueSemaphoreTake) for xQueueSemaphoreTake
    main.o(i._Z10setupParsePv) refers to tasks.o(i.xTaskCreate) for xTaskCreate
    main.o(i._Z10setupParsePv) refers to main.o(.bss) for .bss
    main.o(i._Z10setupParsePv) refers to main.o(.data) for .data
    main.o(i._Z10setupParsePv) refers to main.o(i._Z18parseSmartmeshDataPv) for parseSmartmeshData(void*)
    main.o(i._Z12verifyPackettPht) refers to main.o(.data) for .data
    main.o(i._Z18parseSmartmeshDataPv) refers to queue.o(i.xQueueSemaphoreTake) for xQueueSemaphoreTake
    main.o(i._Z18parseSmartmeshDataPv) refers to queue.o(i.xQueueGenericSend) for xQueueGenericSend
    main.o(i._Z18parseSmartmeshDataPv) refers to sercom.o(i._ZN4UART7_printfEPKcz) for UART::_printf(const char*, ...)
    main.o(i._Z18parseSmartmeshDataPv) refers to api.o(i._ZN13Smartmesh_API9subscribeEjj) for Smartmesh_API::subscribe(unsigned, unsigned)
    main.o(i._Z18parseSmartmeshDataPv) refers to api.o(i._ZN13Smartmesh_API8mgr_initEv) for Smartmesh_API::mgr_init()
    main.o(i._Z18parseSmartmeshDataPv) refers to api.o(i._ZN13Smartmesh_API12resetManagerEv) for Smartmesh_API::resetManager()
    main.o(i._Z18parseSmartmeshDataPv) refers to api.o(i._ZN13Smartmesh_API16parseNetworkInfoEP12network_infoPh) for Smartmesh_API::parseNetworkInfo(network_info*, unsigned char*)
    main.o(i._Z18parseSmartmeshDataPv) refers to tasks.o(i.vTaskDelete) for vTaskDelete
    main.o(i._Z18parseSmartmeshDataPv) refers to main.o(.data) for .data
    main.o(i._Z18parseSmartmeshDataPv) refers to main.o(.bss) for .bss
    main.o(i.__sti___8_main_cpp_30c642f8) refers to sercom.o(i._ZN4UARTC1EP18sercom_registers_ti) for UART::UART(sercom_registers_t*, int)
    main.o(i.__sti___8_main_cpp_30c642f8) refers to api.o(i._ZN13Smartmesh_APIC1EP4UART) for Smartmesh_API::Smartmesh_API(UART*)
    main.o(i.__sti___8_main_cpp_30c642f8) refers to queue.o(i.xQueueGenericCreate) for xQueueGenericCreate
    main.o(i.__sti___8_main_cpp_30c642f8) refers to queue.o(i.xQueueCreateCountingSemaphore) for xQueueCreateCountingSemaphore
    main.o(i.__sti___8_main_cpp_30c642f8) refers to main.o(.data) for .data
    main.o(i.__sti___8_main_cpp_30c642f8) refers to main.o(.bss) for .bss
    main.o(i.main) refers to system_setup.o(i._Z12setup_systemv) for setup_system()
    main.o(i.main) refers to tasks.o(i.xTaskCreate) for xTaskCreate
    main.o(i.main) refers to sercom.o(i._ZN4UARTC1EP18sercom_registers_ti) for UART::UART(sercom_registers_t*, int)
    main.o(i.main) refers to rt_memcpy.o(.emb_text) for __aeabi_memcpy4
    main.o(i.main) refers to api.o(i._ZN13Smartmesh_APIC1EP4UART) for Smartmesh_API::Smartmesh_API(UART*)
    main.o(i.main) refers to queue.o(i.xQueueGenericSend) for xQueueGenericSend
    main.o(i.main) refers to sercom.o(i._ZN4UART7_printfEPKcz) for UART::_printf(const char*, ...)
    main.o(i.main) refers to uecc.o(i.uECC_sign_deterministic) for uECC_sign_deterministic
    main.o(i.main) refers to tasks.o(i.vTaskStartScheduler) for vTaskStartScheduler
    main.o(i.main) refers to main.o(i._Z10setupParsePv) for setupParse(void*)
    main.o(i.main) refers to bluetooth.o(i._Z14bluetoothParsePv) for bluetoothParse(void*)
    main.o(i.main) refers to main.o(.data) for .data
    main.o(i.main) refers to main.o(.bss) for .bss
    main.o(.ARM.exidx) refers to main.o(i._Z12verifyPackettPht) for i._Z12verifyPackettPht
    main.o(.ARM.exidx) refers to main.o(i._Z18parseSmartmeshDataPv) for i._Z18parseSmartmeshDataPv
    main.o(.ARM.exidx) refers to main.o(i._Z10setupParsePv) for i._Z10setupParsePv
    main.o(.ARM.exidx) refers to main.o(i.main) for i.main
    main.o(.ARM.exidx) refers to main.o(i.SERCOM0_Handler) for i.SERCOM0_Handler
    main.o(.ARM.exidx) refers to main.o(i.SERCOM1_Handler) for i.SERCOM1_Handler
    main.o(.ARM.exidx) refers to main.o(i.SERCOM2_Handler) for i.SERCOM2_Handler
    main.o(.ARM.exidx) refers to main.o(i.__sti___8_main_cpp_30c642f8) for i.__sti___8_main_cpp_30c642f8
[...]
    _printf_percent                          0x00000111   Thumb Code     0  _printf_percent.o(.ARM.Collect$$_printf_percent$$00000000)
    _printf_n                                0x00000113   Thumb Code     0  _printf_n.o(.ARM.Collect$$_printf_percent$$00000001)
    _printf_p                                0x0000011d   Thumb Code     0  _printf_p.o(.ARM.Collect$$_printf_percent$$00000002)
    _printf_f                                0x00000127   Thumb Code     0  _printf_f.o(.ARM.Collect$$_printf_percent$$00000003)
    _printf_e                                0x00000131   Thumb Code     0  _printf_e.o(.ARM.Collect$$_printf_percent$$00000004)
    _printf_g                                0x0000013b   Thumb Code     0  _printf_g.o(.ARM.Collect$$_printf_percent$$00000005)
    _printf_a                                0x00000145   Thumb Code     0  _printf_a.o(.ARM.Collect$$_printf_percent$$00000006)
    _printf_ll                               0x0000014f   Thumb Code     0  _printf_ll.o(.ARM.Collect$$_printf_percent$$00000007)
    _printf_i                                0x00000159   Thumb Code     0  _printf_i.o(.ARM.Collect$$_printf_percent$$00000008)
    _printf_d                                0x00000163   Thumb Code     0  _printf_d.o(.ARM.Collect$$_printf_percent$$00000009)
    _printf_u                                0x0000016d   Thumb Code     0  _printf_u.o(.ARM.Collect$$_printf_percent$$0000000A)
    _printf_o                                0x00000177   Thumb Code     0  _printf_o.o(.ARM.Collect$$_printf_percent$$0000000B)
    _printf_x                                0x00000181   Thumb Code     0  _printf_x.o(.ARM.Collect$$_printf_percent$$0000000C)
    _printf_lli                              0x0000018b   Thumb Code     0  _printf_lli.o(.ARM.Collect$$_printf_percent$$0000000D)
    _printf_lld                              0x00000195   Thumb Code     0  _printf_lld.o(.ARM.Collect$$_printf_percent$$0000000E)
    _printf_llu                              0x0000019f   Thumb Code     0  _printf_llu.o(.ARM.Collect$$_printf_percent$$0000000F)
    _printf_llo                              0x000001a9   Thumb Code     0  _printf_llo.o(.ARM.Collect$$_printf_percent$$00000010)
    _printf_llx                              0x000001b3   Thumb Code     0  _printf_llx.o(.ARM.Collect$$_printf_percent$$00000011)
    _printf_l                                0x000001bd   Thumb Code     0  _printf_l.o(.ARM.Collect$$_printf_percent$$00000012)
    _printf_c                                0x000001c7   Thumb Code     0  _printf_c.o(.ARM.Collect$$_printf_percent$$00000013)
    _printf_s                                0x000001d1   Thumb Code     0  _printf_s.o(.ARM.Collect$$_printf_percent$$00000014)
    _printf_lc                               0x000001db   Thumb Code     0  _printf_lc.o(.ARM.Collect$$_printf_percent$$00000015)
    _printf_ls                               0x000001e5   Thumb Code     0  _printf_ls.o(.ARM.Collect$$_printf_percent$$00000016)
    _printf_percent_end                      0x000001ef   Thumb Code     0  _printf_percent_end.o(.ARM.Collect$$_printf_percent$$00000017)
    __rt_lib_init                            0x000001f3   Thumb Code     0  libinit.o(.ARM.Collect$$libinit$$00000000)
    __rt_lib_init_fp_1                       0x000001f5   Thumb Code     0  libinit2.o(.ARM.Collect$$libinit$$00000002)
    __rt_lib_init_heap_2                     0x000001f5   Thumb Code     0  libinit2.o(.ARM.Collect$$libinit$$00000005)
    __rt_lib_init_preinit_1                  0x000001f5   Thumb Code     0  libinit2.o(.ARM.Collect$$libinit$$00000004)
    __rt_lib_init_heap_1                     0x000001fd   Thumb Code     0  libinit2.o(.ARM.Collect$$libinit$$0000000A)
    __rt_lib_init_lc_common                  0x000001fd   Thumb Code     0  libinit2.o(.ARM.Collect$$libinit$$0000000F)
    __rt_lib_init_rand_1                     0x000001fd   Thumb Code     0  libinit2.o(.ARM.Collect$$libinit$$0000000E)
    __rt_lib_init_user_alloc_1               0x000001fd   Thumb Code     0  libinit2.o(.ARM.Collect$$libinit$$0000000C)
    __rt_lib_init_lc_collate_1               0x00000203   Thumb Code     0  libinit2.o(.ARM.Collect$$libinit$$00000011)
    __rt_lib_init_lc_ctype_2                 0x00000203   Thumb Code     0  libinit2.o(.ARM.Collect$$libinit$$00000012)
    __rt_lib_init_lc_ctype_1                 0x0000020f   Thumb Code     0  libinit2.o(.ARM.Collect$$libinit$$00000013)
    __rt_lib_init_lc_monetary_1              0x0000020f   Thumb Code     0  libinit2.o(.ARM.Collect$$libinit$$00000015)
    __rt_lib_init_lc_numeric_2               0x0000020f   Thumb Code     0  libinit2.o(.ARM.Collect$$libinit$$00000016)
    __rt_lib_init_atexit_1                   0x00000219   Thumb Code     0  libinit2.o(.ARM.Collect$$libinit$$0000001B)
    __rt_lib_init_clock_1                    0x00000219   Thumb Code     0  libinit2.o(.ARM.Collect$$libinit$$00000021)
    __rt_lib_init_fp_trap_1                  0x00000219   Thumb Code     0  libinit2.o(.ARM.Collect$$libinit$$0000001F)
    __rt_lib_init_getenv_1                   0x00000219   Thumb Code     0  libinit2.o(.ARM.Collect$$libinit$$00000023)
    __rt_lib_init_lc_numeric_1               0x00000219   Thumb Code     0  libinit2.o(.ARM.Collect$$libinit$$00000017)
    __rt_lib_init_lc_time_1                  0x00000219   Thumb Code     0  libinit2.o(.ARM.Collect$$libinit$$00000019)
    __rt_lib_init_signal_1                   0x00000219   Thumb Code     0  libinit2.o(.ARM.Collect$$libinit$$0000001D)
    __rt_lib_init_stdio_2                    0x00000219   Thumb Code     0  libinit2.o(.ARM.Collect$$libinit$$00000024)
    __rt_lib_init_alloca_1                   0x0000021d   Thumb Code     0  libinit2.o(.ARM.Collect$$libinit$$0000002E)
    __rt_lib_init_argv_1                     0x0000021d   Thumb Code     0  libinit2.o(.ARM.Collect$$libinit$$0000002C)
    __rt_lib_init_cpp_2                      0x0000021d   Thumb Code     0  libinit2.o(.ARM.Collect$$libinit$$00000031)
    __rt_lib_init_exceptions_1               0x0000021d   Thumb Code     0  libinit2.o(.ARM.Collect$$libinit$$00000030)
    __rt_lib_init_stdio_1                    0x0000021d   Thumb Code     0  libinit2.o(.ARM.Collect$$libinit$$00000025)
    __rt_lib_init_cpp_1                      0x00000221   Thumb Code     0  libinit2.o(.ARM.Collect$$libinit$$00000032)
    __rt_lib_init_return                     0x00000221   Thumb Code     0  libinit2.o(.ARM.Collect$$libinit$$00000033)
    __rt_lib_shutdown                        0x00000223   Thumb Code     0  libshutdown.o(.ARM.Collect$$libshutdown$$00000000)
    __rt_lib_shutdown_cpp_1                  0x00000225   Thumb Code     0  libshutdown2.o(.ARM.Collect$$libshutdown$$00000002)
    __rt_lib_shutdown_stdio_2                0x00000225   Thumb Code     0  libshutdown2.o(.ARM.Collect$$libshutdown$$00000003)
    __rt_lib_shutdown_fp_trap_1              0x00000229   Thumb Code     0  libshutdown2.o(.ARM.Collect$$libshutdown$$00000007)
    __rt_lib_shutdown_heap_2                 0x00000229   Thumb Code     0  libshutdown2.o(.ARM.Collect$$libshutdown$$0000000D)
    __rt_lib_shutdown_signal_1               0x00000229   Thumb Code     0  libshutdown2.o(.ARM.Collect$$libshutdown$$0000000A)
    __rt_lib_shutdown_stdio_1                0x00000229   Thumb Code     0  libshutdown2.o(.ARM.Collect$$libshutdown$$00000004)
    __rt_lib_shutdown_user_alloc_1           0x00000229   Thumb Code     0  libshutdown2.o(.ARM.Collect$$libshutdown$$0000000C)
    __rt_lib_shutdown_heap_1                 0x0000022d   Thumb Code     0  libshutdown2.o(.ARM.Collect$$libshutdown$$0000000F)
    __rt_lib_shutdown_return                 0x0000022d   Thumb Code     0  libshutdown2.o(.ARM.Collect$$libshutdown$$00000010)
    __rt_entry                               0x0000022f   Thumb Code     0  __rtentry.o(.ARM.Collect$$rtentry$$00000000)
    __rt_entry_presh_1                       0x0000022f   Thumb Code     0  __rtentry2.o(.ARM.Collect$$rtentry$$00000002)
    __rt_entry_sh                            0x0000022f   Thumb Code     0  __rtentry4.o(.ARM.Collect$$rtentry$$00000004)
    __rt_entry_postsh_1                      0x00000235   Thumb Code     0  __rtentry2.o(.ARM.Collect$$rtentry$$00000008)
    __rt_entry_li                            0x0000023d   Thumb Code     0  __rtentry2.o(.ARM.Collect$$rtentry$$0000000A)
    __rt_entry_main                          0x00000241   Thumb Code     0  __rtentry2.o(.ARM.Collect$$rtentry$$0000000D)
    __rt_entry_postli_1                      0x00000241   Thumb Code     0  __rtentry2.o(.ARM.Collect$$rtentry$$0000000C)
    __rt_exit                                0x00000249   Thumb Code     0  rtexit.o(.ARM.Collect$$rtexit$$00000000)
    __rt_exit_ls                             0x0000024b   Thumb Code     0  rtexit2.o(.ARM.Collect$$rtexit$$00000003)
    __rt_exit_prels_1                        0x0000024b   Thumb Code     0  rtexit2.o(.ARM.Collect$$rtexit$$00000002)
    __rt_exit_exit                           0x0000024f   Thumb Code     0  rtexit2.o(.ARM.Collect$$rtexit$$00000004)
    __asm___6_port_c_39a90d8d__prvPortStartFirstTask 0x00000255   Thumb Code    36  port.o(.emb_text)
    ulSetInterruptMaskFromISR                0x0000027d   Thumb Code     8  port.o(.emb_text)
    vClearInterruptMaskFromISR               0x00000285   Thumb Code     6  port.o(.emb_text)
    PendSV_Handler                           0x0000028b   Thumb Code    62  port.o(.emb_text)
    __aeabi_memcpy4                          0x000002cd   Thumb Code    56  rt_memcpy.o(.emb_text)
    __aeabi_memcpy8                          0x000002cd   Thumb Code     0  rt_memcpy.o(.emb_text)
    Reset_Handler                            0x00000305   Thumb Code     8  startup_saml21g18b.o(.text)
    _maybe_terminate_alloc                   0x00000305   Thumb Code     0  maybetermalloc2.o(.emb_text)
    NonMaskableInt_Handler                   0x0000030d   Thumb Code     2  startup_saml21g18b.o(.text)
    HardFault_Handler                        0x0000030f   Thumb Code     2  startup_saml21g18b.o(.text)
    AC_Handler                               0x00000317   Thumb Code     0  startup_saml21g18b.o(.text)
    ADC_Handler                              0x00000317   Thumb Code     0  startup_saml21g18b.o(.text)
    AES_Handler                              0x00000317   Thumb Code     0  startup_saml21g18b.o(.text)
    DAC_Handler                              0x00000317   Thumb Code     0  startup_saml21g18b.o(.text)
    DMAC_Handler                             0x00000317   Thumb Code     0  startup_saml21g18b.o(.text)
    EIC_Handler                              0x00000317   Thumb Code     0  startup_saml21g18b.o(.text)
    EVSYS_Handler                            0x00000317   Thumb Code     0  startup_saml21g18b.o(.text)
    NVMCTRL_Handler                          0x00000317   Thumb Code     0  startup_saml21g18b.o(.text)
    PTC_Handler                              0x00000317   Thumb Code     0  startup_saml21g18b.o(.text)
    RTC_Handler                              0x00000317   Thumb Code     0  startup_saml21g18b.o(.text)
    SERCOM3_Handler                          0x00000317   Thumb Code     0  startup_saml21g18b.o(.text)
    SERCOM4_Handler                          0x00000317   Thumb Code     0  startup_saml21g18b.o(.text)
    SERCOM5_Handler                          0x00000317   Thumb Code     0  startup_saml21g18b.o(.text)
    SYSTEM_Handler                           0x00000317   Thumb Code     0  startup_saml21g18b.o(.text)
    TC0_Handler                              0x00000317   Thumb Code     0  startup_saml21g18b.o(.text)
    TC1_Handler                              0x00000317   Thumb Code     0  startup_saml21g18b.o(.text)
    TC4_Handler                              0x00000317   Thumb Code     0  startup_saml21g18b.o(.text)
    TCC0_Handler                             0x00000317   Thumb Code     0  startup_saml21g18b.o(.text)
    TCC1_Handler                             0x00000317   Thumb Code     0  startup_saml21g18b.o(.text)
    TCC2_Handler                             0x00000317   Thumb Code     0  startup_saml21g18b.o(.text)
    TRNG_Handler                             0x00000317   Thumb Code     0  startup_saml21g18b.o(.text)
    USB_Handler                              0x00000317   Thumb Code     0  startup_saml21g18b.o(.text)
    WDT_Handler                              0x00000317   Thumb Code     0  startup_saml21g18b.o(.text)
    __user_initial_stackheap                 0x00000319   Thumb Code     0  startup_saml21g18b.o(.text)
    _malloc_internal                         0x00000345   Thumb Code   126  h1_alloc_mt.o(.text)
    malloc                                   0x000003c3   Thumb Code    20  h1_alloc_mt.o(.text)
    _free_internal                           0x000003d7   Thumb Code    96  h1_free_mt.o(.text)
    free                                     0x00000437   Thumb Code    20  h1_free_mt.o(.text)
    vasprintf                                0x0000044b   Thumb Code    52  vasprintf.o(.text)
    __2printf                                0x00000481   Thumb Code    22  __2printf.o(.text)
    strlen                                   0x0000049d   Thumb Code    62  strlen.o(.text)
    __aeabi_memcpy                           0x000004e1   Thumb Code   130  rt_memcpy.o(.text)
    __rt_memcpy                              0x000004e1   Thumb Code     0  rt_memcpy.o(.text)
    __aeabi_memset                           0x00000563   Thumb Code    18  aeabi_memset.o(.text)
    _memset_w                                0x00000575   Thumb Code    26  rt_memclr.o(.text)
    _memset                                  0x0000058f   Thumb Code    30  rt_memclr.o(.text)
    __aeabi_memclr                           0x000005ad   Thumb Code     4  rt_memclr.o(.text)
    __rt_memclr                              0x000005ad   Thumb Code     0  rt_memclr.o(.text)
    __aeabi_memclr4                          0x000005b1   Thumb Code     0  rt_memclr.o(.text)
    __aeabi_memclr8                          0x000005b1   Thumb Code     0  rt_memclr.o(.text)
    __rt_memclr_w                            0x000005b1   Thumb Code     4  rt_memclr.o(.text)
    __aeabi_uidiv                            0x000005b5   Thumb Code     0  aeabi_sdiv.o(.text)
    __aeabi_uidivmod                         0x000005b5   Thumb Code    20  aeabi_sdiv.o(.text)
    __aeabi_idiv                             0x000005c9   Thumb Code     0  aeabi_sdiv.o(.text)
    __aeabi_idivmod                          0x000005c9   Thumb Code   326  aeabi_sdiv.o(.text)
    __use_two_region_memory                  0x0000070f   Thumb Code     2  heapauxi.o(.text)
    __rt_heap_escrow                         0x00000711   Thumb Code     2  heapauxi.o(.text)
    __rt_heap_expand                         0x00000713   Thumb Code     2  heapauxi.o(.text)
    __cpp_initialize__aeabi_                 0x00000715   Thumb Code    26  init_aeabi.o(.text)
    __rt_heap_descriptor                     0x00000739   Thumb Code    10  rt_heap_descriptor_twolibspace.o(.text)
    __use_no_heap                            0x00000743   Thumb Code     2  hguard.o(.text)
    __heap$guard                             0x00000745   Thumb Code     2  hguard.o(.text)
    _terminate_user_alloc                    0x00000747   Thumb Code     2  init_alloc.o(.text)
    _init_user_alloc                         0x00000749   Thumb Code     2  init_alloc.o(.text)
    __Heap_Full                              0x0000074b   Thumb Code    32  init_alloc.o(.text)
    __Heap_Broken                            0x0000076b   Thumb Code    10  init_alloc.o(.text)
    _init_alloc                              0x00000775   Thumb Code    90  init_alloc.o(.text)
    __Heap_Initialize                        0x000007cf   Thumb Code    18  h1_init_mt.o(.text)
    __Heap_DescSize                          0x000007e1   Thumb Code     4  h1_init_mt.o(.text)
    vsnprintf                                0x000007e5   Thumb Code    50  vsnprintf.o(.text)
    _printf_pre_padding                      0x0000081d   Thumb Code    44  _printf_pad.o(.text)
    _printf_post_padding                     0x00000849   Thumb Code    34  _printf_pad.o(.text)
    _printf_truncate_signed                  0x0000086b   Thumb Code    18  _printf_truncate.o(.text)
    _printf_truncate_unsigned                0x0000087d   Thumb Code    18  _printf_truncate.o(.text)
    _printf_str                              0x0000088f   Thumb Code    82  _printf_str.o(.text)
    _printf_int_dec                          0x000008e1   Thumb Code    90  _printf_dec.o(.text)
    _printf_charcount                        0x0000094d   Thumb Code    38  _printf_charcount.o(.text)
    _printf_wctomb                           0x00000975   Thumb Code   182  _printf_wctomb.o(.text)
    _printf_longlong_dec                     0x00000a31   Thumb Code    94  _printf_longlong_dec.o(.text)
    _printf_longlong_oct                     0x00000aa1   Thumb Code    68  _printf_oct_int_ll.o(.text)
    _printf_int_oct                          0x00000ae5   Thumb Code    24  _printf_oct_int_ll.o(.text)
    _printf_ll_oct                           0x00000afd   Thumb Code    10  _printf_oct_int_ll.o(.text)
    _printf_longlong_hex                     0x00000b11   Thumb Code    88  _printf_hex_int_ll_ptr.o(.text)
    _printf_int_hex                          0x00000b69   Thumb Code    28  _printf_hex_int_ll_ptr.o(.text)
    _printf_ll_hex                           0x00000b85   Thumb Code    10  _printf_hex_int_ll_ptr.o(.text)
    _printf_hex_ptr                          0x00000b8f   Thumb Code    22  _printf_hex_int_ll_ptr.o(.text)
    __printf                                 0x00000ba9   Thumb Code   386  __printf_flags_ss_wp.o(.text)
    _ttywrch                                 0x00000d31   Thumb Code    12  sys_wrch.o(.text)
    _sys_exit                                0x00000d3d   Thumb Code     8  sys_exit.o(.text)
    __user_libspace                          0x00000d49   Thumb Code     8  libspace.o(.text)
    __user_perproc_libspace                  0x00000d49   Thumb Code     0  libspace.o(.text)
    __Heap_ProvideMemory                     0x00000d51   Thumb Code    54  h1_extend_mt.o(.text)
    _ll_udiv10                               0x00000d87   Thumb Code   122  lludiv10.o(.text)
    _printf_int_common                       0x00000e01   Thumb Code   176  _printf_intcommon.o(.text)
    __lib_sel_fp_printf                      0x00000eb1   Thumb Code     2  _printf_fp_dec.o(.text)
    _printf_fp_dec_real                      0x0000104f   Thumb Code   620  _printf_fp_dec.o(.text)
    _printf_fp_hex_real                      0x000012c9   Thumb Code   718  _printf_fp_hex.o(.text)
    _printf_char_common                      0x000015ab   Thumb Code    32  _printf_char_common.o(.text)
    _sputc                                   0x000015d1   Thumb Code    10  _sputc.o(.text)
    _snputc                                  0x000015db   Thumb Code    16  _snputc.o(.text)
    _printf_cs_common                        0x000015eb   Thumb Code    22  _printf_char.o(.text)
    _printf_char                             0x00001601   Thumb Code    16  _printf_char.o(.text)
    _printf_string                           0x00001611   Thumb Code     8  _printf_char.o(.text)
    _printf_lcs_common                       0x00001619   Thumb Code    22  _printf_wchar.o(.text)
    _printf_wchar                            0x0000162f   Thumb Code    16  _printf_wchar.o(.text)
    _printf_wstring                          0x0000163f   Thumb Code     8  _printf_wchar.o(.text)
    _initio                                  0x00001649   Thumb Code   246  initio_locked.o(.text)
    _terminateio                             0x0000173f   Thumb Code   164  initio_locked.o(.text)
    _wcrtomb                                 0x00001815   Thumb Code    64  _wcrtomb.o(.text)
    __rt_SIGRTMEM                            0x00001855   Thumb Code    12  defsig_rtmem_outer.o(.text)
    __rt_udiv10                              0x00001861   Thumb Code    40  rtudiv10.o(.text)
    _sys_open                                0x00001889   Thumb Code    20  sys_io.o(.text)
    _sys_close                               0x0000189d   Thumb Code    12  sys_io.o(.text)
    _sys_write                               0x000018a9   Thumb Code    16  sys_io.o(.text)
    _sys_read                                0x000018b9   Thumb Code    14  sys_io.o(.text)
    _sys_istty                               0x000018c7   Thumb Code    12  sys_io.o(.text)
    _sys_seek                                0x000018d3   Thumb Code    14  sys_io.o(.text)
    _sys_ensure                              0x000018e1   Thumb Code     2  sys_io.o(.text)
    _sys_flen                                0x000018e3   Thumb Code    12  sys_io.o(.text)
    __I$use$semihosting                      0x000018ef   Thumb Code     0  use_no_semi.o(.text)
    __use_no_semihosting_swi                 0x000018ef   Thumb Code     2  use_no_semi.o(.text)
    __semihosting_library_function           0x000018f1   Thumb Code     0  indicate_semi.o(.text)
    __user_setup_stackheap                   0x000018f1   Thumb Code    62  sys_stackheap_outer.o(.text)
    __rt_ctype_table                         0x00001931   Thumb Code    16  rt_ctype_table.o(.text)
    __rt_locale                              0x00001941   Thumb Code    10  rt_locale_twolibspace.o(.text)
    _terminate_alloc                         0x0000194b   Thumb Code    14  term_alloc.o(.text)
    _printf_fp_infnan                        0x00001959   Thumb Code   120  _printf_fp_infnan.o(.text)
    _btod_etento                             0x000019e1   Thumb Code   210  bigflt0.o(.text)
    _btod_d2e                                0x00001ab9   Thumb Code    64  btod.o(.text)
    _btod_emul                               0x00001eed   Thumb Code    28  btod.o(.text)
    _btod_emuld                              0x00001f09   Thumb Code   144  btod.o(.text)
    _btod_ediv                               0x00001f99   Thumb Code    26  btod.o(.text)
    _btod_edivd                              0x00001fb3   Thumb Code   124  btod.o(.text)
    __flsbuf                                 0x00002039   Thumb Code   486  flsbuf.o(.text)
    __flsbuf_byte                            0x00002039   Thumb Code     0  flsbuf.o(.text)
    __flsbuf_wide                            0x00002039   Thumb Code     0  flsbuf.o(.text)
    _fclose_internal                         0x00002229   Thumb Code    72  fclose.o(.text)
    fclose                                   0x00002229   Thumb Code     0  fclose.o(.text)
    setvbuf                                  0x00002275   Thumb Code   104  setvbuf_locked.o(.text)
    freopen                                  0x00002389   Thumb Code    38  fopen_locked.o(.text)
    _fopen$locked                            0x000023af   Thumb Code   102  fopen_locked.o(.text)
    exit                                     0x00002421   Thumb Code    16  exit.o(.text)
    __sig_exit                               0x00002431   Thumb Code    12  defsig_exit.o(.text)
    __rt_SIGRTRED                            0x0000243d   Thumb Code    12  defsig_rtred_outer.o(.text)
    __rt_SIGRTMEM_inner                      0x00002449   Thumb Code    22  defsig_rtmem_inner.o(.text)
    __Heap_Finalize                          0x00002499   Thumb Code    10  h1_final_mt.o(.text)
    _printf_char_file                        0x000024a5   Thumb Code    54  _printf_char_file_locked.o(.text)
    _fseek                                   0x000024e1   Thumb Code   240  fseek.o(.text)
    fseek                                    0x000024e1   Thumb Code     0  fseek.o(.text)
    _seterr                                  0x000025d5   Thumb Code    20  stdio.o(.text)
    _writebuf                                0x000025e9   Thumb Code    76  stdio.o(.text)
    _fflush                                  0x00002635   Thumb Code    76  stdio.o(.text)
    _deferredlazyseek                        0x00002681   Thumb Code    60  stdio.o(.text)
    __default_signal_display                 0x000026c5   Thumb Code    52  defsig_general.o(.text)
    __rt_SIGRTRED_inner                      0x000026f9   Thumb Code    14  defsig_rtred_inner.o(.text)
    strcmp                                   0x0000272d   Thumb Code   132  strcmp.o(.text)
    _ftell_internal                          0x000027b5   Thumb Code    66  ftell.o(.text)
    ftell                                    0x000027b5   Thumb Code     0  ftell.o(.text)
    __aeabi_errno_addr                       0x000027f7   Thumb Code     8  rt_errno_addr_twolibspace.o(.text)
    __errno$twolibspace                      0x000027f7   Thumb Code     0  rt_errno_addr_twolibspace.o(.text)
    __rt_errno_addr$twolibspace              0x000027f7   Thumb Code     0  rt_errno_addr_twolibspace.o(.text)
    __decompress                             0x000027ff   Thumb Code     0  __dclz77c.o(.text)
    __decompress2                            0x000027ff   Thumb Code    96  __dclz77c.o(.text)
    SERCOM0_Handler                          0x00002a49   Thumb Code   222  main.o(i.SERCOM0_Handler)
    SERCOM1_Handler                          0x00002b45   Thumb Code    36  main.o(i.SERCOM1_Handler)
    SERCOM2_Handler                          0x00002b75   Thumb Code    14  main.o(i.SERCOM2_Handler)
    SVC_Handler                              0x00002b89   Thumb Code     2  port.o(i.SVC_Handler)
    SysTick_Handler                          0x00002b8d   Thumb Code    20  cmsis_os2.o(i.SysTick_Handler)
    SystemInit                               0x00002ba5   Thumb Code     8  system_saml21g18b.o(i.SystemInit)
    setupParse(void*)                        0x00002df1   Thumb Code    44  main.o(i._Z10setupParsePv)
    setup_system()                           0x00002e31   Thumb Code   360  system_setup.o(i._Z12setup_systemv)
    verifyPacket(unsigned short, unsigned char*, unsigned short) 0x00002fe9   Thumb Code    40  main.o(i._Z12verifyPackettPht)
    bluetoothParse(void*)                    0x00003019   Thumb Code   490  bluetooth.o(i._Z14bluetoothParsePv)
    parseSmartmeshData(void*)                0x000032f5   Thumb Code   250  main.o(i._Z18parseSmartmeshDataPv)
    setup_rtc()                              0x00003455   Thumb Code     2  rtc.o(i._Z9setup_rtcv)
    Smartmesh_API::setJoinKey(unsigned char*) 0x00003459   Thumb Code    54  api.o(i._ZN13Smartmesh_API10setJoinKeyEPh)
    Smartmesh_API::init_packet(unsigned char, unsigned char) 0x00003495   Thumb Code    34  api.o(i._ZN13Smartmesh_API11init_packetEhh)
    Smartmesh_API::checksumData(unsigned short, unsigned char*, unsigned short) 0x000034b9   Thumb Code    44  api.o(i._ZN13Smartmesh_API12checksumDataEtPht)
    Smartmesh_API::resetManager()            0x000034e9   Thumb Code    48  api.o(i._ZN13Smartmesh_API12resetManagerEv)
    Smartmesh_API::verifyPacket(unsigned short, unsigned char*, unsigned short) 0x0000351d   Thumb Code    42  api.o(i._ZN13Smartmesh_API12verifyPacketEtPht)
    Smartmesh_API::getNetworkInfo()          0x00003551   Thumb Code    42  api.o(i._ZN13Smartmesh_API14getNetworkInfoEv)
    Smartmesh_API::clearStatistics()         0x00003581   Thumb Code    42  api.o(i._ZN13Smartmesh_API15clearStatisticsEv)
    Smartmesh_API::getNetworkConfig()        0x000035b1   Thumb Code    42  api.o(i._ZN13Smartmesh_API16getNetworkConfigEv)
    Smartmesh_API::parseNetworkInfo(network_info*, unsigned char*) 0x000035e1   Thumb Code   178  api.o(i._ZN13Smartmesh_API16parseNetworkInfoEP12network_infoPh)
    Smartmesh_API::setNetworkConfig(unsigned char*) 0x00003699   Thumb Code   110  api.o(i._ZN13Smartmesh_API16setNetworkConfigEPh)
    Smartmesh_API::getMoteConfigFromMoteId(unsigned short) 0x0000370d   Thumb Code    54  api.o(i._ZN13Smartmesh_API23getMoteConfigFromMoteIdEt)
    Smartmesh_API::mgr_init()                0x00003749   Thumb Code    54  api.o(i._ZN13Smartmesh_API8mgr_initEv)
    Smartmesh_API::subscribe(unsigned, unsigned) 0x00003785   Thumb Code    64  api.o(i._ZN13Smartmesh_API9subscribeEjj)
    Smartmesh_API::Smartmesh_API(UART*)      0x000037c9   Thumb Code    12  api.o(i._ZN13Smartmesh_APIC1EP4UART)
    Smartmesh_API::Smartmesh_API__sub_object(UART*) 0x000037c9   Thumb Code     0  api.o(i._ZN13Smartmesh_APIC1EP4UART)
    UART::send_array(unsigned char*, unsigned char) 0x000037d5   Thumb Code    76  sercom.o(i._ZN4UART10send_arrayEPhh)
    UART::_printf(const char*, ...)          0x0000382d   Thumb Code   110  sercom.o(i._ZN4UART7_printfEPKcz)
    UART::UART(sercom_registers_t*, int)     0x000038ad   Thumb Code   212  sercom.o(i._ZN4UARTC1EP18sercom_registers_ti)
    UART::UART__sub_object(sercom_registers_t*, int) 0x000038ad   Thumb Code     0  sercom.o(i._ZN4UARTC1EP18sercom_registers_ti)
    __ARM_common_ll_muluu                    0x000039a5   Thumb Code    48  uecc.o(i.__ARM_common_ll_muluu)
    __ARM_common_switch8                     0x000039d5   Thumb Code    26  cmsis_os2.o(i.__ARM_common_switch8)
    __ARM_fpclassify                         0x000039f1   Thumb Code    40  fpclassify.o(i.__ARM_fpclassify)
    __user_perthread_libspace                0x00003aa9   Thumb Code    72  clib_arm.o(i.__user_perthread_libspace)
    _is_digit                                0x00003af9   Thumb Code    14  __printf_wp.o(i._is_digit)
    _mutex_acquire                           0x00003b07   Thumb Code    24  clib_arm.o(i._mutex_acquire)
    _mutex_free                              0x00003b21   Thumb Code    40  clib_arm.o(i._mutex_free)
    _mutex_initialize                        0x00003b4d   Thumb Code    80  clib_arm.o(i._mutex_initialize)
    _mutex_release                           0x00003ba5   Thumb Code    26  clib_arm.o(i._mutex_release)
    _platform_post_stackheap_init            0x00003bbf   Thumb Code     2  clib_arm.o(i._platform_post_stackheap_init)
    _fputc$unlocked                          0x00003c95   Thumb Code    30  fputc.o(i.fputc)
    main                                     0x00003cb5   Thumb Code   172  main.o(i.main)
    pvPortMalloc                             0x000045c9   Thumb Code   198  heap_4.o(i.pvPortMalloc)
    pvTaskIncrementMutexHeldCount            0x00004695   Thumb Code    20  tasks.o(i.pvTaskIncrementMutexHeldCount)
    pxPortInitialiseStack                    0x000046ad   Thumb Code    26  port.o(i.pxPortInitialiseStack)
    uECC_sign_deterministic                  0x000047a1   Thumb Code   380  uecc.o(i.uECC_sign_deterministic)
    uxListRemove                             0x00005105   Thumb Code    38  list.o(i.uxListRemove)
    vApplicationGetIdleTaskMemory            0x0000512d   Thumb Code    16  cmsis_os2.o(i.vApplicationGetIdleTaskMemory)
    vApplicationGetTimerTaskMemory           0x00005141   Thumb Code    16  cmsis_os2.o(i.vApplicationGetTimerTaskMemory)
    vApplicationStackOverflowHook            0x00005155   Thumb Code     4  cmsis_os2.o(i.vApplicationStackOverflowHook)
    vListInitialise                          0x00005159   Thumb Code    22  list.o(i.vListInitialise)
    vListInitialiseItem                      0x0000516f   Thumb Code     6  list.o(i.vListInitialiseItem)
    vListInsert                              0x00005175   Thumb Code    48  list.o(i.vListInsert)
    vListInsertEnd                           0x000051a5   Thumb Code    24  list.o(i.vListInsertEnd)
    vPortEnterCritical                       0x000051bd   Thumb Code    20  port.o(i.vPortEnterCritical)
    vPortExitCritical                        0x000051d5   Thumb Code    24  port.o(i.vPortExitCritical)
    vPortFree                                0x000051f1   Thumb Code    68  heap_4.o(i.vPortFree)
    vPortSetupTimerInterrupt                 0x00005239   Thumb Code    32  port.o(i.vPortSetupTimerInterrupt)
    vPortYield                               0x00005261   Thumb Code    18  port.o(i.vPortYield)
    vQueueDelete                             0x00005279   Thumb Code    24  queue.o(i.vQueueDelete)
    vQueueWaitForMessageRestricted           0x00005291   Thumb Code    70  queue.o(i.vQueueWaitForMessageRestricted)
    vTaskDelete                              0x000052d9   Thumb Code   118  tasks.o(i.vTaskDelete)
    vTaskInternalSetTimeOutState             0x00005359   Thumb Code    12  tasks.o(i.vTaskInternalSetTimeOutState)
    vTaskMissedYield                         0x00005369   Thumb Code     8  tasks.o(i.vTaskMissedYield)
    vTaskPlaceOnEventList                    0x00005375   Thumb Code    32  tasks.o(i.vTaskPlaceOnEventList)
    vTaskPlaceOnEventListRestricted          0x00005399   Thumb Code    68  tasks.o(i.vTaskPlaceOnEventListRestricted)
    vTaskPriorityDisinheritAfterTimeout      0x000053e1   Thumb Code   136  tasks.o(i.vTaskPriorityDisinheritAfterTimeout)
    vTaskStartScheduler                      0x00005471   Thumb Code   102  tasks.o(i.vTaskStartScheduler)
    vTaskSuspendAll                          0x000054e9   Thumb Code    10  tasks.o(i.vTaskSuspendAll)
    vTaskSwitchContext                       0x000054f9   Thumb Code   120  tasks.o(i.vTaskSwitchContext)
    xPortStartScheduler                      0x000055d1   Thumb Code    40  port.o(i.xPortStartScheduler)
    xPortSysTickHandler                      0x00005601   Thumb Code    32  port.o(i.xPortSysTickHandler)
    xQueueCreateCountingSemaphore            0x00005625   Thumb Code    32  queue.o(i.xQueueCreateCountingSemaphore)
    xQueueCreateMutex                        0x00005645   Thumb Code    24  queue.o(i.xQueueCreateMutex)
    xQueueCreateMutexStatic                  0x0000565d   Thumb Code    28  queue.o(i.xQueueCreateMutexStatic)
    xQueueGenericCreate                      0x00005679   Thumb Code    78  queue.o(i.xQueueGenericCreate)
    xQueueGenericCreateStatic                0x000056c7   Thumb Code    62  queue.o(i.xQueueGenericCreateStatic)
    xQueueGenericReset                       0x00005705   Thumb Code   142  queue.o(i.xQueueGenericReset)
    xQueueGenericSend                        0x00005793   Thumb Code   284  queue.o(i.xQueueGenericSend)
    xQueueGenericSendFromISR                 0x000058af   Thumb Code   154  queue.o(i.xQueueGenericSendFromISR)
    xQueueGiveFromISR                        0x00005949   Thumb Code   126  queue.o(i.xQueueGiveFromISR)
    xQueueReceive                            0x000059c7   Thumb Code   264  queue.o(i.xQueueReceive)
    xQueueReceiveFromISR                     0x00005acf   Thumb Code   132  queue.o(i.xQueueReceiveFromISR)
    xQueueSemaphoreTake                      0x00005b53   Thumb Code   318  queue.o(i.xQueueSemaphoreTake)
    xTaskCheckForTimeOut                     0x00005c91   Thumb Code    96  tasks.o(i.xTaskCheckForTimeOut)
    xTaskCreate                              0x00005cf5   Thumb Code    96  tasks.o(i.xTaskCreate)
    xTaskCreateStatic                        0x00005d55   Thumb Code    70  tasks.o(i.xTaskCreateStatic)
    xTaskGetCurrentTaskHandle                0x00005d9d   Thumb Code     6  tasks.o(i.xTaskGetCurrentTaskHandle)
    xTaskGetSchedulerState                   0x00005da9   Thumb Code    26  tasks.o(i.xTaskGetSchedulerState)
    xTaskGetTickCount                        0x00005dc9   Thumb Code     6  tasks.o(i.xTaskGetTickCount)
    xTaskIncrementTick                       0x00005dd5   Thumb Code   266  tasks.o(i.xTaskIncrementTick)
    xTaskPriorityDisinherit                  0x00005ee9   Thumb Code   122  tasks.o(i.xTaskPriorityDisinherit)
    xTaskPriorityInherit                     0x00005f6d   Thumb Code   142  tasks.o(i.xTaskPriorityInherit)
    xTaskRemoveFromEventList                 0x00006005   Thumb Code   190  tasks.o(i.xTaskRemoveFromEventList)
    xTaskResumeAll                           0x000060d1   Thumb Code   248  tasks.o(i.xTaskResumeAll)
    xTimerCreateTimerTask                    0x000061d5   Thumb Code    80  timers.o(i.xTimerCreateTimerTask)
    _get_lc_numeric                          0x00006235   Thumb Code    44  lc_numeric_c.o(locale$$code)
    _get_lc_ctype                            0x00006261   Thumb Code    44  lc_ctype_c.o(locale$$code)
    T1 littleToBigEndian<unsigned>(T1)       0x0000628d   Thumb Code    18  bluetooth.o(t._Z17littleToBigEndianIjET_S0_)
    T1 littleToBigEndian<unsigned short>(T1) 0x0000629f   Thumb Code    20  bluetooth.o(t._Z17littleToBigEndianItET_S0_)
    T2 std::reverse_copy<unsigned char*, unsigned char*>(T1, T1, T2) 0x000062b3   Thumb Code    20  bluetooth.o(t._ZSt12reverse_copyIPhS0_ET0_T_S2_S1_)
    _printf_fp_dec                           0x000062c9   Thumb Code    16  printf1.o(x$fpl$printf1)
    _printf_fp_hex                           0x000062d9   Thumb Code    16  printf2.o(x$fpl$printf2)
    __I$use$fp                               0x000062e8   Number         0  usenofp.o(x$fpl$usenofp)
    __stdin_name                             0x0000634f   Data           4  sys_io.o(.constdata)
    __stdout_name                            0x00006353   Data           4  sys_io.o(.constdata)
    __stderr_name                            0x00006357   Data           4  sys_io.o(.constdata)
    Region$$Table$$Base                      0x000063f0   Number         0  anon$$obj.o(Region$$Table)
    Region$$Table$$Limit                     0x00006410   Number         0  anon$$obj.o(Region$$Table)
    __ctype                                  0x00006439   Data           0  lc_ctype_c.o(locale$$data)
    SHT$$INIT_ARRAY$$Base                    0x0000653c   Number         0  main.o(.init_array)
    SHT$$INIT_ARRAY$$Limit                   0x00006540   Number         0  init_aeabi.o(.init_array)
    startFlag                                0x20000000   Data           1  main.o(.data)
    connectedToManager                       0x20000001   Data           1  main.o(.data)
    length                                   0x20000002   Data           1  main.o(.data)
    bluetoothData                            0x20000004   Data           4  main.o(.data)
    dma_in_use                               0x20000008   Data           4  main.o(.data)
    bluetoothInUse                           0x2000000c   Data           4  main.o(.data)
    dataRecieved                             0x20000010   Data           4  main.o(.data)
    getNetworkInfo                           0x20000014   Data           4  main.o(.data)
    getNetworkConfig                         0x20000018   Data           4  main.o(.data)
    moteConfigWasGotFromID                   0x2000001c   Data           4  main.o(.data)
    api_usart                                0x20000020   Data           8  main.o(.data)
    bluetooth                                0x20000028   Data           8  main.o(.data)
    SystemCoreClock                          0x20000434   Data           4  system_saml21g18b.o(.data)
    pxCurrentTCB                             0x2000045c   Data           4  tasks.o(.data)
    uxTopUsedPriority                        0x2000048c   Data           4  tasks.o(.data)
    __aeabi_stdin                            0x200004b0   Data           4  stdio_streams.o(.data)
    __aeabi_stdout                           0x200004b4   Data           4  stdio_streams.o(.data)
    __aeabi_stderr                           0x200004b8   Data           4  stdio_streams.o(.data)
    _stream_list_lock                        0x200004bc   Data           4  streamlock.o(.data)
    txbuffer                                 0x200004c0   Data         130  main.o(.bss)
    smartmeshData                            0x20000542   Data         130  main.o(.bss)
    api                                      0x200005c4   Data         140  main.o(.bss)
    __stdin                                  0x20005368   Data          84  stdio_streams.o(.bss)
    __stdout                                 0x200053bc   Data          84  stdio_streams.o(.bss)
    __stderr                                 0x20005410   Data          84  stdio_streams.o(.bss)
    __libspace_start                         0x20005464   Data          96  libspace.o(.bss)
    __temporary_stack_top$libspace           0x200054c4   Data           0  libspace.o(.bss)



==============================================================================

Memory Map of the image

  Image Entry point : 0x000000b1

  Load Region LR_IROM1 (Base: 0x00000000, Size: 0x00006a00, Max: 0x00040000, ABSOLUTE, COMPRESSED[0x00006768])

    Execution Region ER_IROM1 (Exec base: 0x00000000, Load base: 0x00000000, Size: 0x00006540, Max: 0x00040000, ABSOLUTE)

    Exec Addr    Load Addr    Size         Type   Attr      Idx    E Section Name        Object

    0x00000000   0x00000000   0x000000b0   Data   RO         2670    RESET               startup_saml21g18b.o
    0x000000b0   0x000000b0   0x00000008   Code   RO         4083  * !!!main             c_p.l(__main.o)
    0x000000b8   0x000000b8   0x0000003c   Code   RO         4537    !!!scatter          c_p.l(__scatter.o)
    0x000000f4   0x000000f4   0x0000001c   Code   RO         4539    !!handler_zi        c_p.l(__scatter_zi.o)
    0x00000110   0x00000110   0x00000002   Code   RO         4204    .ARM.Collect$$_printf_percent$$00000000  c_p.l(_printf_percent.o)
    0x00000112   0x00000112   0x0000000a   Code   RO         4193    .ARM.Collect$$_printf_percent$$00000001  c_p.l(_printf_n.o)
    0x0000011c   0x0000011c   0x0000000a   Code   RO         4195    .ARM.Collect$$_printf_percent$$00000002  c_p.l(_printf_p.o)
    0x00000126   0x00000126   0x0000000a   Code   RO         4200    .ARM.Collect$$_printf_percent$$00000003  c_p.l(_printf_f.o)
    0x00000130   0x00000130   0x0000000a   Code   RO         4201    .ARM.Collect$$_printf_percent$$00000004  c_p.l(_printf_e.o)
    0x0000013a   0x0000013a   0x0000000a   Code   RO         4202    .ARM.Collect$$_printf_percent$$00000005  c_p.l(_printf_g.o)
    0x00000144   0x00000144   0x0000000a   Code   RO         4203    .ARM.Collect$$_printf_percent$$00000006  c_p.l(_printf_a.o)
    0x0000014e   0x0000014e   0x0000000a   Code   RO         4208    .ARM.Collect$$_printf_percent$$00000007  c_p.l(_printf_ll.o)
    0x00000158   0x00000158   0x0000000a   Code   RO         4197    .ARM.Collect$$_printf_percent$$00000008  c_p.l(_printf_i.o)
    0x00000162   0x00000162   0x0000000a   Code   RO         4198    .ARM.Collect$$_printf_percent$$00000009  c_p.l(_printf_d.o)
    0x0000016c   0x0000016c   0x0000000a   Code   RO         4199    .ARM.Collect$$_printf_percent$$0000000A  c_p.l(_printf_u.o)
    0x00000176   0x00000176   0x0000000a   Code   RO         4196    .ARM.Collect$$_printf_percent$$0000000B  c_p.l(_printf_o.o)
    0x00000180   0x00000180   0x0000000a   Code   RO         4194    .ARM.Collect$$_printf_percent$$0000000C  c_p.l(_printf_x.o)
    0x0000018a   0x0000018a   0x0000000a   Code   RO         4205    .ARM.Collect$$_printf_percent$$0000000D  c_p.l(_printf_lli.o)
    0x00000194   0x00000194   0x0000000a   Code   RO         4206    .ARM.Collect$$_printf_percent$$0000000E  c_p.l(_printf_lld.o)
    0x0000019e   0x0000019e   0x0000000a   Code   RO         4207    .ARM.Collect$$_printf_percent$$0000000F  c_p.l(_printf_llu.o)
    0x000001a8   0x000001a8   0x0000000a   Code   RO         4212    .ARM.Collect$$_printf_percent$$00000010  c_p.l(_printf_llo.o)
    0x000001b2   0x000001b2   0x0000000a   Code   RO         4213    .ARM.Collect$$_printf_percent$$00000011  c_p.l(_printf_llx.o)
    0x000001bc   0x000001bc   0x0000000a   Code   RO         4209    .ARM.Collect$$_printf_percent$$00000012  c_p.l(_printf_l.o)
    0x000001c6   0x000001c6   0x0000000a   Code   RO         4191    .ARM.Collect$$_printf_percent$$00000013  c_p.l(_printf_c.o)
    0x000001d0   0x000001d0   0x0000000a   Code   RO         4192    .ARM.Collect$$_printf_percent$$00000014  c_p.l(_printf_s.o)
    0x000001da   0x000001da   0x0000000a   Code   RO         4210    .ARM.Collect$$_printf_percent$$00000015  c_p.l(_printf_lc.o)
    0x000001e4   0x000001e4   0x0000000a   Code   RO         4211    .ARM.Collect$$_printf_percent$$00000016  c_p.l(_printf_ls.o)
    0x000001ee   0x000001ee   0x00000004   Code   RO         4332    .ARM.Collect$$_printf_percent$$00000017  c_p.l(_printf_percent_end.o)
    0x000001f2   0x000001f2   0x00000002   Code   RO         4438    .ARM.Collect$$libinit$$00000000  c_p.l(libinit.o)
    0x000001f4   0x000001f4   0x00000000   Code   RO         4227    .ARM.Collect$$libinit$$00000002  c_p.l(libinit2.o)
    0x000001f4   0x000001f4   0x00000000   Code   RO         4229    .ARM.Collect$$libinit$$00000004  c_p.l(libinit2.o)
    0x000001f4   0x000001f4   0x00000008   Code   RO         4230    .ARM.Collect$$libinit$$00000005  c_p.l(libinit2.o)
    0x000001fc   0x000001fc   0x00000000   Code   RO         4232    .ARM.Collect$$libinit$$0000000A  c_p.l(libinit2.o)
    0x000001fc   0x000001fc   0x00000000   Code   RO         4234    .ARM.Collect$$libinit$$0000000C  c_p.l(libinit2.o)
    0x000001fc   0x000001fc   0x00000000   Code   RO         4236    .ARM.Collect$$libinit$$0000000E  c_p.l(libinit2.o)
    0x000001fc   0x000001fc   0x00000006   Code   RO         4237    .ARM.Collect$$libinit$$0000000F  c_p.l(libinit2.o)
    0x00000202   0x00000202   0x00000000   Code   RO         4239    .ARM.Collect$$libinit$$00000011  c_p.l(libinit2.o)
    0x00000202   0x00000202   0x0000000c   Code   RO         4240    .ARM.Collect$$libinit$$00000012  c_p.l(libinit2.o)
    0x0000020e   0x0000020e   0x00000000   Code   RO         4241    .ARM.Collect$$libinit$$00000013  c_p.l(libinit2.o)
    0x0000020e   0x0000020e   0x00000000   Code   RO         4243    .ARM.Collect$$libinit$$00000015  c_p.l(libinit2.o)
    0x0000020e   0x0000020e   0x0000000a   Code   RO         4244    .ARM.Collect$$libinit$$00000016  c_p.l(libinit2.o)
    0x00000218   0x00000218   0x00000000   Code   RO         4245    .ARM.Collect$$libinit$$00000017  c_p.l(libinit2.o)
    0x00000218   0x00000218   0x00000000   Code   RO         4247    .ARM.Collect$$libinit$$00000019  c_p.l(libinit2.o)
    0x00000218   0x00000218   0x00000000   Code   RO         4249    .ARM.Collect$$libinit$$0000001B  c_p.l(libinit2.o)
    0x00000218   0x00000218   0x00000000   Code   RO         4251    .ARM.Collect$$libinit$$0000001D  c_p.l(libinit2.o)
    0x00000218   0x00000218   0x00000000   Code   RO         4253    .ARM.Collect$$libinit$$0000001F  c_p.l(libinit2.o)
    0x00000218   0x00000218   0x00000000   Code   RO         4255    .ARM.Collect$$libinit$$00000021  c_p.l(libinit2.o)
    0x00000218   0x00000218   0x00000000   Code   RO         4257    .ARM.Collect$$libinit$$00000023  c_p.l(libinit2.o)
    0x00000218   0x00000218   0x00000004   Code   RO         4258    .ARM.Collect$$libinit$$00000024  c_p.l(libinit2.o)
    0x0000021c   0x0000021c   0x00000000   Code   RO         4259    .ARM.Collect$$libinit$$00000025  c_p.l(libinit2.o)
    0x0000021c   0x0000021c   0x00000000   Code   RO         4263    .ARM.Collect$$libinit$$0000002C  c_p.l(libinit2.o)
    0x0000021c   0x0000021c   0x00000000   Code   RO         4265    .ARM.Collect$$libinit$$0000002E  c_p.l(libinit2.o)
    0x0000021c   0x0000021c   0x00000000   Code   RO         4267    .ARM.Collect$$libinit$$00000030  c_p.l(libinit2.o)
    0x0000021c   0x0000021c   0x00000004   Code   RO         4268    .ARM.Collect$$libinit$$00000031  c_p.l(libinit2.o)
    0x00000220   0x00000220   0x00000000   Code   RO         4269    .ARM.Collect$$libinit$$00000032  c_p.l(libinit2.o)
    0x00000220   0x00000220   0x00000002   Code   RO         4270    .ARM.Collect$$libinit$$00000033  c_p.l(libinit2.o)
    0x00000222   0x00000222   0x00000002   Code   RO         4532    .ARM.Collect$$libshutdown$$00000000  c_p.l(libshutdown.o)
    0x00000224   0x00000224   0x00000000   Code   RO         4440    .ARM.Collect$$libshutdown$$00000002  c_p.l(libshutdown2.o)
    0x00000224   0x00000224   0x00000004   Code   RO         4441    .ARM.Collect$$libshutdown$$00000003  c_p.l(libshutdown2.o)
    0x00000228   0x00000228   0x00000000   Code   RO         4442    .ARM.Collect$$libshutdown$$00000004  c_p.l(libshutdown2.o)
    0x00000228   0x00000228   0x00000000   Code   RO         4445    .ARM.Collect$$libshutdown$$00000007  c_p.l(libshutdown2.o)
    0x00000228   0x00000228   0x00000000   Code   RO         4448    .ARM.Collect$$libshutdown$$0000000A  c_p.l(libshutdown2.o)
    0x00000228   0x00000228   0x00000000   Code   RO         4450    .ARM.Collect$$libshutdown$$0000000C  c_p.l(libshutdown2.o)
    0x00000228   0x00000228   0x00000004   Code   RO         4451    .ARM.Collect$$libshutdown$$0000000D  c_p.l(libshutdown2.o)
    0x0000022c   0x0000022c   0x00000000   Code   RO         4453    .ARM.Collect$$libshutdown$$0000000F  c_p.l(libshutdown2.o)
    0x0000022c   0x0000022c   0x00000002   Code   RO         4454    .ARM.Collect$$libshutdown$$00000010  c_p.l(libshutdown2.o)
    0x0000022e   0x0000022e   0x00000000   Code   RO         4091    .ARM.Collect$$rtentry$$00000000  c_p.l(__rtentry.o)
    0x0000022e   0x0000022e   0x00000000   Code   RO         4289    .ARM.Collect$$rtentry$$00000002  c_p.l(__rtentry2.o)
    0x0000022e   0x0000022e   0x00000006   Code   RO         4301    .ARM.Collect$$rtentry$$00000004  c_p.l(__rtentry4.o)
    0x00000234   0x00000234   0x00000008   Code   RO         4290    .ARM.Collect$$rtentry$$00000008  c_p.l(__rtentry2.o)
    0x0000023c   0x0000023c   0x00000004   Code   RO         4292    .ARM.Collect$$rtentry$$0000000A  c_p.l(__rtentry2.o)
    0x00000240   0x00000240   0x00000000   Code   RO         4294    .ARM.Collect$$rtentry$$0000000C  c_p.l(__rtentry2.o)
    0x00000240   0x00000240   0x00000008   Code   RO         4295    .ARM.Collect$$rtentry$$0000000D  c_p.l(__rtentry2.o)
    0x00000248   0x00000248   0x00000002   Code   RO         4463    .ARM.Collect$$rtexit$$00000000  c_p.l(rtexit.o)
    0x0000024a   0x0000024a   0x00000000   Code   RO         4495    .ARM.Collect$$rtexit$$00000002  c_p.l(rtexit2.o)
    0x0000024a   0x0000024a   0x00000004   Code   RO         4496    .ARM.Collect$$rtexit$$00000003  c_p.l(rtexit2.o)
    0x0000024e   0x0000024e   0x00000006   Code   RO         4497    .ARM.Collect$$rtexit$$00000004  c_p.l(rtexit2.o)
    0x00000254   0x00000254   0x00000078   Code   RO         2962    .emb_text           port.o
    0x000002cc   0x000002cc   0x00000038   Code   RO         4067    .emb_text           c_p.l(rt_memcpy.o)
    0x00000304   0x00000304   0x00000000   Code   RO         4308    .emb_text           c_p.l(maybetermalloc2.o)
    0x00000304   0x00000304   0x00000038   Code   RO         2671    .text               startup_saml21g18b.o
    0x0000033c   0x0000033c   0x0000009a   Code   RO         4003    .text               c_p.l(h1_alloc_mt.o)
    0x000003d6   0x000003d6   0x00000074   Code   RO         4005    .text               c_p.l(h1_free_mt.o)
    0x0000044a   0x0000044a   0x00000034   Code   RO         4057    .text               c_p.l(vasprintf.o)
    0x0000047e   0x0000047e   0x00000002   PAD
    0x00000480   0x00000480   0x0000001c   Code   RO         4059    .text               c_p.l(__2printf.o)
    0x0000049c   0x0000049c   0x00000044   Code   RO         4065    .text               c_p.l(strlen.o)
    0x000004e0   0x000004e0   0x00000082   Code   RO         4068    .text               c_p.l(rt_memcpy.o)
    0x00000562   0x00000562   0x00000012   Code   RO         4073    .text               c_p.l(aeabi_memset.o)
    0x00000574   0x00000574   0x00000040   Code   RO         4075    .text               c_p.l(rt_memclr.o)
    0x000005b4   0x000005b4   0x0000015a   Code   RO         4077    .text               c_p.l(aeabi_sdiv.o)
    0x0000070e   0x0000070e   0x00000006   Code   RO         4081    .text               c_p.l(heapauxi.o)
    0x00000714   0x00000714   0x00000024   Code   RO         4088    .text               c_p.l(init_aeabi.o)
    0x00000738   0x00000738   0x0000000a   Code   RO         4101    .text               c_p.l(rt_heap_descriptor_twolibspace.o)
    0x00000742   0x00000742   0x00000004   Code   RO         4103    .text               c_p.l(hguard.o)
    0x00000746   0x00000746   0x00000088   Code   RO         4105    .text               c_p.l(init_alloc.o)
    0x000007ce   0x000007ce   0x00000016   Code   RO         4111    .text               c_p.l(h1_init_mt.o)
    0x000007e4   0x000007e4   0x00000038   Code   RO         4123    .text               c_p.l(vsnprintf.o)
    0x0000081c   0x0000081c   0x0000004e   Code   RO         4127    .text               c_p.l(_printf_pad.o)
    0x0000086a   0x0000086a   0x00000024   Code   RO         4129    .text               c_p.l(_printf_truncate.o)
    0x0000088e   0x0000088e   0x00000052   Code   RO         4131    .text               c_p.l(_printf_str.o)
    0x000008e0   0x000008e0   0x0000006c   Code   RO         4133    .text               c_p.l(_printf_dec.o)
    0x0000094c   0x0000094c   0x00000026   Code   RO         4135    .text               c_p.l(_printf_charcount.o)
    0x00000972   0x00000972   0x00000002   PAD
    0x00000974   0x00000974   0x000000bc   Code   RO         4139    .text               c_p.l(_printf_wctomb.o)
    0x00000a30   0x00000a30   0x00000070   Code   RO         4142    .text               c_p.l(_printf_longlong_dec.o)
    0x00000aa0   0x00000aa0   0x00000070   Code   RO         4148    .text               c_p.l(_printf_oct_int_ll.o)
    0x00000b10   0x00000b10   0x00000098   Code   RO         4168    .text               c_p.l(_printf_hex_int_ll_ptr.o)
    0x00000ba8   0x00000ba8   0x00000188   Code   RO         4188    .text               c_p.l(__printf_flags_ss_wp.o)
    0x00000d30   0x00000d30   0x0000000c   Code   RO         4279    .text               c_p.l(sys_wrch.o)
    0x00000d3c   0x00000d3c   0x0000000c   Code   RO         4283    .text               c_p.l(sys_exit.o)
    0x00000d48   0x00000d48   0x00000008   Code   RO         4285    .text               c_p.l(libspace.o)
    0x00000d50   0x00000d50   0x00000036   Code   RO         4311    .text               c_p.l(h1_extend_mt.o)
    0x00000d86   0x00000d86   0x0000007a   Code   RO         4313    .text               c_p.l(lludiv10.o)
    0x00000e00   0x00000e00   0x000000b0   Code   RO         4315    .text               c_p.l(_printf_intcommon.o)
    0x00000eb0   0x00000eb0   0x00000418   Code   RO         4317    .text               c_p.l(_printf_fp_dec.o)
    0x000012c8   0x000012c8   0x000002d8   Code   RO         4319    .text               c_p.l(_printf_fp_hex.o)
    0x000015a0   0x000015a0   0x00000030   Code   RO         4322    .text               c_p.l(_printf_char_common.o)
    0x000015d0   0x000015d0   0x0000000a   Code   RO         4324    .text               c_p.l(_sputc.o)
    0x000015da   0x000015da   0x00000010   Code   RO         4326    .text               c_p.l(_snputc.o)
    0x000015ea   0x000015ea   0x0000002e   Code   RO         4328    .text               c_p.l(_printf_char.o)
    0x00001618   0x00001618   0x0000002e   Code   RO         4330    .text               c_p.l(_printf_wchar.o)
    0x00001646   0x00001646   0x00000002   PAD
    0x00001648   0x00001648   0x000001cc   Code   RO         4345    .text               c_p.l(initio_locked.o)
    0x00001814   0x00001814   0x00000040   Code   RO         4347    .text               c_p.l(_wcrtomb.o)
    0x00001854   0x00001854   0x0000000c   Code   RO         4353    .text               c_p.l(defsig_rtmem_outer.o)
    0x00001860   0x00001860   0x00000028   Code   RO         4357    .text               c_p.l(rtudiv10.o)
    0x00001888   0x00001888   0x00000066   Code   RO         4366    .text               c_p.l(sys_io.o)
    0x000018ee   0x000018ee   0x00000002   Code   RO         4371    .text               c_p.l(use_no_semi.o)
    0x000018f0   0x000018f0   0x00000000   Code   RO         4373    .text               c_p.l(indicate_semi.o)
    0x000018f0   0x000018f0   0x0000003e   Code   RO         4374    .text               c_p.l(sys_stackheap_outer.o)
    0x0000192e   0x0000192e   0x00000002   PAD
    0x00001930   0x00001930   0x00000010   Code   RO         4377    .text               c_p.l(rt_ctype_table.o)
    0x00001940   0x00001940   0x0000000a   Code   RO         4386    .text               c_p.l(rt_locale_twolibspace.o)
    0x0000194a   0x0000194a   0x0000000e   Code   RO         4388    .text               c_p.l(term_alloc.o)
    0x00001958   0x00001958   0x00000088   Code   RO         4390    .text               c_p.l(_printf_fp_infnan.o)
    0x000019e0   0x000019e0   0x000000d8   Code   RO         4394    .text               c_p.l(bigflt0.o)
    0x00001ab8   0x00001ab8   0x00000580   Code   RO         4397    .text               c_p.l(btod.o)
    0x00002038   0x00002038   0x000001f0   Code   RO         4399    .text               c_p.l(flsbuf.o)
    0x00002228   0x00002228   0x0000004c   Code   RO         4406    .text               c_p.l(fclose.o)
    0x00002274   0x00002274   0x0000006c   Code   RO         4408    .text               c_p.l(setvbuf_locked.o)
    0x000022e0   0x000022e0   0x00000140   Code   RO         4410    .text               c_p.l(fopen_locked.o)
    0x00002420   0x00002420   0x00000010   Code   RO         4415    .text               c_p.l(exit.o)
    0x00002430   0x00002430   0x0000000c   Code   RO         4417    .text               c_p.l(defsig_exit.o)
    0x0000243c   0x0000243c   0x0000000c   Code   RO         4425    .text               c_p.l(defsig_rtred_outer.o)
    0x00002448   0x00002448   0x00000050   Code   RO         4429    .text               c_p.l(defsig_rtmem_inner.o)
    0x00002498   0x00002498   0x0000000a   Code   RO         4467    .text               c_p.l(h1_final_mt.o)
    0x000024a2   0x000024a2   0x00000002   PAD
    0x000024a4   0x000024a4   0x0000003c   Code   RO         4469    .text               c_p.l(_printf_char_file_locked.o)
    0x000024e0   0x000024e0   0x000000f4   Code   RO         4471    .text               c_p.l(fseek.o)
    0x000025d4   0x000025d4   0x000000f0   Code   RO         4473    .text               c_p.l(stdio.o)
    0x000026c4   0x000026c4   0x00000034   Code   RO         4484    .text               c_p.l(defsig_general.o)
    0x000026f8   0x000026f8   0x00000034   Code   RO         4488    .text               c_p.l(defsig_rtred_inner.o)
    0x0000272c   0x0000272c   0x00000088   Code   RO         4492    .text               c_p.l(strcmp.o)
    0x000027b4   0x000027b4   0x00000042   Code   RO         4505    .text               c_p.l(ftell.o)
    0x000027f6   0x000027f6   0x00000008   Code   RO         4518    .text               c_p.l(rt_errno_addr_twolibspace.o)
    0x000027fe   0x000027fe   0x00000060   Code   RO         4535    .text               c_p.l(__dclz77c.o)
    0x0000285e   0x0000285e   0x0000014a   Code   RO         1356    i.EccPoint_mult     uecc.o
    0x000029a8   0x000029a8   0x0000005c   Code   RO         1357    i.HMAC_finish       uecc.o
    0x00002a04   0x00002a04   0x0000003e   Code   RO         1358    i.HMAC_init         uecc.o
    0x00002a42   0x00002a42   0x00000004   Code   RO         1359    i.HMAC_update       uecc.o
    0x00002a46   0x00002a46   0x00000002   PAD
    0x00002a48   0x00002a48   0x000000fc   Code   RO            3    i.SERCOM0_Handler   main.o
    0x00002b44   0x00002b44   0x00000030   Code   RO            4    i.SERCOM1_Handler   main.o
    0x00002b74   0x00002b74   0x00000014   Code   RO            5    i.SERCOM2_Handler   main.o
    0x00002b88   0x00002b88   0x00000002   Code   RO         2963    i.SVC_Handler       port.o
    0x00002b8a   0x00002b8a   0x00000002   PAD
    0x00002b8c   0x00002b8c   0x00000018   Code   RO         2077    i.SysTick_Handler   cmsis_os2.o
    0x00002ba4   0x00002ba4   0x00000010   Code   RO         2678    i.SystemInit        system_saml21g18b.o
    0x00002bb4   0x00002bb4   0x000000c2   Code   RO         1360    i.XYcZ_add          uecc.o
    0x00002c76   0x00002c76   0x00000110   Code   RO         1361    i.XYcZ_addC         uecc.o
    0x00002d86   0x00002d86   0x00000068   Code   RO         1362    i.XYcZ_initial_double  uecc.o
    0x00002dee   0x00002dee   0x00000002   PAD
    0x00002df0   0x00002df0   0x00000040   Code   RO            6    i._Z10setupParsePv  main.o
    0x00002e30   0x00002e30   0x000001b8   Code   RO          548    i._Z12setup_systemv  system_setup.o
    0x00002fe8   0x00002fe8   0x00000030   Code   RO            7    i._Z12verifyPackettPht  main.o
    0x00003018   0x00003018   0x000002dc   Code   RO          604    i._Z14bluetoothParsePv  bluetooth.o
    0x000032f4   0x000032f4   0x00000160   Code   RO            8    i._Z18parseSmartmeshDataPv  main.o
    0x00003454   0x00003454   0x00000002   Code   RO          745    i._Z9setup_rtcv     rtc.o
    0x00003456   0x00003456   0x00000002   PAD
    0x00003458   0x00003458   0x0000003c   Code   RO          937    i._ZN13Smartmesh_API10setJoinKeyEPh  api.o
    0x00003494   0x00003494   0x00000022   Code   RO          939    i._ZN13Smartmesh_API11init_packetEhh  api.o
    0x000034b6   0x000034b6   0x00000002   PAD
    0x000034b8   0x000034b8   0x00000030   Code   RO          940    i._ZN13Smartmesh_API12checksumDataEtPht  api.o
    0x000034e8   0x000034e8   0x00000034   Code   RO          941    i._ZN13Smartmesh_API12resetManagerEv  api.o
    0x0000351c   0x0000351c   0x00000034   Code   RO          942    i._ZN13Smartmesh_API12verifyPacketEtPht  api.o
    0x00003550   0x00003550   0x00000030   Code   RO          943    i._ZN13Smartmesh_API14getNetworkInfoEv  api.o
    0x00003580   0x00003580   0x00000030   Code   RO          944    i._ZN13Smartmesh_API15clearStatisticsEv  api.o
    0x000035b0   0x000035b0   0x00000030   Code   RO          946    i._ZN13Smartmesh_API16getNetworkConfigEv  api.o
    0x000035e0   0x000035e0   0x000000b8   Code   RO          948    i._ZN13Smartmesh_API16parseNetworkInfoEP12network_infoPh  api.o
    0x00003698   0x00003698   0x00000074   Code   RO          949    i._ZN13Smartmesh_API16setNetworkConfigEPh  api.o
    0x0000370c   0x0000370c   0x0000003c   Code   RO          952    i._ZN13Smartmesh_API23getMoteConfigFromMoteIdEt  api.o
    0x00003748   0x00003748   0x0000003c   Code   RO          953    i._ZN13Smartmesh_API8mgr_initEv  api.o
    0x00003784   0x00003784   0x00000044   Code   RO          955    i._ZN13Smartmesh_API9subscribeEjj  api.o
    0x000037c8   0x000037c8   0x0000000c   Code   RO          956    i._ZN13Smartmesh_APIC1EP4UART  api.o
    0x000037d4   0x000037d4   0x00000058   Code   RO          877    i._ZN4UART10send_arrayEPhh  sercom.o
    0x0000382c   0x0000382c   0x00000080   Code   RO          878    i._ZN4UART7_printfEPKcz  sercom.o
    0x000038ac   0x000038ac   0x000000f8   Code   RO          879    i._ZN4UARTC1EP18sercom_registers_ti  sercom.o
    0x000039a4   0x000039a4   0x00000030   Code   RO         1686    i.__ARM_common_ll_muluu  uecc.o
    0x000039d4   0x000039d4   0x0000001a   Code   RO         2560    i.__ARM_common_switch8  cmsis_os2.o
    0x000039ee   0x000039ee   0x00000002   PAD
    0x000039f0   0x000039f0   0x0000002c   Code   RO         4460    i.__ARM_fpclassify  m_ps.l(fpclassify.o)
    0x00003a1c   0x00003a1c   0x0000008c   Code   RO            9    i.__sti___8_main_cpp_30c642f8  main.o
    0x00003aa8   0x00003aa8   0x00000050   Code   RO         1745    i.__user_perthread_libspace  clib_arm.o
    0x00003af8   0x00003af8   0x0000000e   Code   RO         4181    i._is_digit         c_p.l(__printf_wp.o)
    0x00003b06   0x00003b06   0x00000018   Code   RO         1746    i._mutex_acquire    clib_arm.o
    0x00003b1e   0x00003b1e   0x00000002   PAD
    0x00003b20   0x00003b20   0x0000002c   Code   RO         1747    i._mutex_free       clib_arm.o
    0x00003b4c   0x00003b4c   0x00000058   Code   RO         1748    i._mutex_initialize  clib_arm.o
    0x00003ba4   0x00003ba4   0x0000001a   Code   RO         1749    i._mutex_release    clib_arm.o
    0x00003bbe   0x00003bbe   0x00000002   Code   RO         1750    i._platform_post_stackheap_init  clib_arm.o
    0x00003bc0   0x00003bc0   0x0000003e   Code   RO         1363    i.apply_z           uecc.o
    0x00003bfe   0x00003bfe   0x00000096   Code   RO         1364    i.bits2int          uecc.o
    0x00003c94   0x00003c94   0x0000001e   Code   RO         4336    i.fputc             c_p.l(fputc.o)
    0x00003cb2   0x00003cb2   0x00000002   PAD
    0x00003cb4   0x00003cb4   0x000000e4   Code   RO           10    i.main              main.o
    0x00003d98   0x00003d98   0x0000003e   Code   RO         1367    i.mul2add           uecc.o
    0x00003dd6   0x00003dd6   0x00000030   Code   RO         1368    i.muladd            uecc.o
    0x00003e06   0x00003e06   0x00000012   Code   RO         1751    i.os_kernel_is_active  clib_arm.o
    0x00003e18   0x00003e18   0x00000074   Code   RO         3435    i.prvAddCurrentTaskToDelayedList  tasks.o
    0x00003e8c   0x00003e8c   0x00000094   Code   RO         3436    i.prvAddNewTaskToReadyList  tasks.o
    0x00003f20   0x00003f20   0x00000048   Code   RO         3819    i.prvCheckForValidListAndQueue  timers.o
    0x00003f68   0x00003f68   0x0000003c   Code   RO         3437    i.prvCheckTasksWaitingTermination  tasks.o
    0x00003fa4   0x00003fa4   0x00000024   Code   RO         3041    i.prvCopyDataFromQueue  queue.o
    0x00003fc8   0x00003fc8   0x00000070   Code   RO         3042    i.prvCopyDataToQueue  queue.o
    0x00004038   0x00004038   0x0000002e   Code   RO         3438    i.prvDeleteTCB      tasks.o
    0x00004066   0x00004066   0x00000014   Code   RO         3043    i.prvGetDisinheritPriorityAfterTimeout  queue.o
    0x0000407a   0x0000407a   0x00000002   PAD
    0x0000407c   0x0000407c   0x00000024   Code   RO         3820    i.prvGetNextExpireTime  timers.o
    0x000040a0   0x000040a0   0x0000004c   Code   RO         2899    i.prvHeapInit       heap_4.o
    0x000040ec   0x000040ec   0x00000018   Code   RO         3439    i.prvIdleTask       tasks.o
    0x00004104   0x00004104   0x0000001a   Code   RO         3044    i.prvInitialiseMutex  queue.o
    0x0000411e   0x0000411e   0x00000022   Code   RO         3045    i.prvInitialiseNewQueue  queue.o
    0x00004140   0x00004140   0x0000009c   Code   RO         3440    i.prvInitialiseNewTask  tasks.o
    0x000041dc   0x000041dc   0x00000054   Code   RO         3441    i.prvInitialiseTaskLists  tasks.o
    0x00004230   0x00004230   0x00000054   Code   RO         2900    i.prvInsertBlockIntoFreeList  heap_4.o
    0x00004284   0x00004284   0x00000040   Code   RO         3822    i.prvInsertTimerInActiveList  timers.o
    0x000042c4   0x000042c4   0x0000001c   Code   RO         3046    i.prvIsQueueEmpty   queue.o
    0x000042e0   0x000042e0   0x0000001e   Code   RO         3047    i.prvIsQueueFull    queue.o
    0x000042fe   0x000042fe   0x00000002   PAD
    0x00004300   0x00004300   0x00000040   Code   RO         3823    i.prvProcessExpiredTimer  timers.o
    0x00004340   0x00004340   0x000000ec   Code   RO         3824    i.prvProcessReceivedCommands  timers.o
    0x0000442c   0x0000442c   0x00000064   Code   RO         3825    i.prvProcessTimerOrBlockTask  timers.o
    0x00004490   0x00004490   0x00000028   Code   RO         3826    i.prvReloadTimer    timers.o
    0x000044b8   0x000044b8   0x00000020   Code   RO         3443    i.prvResetNextTaskUnblockTime  tasks.o
    0x000044d8   0x000044d8   0x0000002c   Code   RO         3827    i.prvSampleTimeNow  timers.o
    0x00004504   0x00004504   0x0000002c   Code   RO         3828    i.prvSwitchTimerLists  timers.o
    0x00004530   0x00004530   0x00000014   Code   RO         2964    i.prvTaskExitError  port.o
    0x00004544   0x00004544   0x00000014   Code   RO         3829    i.prvTimerTask      timers.o
    0x00004558   0x00004558   0x00000070   Code   RO         3048    i.prvUnlockQueue    queue.o
    0x000045c8   0x000045c8   0x000000cc   Code   RO         2901    i.pvPortMalloc      heap_4.o
    0x00004694   0x00004694   0x00000018   Code   RO         3446    i.pvTaskIncrementMutexHeldCount  tasks.o
    0x000046ac   0x000046ac   0x00000020   Code   RO         2965    i.pxPortInitialiseStack  port.o
    0x000046cc   0x000046cc   0x00000054   Code   RO         1370    i.regularize_k      uecc.o
    0x00004720   0x00004720   0x00000080   Code   RO         1377    i.uECC_generate_random_int  uecc.o
    0x000047a0   0x000047a0   0x0000017c   Code   RO         1384    i.uECC_sign_deterministic  uecc.o
    0x0000491c   0x0000491c   0x000001d0   Code   RO         1386    i.uECC_sign_with_k_internal  uecc.o
    0x00004aec   0x00004aec   0x00000030   Code   RO         1390    i.uECC_vli_add      uecc.o
    0x00004b1c   0x00004b1c   0x0000003c   Code   RO         1391    i.uECC_vli_bytesToNative  uecc.o
    0x00004b58   0x00004b58   0x00000016   Code   RO         1392    i.uECC_vli_clear    uecc.o
    0x00004b6e   0x00004b6e   0x00000038   Code   RO         1393    i.uECC_vli_cmp      uecc.o
    0x00004ba6   0x00004ba6   0x0000002c   Code   RO         1394    i.uECC_vli_cmp_unsafe  uecc.o
    0x00004bd2   0x00004bd2   0x00000022   Code   RO         1396    i.uECC_vli_isZero   uecc.o
    0x00004bf4   0x00004bf4   0x00000106   Code   RO         1397    i.uECC_vli_mmod     uecc.o
    0x00004cfa   0x00004cfa   0x00000030   Code   RO         1398    i.uECC_vli_modAdd   uecc.o
    0x00004d2a   0x00004d2a   0x0000012a   Code   RO         1399    i.uECC_vli_modInv   uecc.o
    0x00004e54   0x00004e54   0x00000022   Code   RO         1400    i.uECC_vli_modMult  uecc.o
    0x00004e76   0x00004e76   0x00000020   Code   RO         1401    i.uECC_vli_modMult_fast  uecc.o
    0x00004e96   0x00004e96   0x00000020   Code   RO         1402    i.uECC_vli_modSquare_fast  uecc.o
    0x00004eb6   0x00004eb6   0x00000022   Code   RO         1403    i.uECC_vli_modSub   uecc.o
    0x00004ed8   0x00004ed8   0x000000b2   Code   RO         1404    i.uECC_vli_mult     uecc.o
    0x00004f8a   0x00004f8a   0x00000020   Code   RO         1405    i.uECC_vli_nativeToBytes  uecc.o
    0x00004faa   0x00004faa   0x0000002c   Code   RO         1406    i.uECC_vli_numBits  uecc.o
    0x00004fd6   0x00004fd6   0x0000001e   Code   RO         1407    i.uECC_vli_rshift1  uecc.o
    0x00004ff4   0x00004ff4   0x00000016   Code   RO         1408    i.uECC_vli_set      uecc.o
    0x0000500a   0x0000500a   0x00000092   Code   RO         1409    i.uECC_vli_square   uecc.o
    0x0000509c   0x0000509c   0x00000030   Code   RO         1410    i.uECC_vli_sub      uecc.o
    0x000050cc   0x000050cc   0x00000012   Code   RO         1411    i.uECC_vli_testBit  uecc.o
    0x000050de   0x000050de   0x00000026   Code   RO         1412    i.update_V          uecc.o
    0x00005104   0x00005104   0x00000026   Code   RO         2855    i.uxListRemove      list.o
    0x0000512a   0x0000512a   0x00000002   PAD
    0x0000512c   0x0000512c   0x00000014   Code   RO         2150    i.vApplicationGetIdleTaskMemory  cmsis_os2.o
    0x00005140   0x00005140   0x00000014   Code   RO         2151    i.vApplicationGetTimerTaskMemory  cmsis_os2.o
    0x00005154   0x00005154   0x00000004   Code   RO         2152    i.vApplicationStackOverflowHook  cmsis_os2.o
    0x00005158   0x00005158   0x00000016   Code   RO         2856    i.vListInitialise   list.o
    0x0000516e   0x0000516e   0x00000006   Code   RO         2857    i.vListInitialiseItem  list.o
    0x00005174   0x00005174   0x00000030   Code   RO         2858    i.vListInsert       list.o
    0x000051a4   0x000051a4   0x00000018   Code   RO         2859    i.vListInsertEnd    list.o
    0x000051bc   0x000051bc   0x00000018   Code   RO         2967    i.vPortEnterCritical  port.o
    0x000051d4   0x000051d4   0x0000001c   Code   RO         2968    i.vPortExitCritical  port.o
    0x000051f0   0x000051f0   0x00000048   Code   RO         2902    i.vPortFree         heap_4.o
    0x00005238   0x00005238   0x00000028   Code   RO         2969    i.vPortSetupTimerInterrupt  port.o
    0x00005260   0x00005260   0x00000018   Code   RO         2970    i.vPortYield        port.o
    0x00005278   0x00005278   0x00000018   Code   RO         3054    i.vQueueDelete      queue.o
    0x00005290   0x00005290   0x00000046   Code   RO         3056    i.vQueueWaitForMessageRestricted  queue.o
    0x000052d6   0x000052d6   0x00000002   PAD
    0x000052d8   0x000052d8   0x00000080   Code   RO         3457    i.vTaskDelete       tasks.o
    0x00005358   0x00005358   0x00000010   Code   RO         3461    i.vTaskInternalSetTimeOutState  tasks.o
    0x00005368   0x00005368   0x0000000c   Code   RO         3462    i.vTaskMissedYield  tasks.o
    0x00005374   0x00005374   0x00000024   Code   RO         3463    i.vTaskPlaceOnEventList  tasks.o
    0x00005398   0x00005398   0x00000048   Code   RO         3464    i.vTaskPlaceOnEventListRestricted  tasks.o
    0x000053e0   0x000053e0   0x00000090   Code   RO         3466    i.vTaskPriorityDisinheritAfterTimeout  tasks.o
    0x00005470   0x00005470   0x00000078   Code   RO         3472    i.vTaskStartScheduler  tasks.o
    0x000054e8   0x000054e8   0x00000010   Code   RO         3474    i.vTaskSuspendAll   tasks.o
    0x000054f8   0x000054f8   0x00000084   Code   RO         3475    i.vTaskSwitchContext  tasks.o
    0x0000557c   0x0000557c   0x00000038   Code   RO         1414    i.vli_modInv_update  uecc.o
    0x000055b4   0x000055b4   0x0000001c   Code   RO         1415    i.vli_numDigits     uecc.o
    0x000055d0   0x000055d0   0x00000030   Code   RO         2971    i.xPortStartScheduler  port.o
    0x00005600   0x00005600   0x00000024   Code   RO         2972    i.xPortSysTickHandler  port.o
    0x00005624   0x00005624   0x00000020   Code   RO         3057    i.xQueueCreateCountingSemaphore  queue.o
    0x00005644   0x00005644   0x00000018   Code   RO         3059    i.xQueueCreateMutex  queue.o
    0x0000565c   0x0000565c   0x0000001c   Code   RO         3060    i.xQueueCreateMutexStatic  queue.o
    0x00005678   0x00005678   0x0000004e   Code   RO         3061    i.xQueueGenericCreate  queue.o
    0x000056c6   0x000056c6   0x0000003e   Code   RO         3062    i.xQueueGenericCreateStatic  queue.o
    0x00005704   0x00005704   0x0000008e   Code   RO         3063    i.xQueueGenericReset  queue.o
    0x00005792   0x00005792   0x0000011c   Code   RO         3064    i.xQueueGenericSend  queue.o
    0x000058ae   0x000058ae   0x0000009a   Code   RO         3065    i.xQueueGenericSendFromISR  queue.o
    0x00005948   0x00005948   0x0000007e   Code   RO         3068    i.xQueueGiveFromISR  queue.o
    0x000059c6   0x000059c6   0x00000108   Code   RO         3074    i.xQueueReceive     queue.o
    0x00005ace   0x00005ace   0x00000084   Code   RO         3075    i.xQueueReceiveFromISR  queue.o
    0x00005b52   0x00005b52   0x0000013e   Code   RO         3076    i.xQueueSemaphoreTake  queue.o
    0x00005c90   0x00005c90   0x00000064   Code   RO         3477    i.xTaskCheckForTimeOut  tasks.o
    0x00005cf4   0x00005cf4   0x00000060   Code   RO         3478    i.xTaskCreate       tasks.o
    0x00005d54   0x00005d54   0x00000046   Code   RO         3479    i.xTaskCreateStatic  tasks.o
    0x00005d9a   0x00005d9a   0x00000002   PAD
    0x00005d9c   0x00005d9c   0x0000000c   Code   RO         3485    i.xTaskGetCurrentTaskHandle  tasks.o
    0x00005da8   0x00005da8   0x00000020   Code   RO         3486    i.xTaskGetSchedulerState  tasks.o
    0x00005dc8   0x00005dc8   0x0000000c   Code   RO         3487    i.xTaskGetTickCount  tasks.o
    0x00005dd4   0x00005dd4   0x00000114   Code   RO         3489    i.xTaskIncrementTick  tasks.o
    0x00005ee8   0x00005ee8   0x00000084   Code   RO         3490    i.xTaskPriorityDisinherit  tasks.o
    0x00005f6c   0x00005f6c   0x00000098   Code   RO         3491    i.xTaskPriorityInherit  tasks.o
    0x00006004   0x00006004   0x000000cc   Code   RO         3492    i.xTaskRemoveFromEventList  tasks.o
    0x000060d0   0x000060d0   0x00000104   Code   RO         3493    i.xTaskResumeAll    tasks.o
    0x000061d4   0x000061d4   0x00000060   Code   RO         3838    i.xTimerCreateTimerTask  timers.o
    0x00006234   0x00006234   0x0000002c   Code   RO         4413    locale$$code        c_p.l(lc_numeric_c.o)
    0x00006260   0x00006260   0x0000002c   Code   RO         4480    locale$$code        c_p.l(lc_ctype_c.o)
    0x0000628c   0x0000628c   0x00000012   Code   RO          627    t._Z17littleToBigEndianIjET_S0_  bluetooth.o
    0x0000629e   0x0000629e   0x00000014   Code   RO          620    t._Z17littleToBigEndianItET_S0_  bluetooth.o
    0x000062b2   0x000062b2   0x00000014   Code   RO          634    t._ZSt12reverse_copyIPhS0_ET0_T_S2_S1_  bluetooth.o
    0x000062c6   0x000062c6   0x00000002   PAD
    0x000062c8   0x000062c8   0x00000010   Code   RO         4271    x$fpl$printf1       fz_ps.l(printf1.o)
    0x000062d8   0x000062d8   0x00000010   Code   RO         4273    x$fpl$printf2       fz_ps.l(printf2.o)
    0x000062e8   0x000062e8   0x00000000   Code   RO         4459    x$fpl$usenofp       fz_ps.l(usenofp.o)
    0x000062e8   0x000062e8   0x00000008   Data   RO         4140    .constdata          c_p.l(_printf_wctomb.o)
    0x000062f0   0x000062f0   0x00000028   Data   RO         4169    .constdata          c_p.l(_printf_hex_int_ll_ptr.o)
    0x00006318   0x00006318   0x00000011   Data   RO         4189    .constdata          c_p.l(__printf_flags_ss_wp.o)
    0x00006329   0x00006329   0x00000026   Data   RO         4320    .constdata          c_p.l(_printf_fp_hex.o)
    0x0000634f   0x0000634f   0x00000004   Data   RO         4367    .constdata          c_p.l(sys_io.o)
    0x00006353   0x00006353   0x00000004   Data   RO         4368    .constdata          c_p.l(sys_io.o)
    0x00006357   0x00006357   0x00000004   Data   RO         4369    .constdata          c_p.l(sys_io.o)
    0x0000635b   0x0000635b   0x00000001   PAD
    0x0000635c   0x0000635c   0x00000094   Data   RO         4395    .constdata          c_p.l(bigflt0.o)
    0x000063f0   0x000063f0   0x00000020   Data   RO         4533    Region$$Table       anon$$obj.o
    0x00006410   0x00006410   0x0000001c   Data   RO         4412    locale$$data        c_p.l(lc_numeric_c.o)
    0x0000642c   0x0000642c   0x00000110   Data   RO         4479    locale$$data        c_p.l(lc_ctype_c.o)
    0x0000653c   0x0000653c   0x00000004   Data   RO           21    .init_array         main.o
    0x00006540   0x0000653c   0x00000000   Data   RO         4086    .init_array         c_p.l(init_aeabi.o)


    Execution Region RW_IRAM1 (Exec base: 0x20000000, Load base: 0x00006540, Size: 0x000074c8, Max: 0x00008000, ABSOLUTE, COMPRESSED[0x00000228])

    Exec Addr    Load Addr    Size         Type   Attr      Idx    E Section Name        Object

    0x20000000   COMPRESSED   0x00000230   Data   RW           20    .data               main.o
    0x20000230   COMPRESSED   0x00000200   Data   RW          978    .data               api.o
    0x20000430   COMPRESSED   0x00000004   Data   RW         1418    .data               uecc.o
    0x20000434   COMPRESSED   0x00000004   Data   RW         2679    .data               system_saml21g18b.o
    0x20000438   COMPRESSED   0x00000020   Data   RW         2908    .data               heap_4.o
    0x20000458   COMPRESSED   0x00000004   Data   RW         2973    .data               port.o
    0x2000045c   COMPRESSED   0x00000040   Data   RW         3496    .data               tasks.o
    0x2000049c   COMPRESSED   0x00000014   Data   RW         3847    .data               timers.o
    0x200004b0   COMPRESSED   0x00000004   Data   RW         4217    .data               c_p.l(stdio_streams.o)
    0x200004b4   COMPRESSED   0x00000004   Data   RW         4218    .data               c_p.l(stdio_streams.o)
    0x200004b8   COMPRESSED   0x00000004   Data   RW         4219    .data               c_p.l(stdio_streams.o)
    0x200004bc   COMPRESSED   0x00000004   Data   RW         4403    .data               c_p.l(streamlock.o)
    0x200004c0        -       0x00000190   Zero   RW           19    .bss                main.o
    0x20000650        -       0x00000394   Zero   RW         1752    .bss                clib_arm.o
    0x200009e4        -       0x000003f8   Zero   RW         2153    .bss                cmsis_os2.o
    0x20000ddc        -       0x00004000   Zero   RW         2907    .bss                heap_4.o
    0x20004ddc        -       0x000004c4   Zero   RW         3495    .bss                tasks.o
    0x200052a0        -       0x000000c8   Zero   RW         3846    .bss                timers.o
    0x20005368        -       0x00000054   Zero   RW         4214    .bss                c_p.l(stdio_streams.o)
    0x200053bc        -       0x00000054   Zero   RW         4215    .bss                c_p.l(stdio_streams.o)
    0x20005410        -       0x00000054   Zero   RW         4216    .bss                c_p.l(stdio_streams.o)
    0x20005464        -       0x00000060   Zero   RW         4286    .bss                c_p.l(libspace.o)
    0x200054c4   COMPRESSED   0x00000004   PAD
    0x200054c8        -       0x00001000   Zero   RW         2669    HEAP                startup_saml21g18b.o
    0x200064c8        -       0x00001000   Zero   RW         2668    STACK               startup_saml21g18b.o


==============================================================================

Image component sizes


      Code (inc. data)   RO Data    RW Data    ZI Data      Debug   Object Name

       890         70          0        512          0       7504   api.o
       790        242          0          0          0       8308   bluetooth.o
         0          0          0          0          0       5032   byte_order.o
       282         20          0          0        916      34056   clib_arm.o
        94         12          0          0       1016      18667   cmsis_os2.o
         0          0          0          0          0      10468   event_groups.o
       436         26          0         32      16384       4395   heap_4.o
       138          0          0          0          0       3474   list.o
      1152        248          4        560        400     137239   main.o
         0          0          0          0          0        392   mainrlp.o
       374         54          0          4          0       7451   port.o
      2136          0          0          0          0      23153   queue.o
         0          0          0          0          0       1472   rlp.o
         2          0          0          0          0     116656   rtc.o
       464         66          0          0          0       3412   sercom.o
        56         26        176          0       8192        656   startup_saml21g18b.o
        16          8          0          4          0        703   system_saml21g18b.o
       440         80          0          0          0       7147   system_setup.o
      2712        198          0         64       1220      32022   tasks.o
       816         70          0         20        200      11828   timers.o
      4128         28          0          4          0      33282   uecc.o

    ----------------------------------------------------------------------
     14952       1148        212       1200      28328     467317   Object Totals
         0          0         32          0          0          0   (incl. Generated)
        26          0          0          0          0          0   (incl. Padding)

    ----------------------------------------------------------------------

      Code (inc. data)   RO Data    RW Data    ZI Data      Debug   Library Member Name

        28          6          0          0          0         84   __2printf.o
        96          0          0          0          0          0   __dclz77c.o
         8          0          0          0          0         68   __main.o
       392          6         17          0          0         76   __printf_flags_ss_wp.o
        14          0          0          0          0         60   __printf_wp.o
         0          0          0          0          0          0   __rtentry.o
        20          0          0          0          0          0   __rtentry2.o
         6          0          0          0          0          0   __rtentry4.o
        60          8          0          0          0          0   __scatter.o
        28          0          0          0          0          0   __scatter_zi.o
        10          0          0          0          0          0   _printf_a.o
        10          0          0          0          0          0   _printf_c.o
        46          0          0          0          0        100   _printf_char.o
        48          6          0          0          0         88   _printf_char_common.o
        60          6          0          0          0         76   _printf_char_file_locked.o
        38          0          0          0          0         60   _printf_charcount.o
        10          0          0          0          0          0   _printf_d.o
       108         18          0          0          0         76   _printf_dec.o
        10          0          0          0          0          0   _printf_e.o
        10          0          0          0          0          0   _printf_f.o
      1048         14          0          0          0        176   _printf_fp_dec.o
       728         10         38          0          0         84   _printf_fp_hex.o
       136         16          0          0          0         76   _printf_fp_infnan.o
        10          0          0          0          0          0   _printf_g.o
       152          4         40          0          0        148   _printf_hex_int_ll_ptr.o
        10          0          0          0          0          0   _printf_i.o
       176          0          0          0          0         84   _printf_intcommon.o
        10          0          0          0          0          0   _printf_l.o
        10          0          0          0          0          0   _printf_lc.o
        10          0          0          0          0          0   _printf_ll.o
        10          0          0          0          0          0   _printf_lld.o
        10          0          0          0          0          0   _printf_lli.o
        10          0          0          0          0          0   _printf_llo.o
        10          0          0          0          0          0   _printf_llu.o
        10          0          0          0          0          0   _printf_llx.o
       112         18          0          0          0         76   _printf_longlong_dec.o
        10          0          0          0          0          0   _printf_ls.o
        10          0          0          0          0          0   _printf_n.o
        10          0          0          0          0          0   _printf_o.o
       112         10          0          0          0        112   _printf_oct_int_ll.o
        10          0          0          0          0          0   _printf_p.o
        78          0          0          0          0        100   _printf_pad.o
         2          0          0          0          0          0   _printf_percent.o
         4          0          0          0          0          0   _printf_percent_end.o
        10          0          0          0          0          0   _printf_s.o
        82          0          0          0          0         72   _printf_str.o
        36          0          0          0          0         76   _printf_truncate.o
        10          0          0          0          0          0   _printf_u.o
        46          0          0          0          0        100   _printf_wchar.o
       188          6          8          0          0         80   _printf_wctomb.o
        10          0          0          0          0          0   _printf_x.o
        16          0          0          0          0         60   _snputc.o
        10          0          0          0          0         60   _sputc.o
        64          0          0          0          0         72   _wcrtomb.o
        18          0          0          0          0         68   aeabi_memset.o
       346          0          0          0          0         92   aeabi_sdiv.o
       216          6        148          0          0         80   bigflt0.o
      1408         30          0          0          0        260   btod.o
        12          0          0          0          0         68   defsig_exit.o
        52          0          0          0          0         72   defsig_general.o
        80         58          0          0          0         68   defsig_rtmem_inner.o
        12          0          0          0          0         68   defsig_rtmem_outer.o
        52         38          0          0          0         68   defsig_rtred_inner.o
        12          0          0          0          0         68   defsig_rtred_outer.o
        16          0          0          0          0         68   exit.o
        76          4          0          0          0         76   fclose.o
       496         10          0          0          0         76   flsbuf.o
       320         12          0          0          0        148   fopen_locked.o
        30          0          0          0          0         68   fputc.o
       244          4          0          0          0         76   fseek.o
        66          0          0          0          0         68   ftell.o
       154          0          0          0          0        116   h1_alloc_mt.o
        54          0          0          0          0         72   h1_extend_mt.o
        10          0          0          0          0         68   h1_final_mt.o
       116          0          0          0          0        100   h1_free_mt.o
        22          0          0          0          0         84   h1_init_mt.o
         6          0          0          0          0        136   heapauxi.o
         4          0          0          0          0        120   hguard.o
         0          0          0          0          0          0   indicate_semi.o
        36         10          0          0          0         72   init_aeabi.o
       136          0          0          0          0        160   init_alloc.o
       460         50          0          0          0        100   initio_locked.o
        44         10        272          0          0         76   lc_ctype_c.o
        44         10         28          0          0         76   lc_numeric_c.o
         2          0          0          0          0          0   libinit.o
        46          0          0          0          0          0   libinit2.o
         2          0          0          0          0          0   libshutdown.o
        10          0          0          0          0          0   libshutdown2.o
         8          4          0          0         96         68   libspace.o
       122          0          0          0          0         72   lludiv10.o
         0          0          0          0          0          0   maybetermalloc2.o
        16          4          0          0          0         76   rt_ctype_table.o
         8          0          0          0          0         76   rt_errno_addr_twolibspace.o
        10          0          0          0          0         76   rt_heap_descriptor_twolibspace.o
        10          0          0          0          0         76   rt_locale_twolibspace.o
        64          0          0          0          0        108   rt_memclr.o
       186          0          0          0          0        144   rt_memcpy.o
         2          0          0          0          0          0   rtexit.o
        10          0          0          0          0          0   rtexit2.o
        40          0          0          0          0         60   rtudiv10.o
       108          4          0          0          0         80   setvbuf_locked.o
       240          8          0          0          0        144   stdio.o
         0          0          0         12        252          0   stdio_streams.o
       136          4          0          0          0         72   strcmp.o
         0          0          0          4          0          0   streamlock.o
        68          6          0          0          0         72   strlen.o
        12          4          0          0          0         60   sys_exit.o
       102          0         12          0          0        232   sys_io.o
        62          0          0          0          0         80   sys_stackheap_outer.o
        12          0          0          0          0         68   sys_wrch.o
        14          0          0          0          0         68   term_alloc.o
         2          0          0          0          0         68   use_no_semi.o
        52          0          0          0          0         76   vasprintf.o
        56          6          0          0          0         72   vsnprintf.o
        16          4          0          0          0         76   printf1.o
        16          4          0          0          0         76   printf2.o
         0          0          0          0          0          0   usenofp.o
        44          4          0          0          0         60   fpclassify.o

    ----------------------------------------------------------------------
     10192        422        564         16        352       6796   Library Totals
        12          0          1          0          4          0   (incl. Padding)

    ----------------------------------------------------------------------

      Code (inc. data)   RO Data    RW Data    ZI Data      Debug   Library Name

     10104        410        563         16        348       6584   c_p.l
        32          8          0          0          0        152   fz_ps.l
        44          4          0          0          0         60   m_ps.l

    ----------------------------------------------------------------------
     10192        422        564         16        352       6796   Library Totals

    ----------------------------------------------------------------------

==============================================================================


      Code (inc. data)   RO Data    RW Data    ZI Data      Debug   

     25144       1570        776       1216      28680     463641   Grand Totals
     25144       1570        776        552      28680     463641   ELF Image Totals (compressed)
     25144       1570        776        552          0          0   ROM Totals

==============================================================================

    Total RO  Size (Code + RO Data)                25920 (  25.31kB)
    Total RW  Size (RW Data + ZI Data)             29896 (  29.20kB)
    Total ROM Size (Code + RO Data + RW Data)      26472 (  25.85kB)

==============================================================================

