Component: ARM Compiler 5.06 update 6 (build 750) Tool: armlink [4d35ed]

==============================================================================

Section Cross References

    main.o(i.SERCOM0_Handler) refers to main.o(i._Z12verifyPackettPht) for verifyPacket(unsigned short, unsigned char*, unsigned short)
    main.o(i.SERCOM0_Handler) refers to main.o(.data) for .data
    main.o(i.SERCOM0_Handler) refers to main.o(.bss) for .bss
    main.o(i._Z12verifyPackettPht) refers to main.o(.data) for .data
    main.o(i.__sti___8_main_cpp_30c642f8) refers to sercom.o(i._ZN4UARTC1EP18sercom_registers_ti) for UART::UART(sercom_registers_t*, int)
    main.o(i.__sti___8_main_cpp_30c642f8) refers to main.o(.data) for .data
    main.o(i.main) refers to tasks.o(i.xTaskCreate) for xTaskCreate
    main.o(i.main) refers to tasks.o(i.vTaskStartScheduler) for vTaskStartScheduler
    main.o(i.main) refers to main.o(i._Z8mainTaskPv) for mainTask(void*)
    main.o(.ARM.exidx) refers to main.o(i._Z8mainTaskPv) for i._Z8mainTaskPv
    main.o(.ARM.exidx) refers to main.o(i.main) for i.main
    main.o(.ARM.exidx) refers to main.o(i._Z12verifyPackettPht) for i._Z12verifyPackettPht
    main.o(.ARM.exidx) refers to main.o(i.SERCOM0_Handler) for i.SERCOM0_Handler
    main.o(.ARM.exidx) refers to main.o(i.SERCOM1_Handler) for i.SERCOM1_Handler
    main.o(.ARM.exidx) refers to main.o(i.SERCOM2_Handler) for i.SERCOM2_Handler
    main.o(.ARM.exidx) refers to main.o(i.__sti___8_main_cpp_30c642f8) for i.__sti___8_main_cpp_30c642f8
    main.o(.init_array) refers to main.o(i.__sti___8_main_cpp_30c642f8) for __sti___8_main_cpp_30c642f8
    main.o(.init_array) refers to init_aeabi.o(.text) for __cpp_initialize__aeabi_
    system_setup.o(i._Z12setup_systemv) refers to rtc.o(i._Z9setup_rtcv) for setup_rtc()
    system_setup.o(i._Z12setup_systemv) refers to system_saml21g18b.o(.data) for SystemCoreClock
    system_setup.o(.ARM.exidx) refers to system_setup.o(i._Z12setup_systemv) for i._Z12setup_systemv
    rtc.o(.ARM.exidx) refers to rtc.o(i._Z9setup_rtcv) for i._Z9setup_rtcv
    rtc.o(.ARM.exidx) refers to rtc.o(i._Z13set_timestampP9timestamp) for i._Z13set_timestampP9timestamp
    rtc.o(.ARM.exidx) refers to rtc.o(i._Z13get_timestampP9timestamp) for i._Z13get_timestampP9timestamp
    sercom.o(i._ZN4UART7_printfEPKcz) refers to c89vsprintf.o(.text) for __c89vsprintf
    sercom.o(.ARM.exidx) refers to sercom.o(i._ZN4UARTC1EP18sercom_registers_ti) for i._ZN4UARTC1EP18sercom_registers_ti
    sercom.o(.ARM.exidx) refers to sercom.o(i._ZN4UART7_printfEPKcz) for i._ZN4UART7_printfEPKcz
    sercom.o(.ARM.exidx) refers to sercom.o(i._ZN4UART10send_arrayEPhh) for i._ZN4UART10send_arrayEPhh
    api.o(i._ZN13Smartmesh_API12checksumDataEtPht) refers to api.o(.data) for .data
    api.o(i._ZN13Smartmesh_API12verifyPacketEtPht) refers to api.o(.data) for .data
    api.o(i._ZN13Smartmesh_API14getNetworkInfoEv) refers to api.o(i._ZN13Smartmesh_API11init_packetEhh) for Smartmesh_API::init_packet(unsigned char, unsigned char)
    api.o(i._ZN13Smartmesh_API14getNetworkInfoEv) refers to api.o(i._ZN13Smartmesh_API12checksumDataEtPht) for Smartmesh_API::checksumData(unsigned short, unsigned char*, unsigned short)
    api.o(i._ZN13Smartmesh_API14getNetworkInfoEv) refers to sercom.o(i._ZN4UART10send_arrayEPhh) for UART::send_array(unsigned char*, unsigned char)
    api.o(i._ZN13Smartmesh_API15clearStatisticsEv) refers to api.o(i._ZN13Smartmesh_API11init_packetEhh) for Smartmesh_API::init_packet(unsigned char, unsigned char)
    api.o(i._ZN13Smartmesh_API15getHardwareInfoEv) refers to api.o(i._ZN13Smartmesh_API11init_packetEhh) for Smartmesh_API::init_packet(unsigned char, unsigned char)
    api.o(i._ZN13Smartmesh_API16parseNetworkInfoEP12network_infoPh) refers to rt_memcpy.o(.text) for __aeabi_memcpy
    api.o(i._ZN13Smartmesh_API16parseNetworkInfoEP12network_infoPh) refers to api.o(i._ZN13Smartmesh_API12verifyPacketEtPht) for Smartmesh_API::verifyPacket(unsigned short, unsigned char*, unsigned short)
    api.o(i._ZN13Smartmesh_API17parseHardwareInfoEP11system_infoPh) refers to rt_memcpy.o(.text) for __aeabi_memcpy
    api.o(i._ZN13Smartmesh_API21parseDataNotificationEP10data_notifPh) refers to rt_memcpy.o(.text) for __aeabi_memcpy
    api.o(i._ZN13Smartmesh_API21parseDataNotificationEP10data_notifPh) refers to api.o(i._ZN13Smartmesh_API12verifyPacketEtPht) for Smartmesh_API::verifyPacket(unsigned short, unsigned char*, unsigned short)
    api.o(i._ZN13Smartmesh_API21parseDataNotificationEP10data_notifPh) refers to aeabi_memset.o(.text) for __aeabi_memset
    api.o(i._ZN13Smartmesh_API8mgr_initEv) refers to api.o(i._ZN13Smartmesh_API11init_packetEhh) for Smartmesh_API::init_packet(unsigned char, unsigned char)
    api.o(i._ZN13Smartmesh_API8mgr_initEv) refers to api.o(i._ZN13Smartmesh_API12checksumDataEtPht) for Smartmesh_API::checksumData(unsigned short, unsigned char*, unsigned short)
[...]
    Removing tasks.o(i.vTaskSetTimeOutState), (28 bytes).
    Removing tasks.o(i.vTaskSuspend), (136 bytes).
    Removing tasks.o(i.xTaskCatchUpTicks), (28 bytes).
    Removing tasks.o(i.xTaskDelayUntil), (76 bytes).
    Removing tasks.o(i.xTaskGenericNotify), (208 bytes).
    Removing tasks.o(i.xTaskGenericNotifyFromISR), (260 bytes).
    Removing tasks.o(i.xTaskGenericNotifyStateClear), (52 bytes).
    Removing tasks.o(i.xTaskGenericNotifyWait), (140 bytes).
    Removing tasks.o(i.xTaskGetCurrentTaskHandle), (12 bytes).
    Removing tasks.o(i.xTaskGetTickCountFromISR), (12 bytes).
    Removing tasks.o(i.xTaskResumeFromISR), (140 bytes).
    Removing timers.o(.rev16_text), (4 bytes).
    Removing timers.o(.revsh_text), (4 bytes).
    Removing timers.o(i.pcTimerGetName), (4 bytes).
    Removing timers.o(i.prvInitialiseNewTimer), (52 bytes).
    Removing timers.o(i.pvTimerGetTimerID), (18 bytes).
    Removing timers.o(i.uxTimerGetReloadMode), (30 bytes).
    Removing timers.o(i.uxTimerGetTimerNumber), (4 bytes).
    Removing timers.o(i.vTimerSetReloadMode), (36 bytes).
    Removing timers.o(i.vTimerSetTimerID), (18 bytes).
    Removing timers.o(i.vTimerSetTimerNumber), (4 bytes).
    Removing timers.o(i.xTimerCreate), (48 bytes).
    Removing timers.o(i.xTimerCreateStatic), (28 bytes).
    Removing timers.o(i.xTimerGenericCommand), (76 bytes).
    Removing timers.o(i.xTimerGetExpiryTime), (4 bytes).
    Removing timers.o(i.xTimerGetPeriod), (4 bytes).
    Removing timers.o(i.xTimerGetTimerDaemonTaskHandle), (12 bytes).
    Removing timers.o(i.xTimerIsTimerActive), (30 bytes).
    Removing timers.o(i.xTimerPendFunctionCall), (36 bytes).
    Removing timers.o(i.xTimerPendFunctionCallFromISR), (36 bytes).
    Removing croutine.o(.rev16_text), (4 bytes).
    Removing croutine.o(.revsh_text), (4 bytes).
    Removing heap_4.o(.rev16_text), (4 bytes).
    Removing heap_4.o(.revsh_text), (4 bytes).
    Removing heap_4.o(i.vPortGetHeapStats), (96 bytes).
    Removing heap_4.o(i.vPortInitialiseBlocks), (2 bytes).
    Removing heap_4.o(i.xPortGetFreeHeapSize), (12 bytes).
    Removing heap_4.o(i.xPortGetMinimumEverFreeHeapSize), (12 bytes).

305 unused section(s) (total 13537 bytes) removed from the image.

==============================================================================

Image Symbol Table

    Local Symbols

    Symbol Name                              Value     Ov Type        Size  Object(Section)

    RESET                                    0x00000000   Section      176  startup_saml21g18b.o(RESET)
    ../clib/../cmprslib/zerorunl.c           0x00000000   Number         0  __dczerorl.o ABSOLUTE
    ../clib/angel/boardlib.s                 0x00000000   Number         0  boardinit1.o ABSOLUTE
    ../clib/angel/boardlib.s                 0x00000000   Number         0  boardinit3.o ABSOLUTE
    ../clib/angel/boardlib.s                 0x00000000   Number         0  boardshut.o ABSOLUTE
    ../clib/angel/handlers.s                 0x00000000   Number         0  __scatter_zi.o ABSOLUTE
    ../clib/angel/kernel.s                   0x00000000   Number         0  __rtentry4.o ABSOLUTE
    ../clib/angel/kernel.s                   0x00000000   Number         0  rtexit.o ABSOLUTE
    ../clib/angel/kernel.s                   0x00000000   Number         0  rtexit2.o ABSOLUTE
    ../clib/angel/kernel.s                   0x00000000   Number         0  __rtentry2.o ABSOLUTE
    ../clib/angel/kernel.s                   0x00000000   Number         0  __rtentry.o ABSOLUTE
    ../clib/angel/rt.s                       0x00000000   Number         0  rt_locale_twolibspace.o ABSOLUTE
    ../clib/angel/rt.s                       0x00000000   Number         0  rt_locale_intlibspace.o ABSOLUTE
    ../clib/angel/rt.s                       0x00000000   Number         0  rt_ctype_table.o ABSOLUTE
    ../clib/angel/rt.s                       0x00000000   Number         0  rt_div0.o ABSOLUTE
    ../clib/angel/rt.s                       0x00000000   Number         0  rt_raise.o ABSOLUTE
    ../clib/angel/rt.s                       0x00000000   Number         0  rt_locale.o ABSOLUTE
    ../clib/angel/rt.s                       0x00000000   Number         0  aeabi_idiv0.o ABSOLUTE
    ../clib/angel/rt.s                       0x00000000   Number         0  aeabi_idiv0_sigfpe.o ABSOLUTE
    ../clib/angel/scatterp.s                 0x00000000   Number         0  __scatter.o ABSOLUTE
    ../clib/angel/startup.s                  0x00000000   Number         0  __main.o ABSOLUTE
    ../clib/angel/sys.s                      0x00000000   Number         0  indicate_semi.o ABSOLUTE
    ../clib/angel/sys.s                      0x00000000   Number         0  tempstk.o ABSOLUTE
    ../clib/angel/sys.s                      0x00000000   Number         0  libspace.o ABSOLUTE
    ../clib/angel/sys.s                      0x00000000   Number         0  sys_stackheap_outer.o ABSOLUTE
    ../clib/angel/sys.s                      0x00000000   Number         0  use_no_semi.o ABSOLUTE
    ../clib/angel/sysapp.c                   0x00000000   Number         0  sys_wrch.o ABSOLUTE
    ../clib/angel/sysapp.c                   0x00000000   Number         0  sys_exit.o ABSOLUTE
    ../clib/angel/sysapp.c                   0x00000000   Number         0  sys_command.o ABSOLUTE
    ../clib/arm_runtime.c                    0x00000000   Number         0  init_aeabi.o ABSOLUTE
    ../clib/arm_runtime.c                    0x00000000   Number         0  init_aeabi.o ABSOLUTE
    ../clib/armsys.c                         0x00000000   Number         0  _get_argv_nomalloc.o ABSOLUTE
    ../clib/armsys.c                         0x00000000   Number         0  no_argv.o ABSOLUTE
    ../clib/armsys.c                         0x00000000   Number         0  argv_veneer.o ABSOLUTE
    ../clib/bigflt.c                         0x00000000   Number         0  bigflt0.o ABSOLUTE
    ../clib/btod.c                           0x00000000   Number         0  btod.o ABSOLUTE
    ../clib/division.c                       0x00000000   Number         0  rtudiv10.o ABSOLUTE
    ../clib/division.c                       0x00000000   Number         0  lludiv10.o ABSOLUTE
    ../clib/division.s                       0x00000000   Number         0  aeabi_sdiv.o ABSOLUTE
    ../clib/division.s                       0x00000000   Number         0  aeabi_sdiv_div0.o ABSOLUTE
    ../clib/heapalloc.c                      0x00000000   Number         0  hrguard.o ABSOLUTE
    ../clib/heapaux.c                        0x00000000   Number         0  heapauxi.o ABSOLUTE
    ../clib/libinit.s                        0x00000000   Number         0  libshutdown.o ABSOLUTE
    ../clib/libinit.s                        0x00000000   Number         0  libshutdown2.o ABSOLUTE
    ../clib/libinit.s                        0x00000000   Number         0  libinit.o ABSOLUTE
    ../clib/libinit.s                        0x00000000   Number         0  libinit2.o ABSOLUTE
    ../clib/locale.c                         0x00000000   Number         0  _wcrtomb.o ABSOLUTE
    ../clib/locale.s                         0x00000000   Number         0  lc_numeric_c.o ABSOLUTE
    ../clib/locale.s                         0x00000000   Number         0  lc_ctype_c.o ABSOLUTE
    ../clib/memcpset.c                       0x00000000   Number         0  rt_memcpy.o ABSOLUTE
    ../clib/memcpset.c                       0x00000000   Number         0  aeabi_memset.o ABSOLUTE
    ../clib/memcpset.c                       0x00000000   Number         0  rt_memcpy.o ABSOLUTE
    ../clib/memcpset.c                       0x00000000   Number         0  rt_memclr.o ABSOLUTE
    ../clib/misc.s                           0x00000000   Number         0  printf_stubs.o ABSOLUTE
    ../clib/printf.c                         0x00000000   Number         0  _printf_wchar.o ABSOLUTE
    ../clib/printf.c                         0x00000000   Number         0  _printf_char.o ABSOLUTE
    ../clib/printf.c                         0x00000000   Number         0  __printf_flags_ss_wp.o ABSOLUTE
    ../clib/printf.c                         0x00000000   Number         0  __printf_ss_wp.o ABSOLUTE
    ../clib/printf.c                         0x00000000   Number         0  __printf_nopercent.o ABSOLUTE
    ../clib/printf.c                         0x00000000   Number         0  __printf_flags_wp.o ABSOLUTE
    ../clib/printf.c                         0x00000000   Number         0  _printf_fp_dec.o ABSOLUTE
    ../clib/printf.c                         0x00000000   Number         0  _sputc.o ABSOLUTE
    ../clib/printf.c                         0x00000000   Number         0  _printf_wctomb.o ABSOLUTE
    ../clib/printf.c                         0x00000000   Number         0  _printf_intcommon.o ABSOLUTE
    ../clib/printf.c                         0x00000000   Number         0  _printf_longlong_dec.o ABSOLUTE
    ../clib/printf.c                         0x00000000   Number         0  _printf_fp_infnan.o ABSOLUTE
    ../clib/printf.c                         0x00000000   Number         0  __printf_wp.o ABSOLUTE
    ../clib/printf.c                         0x00000000   Number         0  _printf_oct_ll.o ABSOLUTE
    ../clib/printf.c                         0x00000000   Number         0  __printf_flags_ss.o ABSOLUTE
    ../clib/printf.c                         0x00000000   Number         0  __printf_ss.o ABSOLUTE
    ../clib/printf.c                         0x00000000   Number         0  _printf_oct_int_ll.o ABSOLUTE
    ../clib/printf.c                         0x00000000   Number         0  __printf_flags.o ABSOLUTE
    ../clib/printf.c                         0x00000000   Number         0  _printf_hex_int_ll_ptr.o ABSOLUTE
    ../clib/printf.c                         0x00000000   Number         0  _printf_hex_ll_ptr.o ABSOLUTE
    ../clib/printf.c                         0x00000000   Number         0  _printf_hex_ll.o ABSOLUTE
    ../clib/printf.c                         0x00000000   Number         0  c89vsprintf.o ABSOLUTE
    ../clib/printf.c                         0x00000000   Number         0  __printf.o ABSOLUTE
    ../clib/printf.c                         0x00000000   Number         0  _printf_pad.o ABSOLUTE
    ../clib/printf.c                         0x00000000   Number         0  _printf_hex_int_ptr.o ABSOLUTE
    ../clib/printf.c                         0x00000000   Number         0  _printf_hex_ptr.o ABSOLUTE
    ../clib/printf.c                         0x00000000   Number         0  _printf_hex_int_ll.o ABSOLUTE
    ../clib/printf.c                         0x00000000   Number         0  _printf_hex_int.o ABSOLUTE
    ../clib/printf.c                         0x00000000   Number         0  _printf_truncate.o ABSOLUTE
    ../clib/printf.c                         0x00000000   Number         0  _printf_str.o ABSOLUTE
    ../clib/printf.c                         0x00000000   Number         0  _printf_dec.o ABSOLUTE
    ../clib/printf.c                         0x00000000   Number         0  _printf_oct_int.o ABSOLUTE
    ../clib/printf.c                         0x00000000   Number         0  _printf_charcount.o ABSOLUTE
    ../clib/printf.c                         0x00000000   Number         0  _printf_char_common.o ABSOLUTE
    ../clib/printf_percent.s                 0x00000000   Number         0  _printf_a.o ABSOLUTE
    ../clib/printf_percent.s                 0x00000000   Number         0  _printf_g.o ABSOLUTE
    ../clib/printf_percent.s                 0x00000000   Number         0  _printf_f.o ABSOLUTE
    ../clib/printf_percent.s                 0x00000000   Number         0  _printf_u.o ABSOLUTE
    ../clib/printf_percent.s                 0x00000000   Number         0  _printf_percent_end.o ABSOLUTE
    ../clib/printf_percent.s                 0x00000000   Number         0  _printf_e.o ABSOLUTE
    ../clib/printf_percent.s                 0x00000000   Number         0  _printf_d.o ABSOLUTE
    ../clib/printf_percent.s                 0x00000000   Number         0  _printf_llx.o ABSOLUTE
    ../clib/printf_percent.s                 0x00000000   Number         0  _printf_llo.o ABSOLUTE
    ../clib/printf_percent.s                 0x00000000   Number         0  _printf_ls.o ABSOLUTE
    ../clib/printf_percent.s                 0x00000000   Number         0  _printf_lc.o ABSOLUTE
    ../clib/printf_percent.s                 0x00000000   Number         0  _printf_l.o ABSOLUTE
    ../clib/printf_percent.s                 0x00000000   Number         0  _printf_c.o ABSOLUTE
    ../clib/printf_percent.s                 0x00000000   Number         0  _printf_s.o ABSOLUTE
    ../clib/printf_percent.s                 0x00000000   Number         0  _printf_n.o ABSOLUTE
    ../clib/printf_percent.s                 0x00000000   Number         0  _printf_x.o ABSOLUTE
    ../clib/printf_percent.s                 0x00000000   Number         0  _printf_p.o ABSOLUTE
    ../clib/printf_percent.s                 0x00000000   Number         0  _printf_o.o ABSOLUTE
    ../clib/printf_percent.s                 0x00000000   Number         0  _printf_i.o ABSOLUTE
    ../clib/printf_percent.s                 0x00000000   Number         0  _printf_ll.o ABSOLUTE
    ../clib/printf_percent.s                 0x00000000   Number         0  _printf_llu.o ABSOLUTE
    ../clib/printf_percent.s                 0x00000000   Number         0  _printf_lld.o ABSOLUTE
    ../clib/printf_percent.s                 0x00000000   Number         0  _printf_lli.o ABSOLUTE
    ../clib/printf_percent.s                 0x00000000   Number         0  _printf_percent.o ABSOLUTE
    ../clib/signal.c                         0x00000000   Number         0  defsig_fpe_inner.o ABSOLUTE
    ../clib/signal.c                         0x00000000   Number         0  defsig_fpe_outer.o ABSOLUTE
    ../clib/signal.c                         0x00000000   Number         0  defsig_other.o ABSOLUTE
    ../clib/signal.c                         0x00000000   Number         0  defsig_segv_inner.o ABSOLUTE
    ../clib/signal.c                         0x00000000   Number         0  defsig_cppl_inner.o ABSOLUTE
    ../clib/signal.c                         0x00000000   Number         0  defsig_pvfn_inner.o ABSOLUTE
    ../clib/signal.c                         0x00000000   Number         0  defsig_stak_inner.o ABSOLUTE
    ../clib/signal.c                         0x00000000   Number         0  defsig_rtred_inner.o ABSOLUTE
    ../clib/signal.c                         0x00000000   Number         0  defsig_abrt_inner.o ABSOLUTE
    ../clib/signal.c                         0x00000000   Number         0  defsig_exit.o ABSOLUTE
    ../clib/signal.c                         0x00000000   Number         0  defsig_fpe_formal.o ABSOLUTE
    ../clib/signal.c                         0x00000000   Number         0  defsig_rtmem_inner.o ABSOLUTE
    ../clib/signal.c                         0x00000000   Number         0  defsig_general.o ABSOLUTE
    ../clib/signal.c                         0x00000000   Number         0  __raise.o ABSOLUTE
    ../clib/signal.c                         0x00000000   Number         0  defsig_rtmem_formal.o ABSOLUTE
    ../clib/signal.c                         0x00000000   Number         0  defsig_rtmem_outer.o ABSOLUTE
    ../clib/signal.s                         0x00000000   Number         0  defsig.o ABSOLUTE
    ../clib/stdlib.c                         0x00000000   Number         0  exit.o ABSOLUTE
    ../clib/string.c                         0x00000000   Number         0  strcmp.o ABSOLUTE
    ../fplib/cfplib/fpinit.c                 0x00000000   Number         0  fpinit.o ABSOLUTE
    ../fplib/cfplib/ieee_status.c            0x00000000   Number         0  ieee_status.o ABSOLUTE
    ../fplib/printf1.s                       0x00000000   Number         0  printf1.o ABSOLUTE
    ../fplib/usenofp.s                       0x00000000   Number         0  usenofp.o ABSOLUTE
    ../mathlib/fpclassify.c                  0x00000000   Number         0  fpclassify.o ABSOLUTE
    API.cpp                                  0x00000000   Number         0  api.o ABSOLUTE
    API.cpp                                  0x00000000   Number         0  api.o ABSOLUTE
    C:\Users\Arteom\AppData\Local\Arm\Packs\ARM\CMSIS-FreeRTOS\10.4.6\CMSIS\RTOS2\FreeRTOS\Source\ARM\clib_arm.c 0x00000000   Number         0  clib_arm.o ABSOLUTE
    C:\Users\Arteom\AppData\Local\Arm\Packs\ARM\CMSIS-FreeRTOS\10.4.6\CMSIS\RTOS2\FreeRTOS\Source\cmsis_os1.c 0x00000000   Number         0  cmsis_os1.o ABSOLUTE
    C:\Users\Arteom\AppData\Local\Arm\Packs\ARM\CMSIS-FreeRTOS\10.4.6\CMSIS\RTOS2\FreeRTOS\Source\cmsis_os2.c 0x00000000   Number         0  cmsis_os2.o ABSOLUTE
    C:\Users\Arteom\AppData\Local\Arm\Packs\ARM\CMSIS-FreeRTOS\10.4.6\CMSIS\RTOS2\FreeRTOS\Source\freertos_evr.c 0x00000000   Number         0  freertos_evr.o ABSOLUTE
    C:\Users\Arteom\AppData\Local\Arm\Packs\ARM\CMSIS-FreeRTOS\10.4.6\CMSIS\RTOS2\FreeRTOS\Source\os_systick.c 0x00000000   Number         0  os_systick.o ABSOLUTE
    C:\Users\Arteom\AppData\Local\Arm\Packs\ARM\CMSIS-FreeRTOS\10.4.6\Source\croutine.c 0x00000000   Number         0  croutine.o ABSOLUTE
    C:\Users\Arteom\AppData\Local\Arm\Packs\ARM\CMSIS-FreeRTOS\10.4.6\Source\event_groups.c 0x00000000   Number         0  event_groups.o ABSOLUTE
    C:\Users\Arteom\AppData\Local\Arm\Packs\ARM\CMSIS-FreeRTOS\10.4.6\Source\list.c 0x00000000   Number         0  list.o ABSOLUTE
    C:\Users\Arteom\AppData\Local\Arm\Packs\ARM\CMSIS-FreeRTOS\10.4.6\Source\portable\MemMang\heap_4.c 0x00000000   Number         0  heap_4.o ABSOLUTE
    C:\Users\Arteom\AppData\Local\Arm\Packs\ARM\CMSIS-FreeRTOS\10.4.6\Source\portable\RVDS\ARM_CM0\port.c 0x00000000   Number         0  port.o ABSOLUTE
    C:\Users\Arteom\AppData\Local\Arm\Packs\ARM\CMSIS-FreeRTOS\10.4.6\Source\queue.c 0x00000000   Number         0  queue.o ABSOLUTE
    C:\Users\Arteom\AppData\Local\Arm\Packs\ARM\CMSIS-FreeRTOS\10.4.6\Source\stream_buffer.c 0x00000000   Number         0  stream_buffer.o ABSOLUTE
    C:\Users\Arteom\AppData\Local\Arm\Packs\ARM\CMSIS-FreeRTOS\10.4.6\Source\tasks.c 0x00000000   Number         0  tasks.o ABSOLUTE
    C:\Users\Arteom\AppData\Local\Arm\Packs\ARM\CMSIS-FreeRTOS\10.4.6\Source\timers.c 0x00000000   Number         0  timers.o ABSOLUTE
    C:\\Users\\Arteom\\AppData\\Local\\Arm\\Packs\\ARM\\CMSIS-FreeRTOS\\10.4.6\\CMSIS\\RTOS2\\FreeRTOS\\Source\\ARM\\clib_arm.c 0x00000000   Number         0  clib_arm.o ABSOLUTE
    C:\\Users\\Arteom\\AppData\\Local\\Arm\\Packs\\ARM\\CMSIS-FreeRTOS\\10.4.6\\CMSIS\\RTOS2\\FreeRTOS\\Source\\cmsis_os1.c 0x00000000   Number         0  cmsis_os1.o ABSOLUTE
    C:\\Users\\Arteom\\AppData\\Local\\Arm\\Packs\\ARM\\CMSIS-FreeRTOS\\10.4.6\\CMSIS\\RTOS2\\FreeRTOS\\Source\\cmsis_os2.c 0x00000000   Number         0  cmsis_os2.o ABSOLUTE
    C:\\Users\\Arteom\\AppData\\Local\\Arm\\Packs\\ARM\\CMSIS-FreeRTOS\\10.4.6\\CMSIS\\RTOS2\\FreeRTOS\\Source\\freertos_evr.c 0x00000000   Number         0  freertos_evr.o ABSOLUTE
    C:\\Users\\Arteom\\AppData\\Local\\Arm\\Packs\\ARM\\CMSIS-FreeRTOS\\10.4.6\\CMSIS\\RTOS2\\FreeRTOS\\Source\\os_systick.c 0x00000000   Number         0  os_systick.o ABSOLUTE
    C:\\Users\\Arteom\\AppData\\Local\\Arm\\Packs\\ARM\\CMSIS-FreeRTOS\\10.4.6\\Source\\croutine.c 0x00000000   Number         0  croutine.o ABSOLUTE
    C:\\Users\\Arteom\\AppData\\Local\\Arm\\Packs\\ARM\\CMSIS-FreeRTOS\\10.4.6\\Source\\event_groups.c 0x00000000   Number         0  event_groups.o ABSOLUTE
    C:\\Users\\Arteom\\AppData\\Local\\Arm\\Packs\\ARM\\CMSIS-FreeRTOS\\10.4.6\\Source\\list.c 0x00000000   Number         0  list.o ABSOLUTE
    C:\\Users\\Arteom\\AppData\\Local\\Arm\\Packs\\ARM\\CMSIS-FreeRTOS\\10.4.6\\Source\\portable\\MemMang\\heap_4.c 0x00000000   Number         0  heap_4.o ABSOLUTE
    C:\\Users\\Arteom\\AppData\\Local\\Arm\\Packs\\ARM\\CMSIS-FreeRTOS\\10.4.6\\Source\\portable\\RVDS\\ARM_CM0\\port.c 0x00000000   Number         0  port.o ABSOLUTE
    C:\\Users\\Arteom\\AppData\\Local\\Arm\\Packs\\ARM\\CMSIS-FreeRTOS\\10.4.6\\Source\\queue.c 0x00000000   Number         0  queue.o ABSOLUTE
    C:\\Users\\Arteom\\AppData\\Local\\Arm\\Packs\\ARM\\CMSIS-FreeRTOS\\10.4.6\\Source\\stream_buffer.c 0x00000000   Number         0  stream_buffer.o ABSOLUTE
    C:\\Users\\Arteom\\AppData\\Local\\Arm\\Packs\\ARM\\CMSIS-FreeRTOS\\10.4.6\\Source\\tasks.c 0x00000000   Number         0  tasks.o ABSOLUTE
    C:\\Users\\Arteom\\AppData\\Local\\Arm\\Packs\\ARM\\CMSIS-FreeRTOS\\10.4.6\\Source\\timers.c 0x00000000   Number         0  timers.o ABSOLUTE
    RTC.cpp                                  0x00000000   Number         0  rtc.o ABSOLUTE
    RTC.cpp                                  0x00000000   Number         0  rtc.o ABSOLUTE
    RTE\Device\ATSAML21G18B\startup_saml21g18b.s 0x00000000   Number         0  startup_saml21g18b.o ABSOLUTE
    RTE\Device\ATSAML21G18B\system_saml21g18b.c 0x00000000   Number         0  system_saml21g18b.o ABSOLUTE
    RTE\\Device\\ATSAML21G18B\\system_saml21g18b.c 0x00000000   Number         0  system_saml21g18b.o ABSOLUTE
    SERCOM.cpp                               0x00000000   Number         0  sercom.o ABSOLUTE
    SERCOM.cpp                               0x00000000   Number         0  sercom.o ABSOLUTE
    dc.s                                     0x00000000   Number         0  dc.o ABSOLUTE
    main.cpp                                 0x00000000   Number         0  main.o ABSOLUTE
    main.cpp                                 0x00000000   Number         0  main.o ABSOLUTE
    system_setup.cpp                         0x00000000   Number         0  system_setup.o ABSOLUTE
    system_setup.cpp                         0x00000000   Number         0  system_setup.o ABSOLUTE
    !!!main                                  0x000000b0   Section        8  __main.o(!!!main)
    !!!scatter                               0x000000b8   Section       60  __scatter.o(!!!scatter)
    !!handler_zi                             0x000000f4   Section       28  __scatter_zi.o(!!handler_zi)
    .ARM.Collect$$libinit$$00000000          0x00000110   Section        2  libinit.o(.ARM.Collect$$libinit$$00000000)
    .ARM.Collect$$libinit$$00000002          0x00000112   Section        0  libinit2.o(.ARM.Collect$$libinit$$00000002)
    .ARM.Collect$$libinit$$00000004          0x00000112   Section        0  libinit2.o(.ARM.Collect$$libinit$$00000004)
    .ARM.Collect$$libinit$$0000000A          0x00000112   Section        0  libinit2.o(.ARM.Collect$$libinit$$0000000A)
    .ARM.Collect$$libinit$$0000000C          0x00000112   Section        0  libinit2.o(.ARM.Collect$$libinit$$0000000C)
    .ARM.Collect$$libinit$$0000000E          0x00000112   Section        0  libinit2.o(.ARM.Collect$$libinit$$0000000E)
    .ARM.Collect$$libinit$$00000011          0x00000112   Section        0  libinit2.o(.ARM.Collect$$libinit$$00000011)
    .ARM.Collect$$libinit$$00000013          0x00000112   Section        0  libinit2.o(.ARM.Collect$$libinit$$00000013)
    .ARM.Collect$$libinit$$00000015          0x00000112   Section        0  libinit2.o(.ARM.Collect$$libinit$$00000015)
    .ARM.Collect$$libinit$$00000017          0x00000112   Section        0  libinit2.o(.ARM.Collect$$libinit$$00000017)
    .ARM.Collect$$libinit$$00000019          0x00000112   Section        0  libinit2.o(.ARM.Collect$$libinit$$00000019)
    .ARM.Collect$$libinit$$0000001B          0x00000112   Section        0  libinit2.o(.ARM.Collect$$libinit$$0000001B)
    .ARM.Collect$$libinit$$0000001D          0x00000112   Section        0  libinit2.o(.ARM.Collect$$libinit$$0000001D)
    .ARM.Collect$$libinit$$0000001F          0x00000112   Section        0  libinit2.o(.ARM.Collect$$libinit$$0000001F)
    .ARM.Collect$$libinit$$00000021          0x00000112   Section        0  libinit2.o(.ARM.Collect$$libinit$$00000021)
    .ARM.Collect$$libinit$$00000023          0x00000112   Section        0  libinit2.o(.ARM.Collect$$libinit$$00000023)
    .ARM.Collect$$libinit$$00000025          0x00000112   Section        0  libinit2.o(.ARM.Collect$$libinit$$00000025)
    .ARM.Collect$$libinit$$0000002C          0x00000112   Section        0  libinit2.o(.ARM.Collect$$libinit$$0000002C)
    .ARM.Collect$$libinit$$0000002E          0x00000112   Section        0  libinit2.o(.ARM.Collect$$libinit$$0000002E)
    .ARM.Collect$$libinit$$00000030          0x00000112   Section        0  libinit2.o(.ARM.Collect$$libinit$$00000030)
    .ARM.Collect$$libinit$$00000031          0x00000112   Section        4  libinit2.o(.ARM.Collect$$libinit$$00000031)
    .ARM.Collect$$libinit$$00000032          0x00000116   Section        0  libinit2.o(.ARM.Collect$$libinit$$00000032)
    .ARM.Collect$$libinit$$00000033          0x00000116   Section        2  libinit2.o(.ARM.Collect$$libinit$$00000033)
    .ARM.Collect$$libshutdown$$00000000      0x00000118   Section        2  libshutdown.o(.ARM.Collect$$libshutdown$$00000000)
    .ARM.Collect$$libshutdown$$00000002      0x0000011a   Section        0  libshutdown2.o(.ARM.Collect$$libshutdown$$00000002)
    .ARM.Collect$$libshutdown$$00000004      0x0000011a   Section        0  libshutdown2.o(.ARM.Collect$$libshutdown$$00000004)
    .ARM.Collect$$libshutdown$$00000007      0x0000011a   Section        0  libshutdown2.o(.ARM.Collect$$libshutdown$$00000007)
    .ARM.Collect$$libshutdown$$0000000A      0x0000011a   Section        0  libshutdown2.o(.ARM.Collect$$libshutdown$$0000000A)
    .ARM.Collect$$libshutdown$$0000000C      0x0000011a   Section        0  libshutdown2.o(.ARM.Collect$$libshutdown$$0000000C)
    .ARM.Collect$$libshutdown$$0000000F      0x0000011a   Section        0  libshutdown2.o(.ARM.Collect$$libshutdown$$0000000F)
    .ARM.Collect$$libshutdown$$00000010      0x0000011a   Section        2  libshutdown2.o(.ARM.Collect$$libshutdown$$00000010)
    .ARM.Collect$$rtentry$$00000000          0x0000011c   Section        0  __rtentry.o(.ARM.Collect$$rtentry$$00000000)
    .ARM.Collect$$rtentry$$00000002          0x0000011c   Section        0  __rtentry2.o(.ARM.Collect$$rtentry$$00000002)
    .ARM.Collect$$rtentry$$00000004          0x0000011c   Section        6  __rtentry4.o(.ARM.Collect$$rtentry$$00000004)
    .ARM.Collect$$rtentry$$00000008          0x00000122   Section        8  __rtentry2.o(.ARM.Collect$$rtentry$$00000008)
    .ARM.Collect$$rtentry$$0000000A          0x0000012a   Section        4  __rtentry2.o(.ARM.Collect$$rtentry$$0000000A)
    .ARM.Collect$$rtentry$$0000000C          0x0000012e   Section        0  __rtentry2.o(.ARM.Collect$$rtentry$$0000000C)
    .ARM.Collect$$rtentry$$0000000D          0x0000012e   Section        8  __rtentry2.o(.ARM.Collect$$rtentry$$0000000D)
    .ARM.Collect$$rtexit$$00000000           0x00000136   Section        2  rtexit.o(.ARM.Collect$$rtexit$$00000000)
    .ARM.Collect$$rtexit$$00000002           0x00000138   Section        0  rtexit2.o(.ARM.Collect$$rtexit$$00000002)
    .ARM.Collect$$rtexit$$00000003           0x00000138   Section        4  rtexit2.o(.ARM.Collect$$rtexit$$00000003)
    .ARM.Collect$$rtexit$$00000004           0x0000013c   Section        6  rtexit2.o(.ARM.Collect$$rtexit$$00000004)
    .emb_text                                0x00000144   Section      120  port.o(.emb_text)
    .emb_text                                0x000001bc   Section       56  rt_memcpy.o(.emb_text)
    .text                                    0x000001f4   Section       56  startup_saml21g18b.o(.text)
    .text                                    0x0000022c   Section        0  rt_memcpy.o(.text)
    .text                                    0x000002ae   Section        0  aeabi_memset.o(.text)
    .text                                    0x000002c0   Section        0  rt_memclr.o(.text)
    .text                                    0x00000300   Section      346  aeabi_sdiv.o(.text)
    .text                                    0x0000045a   Section        0  heapauxi.o(.text)
    .text                                    0x00000460   Section        0  init_aeabi.o(.text)
    .text                                    0x00000484   Section       62  sys_stackheap_outer.o(.text)
    .text                                    0x000004c2   Section        0  exit.o(.text)
    .text                                    0x000004d4   Section        8  libspace.o(.text)
    .text                                    0x000004dc   Section        0  sys_exit.o(.text)
    .text                                    0x000004e8   Section        2  use_no_semi.o(.text)
    .text                                    0x000004ea   Section        0  __dczerorl.o(.text)
    .text                                    0x000004ea   Section        0  indicate_semi.o(.text)
    i.SERCOM0_Handler                        0x00000524   Section        0  main.o(i.SERCOM0_Handler)
    i.SERCOM1_Handler                        0x000005a4   Section        0  main.o(i.SERCOM1_Handler)
    i.SERCOM2_Handler                        0x000005a6   Section        0  main.o(i.SERCOM2_Handler)
    i.SVC_Handler                            0x000005a8   Section        0  port.o(i.SVC_Handler)
    i.SysTick_Handler                        0x000005ac   Section        0  cmsis_os2.o(i.SysTick_Handler)
    i.SystemInit                             0x000005c4   Section        0  system_saml21g18b.o(i.SystemInit)
    i._Z12verifyPackettPht                   0x000005d4   Section        0  main.o(i._Z12verifyPackettPht)
    i._Z8mainTaskPv                          0x00000604   Section        0  main.o(i._Z8mainTaskPv)
    i._ZN4UARTC1EP18sercom_registers_ti      0x00000608   Section        0  sercom.o(i._ZN4UARTC1EP18sercom_registers_ti)
    i.__ARM_common_switch8                   0x0000068c   Section        0  cmsis_os2.o(i.__ARM_common_switch8)
    i.__sti___8_main_cpp_30c642f8            0x000006a8   Section        0  main.o(i.__sti___8_main_cpp_30c642f8)
    __sti___8_main_cpp_30c642f8              0x000006a9   Thumb Code    18  main.o(i.__sti___8_main_cpp_30c642f8)
    i._mutex_acquire                         0x000006c0   Section        0  clib_arm.o(i._mutex_acquire)
    __tagsym$$used                           0x000006c1   Number         0  clib_arm.o(i._mutex_acquire)
    i._mutex_free                            0x000006d8   Section        0  clib_arm.o(i._mutex_free)
    __tagsym$$used                           0x000006d9   Number         0  clib_arm.o(i._mutex_free)
    i._mutex_initialize                      0x00000704   Section        0  clib_arm.o(i._mutex_initialize)
    __tagsym$$used                           0x00000705   Number         0  clib_arm.o(i._mutex_initialize)
    i._mutex_release                         0x00000758   Section        0  clib_arm.o(i._mutex_release)
    __tagsym$$used                           0x00000759   Number         0  clib_arm.o(i._mutex_release)
    i._platform_post_stackheap_init          0x00000772   Section        0  clib_arm.o(i._platform_post_stackheap_init)
    i.main                                   0x00000774   Section        0  main.o(i.main)
    i.os_kernel_is_active                    0x000007a4   Section        0  clib_arm.o(i.os_kernel_is_active)
    os_kernel_is_active                      0x000007a5   Thumb Code    18  clib_arm.o(i.os_kernel_is_active)
    i.prvAddCurrentTaskToDelayedList         0x000007b8   Section        0  tasks.o(i.prvAddCurrentTaskToDelayedList)
    prvAddCurrentTaskToDelayedList           0x000007b9   Thumb Code   106  tasks.o(i.prvAddCurrentTaskToDelayedList)
    i.prvAddNewTaskToReadyList               0x0000082c   Section        0  tasks.o(i.prvAddNewTaskToReadyList)
    prvAddNewTaskToReadyList                 0x0000082d   Thumb Code   200  tasks.o(i.prvAddNewTaskToReadyList)
    i.prvCheckForValidListAndQueue           0x00000900   Section        0  timers.o(i.prvCheckForValidListAndQueue)
    prvCheckForValidListAndQueue             0x00000901   Thumb Code    64  timers.o(i.prvCheckForValidListAndQueue)
    i.prvCopyDataFromQueue                   0x00000948   Section        0  queue.o(i.prvCopyDataFromQueue)
    prvCopyDataFromQueue                     0x00000949   Thumb Code    38  queue.o(i.prvCopyDataFromQueue)
    i.prvCopyDataToQueue                     0x0000096e   Section        0  queue.o(i.prvCopyDataToQueue)
    prvCopyDataToQueue                       0x0000096f   Thumb Code   112  queue.o(i.prvCopyDataToQueue)
    i.prvDeleteTCB                           0x000009de   Section        0  tasks.o(i.prvDeleteTCB)
    prvDeleteTCB                             0x000009df   Thumb Code    32  tasks.o(i.prvDeleteTCB)
    i.prvHeapInit                            0x00000a00   Section        0  heap_4.o(i.prvHeapInit)
    prvHeapInit                              0x00000a01   Thumb Code    60  heap_4.o(i.prvHeapInit)
    i.prvIdleTask                            0x00000a44   Section        0  tasks.o(i.prvIdleTask)
    prvIdleTask                              0x00000a45   Thumb Code    62  tasks.o(i.prvIdleTask)
    i.prvInitialiseMutex                     0x00000a90   Section        0  queue.o(i.prvInitialiseMutex)
    prvInitialiseMutex                       0x00000a91   Thumb Code    24  queue.o(i.prvInitialiseMutex)
    i.prvInitialiseNewQueue                  0x00000aa8   Section        0  queue.o(i.prvInitialiseNewQueue)
    prvInitialiseNewQueue                    0x00000aa9   Thumb Code    34  queue.o(i.prvInitialiseNewQueue)
    i.prvInitialiseNewTask                   0x00000aca   Section        0  tasks.o(i.prvInitialiseNewTask)
    prvInitialiseNewTask                     0x00000acb   Thumb Code   140  tasks.o(i.prvInitialiseNewTask)
    i.prvInsertBlockIntoFreeList             0x00000b58   Section        0  heap_4.o(i.prvInsertBlockIntoFreeList)
    prvInsertBlockIntoFreeList               0x00000b59   Thumb Code    72  heap_4.o(i.prvInsertBlockIntoFreeList)
    i.prvInsertTimerInActiveList             0x00000ba4   Section        0  timers.o(i.prvInsertTimerInActiveList)
    prvInsertTimerInActiveList               0x00000ba5   Thumb Code    52  timers.o(i.prvInsertTimerInActiveList)
    i.prvIsQueueEmpty                        0x00000bdc   Section        0  queue.o(i.prvIsQueueEmpty)
    prvIsQueueEmpty                          0x00000bdd   Thumb Code    28  queue.o(i.prvIsQueueEmpty)
    i.prvProcessExpiredTimer                 0x00000bf8   Section        0  timers.o(i.prvProcessExpiredTimer)
    prvProcessExpiredTimer                   0x00000bf9   Thumb Code    56  timers.o(i.prvProcessExpiredTimer)
    i.prvProcessReceivedCommands             0x00000c34   Section        0  timers.o(i.prvProcessReceivedCommands)
    prvProcessReceivedCommands               0x00000c35   Thumb Code   222  timers.o(i.prvProcessReceivedCommands)
    i.prvProcessTimerOrBlockTask             0x00000d18   Section        0  timers.o(i.prvProcessTimerOrBlockTask)
    prvProcessTimerOrBlockTask               0x00000d19   Thumb Code    92  timers.o(i.prvProcessTimerOrBlockTask)
    i.prvReloadTimer                         0x00000d78   Section        0  timers.o(i.prvReloadTimer)
    prvReloadTimer                           0x00000d79   Thumb Code    40  timers.o(i.prvReloadTimer)
    i.prvResetNextTaskUnblockTime            0x00000da0   Section        0  tasks.o(i.prvResetNextTaskUnblockTime)
    prvResetNextTaskUnblockTime              0x00000da1   Thumb Code    26  tasks.o(i.prvResetNextTaskUnblockTime)
    i.prvSampleTimeNow                       0x00000dc0   Section        0  timers.o(i.prvSampleTimeNow)
    prvSampleTimeNow                         0x00000dc1   Thumb Code    62  timers.o(i.prvSampleTimeNow)
    i.prvTaskExitError                       0x00000e04   Section        0  port.o(i.prvTaskExitError)
    prvTaskExitError                         0x00000e05   Thumb Code     4  port.o(i.prvTaskExitError)
    i.prvTimerTask                           0x00000e08   Section        0  timers.o(i.prvTimerTask)
    prvTimerTask                             0x00000e09   Thumb Code    38  timers.o(i.prvTimerTask)
    i.prvUnlockQueue                         0x00000e34   Section        0  queue.o(i.prvUnlockQueue)
    prvUnlockQueue                           0x00000e35   Thumb Code   112  queue.o(i.prvUnlockQueue)
    i.pvPortMalloc                           0x00000ea4   Section        0  heap_4.o(i.pvPortMalloc)
    i.pvTaskIncrementMutexHeldCount          0x00000f50   Section        0  tasks.o(i.pvTaskIncrementMutexHeldCount)
    i.pxPortInitialiseStack                  0x00000f68   Section        0  port.o(i.pxPortInitialiseStack)
    i.uxListRemove                           0x00000f88   Section        0  list.o(i.uxListRemove)
    i.vApplicationGetIdleTaskMemory          0x00000fb0   Section        0  cmsis_os2.o(i.vApplicationGetIdleTaskMemory)
    i.vApplicationGetTimerTaskMemory         0x00000fc4   Section        0  cmsis_os2.o(i.vApplicationGetTimerTaskMemory)
    i.vApplicationStackOverflowHook          0x00000fd8   Section        0  cmsis_os2.o(i.vApplicationStackOverflowHook)
    i.vListInitialise                        0x00000fda   Section        0  list.o(i.vListInitialise)
    i.vListInitialiseItem                    0x00000ff0   Section        0  list.o(i.vListInitialiseItem)
    i.vListInsert                            0x00000ff6   Section        0  list.o(i.vListInsert)
    i.vPortEnterCritical                     0x00001028   Section        0  port.o(i.vPortEnterCritical)
    i.vPortExitCritical                      0x00001040   Section        0  port.o(i.vPortExitCritical)
    i.vPortFree                              0x00001054   Section        0  heap_4.o(i.vPortFree)
    i.vPortSetupTimerInterrupt               0x00001094   Section        0  port.o(i.vPortSetupTimerInterrupt)
    i.vPortYield                             0x000010bc   Section        0  port.o(i.vPortYield)
    i.vQueueDelete                           0x000010d4   Section        0  queue.o(i.vQueueDelete)
    i.vQueueWaitForMessageRestricted         0x000010e4   Section        0  queue.o(i.vQueueWaitForMessageRestricted)
    i.vTaskInternalSetTimeOutState           0x00001128   Section        0  tasks.o(i.vTaskInternalSetTimeOutState)
    i.vTaskMissedYield                       0x00001138   Section        0  tasks.o(i.vTaskMissedYield)
    i.vTaskPlaceOnEventList                  0x00001144   Section        0  tasks.o(i.vTaskPlaceOnEventList)
    i.vTaskPlaceOnEventListRestricted        0x00001164   Section        0  tasks.o(i.vTaskPlaceOnEventListRestricted)
    i.vTaskPriorityDisinheritAfterTimeout    0x000011a4   Section        0  tasks.o(i.vTaskPriorityDisinheritAfterTimeout)
    i.vTaskStartScheduler                    0x00001220   Section        0  tasks.o(i.vTaskStartScheduler)
    i.vTaskSuspendAll                        0x00001284   Section        0  tasks.o(i.vTaskSuspendAll)
    i.vTaskSwitchContext                     0x00001294   Section        0  tasks.o(i.vTaskSwitchContext)
    i.xPortStartScheduler                    0x00001310   Section        0  port.o(i.xPortStartScheduler)
    i.xPortSysTickHandler                    0x00001340   Section        0  port.o(i.xPortSysTickHandler)
    i.xQueueCreateMutex                      0x00001364   Section        0  queue.o(i.xQueueCreateMutex)
    i.xQueueCreateMutexStatic                0x0000137a   Section        0  queue.o(i.xQueueCreateMutexStatic)
    i.xQueueGenericCreate                    0x00001394   Section        0  queue.o(i.xQueueGenericCreate)
    i.xQueueGenericCreateStatic              0x000013dc   Section        0  queue.o(i.xQueueGenericCreateStatic)
    i.xQueueGenericReset                     0x0000140c   Section        0  queue.o(i.xQueueGenericReset)
    i.xQueueGenericSend                      0x0000148e   Section        0  queue.o(i.xQueueGenericSend)
    i.xQueueReceive                          0x00001574   Section        0  queue.o(i.xQueueReceive)
    i.xQueueSemaphoreTake                    0x0000164c   Section        0  queue.o(i.xQueueSemaphoreTake)
    i.xTaskCheckForTimeOut                   0x00001764   Section        0  tasks.o(i.xTaskCheckForTimeOut)
    i.xTaskCreate                            0x000017b8   Section        0  tasks.o(i.xTaskCreate)
    i.xTaskCreateStatic                      0x0000180a   Section        0  tasks.o(i.xTaskCreateStatic)
    i.xTaskGetSchedulerState                 0x00001848   Section        0  tasks.o(i.xTaskGetSchedulerState)
    i.xTaskGetTickCount                      0x00001868   Section        0  tasks.o(i.xTaskGetTickCount)
    i.xTaskIncrementTick                     0x00001874   Section        0  tasks.o(i.xTaskIncrementTick)
    i.xTaskPriorityDisinherit                0x00001984   Section        0  tasks.o(i.xTaskPriorityDisinherit)
    i.xTaskPriorityInherit                   0x000019f4   Section        0  tasks.o(i.xTaskPriorityInherit)
    i.xTaskRemoveFromEventList               0x00001a88   Section        0  tasks.o(i.xTaskRemoveFromEventList)
    i.xTaskResumeAll                         0x00001b48   Section        0  tasks.o(i.xTaskResumeAll)
    i.xTimerCreateTimerTask                  0x00001c3c   Section        0  timers.o(i.xTimerCreateTimerTask)
    .init_array                              0x00001cb4   Section        4  main.o(.init_array)
    .init_array                              0x00001cb8   Section        0  init_aeabi.o(.init_array)
    .data                                    0x20000000   Section      520  main.o(.data)
    fcstab                                   0x20000008   Data         512  main.o(.data)
    .data                                    0x20000208   Section        4  system_saml21g18b.o(.data)
    .data                                    0x2000020c   Section        4  port.o(.data)
    uxCriticalNesting                        0x2000020c   Data           4  port.o(.data)
    .data                                    0x20000210   Section       64  tasks.o(.data)
    uxDeletedTasksWaitingCleanUp             0x20000214   Data           4  tasks.o(.data)
    uxCurrentNumberOfTasks                   0x20000218   Data           4  tasks.o(.data)
    xTickCount                               0x2000021c   Data           4  tasks.o(.data)
    uxTopReadyPriority                       0x20000220   Data           4  tasks.o(.data)
    xSchedulerRunning                        0x20000224   Data           4  tasks.o(.data)
    xPendedTicks                             0x20000228   Data           4  tasks.o(.data)
    xYieldPending                            0x2000022c   Data           4  tasks.o(.data)
    xNumOfOverflows                          0x20000230   Data           4  tasks.o(.data)
    uxTaskNumber                             0x20000234   Data           4  tasks.o(.data)
    xNextTaskUnblockTime                     0x20000238   Data           4  tasks.o(.data)
    xIdleTaskHandle                          0x2000023c   Data           4  tasks.o(.data)
    uxSchedulerSuspended                     0x20000244   Data           4  tasks.o(.data)
    pxDelayedTaskList                        0x20000248   Data           4  tasks.o(.data)
    pxOverflowDelayedTaskList                0x2000024c   Data           4  tasks.o(.data)
    .data                                    0x20000250   Section       20  timers.o(.data)
    xTimerQueue                              0x20000250   Data           4  timers.o(.data)
    xTimerTaskHandle                         0x20000254   Data           4  timers.o(.data)
    xLastTime                                0x20000258   Data           4  timers.o(.data)
    pxCurrentTimerList                       0x2000025c   Data           4  timers.o(.data)
    pxOverflowTimerList                      0x20000260   Data           4  timers.o(.data)
    .data                                    0x20000264   Section       32  heap_4.o(.data)
    pxEnd                                    0x20000264   Data           4  heap_4.o(.data)
    xFreeBytesRemaining                      0x20000268   Data           4  heap_4.o(.data)
    xMinimumEverFreeBytesRemaining           0x2000026c   Data           4  heap_4.o(.data)
    xNumberOfSuccessfulAllocations           0x20000270   Data           4  heap_4.o(.data)
    xNumberOfSuccessfulFrees                 0x20000274   Data           4  heap_4.o(.data)
    xBlockAllocatedBit                       0x20000278   Data           4  heap_4.o(.data)
    xStart                                   0x2000027c   Data           8  heap_4.o(.data)
    .bss                                     0x20000284   Section      128  main.o(.bss)
    .bss                                     0x20000304   Section      916  clib_arm.o(.bss)
    os_libspace                              0x20000304   Data         480  clib_arm.o(.bss)
    os_libspace_id                           0x200004e4   Data          16  clib_arm.o(.bss)
    clib_mutex_cb                            0x200004f4   Data         400  clib_arm.o(.bss)
    clib_mutex_id                            0x20000684   Data          20  clib_arm.o(.bss)
    .bss                                     0x20000698   Section     1016  cmsis_os2.o(.bss)
    Idle_TCB                                 0x20000698   Data          92  cmsis_os2.o(.bss)
    Idle_Stack                               0x200006f4   Data         512  cmsis_os2.o(.bss)
    Timer_TCB                                0x200008f4   Data          92  cmsis_os2.o(.bss)
    Timer_Stack                              0x20000950   Data         320  cmsis_os2.o(.bss)
    .bss                                     0x20000a90   Section     1220  tasks.o(.bss)
    pxReadyTasksLists                        0x20000a90   Data        1120  tasks.o(.bss)
    xDelayedTaskList1                        0x20000ef0   Data          20  tasks.o(.bss)
    xDelayedTaskList2                        0x20000f04   Data          20  tasks.o(.bss)
    xPendingReadyList                        0x20000f18   Data          20  tasks.o(.bss)
    xTasksWaitingTermination                 0x20000f2c   Data          20  tasks.o(.bss)
    xSuspendedTaskList                       0x20000f40   Data          20  tasks.o(.bss)
    .bss                                     0x20000f54   Section      200  timers.o(.bss)
    xStaticTimerQueue                        0x20000f54   Data          80  timers.o(.bss)
    ucStaticTimerQueueStorage                0x20000fa4   Data          80  timers.o(.bss)
    xActiveTimerList1                        0x20000ff4   Data          20  timers.o(.bss)
    xActiveTimerList2                        0x20001008   Data          20  timers.o(.bss)
    .bss                                     0x2000101c   Section     8192  heap_4.o(.bss)
    ucHeap                                   0x2000101c   Data        8192  heap_4.o(.bss)
    .bss                                     0x2000301c   Section       96  libspace.o(.bss)
    HEAP                                     0x20003080   Section     4096  startup_saml21g18b.o(HEAP)
    Heap_Mem                                 0x20003080   Data        4096  startup_saml21g18b.o(HEAP)
    STACK                                    0x20004080   Section     4096  startup_saml21g18b.o(STACK)
    Stack_Mem                                0x20004080   Data        4096  startup_saml21g18b.o(STACK)
    __initial_sp                             0x20005080   Data           0  startup_saml21g18b.o(STACK)

    Global Symbols

    Symbol Name                              Value     Ov Type        Size  Object(Section)

    BuildAttributes$$THM_ISAv3M$S$PE$A:L22$X:L11$S22$IEEE1$IW$USESV6$~STKCKD$USESV7$~SHL$OTIME$ROPI$IEEEJ$EBA8$UX$STANDARDLIB$REQ8$PRES8$EABIv2 0x00000000   Number         0  anon$$obj.o ABSOLUTE
    __ARM_use_no_argv                        0x00000000   Number         0  main.o ABSOLUTE
    __Vectors                                0x00000000   Data           4  startup_saml21g18b.o(RESET)
    _printf_flags                            0x00000000   Number         0  printf_stubs.o ABSOLUTE
    _printf_return_value                     0x00000000   Number         0  printf_stubs.o ABSOLUTE
    _printf_sizespec                         0x00000000   Number         0  printf_stubs.o ABSOLUTE
    _printf_widthprec                        0x00000000   Number         0  printf_stubs.o ABSOLUTE
    __ARM_exceptions_init                     - Undefined Weak Reference
    __alloca_initialize                       - Undefined Weak Reference
    __arm_preinit_                            - Undefined Weak Reference
    __cxa_finalize                            - Undefined Weak Reference
    __sigvec_lookup                           - Undefined Weak Reference
    _atexit_init                              - Undefined Weak Reference
    _call_atexit_fns                          - Undefined Weak Reference
    _clock_init                               - Undefined Weak Reference
    _fp_trap_init                             - Undefined Weak Reference
    _fp_trap_shutdown                         - Undefined Weak Reference
    _get_lc_collate                           - Undefined Weak Reference
    _get_lc_monetary                          - Undefined Weak Reference
    _get_lc_time                              - Undefined Weak Reference
    _getenv_init                              - Undefined Weak Reference
    _handle_redirection                       - Undefined Weak Reference
    _init_alloc                               - Undefined Weak Reference
    _init_user_alloc                          - Undefined Weak Reference
    _initio                                   - Undefined Weak Reference
    _printf_fp_hex                            - Undefined Weak Reference
    _printf_mbtowc                            - Undefined Weak Reference
    _printf_wc                                - Undefined Weak Reference
    _rand_init                                - Undefined Weak Reference
    _signal_finish                            - Undefined Weak Reference
    _signal_init                              - Undefined Weak Reference
    _terminate_alloc                          - Undefined Weak Reference
    _terminate_user_alloc                     - Undefined Weak Reference
    _terminateio                              - Undefined Weak Reference
    __Vectors_End                            0x000000b0   Data           0  startup_saml21g18b.o(RESET)
    __Vectors_Size                           0x000000b0   Number         0  startup_saml21g18b.o ABSOLUTE
    __main                                   0x000000b1   Thumb Code     8  __main.o(!!!main)
    __scatterload                            0x000000b9   Thumb Code     0  __scatter.o(!!!scatter)
    __scatterload_rt2                        0x000000b9   Thumb Code    52  __scatter.o(!!!scatter)
    __scatterload_rt2_thumb_only             0x000000b9   Thumb Code     0  __scatter.o(!!!scatter)
    __scatterload_null                       0x000000c9   Thumb Code     0  __scatter.o(!!!scatter)
    __scatterload_zeroinit                   0x000000f5   Thumb Code    28  __scatter_zi.o(!!handler_zi)
    __rt_lib_init                            0x00000111   Thumb Code     0  libinit.o(.ARM.Collect$$libinit$$00000000)
    __rt_lib_init_alloca_1                   0x00000113   Thumb Code     0  libinit2.o(.ARM.Collect$$libinit$$0000002E)
    __rt_lib_init_argv_1                     0x00000113   Thumb Code     0  libinit2.o(.ARM.Collect$$libinit$$0000002C)
    __rt_lib_init_atexit_1                   0x00000113   Thumb Code     0  libinit2.o(.ARM.Collect$$libinit$$0000001B)
    __rt_lib_init_clock_1                    0x00000113   Thumb Code     0  libinit2.o(.ARM.Collect$$libinit$$00000021)
    __rt_lib_init_cpp_2                      0x00000113   Thumb Code     0  libinit2.o(.ARM.Collect$$libinit$$00000031)
    __rt_lib_init_exceptions_1               0x00000113   Thumb Code     0  libinit2.o(.ARM.Collect$$libinit$$00000030)
    __rt_lib_init_fp_1                       0x00000113   Thumb Code     0  libinit2.o(.ARM.Collect$$libinit$$00000002)
    __rt_lib_init_fp_trap_1                  0x00000113   Thumb Code     0  libinit2.o(.ARM.Collect$$libinit$$0000001F)
    __rt_lib_init_getenv_1                   0x00000113   Thumb Code     0  libinit2.o(.ARM.Collect$$libinit$$00000023)
    __rt_lib_init_heap_1                     0x00000113   Thumb Code     0  libinit2.o(.ARM.Collect$$libinit$$0000000A)
    __rt_lib_init_lc_collate_1               0x00000113   Thumb Code     0  libinit2.o(.ARM.Collect$$libinit$$00000011)
    __rt_lib_init_lc_ctype_1                 0x00000113   Thumb Code     0  libinit2.o(.ARM.Collect$$libinit$$00000013)
    __rt_lib_init_lc_monetary_1              0x00000113   Thumb Code     0  libinit2.o(.ARM.Collect$$libinit$$00000015)
    __rt_lib_init_lc_numeric_1               0x00000113   Thumb Code     0  libinit2.o(.ARM.Collect$$libinit$$00000017)
    __rt_lib_init_lc_time_1                  0x00000113   Thumb Code     0  libinit2.o(.ARM.Collect$$libinit$$00000019)
    __rt_lib_init_preinit_1                  0x00000113   Thumb Code     0  libinit2.o(.ARM.Collect$$libinit$$00000004)
    __rt_lib_init_rand_1                     0x00000113   Thumb Code     0  libinit2.o(.ARM.Collect$$libinit$$0000000E)
    __rt_lib_init_signal_1                   0x00000113   Thumb Code     0  libinit2.o(.ARM.Collect$$libinit$$0000001D)
    __rt_lib_init_stdio_1                    0x00000113   Thumb Code     0  libinit2.o(.ARM.Collect$$libinit$$00000025)
    __rt_lib_init_user_alloc_1               0x00000113   Thumb Code     0  libinit2.o(.ARM.Collect$$libinit$$0000000C)
    __rt_lib_init_cpp_1                      0x00000117   Thumb Code     0  libinit2.o(.ARM.Collect$$libinit$$00000032)
    __rt_lib_init_return                     0x00000117   Thumb Code     0  libinit2.o(.ARM.Collect$$libinit$$00000033)
    __rt_lib_shutdown                        0x00000119   Thumb Code     0  libshutdown.o(.ARM.Collect$$libshutdown$$00000000)
    __rt_lib_shutdown_cpp_1                  0x0000011b   Thumb Code     0  libshutdown2.o(.ARM.Collect$$libshutdown$$00000002)
    __rt_lib_shutdown_fp_trap_1              0x0000011b   Thumb Code     0  libshutdown2.o(.ARM.Collect$$libshutdown$$00000007)
    __rt_lib_shutdown_heap_1                 0x0000011b   Thumb Code     0  libshutdown2.o(.ARM.Collect$$libshutdown$$0000000F)
    __rt_lib_shutdown_return                 0x0000011b   Thumb Code     0  libshutdown2.o(.ARM.Collect$$libshutdown$$00000010)
    __rt_lib_shutdown_signal_1               0x0000011b   Thumb Code     0  libshutdown2.o(.ARM.Collect$$libshutdown$$0000000A)
    __rt_lib_shutdown_stdio_1                0x0000011b   Thumb Code     0  libshutdown2.o(.ARM.Collect$$libshutdown$$00000004)
    __rt_lib_shutdown_user_alloc_1           0x0000011b   Thumb Code     0  libshutdown2.o(.ARM.Collect$$libshutdown$$0000000C)
    __rt_entry                               0x0000011d   Thumb Code     0  __rtentry.o(.ARM.Collect$$rtentry$$00000000)
    __rt_entry_presh_1                       0x0000011d   Thumb Code     0  __rtentry2.o(.ARM.Collect$$rtentry$$00000002)
    __rt_entry_sh                            0x0000011d   Thumb Code     0  __rtentry4.o(.ARM.Collect$$rtentry$$00000004)
    __rt_entry_postsh_1                      0x00000123   Thumb Code     0  __rtentry2.o(.ARM.Collect$$rtentry$$00000008)
    __rt_entry_li                            0x0000012b   Thumb Code     0  __rtentry2.o(.ARM.Collect$$rtentry$$0000000A)
    __rt_entry_main                          0x0000012f   Thumb Code     0  __rtentry2.o(.ARM.Collect$$rtentry$$0000000D)
    __rt_entry_postli_1                      0x0000012f   Thumb Code     0  __rtentry2.o(.ARM.Collect$$rtentry$$0000000C)
    __rt_exit                                0x00000137   Thumb Code     0  rtexit.o(.ARM.Collect$$rtexit$$00000000)
    __rt_exit_ls                             0x00000139   Thumb Code     0  rtexit2.o(.ARM.Collect$$rtexit$$00000003)
    __rt_exit_prels_1                        0x00000139   Thumb Code     0  rtexit2.o(.ARM.Collect$$rtexit$$00000002)
    __rt_exit_exit                           0x0000013d   Thumb Code     0  rtexit2.o(.ARM.Collect$$rtexit$$00000004)
    __asm___6_port_c_39a90d8d__prvPortStartFirstTask 0x00000145   Thumb Code    36  port.o(.emb_text)
    ulSetInterruptMaskFromISR                0x0000016d   Thumb Code     8  port.o(.emb_text)
    vClearInterruptMaskFromISR               0x00000175   Thumb Code     6  port.o(.emb_text)
    PendSV_Handler                           0x0000017b   Thumb Code    62  port.o(.emb_text)
    __aeabi_memcpy4                          0x000001bd   Thumb Code    56  rt_memcpy.o(.emb_text)
    __aeabi_memcpy8                          0x000001bd   Thumb Code     0  rt_memcpy.o(.emb_text)
    Reset_Handler                            0x000001f5   Thumb Code     8  startup_saml21g18b.o(.text)
    NonMaskableInt_Handler                   0x000001fd   Thumb Code     2  startup_saml21g18b.o(.text)
    HardFault_Handler                        0x000001ff   Thumb Code     2  startup_saml21g18b.o(.text)
    AC_Handler                               0x00000207   Thumb Code     0  startup_saml21g18b.o(.text)
    ADC_Handler                              0x00000207   Thumb Code     0  startup_saml21g18b.o(.text)
    AES_Handler                              0x00000207   Thumb Code     0  startup_saml21g18b.o(.text)
    DAC_Handler                              0x00000207   Thumb Code     0  startup_saml21g18b.o(.text)
    DMAC_Handler                             0x00000207   Thumb Code     0  startup_saml21g18b.o(.text)
    EIC_Handler                              0x00000207   Thumb Code     0  startup_saml21g18b.o(.text)
    EVSYS_Handler                            0x00000207   Thumb Code     0  startup_saml21g18b.o(.text)
    NVMCTRL_Handler                          0x00000207   Thumb Code     0  startup_saml21g18b.o(.text)
    PTC_Handler                              0x00000207   Thumb Code     0  startup_saml21g18b.o(.text)
    RTC_Handler                              0x00000207   Thumb Code     0  startup_saml21g18b.o(.text)
    SERCOM3_Handler                          0x00000207   Thumb Code     0  startup_saml21g18b.o(.text)
    SERCOM4_Handler                          0x00000207   Thumb Code     0  startup_saml21g18b.o(.text)
    SERCOM5_Handler                          0x00000207   Thumb Code     0  startup_saml21g18b.o(.text)
    SYSTEM_Handler                           0x00000207   Thumb Code     0  startup_saml21g18b.o(.text)
    TC0_Handler                              0x00000207   Thumb Code     0  startup_saml21g18b.o(.text)
    TC1_Handler                              0x00000207   Thumb Code     0  startup_saml21g18b.o(.text)
    TC4_Handler                              0x00000207   Thumb Code     0  startup_saml21g18b.o(.text)
    TCC0_Handler                             0x00000207   Thumb Code     0  startup_saml21g18b.o(.text)
    TCC1_Handler                             0x00000207   Thumb Code     0  startup_saml21g18b.o(.text)
    TCC2_Handler                             0x00000207   Thumb Code     0  startup_saml21g18b.o(.text)
    TRNG_Handler                             0x00000207   Thumb Code     0  startup_saml21g18b.o(.text)
    USB_Handler                              0x00000207   Thumb Code     0  startup_saml21g18b.o(.text)
    WDT_Handler                              0x00000207   Thumb Code     0  startup_saml21g18b.o(.text)
    __user_initial_stackheap                 0x00000209   Thumb Code     0  startup_saml21g18b.o(.text)
    __aeabi_memcpy                           0x0000022d   Thumb Code   130  rt_memcpy.o(.text)
    __rt_memcpy                              0x0000022d   Thumb Code     0  rt_memcpy.o(.text)
    __aeabi_memset                           0x000002af   Thumb Code    18  aeabi_memset.o(.text)
    _memset_w                                0x000002c1   Thumb Code    26  rt_memclr.o(.text)
    _memset                                  0x000002db   Thumb Code    30  rt_memclr.o(.text)
    __aeabi_memclr                           0x000002f9   Thumb Code     4  rt_memclr.o(.text)
    __rt_memclr                              0x000002f9   Thumb Code     0  rt_memclr.o(.text)
    __aeabi_memclr4                          0x000002fd   Thumb Code     0  rt_memclr.o(.text)
    __aeabi_memclr8                          0x000002fd   Thumb Code     0  rt_memclr.o(.text)
    __rt_memclr_w                            0x000002fd   Thumb Code     4  rt_memclr.o(.text)
    __aeabi_uidiv                            0x00000301   Thumb Code     0  aeabi_sdiv.o(.text)
    __aeabi_uidivmod                         0x00000301   Thumb Code    20  aeabi_sdiv.o(.text)
    __aeabi_idiv                             0x00000315   Thumb Code     0  aeabi_sdiv.o(.text)
    __aeabi_idivmod                          0x00000315   Thumb Code   326  aeabi_sdiv.o(.text)
    __use_two_region_memory                  0x0000045b   Thumb Code     2  heapauxi.o(.text)
    __rt_heap_escrow$2region                 0x0000045d   Thumb Code     2  heapauxi.o(.text)
    __rt_heap_expand$2region                 0x0000045f   Thumb Code     2  heapauxi.o(.text)
    __cpp_initialize__aeabi_                 0x00000461   Thumb Code    26  init_aeabi.o(.text)
    __user_setup_stackheap                   0x00000485   Thumb Code    62  sys_stackheap_outer.o(.text)
    exit                                     0x000004c3   Thumb Code    16  exit.o(.text)
    __user_libspace                          0x000004d5   Thumb Code     8  libspace.o(.text)
    __user_perproc_libspace                  0x000004d5   Thumb Code     0  libspace.o(.text)
    _sys_exit                                0x000004dd   Thumb Code     8  sys_exit.o(.text)
    __I$use$semihosting                      0x000004e9   Thumb Code     0  use_no_semi.o(.text)
    __use_no_semihosting_swi                 0x000004e9   Thumb Code     2  use_no_semi.o(.text)
    __decompress                             0x000004eb   Thumb Code     0  __dczerorl.o(.text)
    __decompress0                            0x000004eb   Thumb Code    58  __dczerorl.o(.text)
    __semihosting_library_function           0x000004eb   Thumb Code     0  indicate_semi.o(.text)
    SERCOM0_Handler                          0x00000525   Thumb Code   108  main.o(i.SERCOM0_Handler)
    SERCOM1_Handler                          0x000005a5   Thumb Code     2  main.o(i.SERCOM1_Handler)
    SERCOM2_Handler                          0x000005a7   Thumb Code     2  main.o(i.SERCOM2_Handler)
    SVC_Handler                              0x000005a9   Thumb Code     2  port.o(i.SVC_Handler)
    SysTick_Handler                          0x000005ad   Thumb Code    20  cmsis_os2.o(i.SysTick_Handler)
    SystemInit                               0x000005c5   Thumb Code     8  system_saml21g18b.o(i.SystemInit)
    verifyPacket(unsigned short, unsigned char*, unsigned short) 0x000005d5   Thumb Code    38  main.o(i._Z12verifyPackettPht)
    mainTask(void*)                          0x00000605   Thumb Code     2  main.o(i._Z8mainTaskPv)
    UART::UART(sercom_registers_t*, int)     0x00000609   Thumb Code   108  sercom.o(i._ZN4UARTC1EP18sercom_registers_ti)
    UART::UART__sub_object(sercom_registers_t*, int) 0x00000609   Thumb Code     0  sercom.o(i._ZN4UARTC1EP18sercom_registers_ti)
    __ARM_common_switch8                     0x0000068d   Thumb Code    26  cmsis_os2.o(i.__ARM_common_switch8)
    _mutex_acquire                           0x000006c1   Thumb Code    24  clib_arm.o(i._mutex_acquire)
    _mutex_free                              0x000006d9   Thumb Code    40  clib_arm.o(i._mutex_free)
    _mutex_initialize                        0x00000705   Thumb Code    76  clib_arm.o(i._mutex_initialize)
    _mutex_release                           0x00000759   Thumb Code    26  clib_arm.o(i._mutex_release)
    _platform_post_stackheap_init            0x00000773   Thumb Code     2  clib_arm.o(i._platform_post_stackheap_init)
    main                                     0x00000775   Thumb Code    32  main.o(i.main)
    pvPortMalloc                             0x00000ea5   Thumb Code   166  heap_4.o(i.pvPortMalloc)
    pvTaskIncrementMutexHeldCount            0x00000f51   Thumb Code    20  tasks.o(i.pvTaskIncrementMutexHeldCount)
    pxPortInitialiseStack                    0x00000f69   Thumb Code    28  port.o(i.pxPortInitialiseStack)
    uxListRemove                             0x00000f89   Thumb Code    38  list.o(i.uxListRemove)
    vApplicationGetIdleTaskMemory            0x00000fb1   Thumb Code    16  cmsis_os2.o(i.vApplicationGetIdleTaskMemory)
    vApplicationGetTimerTaskMemory           0x00000fc5   Thumb Code    16  cmsis_os2.o(i.vApplicationGetTimerTaskMemory)
    vApplicationStackOverflowHook            0x00000fd9   Thumb Code     2  cmsis_os2.o(i.vApplicationStackOverflowHook)
    vListInitialise                          0x00000fdb   Thumb Code    22  list.o(i.vListInitialise)
    vListInitialiseItem                      0x00000ff1   Thumb Code     6  list.o(i.vListInitialiseItem)
    vListInsert                              0x00000ff7   Thumb Code    48  list.o(i.vListInsert)
    vPortEnterCritical                       0x00001029   Thumb Code    20  port.o(i.vPortEnterCritical)
    vPortExitCritical                        0x00001041   Thumb Code    14  port.o(i.vPortExitCritical)
    vPortFree                                0x00001055   Thumb Code    60  heap_4.o(i.vPortFree)
    vPortSetupTimerInterrupt                 0x00001095   Thumb Code    32  port.o(i.vPortSetupTimerInterrupt)
    vPortYield                               0x000010bd   Thumb Code    18  port.o(i.vPortYield)
    vQueueDelete                             0x000010d5   Thumb Code    16  queue.o(i.vQueueDelete)
    vQueueWaitForMessageRestricted           0x000010e5   Thumb Code    68  queue.o(i.vQueueWaitForMessageRestricted)
    vTaskInternalSetTimeOutState             0x00001129   Thumb Code    12  tasks.o(i.vTaskInternalSetTimeOutState)
    vTaskMissedYield                         0x00001139   Thumb Code     8  tasks.o(i.vTaskMissedYield)
    vTaskPlaceOnEventList                    0x00001145   Thumb Code    28  tasks.o(i.vTaskPlaceOnEventList)
    vTaskPlaceOnEventListRestricted          0x00001165   Thumb Code    60  tasks.o(i.vTaskPlaceOnEventListRestricted)
    vTaskPriorityDisinheritAfterTimeout      0x000011a5   Thumb Code   116  tasks.o(i.vTaskPriorityDisinheritAfterTimeout)
    vTaskStartScheduler                      0x00001221   Thumb Code    82  tasks.o(i.vTaskStartScheduler)
    vTaskSuspendAll                          0x00001285   Thumb Code    10  tasks.o(i.vTaskSuspendAll)
    vTaskSwitchContext                       0x00001295   Thumb Code   110  tasks.o(i.vTaskSwitchContext)
    xPortStartScheduler                      0x00001311   Thumb Code    40  port.o(i.xPortStartScheduler)
    xPortSysTickHandler                      0x00001341   Thumb Code    32  port.o(i.xPortSysTickHandler)
    xQueueCreateMutex                        0x00001365   Thumb Code    22  queue.o(i.xQueueCreateMutex)
    xQueueCreateMutexStatic                  0x0000137b   Thumb Code    26  queue.o(i.xQueueCreateMutexStatic)
    xQueueGenericCreate                      0x00001395   Thumb Code    72  queue.o(i.xQueueGenericCreate)
    xQueueGenericCreateStatic                0x000013dd   Thumb Code    48  queue.o(i.xQueueGenericCreateStatic)
    xQueueGenericReset                       0x0000140d   Thumb Code   130  queue.o(i.xQueueGenericReset)
    xQueueGenericSend                        0x0000148f   Thumb Code   230  queue.o(i.xQueueGenericSend)
    xQueueReceive                            0x00001575   Thumb Code   216  queue.o(i.xQueueReceive)
    xQueueSemaphoreTake                      0x0000164d   Thumb Code   278  queue.o(i.xQueueSemaphoreTake)
    xTaskCheckForTimeOut                     0x00001765   Thumb Code    78  tasks.o(i.xTaskCheckForTimeOut)
    xTaskCreate                              0x000017b9   Thumb Code    82  tasks.o(i.xTaskCreate)
    xTaskCreateStatic                        0x0000180b   Thumb Code    60  tasks.o(i.xTaskCreateStatic)
    xTaskGetSchedulerState                   0x00001849   Thumb Code    26  tasks.o(i.xTaskGetSchedulerState)
    xTaskGetTickCount                        0x00001869   Thumb Code     6  tasks.o(i.xTaskGetTickCount)
    xTaskIncrementTick                       0x00001875   Thumb Code   262  tasks.o(i.xTaskIncrementTick)
    xTaskPriorityDisinherit                  0x00001985   Thumb Code   104  tasks.o(i.xTaskPriorityDisinherit)
    xTaskPriorityInherit                     0x000019f5   Thumb Code   140  tasks.o(i.xTaskPriorityInherit)
    xTaskRemoveFromEventList                 0x00001a89   Thumb Code   180  tasks.o(i.xTaskRemoveFromEventList)
    xTaskResumeAll                           0x00001b49   Thumb Code   232  tasks.o(i.xTaskResumeAll)
    xTimerCreateTimerTask                    0x00001c3d   Thumb Code    72  timers.o(i.xTimerCreateTimerTask)
    Region$$Table$$Base                      0x00001c94   Number         0  anon$$obj.o(Region$$Table)
    Region$$Table$$Limit                     0x00001cb4   Number         0  anon$$obj.o(Region$$Table)
    SHT$$INIT_ARRAY$$Base                    0x00001cb4   Number         0  main.o(.init_array)
    SHT$$INIT_ARRAY$$Limit                   0x00001cb8   Number         0  init_aeabi.o(.init_array)
    startFlag                                0x20000000   Data           1  main.o(.data)
    length                                   0x20000001   Data           1  main.o(.data)
    usart                                    0x20000004   Data           4  main.o(.data)
    SystemCoreClock                          0x20000208   Data           4  system_saml21g18b.o(.data)
    pxCurrentTCB                             0x20000210   Data           4  tasks.o(.data)
    uxTopUsedPriority                        0x20000240   Data           4  tasks.o(.data)
    txbuffer                                 0x20000284   Data         128  main.o(.bss)
    __libspace_start                         0x2000301c   Data          96  libspace.o(.bss)
    __temporary_stack_top$libspace           0x2000307c   Data           0  libspace.o(.bss)



==============================================================================

Memory Map of the image

  Image Entry point : 0x000000b1

  Load Region LR_IROM1 (Base: 0x00000000, Size: 0x00001f3c, Max: 0x00040000, ABSOLUTE, COMPRESSED[0x00001ec8])

    Execution Region ER_IROM1 (Exec base: 0x00000000, Load base: 0x00000000, Size: 0x00001cb8, Max: 0x00040000, ABSOLUTE)

    Exec Addr    Load Addr    Size         Type   Attr      Idx    E Section Name        Object

    0x00000000   0x00000000   0x000000b0   Data   RO         1677    RESET               startup_saml21g18b.o
    0x000000b0   0x000000b0   0x00000008   Code   RO         2993  * !!!main             c_p.l(__main.o)
    0x000000b8   0x000000b8   0x0000003c   Code   RO         3309    !!!scatter          c_p.l(__scatter.o)
    0x000000f4   0x000000f4   0x0000001c   Code   RO         3311    !!handler_zi        c_p.l(__scatter_zi.o)
    0x00000110   0x00000110   0x00000002   Code   RO         3219    .ARM.Collect$$libinit$$00000000  c_p.l(libinit.o)
    0x00000112   0x00000112   0x00000000   Code   RO         3098    .ARM.Collect$$libinit$$00000002  c_p.l(libinit2.o)
    0x00000112   0x00000112   0x00000000   Code   RO         3100    .ARM.Collect$$libinit$$00000004  c_p.l(libinit2.o)
    0x00000112   0x00000112   0x00000000   Code   RO         3103    .ARM.Collect$$libinit$$0000000A  c_p.l(libinit2.o)
    0x00000112   0x00000112   0x00000000   Code   RO         3105    .ARM.Collect$$libinit$$0000000C  c_p.l(libinit2.o)
    0x00000112   0x00000112   0x00000000   Code   RO         3107    .ARM.Collect$$libinit$$0000000E  c_p.l(libinit2.o)
    0x00000112   0x00000112   0x00000000   Code   RO         3110    .ARM.Collect$$libinit$$00000011  c_p.l(libinit2.o)
    0x00000112   0x00000112   0x00000000   Code   RO         3112    .ARM.Collect$$libinit$$00000013  c_p.l(libinit2.o)
    0x00000112   0x00000112   0x00000000   Code   RO         3114    .ARM.Collect$$libinit$$00000015  c_p.l(libinit2.o)
    0x00000112   0x00000112   0x00000000   Code   RO         3116    .ARM.Collect$$libinit$$00000017  c_p.l(libinit2.o)
    0x00000112   0x00000112   0x00000000   Code   RO         3118    .ARM.Collect$$libinit$$00000019  c_p.l(libinit2.o)
    0x00000112   0x00000112   0x00000000   Code   RO         3120    .ARM.Collect$$libinit$$0000001B  c_p.l(libinit2.o)
    0x00000112   0x00000112   0x00000000   Code   RO         3122    .ARM.Collect$$libinit$$0000001D  c_p.l(libinit2.o)
    0x00000112   0x00000112   0x00000000   Code   RO         3124    .ARM.Collect$$libinit$$0000001F  c_p.l(libinit2.o)
    0x00000112   0x00000112   0x00000000   Code   RO         3126    .ARM.Collect$$libinit$$00000021  c_p.l(libinit2.o)
    0x00000112   0x00000112   0x00000000   Code   RO         3128    .ARM.Collect$$libinit$$00000023  c_p.l(libinit2.o)
    0x00000112   0x00000112   0x00000000   Code   RO         3130    .ARM.Collect$$libinit$$00000025  c_p.l(libinit2.o)
    0x00000112   0x00000112   0x00000000   Code   RO         3134    .ARM.Collect$$libinit$$0000002C  c_p.l(libinit2.o)
    0x00000112   0x00000112   0x00000000   Code   RO         3136    .ARM.Collect$$libinit$$0000002E  c_p.l(libinit2.o)
    0x00000112   0x00000112   0x00000000   Code   RO         3138    .ARM.Collect$$libinit$$00000030  c_p.l(libinit2.o)
    0x00000112   0x00000112   0x00000004   Code   RO         3139    .ARM.Collect$$libinit$$00000031  c_p.l(libinit2.o)
    0x00000116   0x00000116   0x00000000   Code   RO         3140    .ARM.Collect$$libinit$$00000032  c_p.l(libinit2.o)
    0x00000116   0x00000116   0x00000002   Code   RO         3141    .ARM.Collect$$libinit$$00000033  c_p.l(libinit2.o)
    0x00000118   0x00000118   0x00000002   Code   RO         3274    .ARM.Collect$$libshutdown$$00000000  c_p.l(libshutdown.o)
    0x0000011a   0x0000011a   0x00000000   Code   RO         3290    .ARM.Collect$$libshutdown$$00000002  c_p.l(libshutdown2.o)
    0x0000011a   0x0000011a   0x00000000   Code   RO         3292    .ARM.Collect$$libshutdown$$00000004  c_p.l(libshutdown2.o)
    0x0000011a   0x0000011a   0x00000000   Code   RO         3295    .ARM.Collect$$libshutdown$$00000007  c_p.l(libshutdown2.o)
    0x0000011a   0x0000011a   0x00000000   Code   RO         3298    .ARM.Collect$$libshutdown$$0000000A  c_p.l(libshutdown2.o)
    0x0000011a   0x0000011a   0x00000000   Code   RO         3300    .ARM.Collect$$libshutdown$$0000000C  c_p.l(libshutdown2.o)
    0x0000011a   0x0000011a   0x00000000   Code   RO         3303    .ARM.Collect$$libshutdown$$0000000F  c_p.l(libshutdown2.o)
    0x0000011a   0x0000011a   0x00000002   Code   RO         3304    .ARM.Collect$$libshutdown$$00000010  c_p.l(libshutdown2.o)
    0x0000011c   0x0000011c   0x00000000   Code   RO         3001    .ARM.Collect$$rtentry$$00000000  c_p.l(__rtentry.o)
    0x0000011c   0x0000011c   0x00000000   Code   RO         3145    .ARM.Collect$$rtentry$$00000002  c_p.l(__rtentry2.o)
    0x0000011c   0x0000011c   0x00000006   Code   RO         3157    .ARM.Collect$$rtentry$$00000004  c_p.l(__rtentry4.o)
    0x00000122   0x00000122   0x00000008   Code   RO         3146    .ARM.Collect$$rtentry$$00000008  c_p.l(__rtentry2.o)
    0x0000012a   0x0000012a   0x00000004   Code   RO         3148    .ARM.Collect$$rtentry$$0000000A  c_p.l(__rtentry2.o)
    0x0000012e   0x0000012e   0x00000000   Code   RO         3150    .ARM.Collect$$rtentry$$0000000C  c_p.l(__rtentry2.o)
    0x0000012e   0x0000012e   0x00000008   Code   RO         3151    .ARM.Collect$$rtentry$$0000000D  c_p.l(__rtentry2.o)
    0x00000136   0x00000136   0x00000002   Code   RO         3231    .ARM.Collect$$rtexit$$00000000  c_p.l(rtexit.o)
    0x00000138   0x00000138   0x00000000   Code   RO         3256    .ARM.Collect$$rtexit$$00000002  c_p.l(rtexit2.o)
    0x00000138   0x00000138   0x00000004   Code   RO         3257    .ARM.Collect$$rtexit$$00000003  c_p.l(rtexit2.o)
    0x0000013c   0x0000013c   0x00000006   Code   RO         3258    .ARM.Collect$$rtexit$$00000004  c_p.l(rtexit2.o)
    0x00000142   0x00000142   0x00000002   PAD
    0x00000144   0x00000144   0x00000078   Code   RO         1895    .emb_text           port.o
    0x000001bc   0x000001bc   0x00000038   Code   RO         2979    .emb_text           c_p.l(rt_memcpy.o)
    0x000001f4   0x000001f4   0x00000038   Code   RO         1678    .text               startup_saml21g18b.o
    0x0000022c   0x0000022c   0x00000082   Code   RO         2980    .text               c_p.l(rt_memcpy.o)
    0x000002ae   0x000002ae   0x00000012   Code   RO         2983    .text               c_p.l(aeabi_memset.o)
    0x000002c0   0x000002c0   0x00000040   Code   RO         2985    .text               c_p.l(rt_memclr.o)
    0x00000300   0x00000300   0x0000015a   Code   RO         2987    .text               c_p.l(aeabi_sdiv.o)
    0x0000045a   0x0000045a   0x00000006   Code   RO         2991    .text               c_p.l(heapauxi.o)
    0x00000460   0x00000460   0x00000024   Code   RO         2998    .text               c_p.l(init_aeabi.o)
    0x00000484   0x00000484   0x0000003e   Code   RO         3182    .text               c_p.l(sys_stackheap_outer.o)
    0x000004c2   0x000004c2   0x00000010   Code   RO         3206    .text               c_p.l(exit.o)
    0x000004d2   0x000004d2   0x00000002   PAD
    0x000004d4   0x000004d4   0x00000008   Code   RO         3227    .text               c_p.l(libspace.o)
    0x000004dc   0x000004dc   0x0000000c   Code   RO         3250    .text               c_p.l(sys_exit.o)
    0x000004e8   0x000004e8   0x00000002   Code   RO         3252    .text               c_p.l(use_no_semi.o)
    0x000004ea   0x000004ea   0x00000000   Code   RO         3254    .text               c_p.l(indicate_semi.o)
    0x000004ea   0x000004ea   0x0000003a   Code   RO         3307    .text               c_p.l(__dczerorl.o)
    0x00000524   0x00000524   0x00000080   Code   RO            3    i.SERCOM0_Handler   main.o
    0x000005a4   0x000005a4   0x00000002   Code   RO            4    i.SERCOM1_Handler   main.o
    0x000005a6   0x000005a6   0x00000002   Code   RO            5    i.SERCOM2_Handler   main.o
    0x000005a8   0x000005a8   0x00000002   Code   RO         1896    i.SVC_Handler       port.o
    0x000005aa   0x000005aa   0x00000002   PAD
    0x000005ac   0x000005ac   0x00000018   Code   RO         1094    i.SysTick_Handler   cmsis_os2.o
    0x000005c4   0x000005c4   0x00000010   Code   RO         1685    i.SystemInit        system_saml21g18b.o
    0x000005d4   0x000005d4   0x00000030   Code   RO            6    i._Z12verifyPackettPht  main.o
    0x00000604   0x00000604   0x00000002   Code   RO            7    i._Z8mainTaskPv     main.o
    0x00000606   0x00000606   0x00000002   PAD
    0x00000608   0x00000608   0x00000084   Code   RO          521    i._ZN4UARTC1EP18sercom_registers_ti  sercom.o
    0x0000068c   0x0000068c   0x0000001a   Code   RO         1573    i.__ARM_common_switch8  cmsis_os2.o
    0x000006a6   0x000006a6   0x00000002   PAD
    0x000006a8   0x000006a8   0x00000018   Code   RO            8    i.__sti___8_main_cpp_30c642f8  main.o
    0x000006c0   0x000006c0   0x00000018   Code   RO          659    i._mutex_acquire    clib_arm.o
    0x000006d8   0x000006d8   0x0000002c   Code   RO          660    i._mutex_free       clib_arm.o
    0x00000704   0x00000704   0x00000054   Code   RO          661    i._mutex_initialize  clib_arm.o
    0x00000758   0x00000758   0x0000001a   Code   RO          662    i._mutex_release    clib_arm.o
    0x00000772   0x00000772   0x00000002   Code   RO          663    i._platform_post_stackheap_init  clib_arm.o
    0x00000774   0x00000774   0x00000030   Code   RO            9    i.main              main.o
    0x000007a4   0x000007a4   0x00000012   Code   RO          664    i.os_kernel_is_active  clib_arm.o
    0x000007b6   0x000007b6   0x00000002   PAD
    0x000007b8   0x000007b8   0x00000074   Code   RO         2358    i.prvAddCurrentTaskToDelayedList  tasks.o
    0x0000082c   0x0000082c   0x000000d4   Code   RO         2359    i.prvAddNewTaskToReadyList  tasks.o
    0x00000900   0x00000900   0x00000048   Code   RO         2731    i.prvCheckForValidListAndQueue  timers.o
    0x00000948   0x00000948   0x00000026   Code   RO         1974    i.prvCopyDataFromQueue  queue.o
    0x0000096e   0x0000096e   0x00000070   Code   RO         1975    i.prvCopyDataToQueue  queue.o
    0x000009de   0x000009de   0x00000020   Code   RO         2360    i.prvDeleteTCB      tasks.o
    0x000009fe   0x000009fe   0x00000002   PAD
    0x00000a00   0x00000a00   0x00000044   Code   RO         2914    i.prvHeapInit       heap_4.o
    0x00000a44   0x00000a44   0x0000004c   Code   RO         2361    i.prvIdleTask       tasks.o
    0x00000a90   0x00000a90   0x00000018   Code   RO         1976    i.prvInitialiseMutex  queue.o
    0x00000aa8   0x00000aa8   0x00000022   Code   RO         1977    i.prvInitialiseNewQueue  queue.o
    0x00000aca   0x00000aca   0x0000008c   Code   RO         2362    i.prvInitialiseNewTask  tasks.o
    0x00000b56   0x00000b56   0x00000002   PAD
    0x00000b58   0x00000b58   0x0000004c   Code   RO         2915    i.prvInsertBlockIntoFreeList  heap_4.o
    0x00000ba4   0x00000ba4   0x00000038   Code   RO         2733    i.prvInsertTimerInActiveList  timers.o
    0x00000bdc   0x00000bdc   0x0000001c   Code   RO         1978    i.prvIsQueueEmpty   queue.o
    0x00000bf8   0x00000bf8   0x0000003c   Code   RO         2734    i.prvProcessExpiredTimer  timers.o
    0x00000c34   0x00000c34   0x000000e4   Code   RO         2735    i.prvProcessReceivedCommands  timers.o
    0x00000d18   0x00000d18   0x00000060   Code   RO         2736    i.prvProcessTimerOrBlockTask  timers.o
    0x00000d78   0x00000d78   0x00000028   Code   RO         2737    i.prvReloadTimer    timers.o
    0x00000da0   0x00000da0   0x00000020   Code   RO         2364    i.prvResetNextTaskUnblockTime  tasks.o
    0x00000dc0   0x00000dc0   0x00000044   Code   RO         2738    i.prvSampleTimeNow  timers.o
    0x00000e04   0x00000e04   0x00000004   Code   RO         1897    i.prvTaskExitError  port.o
    0x00000e08   0x00000e08   0x0000002c   Code   RO         2739    i.prvTimerTask      timers.o
    0x00000e34   0x00000e34   0x00000070   Code   RO         1979    i.prvUnlockQueue    queue.o
    0x00000ea4   0x00000ea4   0x000000ac   Code   RO         2916    i.pvPortMalloc      heap_4.o
    0x00000f50   0x00000f50   0x00000018   Code   RO         2367    i.pvTaskIncrementMutexHeldCount  tasks.o
    0x00000f68   0x00000f68   0x00000020   Code   RO         1898    i.pxPortInitialiseStack  port.o
    0x00000f88   0x00000f88   0x00000026   Code   RO         1851    i.uxListRemove      list.o
    0x00000fae   0x00000fae   0x00000002   PAD
    0x00000fb0   0x00000fb0   0x00000014   Code   RO         1167    i.vApplicationGetIdleTaskMemory  cmsis_os2.o
    0x00000fc4   0x00000fc4   0x00000014   Code   RO         1168    i.vApplicationGetTimerTaskMemory  cmsis_os2.o
    0x00000fd8   0x00000fd8   0x00000002   Code   RO         1169    i.vApplicationStackOverflowHook  cmsis_os2.o
    0x00000fda   0x00000fda   0x00000016   Code   RO         1852    i.vListInitialise   list.o
    0x00000ff0   0x00000ff0   0x00000006   Code   RO         1853    i.vListInitialiseItem  list.o
    0x00000ff6   0x00000ff6   0x00000030   Code   RO         1854    i.vListInsert       list.o
    0x00001026   0x00001026   0x00000002   PAD
    0x00001028   0x00001028   0x00000018   Code   RO         1900    i.vPortEnterCritical  port.o
    0x00001040   0x00001040   0x00000014   Code   RO         1901    i.vPortExitCritical  port.o
    0x00001054   0x00001054   0x00000040   Code   RO         2917    i.vPortFree         heap_4.o
    0x00001094   0x00001094   0x00000028   Code   RO         1902    i.vPortSetupTimerInterrupt  port.o
    0x000010bc   0x000010bc   0x00000018   Code   RO         1903    i.vPortYield        port.o
    0x000010d4   0x000010d4   0x00000010   Code   RO         1985    i.vQueueDelete      queue.o
    0x000010e4   0x000010e4   0x00000044   Code   RO         1987    i.vQueueWaitForMessageRestricted  queue.o
    0x00001128   0x00001128   0x00000010   Code   RO         2382    i.vTaskInternalSetTimeOutState  tasks.o
    0x00001138   0x00001138   0x0000000c   Code   RO         2383    i.vTaskMissedYield  tasks.o
    0x00001144   0x00001144   0x00000020   Code   RO         2384    i.vTaskPlaceOnEventList  tasks.o
    0x00001164   0x00001164   0x00000040   Code   RO         2385    i.vTaskPlaceOnEventListRestricted  tasks.o
    0x000011a4   0x000011a4   0x0000007c   Code   RO         2387    i.vTaskPriorityDisinheritAfterTimeout  tasks.o
    0x00001220   0x00001220   0x00000064   Code   RO         2393    i.vTaskStartScheduler  tasks.o
    0x00001284   0x00001284   0x00000010   Code   RO         2395    i.vTaskSuspendAll   tasks.o
    0x00001294   0x00001294   0x0000007c   Code   RO         2396    i.vTaskSwitchContext  tasks.o
    0x00001310   0x00001310   0x00000030   Code   RO         1904    i.xPortStartScheduler  port.o
    0x00001340   0x00001340   0x00000024   Code   RO         1905    i.xPortSysTickHandler  port.o
    0x00001364   0x00001364   0x00000016   Code   RO         1990    i.xQueueCreateMutex  queue.o
    0x0000137a   0x0000137a   0x0000001a   Code   RO         1991    i.xQueueCreateMutexStatic  queue.o
    0x00001394   0x00001394   0x00000048   Code   RO         1992    i.xQueueGenericCreate  queue.o
    0x000013dc   0x000013dc   0x00000030   Code   RO         1993    i.xQueueGenericCreateStatic  queue.o
    0x0000140c   0x0000140c   0x00000082   Code   RO         1994    i.xQueueGenericReset  queue.o
    0x0000148e   0x0000148e   0x000000e6   Code   RO         1995    i.xQueueGenericSend  queue.o
    0x00001574   0x00001574   0x000000d8   Code   RO         2005    i.xQueueReceive     queue.o
    0x0000164c   0x0000164c   0x00000116   Code   RO         2007    i.xQueueSemaphoreTake  queue.o
    0x00001762   0x00001762   0x00000002   PAD
    0x00001764   0x00001764   0x00000054   Code   RO         2398    i.xTaskCheckForTimeOut  tasks.o
    0x000017b8   0x000017b8   0x00000052   Code   RO         2399    i.xTaskCreate       tasks.o
    0x0000180a   0x0000180a   0x0000003c   Code   RO         2400    i.xTaskCreateStatic  tasks.o
    0x00001846   0x00001846   0x00000002   PAD
    0x00001848   0x00001848   0x00000020   Code   RO         2407    i.xTaskGetSchedulerState  tasks.o
    0x00001868   0x00001868   0x0000000c   Code   RO         2408    i.xTaskGetTickCount  tasks.o
    0x00001874   0x00001874   0x00000110   Code   RO         2410    i.xTaskIncrementTick  tasks.o
    0x00001984   0x00001984   0x00000070   Code   RO         2411    i.xTaskPriorityDisinherit  tasks.o
    0x000019f4   0x000019f4   0x00000094   Code   RO         2412    i.xTaskPriorityInherit  tasks.o
    0x00001a88   0x00001a88   0x000000c0   Code   RO         2413    i.xTaskRemoveFromEventList  tasks.o
    0x00001b48   0x00001b48   0x000000f4   Code   RO         2414    i.xTaskResumeAll    tasks.o
    0x00001c3c   0x00001c3c   0x00000058   Code   RO         2748    i.xTimerCreateTimerTask  timers.o
    0x00001c94   0x00001c94   0x00000020   Data   RO         3305    Region$$Table       anon$$obj.o
    0x00001cb4   0x00001cb4   0x00000004   Data   RO           19    .init_array         main.o
    0x00001cb8   0x00001cb4   0x00000000   Data   RO         2996    .init_array         c_p.l(init_aeabi.o)


    Execution Region RW_IRAM1 (Exec base: 0x20000000, Load base: 0x00001cb8, Size: 0x00005080, Max: 0x00008000, ABSOLUTE, COMPRESSED[0x00000210])

    Exec Addr    Load Addr    Size         Type   Attr      Idx    E Section Name        Object

    0x20000000   COMPRESSED   0x00000208   Data   RW           18    .data               main.o
    0x20000208   COMPRESSED   0x00000004   Data   RW         1686    .data               system_saml21g18b.o
    0x2000020c   COMPRESSED   0x00000004   Data   RW         1906    .data               port.o
    0x20000210   COMPRESSED   0x00000040   Data   RW         2417    .data               tasks.o
    0x20000250   COMPRESSED   0x00000014   Data   RW         2757    .data               timers.o
    0x20000264   COMPRESSED   0x00000020   Data   RW         2923    .data               heap_4.o
    0x20000284        -       0x00000080   Zero   RW           17    .bss                main.o
    0x20000304        -       0x00000394   Zero   RW          665    .bss                clib_arm.o
    0x20000698        -       0x000003f8   Zero   RW         1170    .bss                cmsis_os2.o
    0x20000a90        -       0x000004c4   Zero   RW         2416    .bss                tasks.o
    0x20000f54        -       0x000000c8   Zero   RW         2756    .bss                timers.o
    0x2000101c        -       0x00002000   Zero   RW         2922    .bss                heap_4.o
    0x2000301c        -       0x00000060   Zero   RW         3228    .bss                c_p.l(libspace.o)
    0x2000307c   COMPRESSED   0x00000004   PAD
    0x20003080        -       0x00001000   Zero   RW         1676    HEAP                startup_saml21g18b.o
    0x20004080        -       0x00001000   Zero   RW         1675    STACK               startup_saml21g18b.o


==============================================================================

Image component sizes


      Code (inc. data)   RO Data    RW Data    ZI Data      Debug   Object Name

       198         12          0          0        916      38248   clib_arm.o
         0          0          0          0          0       9724   cmsis_os1.o
        92         12          0          0       1016       9499   cmsis_os2.o
         0          0          0          0          0      11940   event_groups.o
       380         22          0         32       8192       4299   heap_4.o
       114          0          0          0          0       2881   list.o
       254         52          4        520        128     129345   main.o
       350         50          0          4          0       7427   port.o
      1454          0          0          0          0      17703   queue.o
       132         24          0          0          0       1600   sercom.o
        56         26        176          0       8192        656   startup_saml21g18b.o
        16          8          0          4          0        703   system_saml21g18b.o
         0          0          0          0          0     116296   system_setup.o
      2358        176          0         64       1220      29294   tasks.o
       752         66          0         20        200      11208   timers.o

    ----------------------------------------------------------------------
      6176        448        212        644      19864     390823   Object Totals
         0          0         32          0          0          0   (incl. Generated)
        20          0          0          0          0          0   (incl. Padding)

    ----------------------------------------------------------------------

      Code (inc. data)   RO Data    RW Data    ZI Data      Debug   Library Member Name

        58          0          0          0          0          0   __dczerorl.o
         8          0          0          0          0         68   __main.o
         0          0          0          0          0          0   __rtentry.o
        20          0          0          0          0          0   __rtentry2.o
         6          0          0          0          0          0   __rtentry4.o
        60          8          0          0          0          0   __scatter.o
        28          0          0          0          0          0   __scatter_zi.o
        18          0          0          0          0         68   aeabi_memset.o
       346          0          0          0          0         92   aeabi_sdiv.o
        16          0          0          0          0         68   exit.o
         6          0          0          0          0        136   heapauxi.o
         0          0          0          0          0          0   indicate_semi.o
        36         10          0          0          0         72   init_aeabi.o
         2          0          0          0          0          0   libinit.o
         6          0          0          0          0          0   libinit2.o
         2          0          0          0          0          0   libshutdown.o
         2          0          0          0          0          0   libshutdown2.o
         8          4          0          0         96         68   libspace.o
        64          0          0          0          0        108   rt_memclr.o
       186          0          0          0          0        144   rt_memcpy.o
         2          0          0          0          0          0   rtexit.o
        10          0          0          0          0          0   rtexit2.o
        12          4          0          0          0         60   sys_exit.o
        62          0          0          0          0         80   sys_stackheap_outer.o
         2          0          0          0          0         68   use_no_semi.o

    ----------------------------------------------------------------------
       964         26          0          0        100       1032   Library Totals
         4          0          0          0          4          0   (incl. Padding)

    ----------------------------------------------------------------------

      Code (inc. data)   RO Data    RW Data    ZI Data      Debug   Library Name

       960         26          0          0         96       1032   c_p.l

    ----------------------------------------------------------------------
       964         26          0          0        100       1032   Library Totals

    ----------------------------------------------------------------------

==============================================================================


      Code (inc. data)   RO Data    RW Data    ZI Data      Debug   

      7140        474        212        644      19964     387783   Grand Totals
      7140        474        212        528      19964     387783   ELF Image Totals (compressed)
      7140        474        212        528          0          0   ROM Totals

==============================================================================

    Total RO  Size (Code + RO Data)                 7352 (   7.18kB)
    Total RW  Size (RW Data + ZI Data)             20608 (  20.13kB)
    Total ROM Size (Code + RO Data + RW Data)       7880 (   7.70kB)

==============================================================================

