Component: ARM Compiler 5.06 update 6 (build 750) Tool: armlink [4d35ed]

==============================================================================

Section Cross References

    main.o(.ARM.exidx) refers to main.o(i.main) for i.main
    sercom.o(i._ZN4UART7_printfEPKcz) refers to c89vsprintf.o(.text) for __c89vsprintf
    sercom.o(.ARM.exidx) refers to sercom.o(i._ZN4UARTC1EP18sercom_registers_ti) for i._ZN4UARTC1EP18sercom_registers_ti
    sercom.o(.ARM.exidx) refers to sercom.o(i._ZN4UART7_printfEPKcz) for i._ZN4UART7_printfEPKcz
    sercom.o(.ARM.exidx) refers to sercom.o(i._ZN4UART10send_arrayEPhh) for i._ZN4UART10send_arrayEPhh
    clib_arm.o(i.__user_perthread_libspace) refers to clib_arm.o(i.os_kernel_is_active) for os_kernel_is_active
    clib_arm.o(i.__user_perthread_libspace) refers to tasks.o(i.xTaskGetCurrentTaskHandle) for xTaskGetCurrentTaskHandle
    clib_arm.o(i.__user_perthread_libspace) refers to clib_arm.o(.bss) for os_libspace
    clib_arm.o(i._mutex_acquire) refers to clib_arm.o(i.os_kernel_is_active) for os_kernel_is_active
    clib_arm.o(i._mutex_acquire) refers to queue.o(i.xQueueSemaphoreTake) for xQueueSemaphoreTake
    clib_arm.o(i._mutex_free) refers to queue.o(i.vQueueDelete) for vQueueDelete
    clib_arm.o(i._mutex_free) refers to clib_arm.o(.bss) for clib_mutex_id
    clib_arm.o(i._mutex_initialize) refers to queue.o(i.xQueueCreateMutexStatic) for xQueueCreateMutexStatic
    clib_arm.o(i._mutex_initialize) refers to clib_arm.o(i.os_kernel_is_active) for os_kernel_is_active
    clib_arm.o(i._mutex_initialize) refers to queue.o(i.xQueueCreateMutex) for xQueueCreateMutex
    clib_arm.o(i._mutex_initialize) refers to clib_arm.o(.bss) for clib_mutex_id
    clib_arm.o(i._mutex_release) refers to clib_arm.o(i.os_kernel_is_active) for os_kernel_is_active
    clib_arm.o(i._mutex_release) refers to queue.o(i.xQueueGenericSend) for xQueueGenericSend
    clib_arm.o(i.os_kernel_is_active) refers to tasks.o(i.xTaskGetSchedulerState) for xTaskGetSchedulerState
    cmsis_os1.o(i.osMessageCreate) refers to cmsis_os2.o(i.osMessageQueueNew) for osMessageQueueNew
    cmsis_os1.o(i.osMessageGet) refers to cmsis_os2.o(i.osMessageQueueGet) for osMessageQueueGet
    cmsis_os1.o(i.osMessagePut) refers to cmsis_os2.o(i.osMessageQueuePut) for osMessageQueuePut
    cmsis_os1.o(i.osMutexCreate) refers to cmsis_os2.o(i.osMutexNew) for osMutexNew
    cmsis_os1.o(i.osSemaphoreCreate) refers to cmsis_os2.o(i.osSemaphoreNew) for osSemaphoreNew
    cmsis_os1.o(i.osSemaphoreWait) refers to cmsis_os2.o(i.osSemaphoreAcquire) for osSemaphoreAcquire
    cmsis_os1.o(i.osSemaphoreWait) refers to cmsis_os2.o(i.osSemaphoreGetCount) for osSemaphoreGetCount
    cmsis_os1.o(i.osSignalClear) refers to cmsis_os2.o(i.osThreadGetId) for osThreadGetId
    cmsis_os1.o(i.osSignalClear) refers to cmsis_os2.o(i.osThreadFlagsClear) for osThreadFlagsClear
    cmsis_os1.o(i.osSignalSet) refers to cmsis_os2.o(i.osThreadFlagsSet) for osThreadFlagsSet
    cmsis_os1.o(i.osSignalWait) refers to cmsis_os2.o(i.osThreadFlagsWait) for osThreadFlagsWait
    cmsis_os1.o(i.osThreadCreate) refers to cmsis_os2.o(i.osThreadNew) for osThreadNew
    cmsis_os1.o(i.osTimerCreate) refers to cmsis_os2.o(i.osTimerNew) for osTimerNew
    cmsis_os2.o(i.IRQ_Context) refers to tasks.o(i.xTaskGetSchedulerState) for xTaskGetSchedulerState
    cmsis_os2.o(i.SysTick_Handler) refers to tasks.o(i.xTaskGetSchedulerState) for xTaskGetSchedulerState
    cmsis_os2.o(i.SysTick_Handler) refers to port.o(i.xPortSysTickHandler) for xPortSysTickHandler
    cmsis_os2.o(i.TimerCallback) refers to timers.o(i.pvTimerGetTimerID) for pvTimerGetTimerID
    cmsis_os2.o(i.osDelay) refers to cmsis_os2.o(i.IRQ_Context) for IRQ_Context
    cmsis_os2.o(i.osDelay) refers to tasks.o(i.vTaskDelay) for vTaskDelay
    cmsis_os2.o(i.osDelayUntil) refers to cmsis_os2.o(i.IRQ_Context) for IRQ_Context
    cmsis_os2.o(i.osDelayUntil) refers to tasks.o(i.xTaskGetTickCount) for xTaskGetTickCount
    cmsis_os2.o(i.osDelayUntil) refers to tasks.o(i.xTaskDelayUntil) for xTaskDelayUntil
    cmsis_os2.o(i.osEventFlagsClear) refers to cmsis_os2.o(i.IRQ_Context) for IRQ_Context
    cmsis_os2.o(i.osEventFlagsClear) refers to event_groups.o(i.xEventGroupGetBitsFromISR) for xEventGroupGetBitsFromISR
    cmsis_os2.o(i.osEventFlagsClear) refers to event_groups.o(i.xEventGroupClearBitsFromISR) for xEventGroupClearBitsFromISR
    cmsis_os2.o(i.osEventFlagsClear) refers to event_groups.o(i.xEventGroupClearBits) for xEventGroupClearBits
    cmsis_os2.o(i.osEventFlagsDelete) refers to cmsis_os2.o(i.IRQ_Context) for IRQ_Context
    cmsis_os2.o(i.osEventFlagsDelete) refers to event_groups.o(i.vEventGroupDelete) for vEventGroupDelete
    cmsis_os2.o(i.osEventFlagsGet) refers to cmsis_os2.o(i.IRQ_Context) for IRQ_Context
    cmsis_os2.o(i.osEventFlagsGet) refers to event_groups.o(i.xEventGroupGetBitsFromISR) for xEventGroupGetBitsFromISR
[...]
    sys_wrch.o(.text) refers (Special) to use_no_semi.o(.text) for __I$use$semihosting
    sys_wrch.o(.text) refers (Special) to indicate_semi.o(.text) for __semihosting_library_function
    defsig.o(CL$$defsig) refers to defsig_fpe_inner.o(.text) for __rt_SIGFPE_inner
    defsig.o(CL$$defsig) refers to defsig_rtmem_inner.o(.text) for __rt_SIGRTMEM_inner
    _get_argv_nomalloc.o(.text) refers (Special) to hrguard.o(.text) for __heap_region$guard
    _get_argv_nomalloc.o(.text) refers to defsig_rtmem_outer.o(.text) for __rt_SIGRTMEM
    _get_argv_nomalloc.o(.text) refers to sys_command.o(.text) for _sys_command_string
    libshutdown.o(.ARM.Collect$$libshutdown$$00000000) refers (Special) to libshutdown2.o(.ARM.Collect$$libshutdown$$00000002) for __rt_lib_shutdown_cpp_1
    libshutdown.o(.ARM.Collect$$libshutdown$$00000000) refers (Special) to libshutdown2.o(.ARM.Collect$$libshutdown$$00000007) for __rt_lib_shutdown_fp_trap_1
    libshutdown.o(.ARM.Collect$$libshutdown$$00000000) refers (Special) to libshutdown2.o(.ARM.Collect$$libshutdown$$0000000F) for __rt_lib_shutdown_heap_1
    libshutdown.o(.ARM.Collect$$libshutdown$$00000000) refers (Special) to libshutdown2.o(.ARM.Collect$$libshutdown$$00000010) for __rt_lib_shutdown_return
    libshutdown.o(.ARM.Collect$$libshutdown$$00000000) refers (Special) to libshutdown2.o(.ARM.Collect$$libshutdown$$0000000A) for __rt_lib_shutdown_signal_1
    libshutdown.o(.ARM.Collect$$libshutdown$$00000000) refers (Special) to libshutdown2.o(.ARM.Collect$$libshutdown$$00000004) for __rt_lib_shutdown_stdio_1
    libshutdown.o(.ARM.Collect$$libshutdown$$00000000) refers (Special) to libshutdown2.o(.ARM.Collect$$libshutdown$$0000000C) for __rt_lib_shutdown_user_alloc_1
    sys_command.o(.text) refers (Special) to use_no_semi.o(.text) for __I$use$semihosting
    sys_command.o(.text) refers (Special) to indicate_semi.o(.text) for __semihosting_library_function
    defsig_abrt_inner.o(.text) refers to defsig_general.o(.text) for __default_signal_display
    defsig_rtred_inner.o(.text) refers to defsig_general.o(.text) for __default_signal_display
    defsig_rtmem_inner.o(.text) refers to defsig_general.o(.text) for __default_signal_display
    defsig_rtmem_outer.o(.text) refers to defsig_rtmem_inner.o(.text) for __rt_SIGRTMEM_inner
    defsig_rtmem_outer.o(.text) refers to defsig_exit.o(.text) for __sig_exit
    defsig_rtmem_formal.o(.text) refers to rt_raise.o(.text) for __rt_raise
    defsig_stak_inner.o(.text) refers to defsig_general.o(.text) for __default_signal_display
    defsig_pvfn_inner.o(.text) refers to defsig_general.o(.text) for __default_signal_display
    defsig_cppl_inner.o(.text) refers to defsig_general.o(.text) for __default_signal_display
    defsig_segv_inner.o(.text) refers to defsig_general.o(.text) for __default_signal_display
    defsig_other.o(.text) refers to defsig_general.o(.text) for __default_signal_display


==============================================================================

Removing Unused input sections from the image.

    Removing main.o(.rev16_text), (4 bytes).
    Removing main.o(.revsh_text), (4 bytes).
    Removing main.o(.ARM.exidx), (8 bytes).
    Removing sercom.o(.rev16_text), (4 bytes).
    Removing sercom.o(.revsh_text), (4 bytes).
    Removing sercom.o(i._ZN4UART10send_arrayEPhh), (18 bytes).
    Removing sercom.o(i._ZN4UART7_printfEPKcz), (54 bytes).
    Removing sercom.o(i._ZN4UARTC1EP18sercom_registers_ti), (4 bytes).
    Removing sercom.o(.ARM.exidx), (8 bytes).
    Removing sercom.o(.ARM.exidx), (8 bytes).
    Removing sercom.o(.ARM.exidx), (8 bytes).
    Removing clib_arm.o(.rev16_text), (4 bytes).
    Removing clib_arm.o(.revsh_text), (4 bytes).
    Removing clib_arm.o(i.__user_perthread_libspace), (96 bytes).
    Removing cmsis_os1.o(.rev16_text), (4 bytes).
    Removing cmsis_os1.o(.revsh_text), (4 bytes).
    Removing cmsis_os1.o(i.osMessageCreate), (24 bytes).
    Removing cmsis_os1.o(i.osMessageGet), (70 bytes).
    Removing cmsis_os1.o(i.osMessagePut), (20 bytes).
    Removing cmsis_os1.o(i.osMutexCreate), (18 bytes).
    Removing cmsis_os1.o(i.osSemaphoreCreate), (24 bytes).
    Removing cmsis_os1.o(i.osSemaphoreWait), (58 bytes).
    Removing cmsis_os1.o(i.osSignalClear), (46 bytes).
    Removing cmsis_os1.o(i.osSignalSet), (36 bytes).
    Removing cmsis_os1.o(i.osSignalWait), (112 bytes).
    Removing cmsis_os1.o(i.osThreadCreate), (24 bytes).
    Removing cmsis_os1.o(i.osTimerCreate), (28 bytes).
    Removing cmsis_os2.o(.rev16_text), (4 bytes).
    Removing cmsis_os2.o(.revsh_text), (4 bytes).
    Removing cmsis_os2.o(i.AllocBlock), (18 bytes).
    Removing cmsis_os2.o(i.CreateBlock), (30 bytes).
    Removing cmsis_os2.o(i.FreeBlock), (10 bytes).
    Removing cmsis_os2.o(i.IRQ_Context), (44 bytes).
    Removing cmsis_os2.o(i.TimerCallback), (28 bytes).
    Removing cmsis_os2.o(i.__NVIC_SetPriority), (120 bytes).
    Removing cmsis_os2.o(i.osDelay), (34 bytes).
    Removing cmsis_os2.o(i.osDelayUntil), (64 bytes).
    Removing cmsis_os2.o(i.osEventFlagsClear), (88 bytes).
    Removing cmsis_os2.o(i.osEventFlagsDelete), (40 bytes).
    Removing cmsis_os2.o(i.osEventFlagsGet), (46 bytes).
    Removing cmsis_os2.o(i.osEventFlagsNew), (82 bytes).
    Removing cmsis_os2.o(i.osEventFlagsSet), (96 bytes).
    Removing cmsis_os2.o(i.osEventFlagsWait), (158 bytes).
    Removing cmsis_os2.o(i.osKernelGetInfo), (72 bytes).
    Removing cmsis_os2.o(i.osKernelGetState), (56 bytes).
    Removing cmsis_os2.o(i.osKernelGetSysTimerCount), (68 bytes).
    Removing cmsis_os2.o(i.osKernelGetSysTimerFreq), (12 bytes).
    Removing cmsis_os2.o(i.osKernelGetTickCount), (28 bytes).
    Removing cmsis_os2.o(i.osKernelGetTickFreq), (6 bytes).
    Removing cmsis_os2.o(i.osKernelInitialize), (68 bytes).
    Removing cmsis_os2.o(i.osKernelLock), (60 bytes).
    Removing cmsis_os2.o(i.osKernelRestoreLock), (94 bytes).
    Removing cmsis_os2.o(i.osKernelStart), (72 bytes).
    Removing cmsis_os2.o(i.osKernelUnlock), (74 bytes).
    Removing cmsis_os2.o(i.osMemoryPoolAlloc), (156 bytes).
    Removing cmsis_os2.o(i.osMemoryPoolDelete), (108 bytes).
    Removing cmsis_os2.o(i.osMemoryPoolFree), (196 bytes).
    Removing cmsis_os2.o(i.osMemoryPoolGetBlockSize), (36 bytes).
    Removing cmsis_os2.o(i.osMemoryPoolGetCapacity), (36 bytes).
    Removing cmsis_os2.o(i.osMemoryPoolGetCount), (68 bytes).
    Removing cmsis_os2.o(i.osMemoryPoolGetName), (32 bytes).
    Removing cmsis_os2.o(i.osMemoryPoolGetSpace), (64 bytes).
    Removing cmsis_os2.o(i.osMemoryPoolNew), (308 bytes).
    Removing cmsis_os2.o(i.osMessageQueueDelete), (40 bytes).
    Removing cmsis_os2.o(i.osMessageQueueGet), (144 bytes).
    Removing cmsis_os2.o(i.osMessageQueueGetCapacity), (16 bytes).
    Removing cmsis_os2.o(i.osMessageQueueGetCount), (44 bytes).
    Removing cmsis_os2.o(i.osMessageQueueGetMsgSize), (16 bytes).
    Removing cmsis_os2.o(i.osMessageQueueGetSpace), (54 bytes).
    Removing cmsis_os2.o(i.osMessageQueueNew), (140 bytes).
    Removing cmsis_os2.o(i.osMessageQueuePut), (148 bytes).
    Removing cmsis_os2.o(i.osMessageQueueReset), (42 bytes).
    Removing cmsis_os2.o(i.osMutexAcquire), (114 bytes).
    Removing cmsis_os2.o(i.osMutexDelete), (42 bytes).
    Removing cmsis_os2.o(i.osMutexGetOwner), (36 bytes).
    Removing cmsis_os2.o(i.osMutexNew), (170 bytes).
    Removing cmsis_os2.o(i.osMutexRelease), (78 bytes).
    Removing cmsis_os2.o(i.osSemaphoreAcquire), (112 bytes).
    Removing cmsis_os2.o(i.osSemaphoreDelete), (40 bytes).
    Removing cmsis_os2.o(i.osSemaphoreGetCount), (44 bytes).
    Removing cmsis_os2.o(i.osSemaphoreNew), (184 bytes).
    Removing cmsis_os2.o(i.osSemaphoreRelease), (92 bytes).
    Removing cmsis_os2.o(i.osThreadEnumerate), (108 bytes).
    Removing cmsis_os2.o(i.osThreadExit), (10 bytes).
    Removing cmsis_os2.o(i.osThreadFlagsClear), (100 bytes).
    Removing cmsis_os2.o(i.osThreadFlagsGet), (54 bytes).
    Removing cmsis_os2.o(i.osThreadFlagsSet), (144 bytes).
    Removing cmsis_os2.o(i.osThreadFlagsWait), (196 bytes).
    Removing cmsis_os2.o(i.osThreadGetCount), (24 bytes).
    Removing cmsis_os2.o(i.osThreadGetId), (12 bytes).
    Removing cmsis_os2.o(i.osThreadGetName), (34 bytes).
    Removing cmsis_os2.o(i.osThreadGetPriority), (36 bytes).
    Removing cmsis_os2.o(i.osThreadGetStackSpace), (34 bytes).
    Removing cmsis_os2.o(i.osThreadGetState), (76 bytes).
    Removing cmsis_os2.o(i.osThreadNew), (206 bytes).
    Removing cmsis_os2.o(i.osThreadResume), (40 bytes).
    Removing cmsis_os2.o(i.osThreadSetPriority), (54 bytes).
    Removing cmsis_os2.o(i.osThreadSuspend), (40 bytes).
    Removing cmsis_os2.o(i.osThreadTerminate), (58 bytes).
    Removing cmsis_os2.o(i.osThreadYield), (26 bytes).
    Removing cmsis_os2.o(i.osTimerDelete), (84 bytes).
    Removing cmsis_os2.o(i.osTimerGetName), (34 bytes).
    Removing cmsis_os2.o(i.osTimerIsRunning), (34 bytes).
    Removing cmsis_os2.o(i.osTimerNew), (240 bytes).
    Removing cmsis_os2.o(i.osTimerStart), (62 bytes).
    Removing cmsis_os2.o(i.osTimerStop), (74 bytes).
    Removing cmsis_os2.o(i.vApplicationGetIdleTaskMemory), (24 bytes).
    Removing cmsis_os2.o(i.vApplicationGetTimerTaskMemory), (24 bytes).
    Removing cmsis_os2.o(.bss), (9208 bytes).
    Removing cmsis_os2.o(.data), (20 bytes).
    Removing os_systick.o(.rev16_text), (4 bytes).
    Removing os_systick.o(.revsh_text), (4 bytes).
    Removing os_systick.o(i.OS_Tick_AcknowledgeIRQ), (12 bytes).
    Removing os_systick.o(i.OS_Tick_Disable), (52 bytes).
    Removing os_systick.o(i.OS_Tick_Enable), (48 bytes).
    Removing os_systick.o(i.OS_Tick_GetClock), (12 bytes).
    Removing os_systick.o(i.OS_Tick_GetCount), (16 bytes).
    Removing os_systick.o(i.OS_Tick_GetIRQn), (6 bytes).
    Removing os_systick.o(i.OS_Tick_GetInterval), (12 bytes).
    Removing os_systick.o(i.OS_Tick_GetOverflow), (16 bytes).
    Removing os_systick.o(i.OS_Tick_Setup), (88 bytes).
    Removing os_systick.o(i.__NVIC_SetPriority), (120 bytes).
    Removing os_systick.o(.data), (1 bytes).
    Removing system_saml21g18b.o(.rev16_text), (4 bytes).
    Removing system_saml21g18b.o(.revsh_text), (4 bytes).
    Removing system_saml21g18b.o(i.SystemCoreClockUpdate), (16 bytes).
    Removing freertos_evr.o(.rev16_text), (4 bytes).
    Removing freertos_evr.o(.revsh_text), (4 bytes).
    Removing event_groups.o(.rev16_text), (4 bytes).
    Removing event_groups.o(.revsh_text), (4 bytes).
    Removing event_groups.o(i.prvTestWaitCondition), (34 bytes).
    Removing event_groups.o(i.uxEventGroupGetNumber), (14 bytes).
    Removing event_groups.o(i.vEventGroupClearBitsCallback), (16 bytes).
    Removing event_groups.o(i.vEventGroupDelete), (48 bytes).
    Removing event_groups.o(i.vEventGroupSetBitsCallback), (16 bytes).
    Removing event_groups.o(i.vEventGroupSetNumber), (4 bytes).
    Removing event_groups.o(i.xEventGroupClearBits), (28 bytes).
    Removing event_groups.o(i.xEventGroupClearBitsFromISR), (28 bytes).
    Removing event_groups.o(i.xEventGroupCreate), (32 bytes).
    Removing event_groups.o(i.xEventGroupCreateStatic), (28 bytes).
    Removing event_groups.o(i.xEventGroupGetBitsFromISR), (24 bytes).
    Removing event_groups.o(i.xEventGroupSetBits), (166 bytes).
    Removing event_groups.o(i.xEventGroupSetBitsFromISR), (32 bytes).
    Removing event_groups.o(i.xEventGroupSync), (166 bytes).
    Removing event_groups.o(i.xEventGroupWaitBits), (206 bytes).
    Removing list.o(.rev16_text), (4 bytes).
    Removing list.o(.revsh_text), (4 bytes).
    Removing list.o(i.vListInitialiseItem), (6 bytes).
    Removing list.o(i.vListInsertEnd), (24 bytes).
    Removing heap_5.o(.rev16_text), (4 bytes).
    Removing heap_5.o(.revsh_text), (4 bytes).
    Removing heap_5.o(i.vPortDefineHeapRegions), (180 bytes).
    Removing heap_5.o(i.vPortGetHeapStats), (136 bytes).
    Removing heap_5.o(i.xPortGetFreeHeapSize), (12 bytes).
    Removing heap_5.o(i.xPortGetMinimumEverFreeHeapSize), (12 bytes).
    Removing port.o(.rev16_text), (4 bytes).
    Removing port.o(.revsh_text), (4 bytes).
    Removing port.o(i.prvTaskExitError), (6 bytes).
    Removing port.o(i.pxPortInitialiseStack), (32 bytes).
    Removing port.o(i.vPortEndScheduler), (2 bytes).
    Removing port.o(i.vPortSetupTimerInterrupt), (44 bytes).
    Removing port.o(i.xPortStartScheduler), (56 bytes).
    Removing queue.o(.rev16_text), (4 bytes).
    Removing queue.o(.revsh_text), (4 bytes).
    Removing queue.o(i.prvCopyDataFromQueue), (44 bytes).
    Removing queue.o(i.ucQueueGetQueueType), (8 bytes).
    Removing queue.o(i.uxQueueGetQueueNumber), (6 bytes).
    Removing queue.o(i.uxQueueMessagesWaiting), (18 bytes).
    Removing queue.o(i.uxQueueMessagesWaitingFromISR), (8 bytes).
    Removing queue.o(i.uxQueueSpacesAvailable), (24 bytes).
    Removing queue.o(i.vQueueSetQueueNumber), (4 bytes).
    Removing queue.o(i.vQueueWaitForMessageRestricted), (76 bytes).
    Removing queue.o(i.xQueueCreateCountingSemaphore), (38 bytes).
    Removing queue.o(i.xQueueCreateCountingSemaphoreStatic), (46 bytes).
    Removing queue.o(i.xQueueGenericSendFromISR), (128 bytes).
    Removing queue.o(i.xQueueGetMutexHolder), (30 bytes).
    Removing queue.o(i.xQueueGetMutexHolderFromISR), (16 bytes).
    Removing queue.o(i.xQueueGiveFromISR), (110 bytes).
    Removing queue.o(i.xQueueGiveMutexRecursive), (50 bytes).
    Removing queue.o(i.xQueueIsQueueEmptyFromISR), (18 bytes).
    Removing queue.o(i.xQueueIsQueueFullFromISR), (22 bytes).
    Removing queue.o(i.xQueuePeek), (242 bytes).
    Removing queue.o(i.xQueuePeekFromISR), (48 bytes).
    Removing queue.o(i.xQueueReceive), (238 bytes).
    Removing queue.o(i.xQueueReceiveFromISR), (120 bytes).
    Removing queue.o(i.xQueueTakeMutexRecursive), (52 bytes).
    Removing stream_buffer.o(.rev16_text), (4 bytes).
    Removing stream_buffer.o(.revsh_text), (4 bytes).
    Removing stream_buffer.o(i.prvBytesInBuffer), (24 bytes).
    Removing stream_buffer.o(i.prvInitialiseNewStreamBuffer), (30 bytes).
    Removing stream_buffer.o(i.prvReadBytesFromBuffer), (74 bytes).
    Removing stream_buffer.o(i.prvReadMessageFromBuffer), (90 bytes).
    Removing stream_buffer.o(i.prvWriteBytesToBuffer), (74 bytes).
    Removing stream_buffer.o(i.prvWriteMessageToBuffer), (92 bytes).
    Removing stream_buffer.o(i.ucStreamBufferGetStreamBufferType), (10 bytes).
    Removing stream_buffer.o(i.uxStreamBufferGetStreamBufferNumber), (6 bytes).
    Removing stream_buffer.o(i.vStreamBufferDelete), (34 bytes).
    Removing stream_buffer.o(i.vStreamBufferSetStreamBufferNumber), (4 bytes).
    Removing stream_buffer.o(i.xStreamBufferBytesAvailable), (18 bytes).
    Removing stream_buffer.o(i.xStreamBufferGenericCreate), (76 bytes).
    Removing stream_buffer.o(i.xStreamBufferGenericCreateStatic), (80 bytes).
    Removing stream_buffer.o(i.xStreamBufferIsEmpty), (22 bytes).
    Removing stream_buffer.o(i.xStreamBufferIsFull), (42 bytes).
    Removing stream_buffer.o(i.xStreamBufferNextMessageLengthBytes), (54 bytes).
    Removing stream_buffer.o(i.xStreamBufferReceive), (174 bytes).
    Removing stream_buffer.o(i.xStreamBufferReceiveCompletedFromISR), (58 bytes).
    Removing stream_buffer.o(i.xStreamBufferReceiveFromISR), (108 bytes).
    Removing stream_buffer.o(i.xStreamBufferReset), (54 bytes).
    Removing stream_buffer.o(i.xStreamBufferSend), (230 bytes).
    Removing stream_buffer.o(i.xStreamBufferSendCompletedFromISR), (58 bytes).
    Removing stream_buffer.o(i.xStreamBufferSendFromISR), (118 bytes).
    Removing stream_buffer.o(i.xStreamBufferSetTriggerLevel), (28 bytes).
    Removing stream_buffer.o(i.xStreamBufferSpacesAvailable), (40 bytes).
    Removing tasks.o(.rev16_text), (4 bytes).
    Removing tasks.o(.revsh_text), (4 bytes).
    Removing tasks.o(i.eTaskGetState), (144 bytes).
    Removing tasks.o(i.pcTaskGetName), (28 bytes).
    Removing tasks.o(i.prvAddNewTaskToReadyList), (216 bytes).
    Removing tasks.o(i.prvCheckTasksWaitingTermination), (72 bytes).
    Removing tasks.o(i.prvDeleteTCB), (42 bytes).
    Removing tasks.o(i.prvIdleTask), (24 bytes).
    Removing tasks.o(i.prvInitialiseNewTask), (160 bytes).
    Removing tasks.o(i.prvInitialiseTaskLists), (100 bytes).
    Removing tasks.o(i.prvListTasksWithinSingleList), (106 bytes).
    Removing tasks.o(i.prvTaskCheckFreeStackSpace), (22 bytes).
    Removing tasks.o(i.prvTaskIsTaskSuspended), (72 bytes).
    Removing tasks.o(i.ulTaskGenericNotifyTake), (124 bytes).
    Removing tasks.o(i.ulTaskGenericNotifyValueClear), (68 bytes).
    Removing tasks.o(i.uxTaskGetNumberOfTasks), (12 bytes).
    Removing tasks.o(i.uxTaskGetStackHighWaterMark), (36 bytes).
    Removing tasks.o(i.uxTaskGetSystemState), (164 bytes).
    Removing tasks.o(i.uxTaskGetTaskNumber), (16 bytes).
    Removing tasks.o(i.uxTaskPriorityGet), (36 bytes).
    Removing tasks.o(i.uxTaskPriorityGetFromISR), (40 bytes).
    Removing tasks.o(i.uxTaskResetEventItemValue), (28 bytes).
    Removing tasks.o(i.vTaskDelay), (38 bytes).
    Removing tasks.o(i.vTaskDelete), (160 bytes).
    Removing tasks.o(i.vTaskEndScheduler), (20 bytes).
    Removing tasks.o(i.vTaskGenericNotifyGiveFromISR), (268 bytes).
    Removing tasks.o(i.vTaskGetInfo), (132 bytes).
    Removing tasks.o(i.vTaskPlaceOnEventListRestricted), (76 bytes).
    Removing tasks.o(i.vTaskPlaceOnUnorderedEventList), (80 bytes).
    Removing tasks.o(i.vTaskPrioritySet), (252 bytes).
    Removing tasks.o(i.vTaskRemoveFromUnorderedEventList), (200 bytes).
    Removing tasks.o(i.vTaskResume), (148 bytes).
    Removing tasks.o(i.vTaskSetTaskNumber), (10 bytes).
    Removing tasks.o(i.vTaskSetTimeOutState), (36 bytes).
    Removing tasks.o(i.vTaskStartScheduler), (144 bytes).
    Removing tasks.o(i.vTaskSuspend), (168 bytes).
    Removing tasks.o(i.xTaskCatchUpTicks), (32 bytes).
    Removing tasks.o(i.xTaskCreate), (98 bytes).
    Removing tasks.o(i.xTaskCreateStatic), (68 bytes).
    Removing tasks.o(i.xTaskDelayUntil), (100 bytes).
    Removing tasks.o(i.xTaskGenericNotify), (304 bytes).
    Removing tasks.o(i.xTaskGenericNotifyFromISR), (376 bytes).
    Removing tasks.o(i.xTaskGenericNotifyStateClear), (60 bytes).
    Removing tasks.o(i.xTaskGenericNotifyWait), (152 bytes).
    Removing tasks.o(i.xTaskGetCurrentTaskHandle), (12 bytes).
    Removing tasks.o(i.xTaskGetTickCount), (12 bytes).
    Removing tasks.o(i.xTaskGetTickCountFromISR), (12 bytes).
    Removing tasks.o(i.xTaskResumeFromISR), (180 bytes).
    Removing timers.o(.rev16_text), (4 bytes).
    Removing timers.o(.revsh_text), (4 bytes).
    Removing timers.o(i.pcTimerGetName), (8 bytes).
    Removing timers.o(i.prvCheckForValidListAndQueue), (92 bytes).
    Removing timers.o(i.prvGetNextExpireTime), (44 bytes).
    Removing timers.o(i.prvInitialiseNewTimer), (54 bytes).
    Removing timers.o(i.prvInsertTimerInActiveList), (84 bytes).
    Removing timers.o(i.prvProcessExpiredTimer), (68 bytes).
    Removing timers.o(i.prvProcessReceivedCommands), (284 bytes).
    Removing timers.o(i.prvProcessTimerOrBlockTask), (108 bytes).
    Removing timers.o(i.prvReloadTimer), (40 bytes).
    Removing timers.o(i.prvSampleTimeNow), (44 bytes).
    Removing timers.o(i.prvSwitchTimerLists), (68 bytes).
    Removing timers.o(i.prvTimerTask), (26 bytes).
    Removing timers.o(i.pvTimerGetTimerID), (20 bytes).
    Removing timers.o(i.uxTimerGetReloadMode), (36 bytes).
    Removing timers.o(i.uxTimerGetTimerNumber), (6 bytes).
    Removing timers.o(i.vTimerSetReloadMode), (48 bytes).
    Removing timers.o(i.vTimerSetTimerID), (20 bytes).
    Removing timers.o(i.vTimerSetTimerNumber), (4 bytes).
    Removing timers.o(i.xTimerCreate), (50 bytes).
    Removing timers.o(i.xTimerCreateStatic), (46 bytes).
    Removing timers.o(i.xTimerCreateTimerTask), (100 bytes).
    Removing timers.o(i.xTimerGenericCommand), (104 bytes).
    Removing timers.o(i.xTimerGetExpiryTime), (8 bytes).
    Removing timers.o(i.xTimerGetPeriod), (8 bytes).
    Removing timers.o(i.xTimerGetTimerDaemonTaskHandle), (12 bytes).
    Removing timers.o(i.xTimerIsTimerActive), (36 bytes).
    Removing timers.o(i.xTimerPendFunctionCall), (52 bytes).
    Removing timers.o(i.xTimerPendFunctionCallFromISR), (52 bytes).
    Removing timers.o(.bss), (200 bytes).
    Removing timers.o(.data), (20 bytes).
    Removing cmsis_os2.o(i.__ARM_common_switch8), (28 bytes).

294 unused section(s) (total 26989 bytes) removed from the image.

==============================================================================

Image Symbol Table

    Local Symbols

    Symbol Name                              Value     Ov Type        Size  Object(Section)

    RESET                                    0x00000000   Section      176  startup_saml21g18b.o(RESET)
    ../clib/angel/boardlib.s                 0x00000000   Number         0  boardinit1.o ABSOLUTE
    ../clib/angel/boardlib.s                 0x00000000   Number         0  boardshut.o ABSOLUTE
    ../clib/angel/boardlib.s                 0x00000000   Number         0  boardinit3.o ABSOLUTE
    ../clib/angel/handlers.s                 0x00000000   Number         0  __scatter_zi.o ABSOLUTE
    ../clib/angel/handlers.s                 0x00000000   Number         0  __scatter_copy.o ABSOLUTE
    ../clib/angel/kernel.s                   0x00000000   Number         0  __rtentry.o ABSOLUTE
    ../clib/angel/kernel.s                   0x00000000   Number         0  __rtentry4.o ABSOLUTE
    ../clib/angel/kernel.s                   0x00000000   Number         0  rtexit.o ABSOLUTE
    ../clib/angel/kernel.s                   0x00000000   Number         0  __rtentry2.o ABSOLUTE
    ../clib/angel/kernel.s                   0x00000000   Number         0  rtexit2.o ABSOLUTE
    ../clib/angel/rt.s                       0x00000000   Number         0  aeabi_idiv0_sigfpe.o ABSOLUTE
    ../clib/angel/rt.s                       0x00000000   Number         0  aeabi_idiv0.o ABSOLUTE
    ../clib/angel/rt.s                       0x00000000   Number         0  rt_raise.o ABSOLUTE
    ../clib/angel/rt.s                       0x00000000   Number         0  rt_locale.o ABSOLUTE
    ../clib/angel/rt.s                       0x00000000   Number         0  rt_locale_intlibspace.o ABSOLUTE
    ../clib/angel/rt.s                       0x00000000   Number         0  rt_locale_twolibspace.o ABSOLUTE
    ../clib/angel/rt.s                       0x00000000   Number         0  rt_div0.o ABSOLUTE
    ../clib/angel/rt.s                       0x00000000   Number         0  rt_ctype_table.o ABSOLUTE
    ../clib/angel/scatterp.s                 0x00000000   Number         0  __scatter.o ABSOLUTE
    ../clib/angel/startup.s                  0x00000000   Number         0  __main.o ABSOLUTE
    ../clib/angel/sys.s                      0x00000000   Number         0  indicate_semi.o ABSOLUTE
    ../clib/angel/sys.s                      0x00000000   Number         0  use_no_semi.o ABSOLUTE
    ../clib/angel/sys.s                      0x00000000   Number         0  sys_stackheap_outer.o ABSOLUTE
    ../clib/angel/sys.s                      0x00000000   Number         0  libspace.o ABSOLUTE
    ../clib/angel/sys.s                      0x00000000   Number         0  tempstk.o ABSOLUTE
    ../clib/angel/sysapp.c                   0x00000000   Number         0  sys_wrch.o ABSOLUTE
    ../clib/angel/sysapp.c                   0x00000000   Number         0  sys_command.o ABSOLUTE
    ../clib/angel/sysapp.c                   0x00000000   Number         0  sys_exit.o ABSOLUTE
    ../clib/armsys.c                         0x00000000   Number         0  no_argv.o ABSOLUTE
    ../clib/armsys.c                         0x00000000   Number         0  argv_veneer.o ABSOLUTE
    ../clib/armsys.c                         0x00000000   Number         0  _get_argv_nomalloc.o ABSOLUTE
    ../clib/bigflt.c                         0x00000000   Number         0  bigflt0.o ABSOLUTE
    ../clib/btod.c                           0x00000000   Number         0  btod.o ABSOLUTE
    ../clib/division.c                       0x00000000   Number         0  lludiv10.o ABSOLUTE
    ../clib/division.c                       0x00000000   Number         0  rtudiv10.o ABSOLUTE
    ../clib/division.s                       0x00000000   Number         0  aeabi_sdiv.o ABSOLUTE
    ../clib/division.s                       0x00000000   Number         0  aeabi_sdiv_div0.o ABSOLUTE
    ../clib/heapalloc.c                      0x00000000   Number         0  hrguard.o ABSOLUTE
    ../clib/heapaux.c                        0x00000000   Number         0  heapauxi.o ABSOLUTE
    ../clib/libinit.s                        0x00000000   Number         0  libshutdown2.o ABSOLUTE
    ../clib/libinit.s                        0x00000000   Number         0  libinit2.o ABSOLUTE
    ../clib/libinit.s                        0x00000000   Number         0  libinit.o ABSOLUTE
    ../clib/libinit.s                        0x00000000   Number         0  libshutdown.o ABSOLUTE
    ../clib/locale.c                         0x00000000   Number         0  _wcrtomb.o ABSOLUTE
    ../clib/locale.s                         0x00000000   Number         0  lc_ctype_c.o ABSOLUTE
    ../clib/locale.s                         0x00000000   Number         0  lc_numeric_c.o ABSOLUTE
    ../clib/memcpset.c                       0x00000000   Number         0  rt_memcpy.o ABSOLUTE
    ../clib/memcpset.c                       0x00000000   Number         0  rt_memcpy.o ABSOLUTE
    ../clib/memcpset.c                       0x00000000   Number         0  aeabi_memset.o ABSOLUTE
    ../clib/memcpset.c                       0x00000000   Number         0  rt_memclr.o ABSOLUTE
    ../clib/misc.s                           0x00000000   Number         0  printf_stubs.o ABSOLUTE
    ../clib/printf.c                         0x00000000   Number         0  _printf_hex_int_ptr.o ABSOLUTE
    ../clib/printf.c                         0x00000000   Number         0  _printf_hex_ptr.o ABSOLUTE
    ../clib/printf.c                         0x00000000   Number         0  _printf_hex_int_ll.o ABSOLUTE
    ../clib/printf.c                         0x00000000   Number         0  __printf_ss_wp.o ABSOLUTE
    ../clib/printf.c                         0x00000000   Number         0  _printf_str.o ABSOLUTE
    ../clib/printf.c                         0x00000000   Number         0  __printf_flags_ss_wp.o ABSOLUTE
    ../clib/printf.c                         0x00000000   Number         0  _printf_hex_int.o ABSOLUTE
    ../clib/printf.c                         0x00000000   Number         0  _printf_hex_ll.o ABSOLUTE
    ../clib/printf.c                         0x00000000   Number         0  _printf_truncate.o ABSOLUTE
    ../clib/printf.c                         0x00000000   Number         0  _printf_oct_int.o ABSOLUTE
    ../clib/printf.c                         0x00000000   Number         0  _printf_oct_ll.o ABSOLUTE
    ../clib/printf.c                         0x00000000   Number         0  _printf_longlong_dec.o ABSOLUTE
    ../clib/printf.c                         0x00000000   Number         0  _printf_pad.o ABSOLUTE
    ../clib/printf.c                         0x00000000   Number         0  c89vsprintf.o ABSOLUTE
    ../clib/printf.c                         0x00000000   Number         0  _printf_oct_int_ll.o ABSOLUTE
    ../clib/printf.c                         0x00000000   Number         0  __printf.o ABSOLUTE
    ../clib/printf.c                         0x00000000   Number         0  _printf_intcommon.o ABSOLUTE
    ../clib/printf.c                         0x00000000   Number         0  _printf_dec.o ABSOLUTE
    ../clib/printf.c                         0x00000000   Number         0  _printf_charcount.o ABSOLUTE
    ../clib/printf.c                         0x00000000   Number         0  _printf_fp_dec.o ABSOLUTE
    ../clib/printf.c                         0x00000000   Number         0  __printf_nopercent.o ABSOLUTE
    ../clib/printf.c                         0x00000000   Number         0  _printf_char.o ABSOLUTE
    ../clib/printf.c                         0x00000000   Number         0  _printf_char_common.o ABSOLUTE
    ../clib/printf.c                         0x00000000   Number         0  _printf_hex_ll_ptr.o ABSOLUTE
    ../clib/printf.c                         0x00000000   Number         0  _printf_wchar.o ABSOLUTE
    ../clib/printf.c                         0x00000000   Number         0  _printf_hex_int_ll_ptr.o ABSOLUTE
    ../clib/printf.c                         0x00000000   Number         0  _sputc.o ABSOLUTE
    ../clib/printf.c                         0x00000000   Number         0  _printf_fp_infnan.o ABSOLUTE
    ../clib/printf.c                         0x00000000   Number         0  __printf_flags_wp.o ABSOLUTE
    ../clib/printf.c                         0x00000000   Number         0  __printf_flags.o ABSOLUTE
    ../clib/printf.c                         0x00000000   Number         0  __printf_ss.o ABSOLUTE
    ../clib/printf.c                         0x00000000   Number         0  __printf_flags_ss.o ABSOLUTE
    ../clib/printf.c                         0x00000000   Number         0  __printf_wp.o ABSOLUTE
    ../clib/printf.c                         0x00000000   Number         0  _printf_wctomb.o ABSOLUTE
    ../clib/printf_percent.s                 0x00000000   Number         0  _printf_percent_end.o ABSOLUTE
    ../clib/printf_percent.s                 0x00000000   Number         0  _printf_llx.o ABSOLUTE
    ../clib/printf_percent.s                 0x00000000   Number         0  _printf_llo.o ABSOLUTE
    ../clib/printf_percent.s                 0x00000000   Number         0  _printf_ls.o ABSOLUTE
    ../clib/printf_percent.s                 0x00000000   Number         0  _printf_ll.o ABSOLUTE
    ../clib/printf_percent.s                 0x00000000   Number         0  _printf_llu.o ABSOLUTE
    ../clib/printf_percent.s                 0x00000000   Number         0  _printf_lld.o ABSOLUTE
    ../clib/printf_percent.s                 0x00000000   Number         0  _printf_lli.o ABSOLUTE
    ../clib/printf_percent.s                 0x00000000   Number         0  _printf_percent.o ABSOLUTE
    ../clib/printf_percent.s                 0x00000000   Number         0  _printf_a.o ABSOLUTE
    ../clib/printf_percent.s                 0x00000000   Number         0  _printf_g.o ABSOLUTE
    ../clib/printf_percent.s                 0x00000000   Number         0  _printf_e.o ABSOLUTE
    ../clib/printf_percent.s                 0x00000000   Number         0  _printf_f.o ABSOLUTE
    ../clib/printf_percent.s                 0x00000000   Number         0  _printf_u.o ABSOLUTE
    ../clib/printf_percent.s                 0x00000000   Number         0  _printf_d.o ABSOLUTE
    ../clib/printf_percent.s                 0x00000000   Number         0  _printf_i.o ABSOLUTE
    ../clib/printf_percent.s                 0x00000000   Number         0  _printf_o.o ABSOLUTE
    ../clib/printf_percent.s                 0x00000000   Number         0  _printf_p.o ABSOLUTE
    ../clib/printf_percent.s                 0x00000000   Number         0  _printf_x.o ABSOLUTE
    ../clib/printf_percent.s                 0x00000000   Number         0  _printf_n.o ABSOLUTE
    ../clib/printf_percent.s                 0x00000000   Number         0  _printf_s.o ABSOLUTE
    ../clib/printf_percent.s                 0x00000000   Number         0  _printf_c.o ABSOLUTE
    ../clib/printf_percent.s                 0x00000000   Number         0  _printf_lc.o ABSOLUTE
    ../clib/printf_percent.s                 0x00000000   Number         0  _printf_l.o ABSOLUTE
    ../clib/signal.c                         0x00000000   Number         0  defsig_fpe_outer.o ABSOLUTE
    ../clib/signal.c                         0x00000000   Number         0  defsig_exit.o ABSOLUTE
    ../clib/signal.c                         0x00000000   Number         0  defsig_fpe_inner.o ABSOLUTE
    ../clib/signal.c                         0x00000000   Number         0  defsig_general.o ABSOLUTE
    ../clib/signal.c                         0x00000000   Number         0  defsig_fpe_formal.o ABSOLUTE
    ../clib/signal.c                         0x00000000   Number         0  defsig_other.o ABSOLUTE
    ../clib/signal.c                         0x00000000   Number         0  defsig_segv_inner.o ABSOLUTE
    ../clib/signal.c                         0x00000000   Number         0  defsig_cppl_inner.o ABSOLUTE
    ../clib/signal.c                         0x00000000   Number         0  defsig_pvfn_inner.o ABSOLUTE
    ../clib/signal.c                         0x00000000   Number         0  __raise.o ABSOLUTE
    ../clib/signal.c                         0x00000000   Number         0  defsig_stak_inner.o ABSOLUTE
    ../clib/signal.c                         0x00000000   Number         0  defsig_rtmem_formal.o ABSOLUTE
    ../clib/signal.c                         0x00000000   Number         0  defsig_rtmem_outer.o ABSOLUTE
    ../clib/signal.c                         0x00000000   Number         0  defsig_rtmem_inner.o ABSOLUTE
    ../clib/signal.c                         0x00000000   Number         0  defsig_rtred_inner.o ABSOLUTE
    ../clib/signal.c                         0x00000000   Number         0  defsig_abrt_inner.o ABSOLUTE
    ../clib/signal.s                         0x00000000   Number         0  defsig.o ABSOLUTE
    ../clib/stdlib.c                         0x00000000   Number         0  exit.o ABSOLUTE
    ../clib/string.c                         0x00000000   Number         0  strcmp.o ABSOLUTE
    ../fplib/cfplib/fpinit.c                 0x00000000   Number         0  fpinit.o ABSOLUTE
    ../fplib/cfplib/ieee_status.c            0x00000000   Number         0  ieee_status.o ABSOLUTE
    ../fplib/printf1.s                       0x00000000   Number         0  printf1.o ABSOLUTE
    ../fplib/usenofp.s                       0x00000000   Number         0  usenofp.o ABSOLUTE
    ../mathlib/fpclassify.c                  0x00000000   Number         0  fpclassify.o ABSOLUTE
    C:\Users\Arteom\AppData\Local\Arm\Packs\ARM\CMSIS-FreeRTOS\10.4.6\CMSIS\RTOS2\FreeRTOS\Source\ARM\clib_arm.c 0x00000000   Number         0  clib_arm.o ABSOLUTE
    C:\Users\Arteom\AppData\Local\Arm\Packs\ARM\CMSIS-FreeRTOS\10.4.6\CMSIS\RTOS2\FreeRTOS\Source\cmsis_os1.c 0x00000000   Number         0  cmsis_os1.o ABSOLUTE
    C:\Users\Arteom\AppData\Local\Arm\Packs\ARM\CMSIS-FreeRTOS\10.4.6\CMSIS\RTOS2\FreeRTOS\Source\cmsis_os2.c 0x00000000   Number         0  cmsis_os2.o ABSOLUTE
    C:\Users\Arteom\AppData\Local\Arm\Packs\ARM\CMSIS-FreeRTOS\10.4.6\CMSIS\RTOS2\FreeRTOS\Source\freertos_evr.c 0x00000000   Number         0  freertos_evr.o ABSOLUTE
    C:\Users\Arteom\AppData\Local\Arm\Packs\ARM\CMSIS-FreeRTOS\10.4.6\CMSIS\RTOS2\FreeRTOS\Source\os_systick.c 0x00000000   Number         0  os_systick.o ABSOLUTE
    C:\Users\Arteom\AppData\Local\Arm\Packs\ARM\CMSIS-FreeRTOS\10.4.6\Source\event_groups.c 0x00000000   Number         0  event_groups.o ABSOLUTE
    C:\Users\Arteom\AppData\Local\Arm\Packs\ARM\CMSIS-FreeRTOS\10.4.6\Source\list.c 0x00000000   Number         0  list.o ABSOLUTE
    C:\Users\Arteom\AppData\Local\Arm\Packs\ARM\CMSIS-FreeRTOS\10.4.6\Source\portable\MemMang\heap_5.c 0x00000000   Number         0  heap_5.o ABSOLUTE
    C:\Users\Arteom\AppData\Local\Arm\Packs\ARM\CMSIS-FreeRTOS\10.4.6\Source\portable\RVDS\ARM_CM0\port.c 0x00000000   Number         0  port.o ABSOLUTE
    C:\Users\Arteom\AppData\Local\Arm\Packs\ARM\CMSIS-FreeRTOS\10.4.6\Source\queue.c 0x00000000   Number         0  queue.o ABSOLUTE
    C:\Users\Arteom\AppData\Local\Arm\Packs\ARM\CMSIS-FreeRTOS\10.4.6\Source\stream_buffer.c 0x00000000   Number         0  stream_buffer.o ABSOLUTE
    C:\Users\Arteom\AppData\Local\Arm\Packs\ARM\CMSIS-FreeRTOS\10.4.6\Source\tasks.c 0x00000000   Number         0  tasks.o ABSOLUTE
    C:\Users\Arteom\AppData\Local\Arm\Packs\ARM\CMSIS-FreeRTOS\10.4.6\Source\timers.c 0x00000000   Number         0  timers.o ABSOLUTE
    C:\\Users\\Arteom\\AppData\\Local\\Arm\\Packs\\ARM\\CMSIS-FreeRTOS\\10.4.6\\CMSIS\\RTOS2\\FreeRTOS\\Source\\ARM\\clib_arm.c 0x00000000   Number         0  clib_arm.o ABSOLUTE
    C:\\Users\\Arteom\\AppData\\Local\\Arm\\Packs\\ARM\\CMSIS-FreeRTOS\\10.4.6\\CMSIS\\RTOS2\\FreeRTOS\\Source\\cmsis_os1.c 0x00000000   Number         0  cmsis_os1.o ABSOLUTE
    C:\\Users\\Arteom\\AppData\\Local\\Arm\\Packs\\ARM\\CMSIS-FreeRTOS\\10.4.6\\CMSIS\\RTOS2\\FreeRTOS\\Source\\cmsis_os2.c 0x00000000   Number         0  cmsis_os2.o ABSOLUTE
    C:\\Users\\Arteom\\AppData\\Local\\Arm\\Packs\\ARM\\CMSIS-FreeRTOS\\10.4.6\\CMSIS\\RTOS2\\FreeRTOS\\Source\\freertos_evr.c 0x00000000   Number         0  freertos_evr.o ABSOLUTE
    C:\\Users\\Arteom\\AppData\\Local\\Arm\\Packs\\ARM\\CMSIS-FreeRTOS\\10.4.6\\CMSIS\\RTOS2\\FreeRTOS\\Source\\os_systick.c 0x00000000   Number         0  os_systick.o ABSOLUTE
    C:\\Users\\Arteom\\AppData\\Local\\Arm\\Packs\\ARM\\CMSIS-FreeRTOS\\10.4.6\\Source\\event_groups.c 0x00000000   Number         0  event_groups.o ABSOLUTE
    C:\\Users\\Arteom\\AppData\\Local\\Arm\\Packs\\ARM\\CMSIS-FreeRTOS\\10.4.6\\Source\\list.c 0x00000000   Number         0  list.o ABSOLUTE
    C:\\Users\\Arteom\\AppData\\Local\\Arm\\Packs\\ARM\\CMSIS-FreeRTOS\\10.4.6\\Source\\portable\\MemMang\\heap_5.c 0x00000000   Number         0  heap_5.o ABSOLUTE
    C:\\Users\\Arteom\\AppData\\Local\\Arm\\Packs\\ARM\\CMSIS-FreeRTOS\\10.4.6\\Source\\portable\\RVDS\\ARM_CM0\\port.c 0x00000000   Number         0  port.o ABSOLUTE
    C:\\Users\\Arteom\\AppData\\Local\\Arm\\Packs\\ARM\\CMSIS-FreeRTOS\\10.4.6\\Source\\queue.c 0x00000000   Number         0  queue.o ABSOLUTE
    C:\\Users\\Arteom\\AppData\\Local\\Arm\\Packs\\ARM\\CMSIS-FreeRTOS\\10.4.6\\Source\\stream_buffer.c 0x00000000   Number         0  stream_buffer.o ABSOLUTE
    C:\\Users\\Arteom\\AppData\\Local\\Arm\\Packs\\ARM\\CMSIS-FreeRTOS\\10.4.6\\Source\\tasks.c 0x00000000   Number         0  tasks.o ABSOLUTE
    C:\\Users\\Arteom\\AppData\\Local\\Arm\\Packs\\ARM\\CMSIS-FreeRTOS\\10.4.6\\Source\\timers.c 0x00000000   Number         0  timers.o ABSOLUTE
    RTE\Device\ATSAML21G18B\startup_saml21g18b.s 0x00000000   Number         0  startup_saml21g18b.o ABSOLUTE
    RTE\Device\ATSAML21G18B\system_saml21g18b.c 0x00000000   Number         0  system_saml21g18b.o ABSOLUTE
    RTE\\Device\\ATSAML21G18B\\system_saml21g18b.c 0x00000000   Number         0  system_saml21g18b.o ABSOLUTE
    SERCOM.cpp                               0x00000000   Number         0  sercom.o ABSOLUTE
    SERCOM.cpp                               0x00000000   Number         0  sercom.o ABSOLUTE
    dc.s                                     0x00000000   Number         0  dc.o ABSOLUTE
    main.cpp                                 0x00000000   Number         0  main.o ABSOLUTE
    main.cpp                                 0x00000000   Number         0  main.o ABSOLUTE
    !!!main                                  0x000000b0   Section        8  __main.o(!!!main)
    !!!scatter                               0x000000b8   Section       60  __scatter.o(!!!scatter)
    !!handler_copy                           0x000000f4   Section       26  __scatter_copy.o(!!handler_copy)
    !!handler_zi                             0x00000110   Section       28  __scatter_zi.o(!!handler_zi)
    .ARM.Collect$$libinit$$00000000          0x0000012c   Section        2  libinit.o(.ARM.Collect$$libinit$$00000000)
    .ARM.Collect$$libinit$$00000002          0x0000012e   Section        0  libinit2.o(.ARM.Collect$$libinit$$00000002)
    .ARM.Collect$$libinit$$00000004          0x0000012e   Section        0  libinit2.o(.ARM.Collect$$libinit$$00000004)
    .ARM.Collect$$libinit$$0000000A          0x0000012e   Section        0  libinit2.o(.ARM.Collect$$libinit$$0000000A)
    .ARM.Collect$$libinit$$0000000C          0x0000012e   Section        0  libinit2.o(.ARM.Collect$$libinit$$0000000C)
    .ARM.Collect$$libinit$$0000000E          0x0000012e   Section        0  libinit2.o(.ARM.Collect$$libinit$$0000000E)
    .ARM.Collect$$libinit$$00000011          0x0000012e   Section        0  libinit2.o(.ARM.Collect$$libinit$$00000011)
    .ARM.Collect$$libinit$$00000013          0x0000012e   Section        0  libinit2.o(.ARM.Collect$$libinit$$00000013)
    .ARM.Collect$$libinit$$00000015          0x0000012e   Section        0  libinit2.o(.ARM.Collect$$libinit$$00000015)
    .ARM.Collect$$libinit$$00000017          0x0000012e   Section        0  libinit2.o(.ARM.Collect$$libinit$$00000017)
    .ARM.Collect$$libinit$$00000019          0x0000012e   Section        0  libinit2.o(.ARM.Collect$$libinit$$00000019)
    .ARM.Collect$$libinit$$0000001B          0x0000012e   Section        0  libinit2.o(.ARM.Collect$$libinit$$0000001B)
    .ARM.Collect$$libinit$$0000001D          0x0000012e   Section        0  libinit2.o(.ARM.Collect$$libinit$$0000001D)
    .ARM.Collect$$libinit$$0000001F          0x0000012e   Section        0  libinit2.o(.ARM.Collect$$libinit$$0000001F)
    .ARM.Collect$$libinit$$00000021          0x0000012e   Section        0  libinit2.o(.ARM.Collect$$libinit$$00000021)
    .ARM.Collect$$libinit$$00000023          0x0000012e   Section        0  libinit2.o(.ARM.Collect$$libinit$$00000023)
    .ARM.Collect$$libinit$$00000025          0x0000012e   Section        0  libinit2.o(.ARM.Collect$$libinit$$00000025)
    .ARM.Collect$$libinit$$0000002C          0x0000012e   Section        0  libinit2.o(.ARM.Collect$$libinit$$0000002C)
    .ARM.Collect$$libinit$$0000002E          0x0000012e   Section        0  libinit2.o(.ARM.Collect$$libinit$$0000002E)
    .ARM.Collect$$libinit$$00000030          0x0000012e   Section        0  libinit2.o(.ARM.Collect$$libinit$$00000030)
    .ARM.Collect$$libinit$$00000032          0x0000012e   Section        0  libinit2.o(.ARM.Collect$$libinit$$00000032)
    .ARM.Collect$$libinit$$00000033          0x0000012e   Section        2  libinit2.o(.ARM.Collect$$libinit$$00000033)
    .ARM.Collect$$libshutdown$$00000000      0x00000130   Section        2  libshutdown.o(.ARM.Collect$$libshutdown$$00000000)
    .ARM.Collect$$libshutdown$$00000002      0x00000132   Section        0  libshutdown2.o(.ARM.Collect$$libshutdown$$00000002)
    .ARM.Collect$$libshutdown$$00000004      0x00000132   Section        0  libshutdown2.o(.ARM.Collect$$libshutdown$$00000004)
    .ARM.Collect$$libshutdown$$00000007      0x00000132   Section        0  libshutdown2.o(.ARM.Collect$$libshutdown$$00000007)
    .ARM.Collect$$libshutdown$$0000000A      0x00000132   Section        0  libshutdown2.o(.ARM.Collect$$libshutdown$$0000000A)
    .ARM.Collect$$libshutdown$$0000000C      0x00000132   Section        0  libshutdown2.o(.ARM.Collect$$libshutdown$$0000000C)
    .ARM.Collect$$libshutdown$$0000000F      0x00000132   Section        0  libshutdown2.o(.ARM.Collect$$libshutdown$$0000000F)
    .ARM.Collect$$libshutdown$$00000010      0x00000132   Section        2  libshutdown2.o(.ARM.Collect$$libshutdown$$00000010)
    .ARM.Collect$$rtentry$$00000000          0x00000134   Section        0  __rtentry.o(.ARM.Collect$$rtentry$$00000000)
    .ARM.Collect$$rtentry$$00000002          0x00000134   Section        0  __rtentry2.o(.ARM.Collect$$rtentry$$00000002)
    .ARM.Collect$$rtentry$$00000004          0x00000134   Section        6  __rtentry4.o(.ARM.Collect$$rtentry$$00000004)
    .ARM.Collect$$rtentry$$00000008          0x0000013a   Section        8  __rtentry2.o(.ARM.Collect$$rtentry$$00000008)
    .ARM.Collect$$rtentry$$0000000A          0x00000142   Section        4  __rtentry2.o(.ARM.Collect$$rtentry$$0000000A)
    .ARM.Collect$$rtentry$$0000000C          0x00000146   Section        0  __rtentry2.o(.ARM.Collect$$rtentry$$0000000C)
    .ARM.Collect$$rtentry$$0000000D          0x00000146   Section        8  __rtentry2.o(.ARM.Collect$$rtentry$$0000000D)
    .ARM.Collect$$rtexit$$00000000           0x0000014e   Section        2  rtexit.o(.ARM.Collect$$rtexit$$00000000)
    .ARM.Collect$$rtexit$$00000002           0x00000150   Section        0  rtexit2.o(.ARM.Collect$$rtexit$$00000002)
    .ARM.Collect$$rtexit$$00000003           0x00000150   Section        4  rtexit2.o(.ARM.Collect$$rtexit$$00000003)
    .ARM.Collect$$rtexit$$00000004           0x00000154   Section        6  rtexit2.o(.ARM.Collect$$rtexit$$00000004)
    .emb_text                                0x0000015c   Section      120  port.o(.emb_text)
    .emb_text                                0x000001d4   Section       56  rt_memcpy.o(.emb_text)
    .text                                    0x0000020c   Section       52  startup_saml21g18b.o(.text)
    .text                                    0x00000240   Section        0  rt_memcpy.o(.text)
    .text                                    0x000002c2   Section      346  aeabi_sdiv.o(.text)
    .text                                    0x0000041c   Section        0  heapauxi.o(.text)
    .text                                    0x00000422   Section       62  sys_stackheap_outer.o(.text)
    .text                                    0x00000460   Section        0  exit.o(.text)
    .text                                    0x00000470   Section        8  libspace.o(.text)
    .text                                    0x00000478   Section        0  sys_exit.o(.text)
    .text                                    0x00000484   Section        2  use_no_semi.o(.text)
    .text                                    0x00000486   Section        0  indicate_semi.o(.text)
    i.SVC_Handler                            0x00000486   Section        0  port.o(i.SVC_Handler)
    i.SysTick_Handler                        0x00000488   Section        0  cmsis_os2.o(i.SysTick_Handler)
    i.SystemInit                             0x000004a0   Section        0  system_saml21g18b.o(i.SystemInit)
    i._mutex_acquire                         0x000004b0   Section        0  clib_arm.o(i._mutex_acquire)
    __tagsym$$used                           0x000004b1   Number         0  clib_arm.o(i._mutex_acquire)
    i._mutex_free                            0x000004c8   Section        0  clib_arm.o(i._mutex_free)
    __tagsym$$used                           0x000004c9   Number         0  clib_arm.o(i._mutex_free)
    i._mutex_initialize                      0x000004f8   Section        0  clib_arm.o(i._mutex_initialize)
    __tagsym$$used                           0x000004f9   Number         0  clib_arm.o(i._mutex_initialize)
    i._mutex_release                         0x00000558   Section        0  clib_arm.o(i._mutex_release)
    __tagsym$$used                           0x00000559   Number         0  clib_arm.o(i._mutex_release)
    i._platform_post_stackheap_init          0x00000572   Section        0  clib_arm.o(i._platform_post_stackheap_init)
    i.main                                   0x00000574   Section        0  main.o(i.main)
    i.os_kernel_is_active                    0x00000578   Section        0  clib_arm.o(i.os_kernel_is_active)
    os_kernel_is_active                      0x00000579   Thumb Code    18  clib_arm.o(i.os_kernel_is_active)
    i.prvAddCurrentTaskToDelayedList         0x0000058c   Section        0  tasks.o(i.prvAddCurrentTaskToDelayedList)
    prvAddCurrentTaskToDelayedList           0x0000058d   Thumb Code   140  tasks.o(i.prvAddCurrentTaskToDelayedList)
    i.prvCopyDataToQueue                     0x00000630   Section        0  queue.o(i.prvCopyDataToQueue)
    prvCopyDataToQueue                       0x00000631   Thumb Code   128  queue.o(i.prvCopyDataToQueue)
    i.prvGetDisinheritPriorityAfterTimeout   0x000006b0   Section        0  queue.o(i.prvGetDisinheritPriorityAfterTimeout)
    prvGetDisinheritPriorityAfterTimeout     0x000006b1   Thumb Code    22  queue.o(i.prvGetDisinheritPriorityAfterTimeout)
    i.prvInitialiseMutex                     0x000006c6   Section        0  queue.o(i.prvInitialiseMutex)
    prvInitialiseMutex                       0x000006c7   Thumb Code    32  queue.o(i.prvInitialiseMutex)
    i.prvInitialiseNewQueue                  0x000006e6   Section        0  queue.o(i.prvInitialiseNewQueue)
    prvInitialiseNewQueue                    0x000006e7   Thumb Code    44  queue.o(i.prvInitialiseNewQueue)
    i.prvInsertBlockIntoFreeList             0x00000714   Section        0  heap_5.o(i.prvInsertBlockIntoFreeList)
    prvInsertBlockIntoFreeList               0x00000715   Thumb Code    96  heap_5.o(i.prvInsertBlockIntoFreeList)
    i.prvIsQueueEmpty                        0x0000077c   Section        0  queue.o(i.prvIsQueueEmpty)
    prvIsQueueEmpty                          0x0000077d   Thumb Code    28  queue.o(i.prvIsQueueEmpty)
    i.prvIsQueueFull                         0x00000798   Section        0  queue.o(i.prvIsQueueFull)
    prvIsQueueFull                           0x00000799   Thumb Code    30  queue.o(i.prvIsQueueFull)
    i.prvResetNextTaskUnblockTime            0x000007b8   Section        0  tasks.o(i.prvResetNextTaskUnblockTime)
    prvResetNextTaskUnblockTime              0x000007b9   Thumb Code    44  tasks.o(i.prvResetNextTaskUnblockTime)
    i.prvUnlockQueue                         0x000007ec   Section        0  queue.o(i.prvUnlockQueue)
    prvUnlockQueue                           0x000007ed   Thumb Code   142  queue.o(i.prvUnlockQueue)
    i.pvPortMalloc                           0x0000087c   Section        0  heap_5.o(i.pvPortMalloc)
    i.pvTaskIncrementMutexHeldCount          0x0000096c   Section        0  tasks.o(i.pvTaskIncrementMutexHeldCount)
    i.uxListRemove                           0x0000098c   Section        0  list.o(i.uxListRemove)
    i.vApplicationStackOverflowHook          0x000009b4   Section        0  cmsis_os2.o(i.vApplicationStackOverflowHook)
    i.vListInitialise                        0x000009b6   Section        0  list.o(i.vListInitialise)
    i.vListInsert                            0x000009d0   Section        0  list.o(i.vListInsert)
    i.vPortEnterCritical                     0x00000a08   Section        0  port.o(i.vPortEnterCritical)
    i.vPortExitCritical                      0x00000a24   Section        0  port.o(i.vPortExitCritical)
    i.vPortFree                              0x00000a40   Section        0  heap_5.o(i.vPortFree)
    i.vPortYield                             0x00000a9c   Section        0  port.o(i.vPortYield)
    i.vQueueDelete                           0x00000ab4   Section        0  queue.o(i.vQueueDelete)
    i.vTaskInternalSetTimeOutState           0x00000acc   Section        0  tasks.o(i.vTaskInternalSetTimeOutState)
    i.vTaskMissedYield                       0x00000ae4   Section        0  tasks.o(i.vTaskMissedYield)
    i.vTaskPlaceOnEventList                  0x00000af0   Section        0  tasks.o(i.vTaskPlaceOnEventList)
    i.vTaskPriorityDisinheritAfterTimeout    0x00000b10   Section        0  tasks.o(i.vTaskPriorityDisinheritAfterTimeout)
    i.vTaskSuspendAll                        0x00000bc8   Section        0  tasks.o(i.vTaskSuspendAll)
    i.vTaskSwitchContext                     0x00000bd8   Section        0  tasks.o(i.vTaskSwitchContext)
    i.xPortSysTickHandler                    0x00000c84   Section        0  port.o(i.xPortSysTickHandler)
    i.xQueueCreateMutex                      0x00000ca8   Section        0  queue.o(i.xQueueCreateMutex)
    i.xQueueCreateMutexStatic                0x00000cc6   Section        0  queue.o(i.xQueueCreateMutexStatic)
    i.xQueueGenericCreate                    0x00000cec   Section        0  queue.o(i.xQueueGenericCreate)
    i.xQueueGenericCreateStatic              0x00000d48   Section        0  queue.o(i.xQueueGenericCreateStatic)
    i.xQueueGenericReset                     0x00000d8a   Section        0  queue.o(i.xQueueGenericReset)
    i.xQueueGenericSend                      0x00000e1e   Section        0  queue.o(i.xQueueGenericSend)
    i.xQueueSemaphoreTake                    0x00000f1a   Section        0  queue.o(i.xQueueSemaphoreTake)
    i.xTaskCheckForTimeOut                   0x00001044   Section        0  tasks.o(i.xTaskCheckForTimeOut)
    i.xTaskGetSchedulerState                 0x000010a8   Section        0  tasks.o(i.xTaskGetSchedulerState)
    i.xTaskIncrementTick                     0x000010cc   Section        0  tasks.o(i.xTaskIncrementTick)
    i.xTaskPriorityDisinherit                0x0000125c   Section        0  tasks.o(i.xTaskPriorityDisinherit)
    i.xTaskPriorityInherit                   0x000012e8   Section        0  tasks.o(i.xTaskPriorityInherit)
    i.xTaskRemoveFromEventList               0x000013b8   Section        0  tasks.o(i.xTaskRemoveFromEventList)
    i.xTaskResumeAll                         0x000014b8   Section        0  tasks.o(i.xTaskResumeAll)
    .data                                    0x20000000   Section        4  system_saml21g18b.o(.data)
    .data                                    0x20000004   Section       32  heap_5.o(.data)
    xStart                                   0x20000004   Data           8  heap_5.o(.data)
    pxEnd                                    0x2000000c   Data           4  heap_5.o(.data)
    xFreeBytesRemaining                      0x20000010   Data           4  heap_5.o(.data)
    xMinimumEverFreeBytesRemaining           0x20000014   Data           4  heap_5.o(.data)
    xNumberOfSuccessfulAllocations           0x20000018   Data           4  heap_5.o(.data)
    xNumberOfSuccessfulFrees                 0x2000001c   Data           4  heap_5.o(.data)
    xBlockAllocatedBit                       0x20000020   Data           4  heap_5.o(.data)
    .data                                    0x20000024   Section        4  port.o(.data)
    uxCriticalNesting                        0x20000024   Data           4  port.o(.data)
    .data                                    0x20000028   Section       64  tasks.o(.data)
    pxDelayedTaskList                        0x2000002c   Data           4  tasks.o(.data)
    pxOverflowDelayedTaskList                0x20000030   Data           4  tasks.o(.data)
    uxDeletedTasksWaitingCleanUp             0x20000034   Data           4  tasks.o(.data)
    uxCurrentNumberOfTasks                   0x20000038   Data           4  tasks.o(.data)
    xTickCount                               0x2000003c   Data           4  tasks.o(.data)
    uxTopReadyPriority                       0x20000040   Data           4  tasks.o(.data)
    xSchedulerRunning                        0x20000044   Data           4  tasks.o(.data)
    xPendedTicks                             0x20000048   Data           4  tasks.o(.data)
    xYieldPending                            0x2000004c   Data           4  tasks.o(.data)
    xNumOfOverflows                          0x20000050   Data           4  tasks.o(.data)
    uxTaskNumber                             0x20000054   Data           4  tasks.o(.data)
    xNextTaskUnblockTime                     0x20000058   Data           4  tasks.o(.data)
    xIdleTaskHandle                          0x2000005c   Data           4  tasks.o(.data)
    uxSchedulerSuspended                     0x20000064   Data           4  tasks.o(.data)
    .bss                                     0x20000068   Section      916  clib_arm.o(.bss)
    os_libspace                              0x20000068   Data         480  clib_arm.o(.bss)
    os_libspace_id                           0x20000248   Data          16  clib_arm.o(.bss)
    clib_mutex_cb                            0x20000258   Data         400  clib_arm.o(.bss)
    clib_mutex_id                            0x200003e8   Data          20  clib_arm.o(.bss)
    .bss                                     0x200003fc   Section     1220  tasks.o(.bss)
    pxReadyTasksLists                        0x200003fc   Data        1120  tasks.o(.bss)
    xDelayedTaskList1                        0x2000085c   Data          20  tasks.o(.bss)
    xDelayedTaskList2                        0x20000870   Data          20  tasks.o(.bss)
    xPendingReadyList                        0x20000884   Data          20  tasks.o(.bss)
    xTasksWaitingTermination                 0x20000898   Data          20  tasks.o(.bss)
    xSuspendedTaskList                       0x200008ac   Data          20  tasks.o(.bss)
    .bss                                     0x200008c0   Section       96  libspace.o(.bss)
    HEAP                                     0x20000920   Section        0  startup_saml21g18b.o(HEAP)
    STACK                                    0x20000920   Section      512  startup_saml21g18b.o(STACK)
    Heap_Mem                                 0x20000920   Data           0  startup_saml21g18b.o(HEAP)
    Stack_Mem                                0x20000920   Data         512  startup_saml21g18b.o(STACK)
    __initial_sp                             0x20000b20   Data           0  startup_saml21g18b.o(STACK)

    Global Symbols

    Symbol Name                              Value     Ov Type        Size  Object(Section)

    BuildAttributes$$THM_ISAv3M$S$PE$A:L22$X:L11$S22$IEEE1$IW$USESV6$~STKCKD$USESV7$~SHL$OTIME$ROPI$IEEEJ$EBA8$UX$STANDARDLIB$REQ8$PRES8$EABIv2 0x00000000   Number         0  anon$$obj.o ABSOLUTE
    __ARM_use_no_argv                        0x00000000   Number         0  main.o ABSOLUTE
    __Vectors                                0x00000000   Data           4  startup_saml21g18b.o(RESET)
    _printf_flags                            0x00000000   Number         0  printf_stubs.o ABSOLUTE
    _printf_return_value                     0x00000000   Number         0  printf_stubs.o ABSOLUTE
    _printf_sizespec                         0x00000000   Number         0  printf_stubs.o ABSOLUTE
    _printf_widthprec                        0x00000000   Number         0  printf_stubs.o ABSOLUTE
    __ARM_exceptions_init                     - Undefined Weak Reference
    __alloca_initialize                       - Undefined Weak Reference
    __arm_preinit_                            - Undefined Weak Reference
    __cpp_initialize__aeabi_                  - Undefined Weak Reference
    __cxa_finalize                            - Undefined Weak Reference
    __sigvec_lookup                           - Undefined Weak Reference
    _atexit_init                              - Undefined Weak Reference
    _call_atexit_fns                          - Undefined Weak Reference
    _clock_init                               - Undefined Weak Reference
    _fp_trap_init                             - Undefined Weak Reference
    _fp_trap_shutdown                         - Undefined Weak Reference
    _get_lc_collate                           - Undefined Weak Reference
    _get_lc_monetary                          - Undefined Weak Reference
    _get_lc_time                              - Undefined Weak Reference
    _getenv_init                              - Undefined Weak Reference
    _handle_redirection                       - Undefined Weak Reference
    _init_alloc                               - Undefined Weak Reference
    _init_user_alloc                          - Undefined Weak Reference
    _initio                                   - Undefined Weak Reference
    _printf_fp_hex                            - Undefined Weak Reference
    _printf_mbtowc                            - Undefined Weak Reference
    _printf_wc                                - Undefined Weak Reference
    _rand_init                                - Undefined Weak Reference
    _signal_finish                            - Undefined Weak Reference
    _signal_init                              - Undefined Weak Reference
    _terminate_alloc                          - Undefined Weak Reference
    _terminate_user_alloc                     - Undefined Weak Reference
    _terminateio                              - Undefined Weak Reference
    __Vectors_End                            0x000000b0   Data           0  startup_saml21g18b.o(RESET)
    __Vectors_Size                           0x000000b0   Number         0  startup_saml21g18b.o ABSOLUTE
    __main                                   0x000000b1   Thumb Code     8  __main.o(!!!main)
    __scatterload                            0x000000b9   Thumb Code     0  __scatter.o(!!!scatter)
    __scatterload_rt2                        0x000000b9   Thumb Code    52  __scatter.o(!!!scatter)
    __scatterload_rt2_thumb_only             0x000000b9   Thumb Code     0  __scatter.o(!!!scatter)
    __scatterload_null                       0x000000c9   Thumb Code     0  __scatter.o(!!!scatter)
    __scatterload_copy                       0x000000f5   Thumb Code    26  __scatter_copy.o(!!handler_copy)
    __scatterload_zeroinit                   0x00000111   Thumb Code    28  __scatter_zi.o(!!handler_zi)
    __rt_lib_init                            0x0000012d   Thumb Code     0  libinit.o(.ARM.Collect$$libinit$$00000000)
    __rt_lib_init_alloca_1                   0x0000012f   Thumb Code     0  libinit2.o(.ARM.Collect$$libinit$$0000002E)
    __rt_lib_init_argv_1                     0x0000012f   Thumb Code     0  libinit2.o(.ARM.Collect$$libinit$$0000002C)
    __rt_lib_init_atexit_1                   0x0000012f   Thumb Code     0  libinit2.o(.ARM.Collect$$libinit$$0000001B)
    __rt_lib_init_clock_1                    0x0000012f   Thumb Code     0  libinit2.o(.ARM.Collect$$libinit$$00000021)
    __rt_lib_init_cpp_1                      0x0000012f   Thumb Code     0  libinit2.o(.ARM.Collect$$libinit$$00000032)
    __rt_lib_init_exceptions_1               0x0000012f   Thumb Code     0  libinit2.o(.ARM.Collect$$libinit$$00000030)
    __rt_lib_init_fp_1                       0x0000012f   Thumb Code     0  libinit2.o(.ARM.Collect$$libinit$$00000002)
    __rt_lib_init_fp_trap_1                  0x0000012f   Thumb Code     0  libinit2.o(.ARM.Collect$$libinit$$0000001F)
    __rt_lib_init_getenv_1                   0x0000012f   Thumb Code     0  libinit2.o(.ARM.Collect$$libinit$$00000023)
    __rt_lib_init_heap_1                     0x0000012f   Thumb Code     0  libinit2.o(.ARM.Collect$$libinit$$0000000A)
    __rt_lib_init_lc_collate_1               0x0000012f   Thumb Code     0  libinit2.o(.ARM.Collect$$libinit$$00000011)
    __rt_lib_init_lc_ctype_1                 0x0000012f   Thumb Code     0  libinit2.o(.ARM.Collect$$libinit$$00000013)
    __rt_lib_init_lc_monetary_1              0x0000012f   Thumb Code     0  libinit2.o(.ARM.Collect$$libinit$$00000015)
    __rt_lib_init_lc_numeric_1               0x0000012f   Thumb Code     0  libinit2.o(.ARM.Collect$$libinit$$00000017)
    __rt_lib_init_lc_time_1                  0x0000012f   Thumb Code     0  libinit2.o(.ARM.Collect$$libinit$$00000019)
    __rt_lib_init_preinit_1                  0x0000012f   Thumb Code     0  libinit2.o(.ARM.Collect$$libinit$$00000004)
    __rt_lib_init_rand_1                     0x0000012f   Thumb Code     0  libinit2.o(.ARM.Collect$$libinit$$0000000E)
    __rt_lib_init_return                     0x0000012f   Thumb Code     0  libinit2.o(.ARM.Collect$$libinit$$00000033)
    __rt_lib_init_signal_1                   0x0000012f   Thumb Code     0  libinit2.o(.ARM.Collect$$libinit$$0000001D)
    __rt_lib_init_stdio_1                    0x0000012f   Thumb Code     0  libinit2.o(.ARM.Collect$$libinit$$00000025)
    __rt_lib_init_user_alloc_1               0x0000012f   Thumb Code     0  libinit2.o(.ARM.Collect$$libinit$$0000000C)
    __rt_lib_shutdown                        0x00000131   Thumb Code     0  libshutdown.o(.ARM.Collect$$libshutdown$$00000000)
    __rt_lib_shutdown_cpp_1                  0x00000133   Thumb Code     0  libshutdown2.o(.ARM.Collect$$libshutdown$$00000002)
    __rt_lib_shutdown_fp_trap_1              0x00000133   Thumb Code     0  libshutdown2.o(.ARM.Collect$$libshutdown$$00000007)
    __rt_lib_shutdown_heap_1                 0x00000133   Thumb Code     0  libshutdown2.o(.ARM.Collect$$libshutdown$$0000000F)
    __rt_lib_shutdown_return                 0x00000133   Thumb Code     0  libshutdown2.o(.ARM.Collect$$libshutdown$$00000010)
    __rt_lib_shutdown_signal_1               0x00000133   Thumb Code     0  libshutdown2.o(.ARM.Collect$$libshutdown$$0000000A)
    __rt_lib_shutdown_stdio_1                0x00000133   Thumb Code     0  libshutdown2.o(.ARM.Collect$$libshutdown$$00000004)
    __rt_lib_shutdown_user_alloc_1           0x00000133   Thumb Code     0  libshutdown2.o(.ARM.Collect$$libshutdown$$0000000C)
    __rt_entry                               0x00000135   Thumb Code     0  __rtentry.o(.ARM.Collect$$rtentry$$00000000)
    __rt_entry_presh_1                       0x00000135   Thumb Code     0  __rtentry2.o(.ARM.Collect$$rtentry$$00000002)
    __rt_entry_sh                            0x00000135   Thumb Code     0  __rtentry4.o(.ARM.Collect$$rtentry$$00000004)
    __rt_entry_postsh_1                      0x0000013b   Thumb Code     0  __rtentry2.o(.ARM.Collect$$rtentry$$00000008)
    __rt_entry_li                            0x00000143   Thumb Code     0  __rtentry2.o(.ARM.Collect$$rtentry$$0000000A)
    __rt_entry_main                          0x00000147   Thumb Code     0  __rtentry2.o(.ARM.Collect$$rtentry$$0000000D)
    __rt_entry_postli_1                      0x00000147   Thumb Code     0  __rtentry2.o(.ARM.Collect$$rtentry$$0000000C)
    __rt_exit                                0x0000014f   Thumb Code     0  rtexit.o(.ARM.Collect$$rtexit$$00000000)
    __rt_exit_ls                             0x00000151   Thumb Code     0  rtexit2.o(.ARM.Collect$$rtexit$$00000003)
    __rt_exit_prels_1                        0x00000151   Thumb Code     0  rtexit2.o(.ARM.Collect$$rtexit$$00000002)
    __rt_exit_exit                           0x00000155   Thumb Code     0  rtexit2.o(.ARM.Collect$$rtexit$$00000004)
    __asm___6_port_c_39a90d8d__prvPortStartFirstTask 0x0000015d   Thumb Code    36  port.o(.emb_text)
    ulSetInterruptMaskFromISR                0x00000185   Thumb Code     8  port.o(.emb_text)
    vClearInterruptMaskFromISR               0x0000018d   Thumb Code     6  port.o(.emb_text)
    PendSV_Handler                           0x00000193   Thumb Code    62  port.o(.emb_text)
    __aeabi_memcpy4                          0x000001d5   Thumb Code    56  rt_memcpy.o(.emb_text)
    __aeabi_memcpy8                          0x000001d5   Thumb Code     0  rt_memcpy.o(.emb_text)
    Reset_Handler                            0x0000020d   Thumb Code     8  startup_saml21g18b.o(.text)
    NonMaskableInt_Handler                   0x00000215   Thumb Code     2  startup_saml21g18b.o(.text)
    HardFault_Handler                        0x00000217   Thumb Code     2  startup_saml21g18b.o(.text)
    AC_Handler                               0x0000021f   Thumb Code     0  startup_saml21g18b.o(.text)
    ADC_Handler                              0x0000021f   Thumb Code     0  startup_saml21g18b.o(.text)
    AES_Handler                              0x0000021f   Thumb Code     0  startup_saml21g18b.o(.text)
    DAC_Handler                              0x0000021f   Thumb Code     0  startup_saml21g18b.o(.text)
    DMAC_Handler                             0x0000021f   Thumb Code     0  startup_saml21g18b.o(.text)
    EIC_Handler                              0x0000021f   Thumb Code     0  startup_saml21g18b.o(.text)
    EVSYS_Handler                            0x0000021f   Thumb Code     0  startup_saml21g18b.o(.text)
    NVMCTRL_Handler                          0x0000021f   Thumb Code     0  startup_saml21g18b.o(.text)
    PTC_Handler                              0x0000021f   Thumb Code     0  startup_saml21g18b.o(.text)
    RTC_Handler                              0x0000021f   Thumb Code     0  startup_saml21g18b.o(.text)
    SERCOM0_Handler                          0x0000021f   Thumb Code     0  startup_saml21g18b.o(.text)
    SERCOM1_Handler                          0x0000021f   Thumb Code     0  startup_saml21g18b.o(.text)
    SERCOM2_Handler                          0x0000021f   Thumb Code     0  startup_saml21g18b.o(.text)
    SERCOM3_Handler                          0x0000021f   Thumb Code     0  startup_saml21g18b.o(.text)
    SERCOM4_Handler                          0x0000021f   Thumb Code     0  startup_saml21g18b.o(.text)
    SERCOM5_Handler                          0x0000021f   Thumb Code     0  startup_saml21g18b.o(.text)
    SYSTEM_Handler                           0x0000021f   Thumb Code     0  startup_saml21g18b.o(.text)
    TC0_Handler                              0x0000021f   Thumb Code     0  startup_saml21g18b.o(.text)
    TC1_Handler                              0x0000021f   Thumb Code     0  startup_saml21g18b.o(.text)
    TC4_Handler                              0x0000021f   Thumb Code     0  startup_saml21g18b.o(.text)
    TCC0_Handler                             0x0000021f   Thumb Code     0  startup_saml21g18b.o(.text)
    TCC1_Handler                             0x0000021f   Thumb Code     0  startup_saml21g18b.o(.text)
    TCC2_Handler                             0x0000021f   Thumb Code     0  startup_saml21g18b.o(.text)
    TRNG_Handler                             0x0000021f   Thumb Code     0  startup_saml21g18b.o(.text)
    USB_Handler                              0x0000021f   Thumb Code     0  startup_saml21g18b.o(.text)
    WDT_Handler                              0x0000021f   Thumb Code     0  startup_saml21g18b.o(.text)
    __user_initial_stackheap                 0x00000221   Thumb Code     0  startup_saml21g18b.o(.text)
    __aeabi_memcpy                           0x00000241   Thumb Code   130  rt_memcpy.o(.text)
    __rt_memcpy                              0x00000241   Thumb Code     0  rt_memcpy.o(.text)
    __aeabi_uidiv                            0x000002c3   Thumb Code     0  aeabi_sdiv.o(.text)
    __aeabi_uidivmod                         0x000002c3   Thumb Code    20  aeabi_sdiv.o(.text)
    __aeabi_idiv                             0x000002d7   Thumb Code     0  aeabi_sdiv.o(.text)
    __aeabi_idivmod                          0x000002d7   Thumb Code   326  aeabi_sdiv.o(.text)
    __use_two_region_memory                  0x0000041d   Thumb Code     2  heapauxi.o(.text)
    __rt_heap_escrow$2region                 0x0000041f   Thumb Code     2  heapauxi.o(.text)
    __rt_heap_expand$2region                 0x00000421   Thumb Code     2  heapauxi.o(.text)
    __user_setup_stackheap                   0x00000423   Thumb Code    62  sys_stackheap_outer.o(.text)
    exit                                     0x00000461   Thumb Code    16  exit.o(.text)
    __user_libspace                          0x00000471   Thumb Code     8  libspace.o(.text)
    __user_perproc_libspace                  0x00000471   Thumb Code     0  libspace.o(.text)
    _sys_exit                                0x00000479   Thumb Code     8  sys_exit.o(.text)
    __I$use$semihosting                      0x00000485   Thumb Code     0  use_no_semi.o(.text)
    __use_no_semihosting_swi                 0x00000485   Thumb Code     2  use_no_semi.o(.text)
    SVC_Handler                              0x00000487   Thumb Code     2  port.o(i.SVC_Handler)
    __semihosting_library_function           0x00000487   Thumb Code     0  indicate_semi.o(.text)
    SysTick_Handler                          0x00000489   Thumb Code    20  cmsis_os2.o(i.SysTick_Handler)
    SystemInit                               0x000004a1   Thumb Code     8  system_saml21g18b.o(i.SystemInit)
    _mutex_acquire                           0x000004b1   Thumb Code    24  clib_arm.o(i._mutex_acquire)
    _mutex_free                              0x000004c9   Thumb Code    44  clib_arm.o(i._mutex_free)
    _mutex_initialize                        0x000004f9   Thumb Code    88  clib_arm.o(i._mutex_initialize)
    _mutex_release                           0x00000559   Thumb Code    26  clib_arm.o(i._mutex_release)
    _platform_post_stackheap_init            0x00000573   Thumb Code     2  clib_arm.o(i._platform_post_stackheap_init)
    main                                     0x00000575   Thumb Code     4  main.o(i.main)
    pvPortMalloc                             0x0000087d   Thumb Code   216  heap_5.o(i.pvPortMalloc)
    pvTaskIncrementMutexHeldCount            0x0000096d   Thumb Code    28  tasks.o(i.pvTaskIncrementMutexHeldCount)
    uxListRemove                             0x0000098d   Thumb Code    40  list.o(i.uxListRemove)
    vApplicationStackOverflowHook            0x000009b5   Thumb Code     2  cmsis_os2.o(i.vApplicationStackOverflowHook)
    vListInitialise                          0x000009b7   Thumb Code    26  list.o(i.vListInitialise)
    vListInsert                              0x000009d1   Thumb Code    54  list.o(i.vListInsert)
    vPortEnterCritical                       0x00000a09   Thumb Code    22  port.o(i.vPortEnterCritical)
    vPortExitCritical                        0x00000a25   Thumb Code    22  port.o(i.vPortExitCritical)
    vPortFree                                0x00000a41   Thumb Code    80  heap_5.o(i.vPortFree)
    vPortYield                               0x00000a9d   Thumb Code    18  port.o(i.vPortYield)
    vQueueDelete                             0x00000ab5   Thumb Code    22  queue.o(i.vQueueDelete)
    vTaskInternalSetTimeOutState             0x00000acd   Thumb Code    14  tasks.o(i.vTaskInternalSetTimeOutState)
    vTaskMissedYield                         0x00000ae5   Thumb Code     8  tasks.o(i.vTaskMissedYield)
    vTaskPlaceOnEventList                    0x00000af1   Thumb Code    28  tasks.o(i.vTaskPlaceOnEventList)
    vTaskPriorityDisinheritAfterTimeout      0x00000b11   Thumb Code   174  tasks.o(i.vTaskPriorityDisinheritAfterTimeout)
    vTaskSuspendAll                          0x00000bc9   Thumb Code    12  tasks.o(i.vTaskSuspendAll)
    vTaskSwitchContext                       0x00000bd9   Thumb Code   146  tasks.o(i.vTaskSwitchContext)
    xPortSysTickHandler                      0x00000c85   Thumb Code    32  port.o(i.xPortSysTickHandler)
    xQueueCreateMutex                        0x00000ca9   Thumb Code    30  queue.o(i.xQueueCreateMutex)
    xQueueCreateMutexStatic                  0x00000cc7   Thumb Code    38  queue.o(i.xQueueCreateMutexStatic)
    xQueueGenericCreate                      0x00000ced   Thumb Code    92  queue.o(i.xQueueGenericCreate)
    xQueueGenericCreateStatic                0x00000d49   Thumb Code    66  queue.o(i.xQueueGenericCreateStatic)
    xQueueGenericReset                       0x00000d8b   Thumb Code   148  queue.o(i.xQueueGenericReset)
    xQueueGenericSend                        0x00000e1f   Thumb Code   252  queue.o(i.xQueueGenericSend)
    xQueueSemaphoreTake                      0x00000f1b   Thumb Code   298  queue.o(i.xQueueSemaphoreTake)
    xTaskCheckForTimeOut                     0x00001045   Thumb Code    90  tasks.o(i.xTaskCheckForTimeOut)
    xTaskGetSchedulerState                   0x000010a9   Thumb Code    28  tasks.o(i.xTaskGetSchedulerState)
    xTaskIncrementTick                       0x000010cd   Thumb Code   354  tasks.o(i.xTaskIncrementTick)
    xTaskPriorityDisinherit                  0x0000125d   Thumb Code   132  tasks.o(i.xTaskPriorityDisinherit)
    xTaskPriorityInherit                     0x000012e9   Thumb Code   194  tasks.o(i.xTaskPriorityInherit)
    xTaskRemoveFromEventList                 0x000013b9   Thumb Code   230  tasks.o(i.xTaskRemoveFromEventList)
    xTaskResumeAll                           0x000014b9   Thumb Code   300  tasks.o(i.xTaskResumeAll)
    Region$$Table$$Base                      0x00001604   Number         0  anon$$obj.o(Region$$Table)
    Region$$Table$$Limit                     0x00001624   Number         0  anon$$obj.o(Region$$Table)
    SystemCoreClock                          0x20000000   Data           4  system_saml21g18b.o(.data)
    pxCurrentTCB                             0x20000028   Data           4  tasks.o(.data)
    uxTopUsedPriority                        0x20000060   Data           4  tasks.o(.data)
    __libspace_start                         0x200008c0   Data          96  libspace.o(.bss)
    __temporary_stack_top$libspace           0x20000920   Data           0  libspace.o(.bss)



==============================================================================

Memory Map of the image

  Image Entry point : 0x000000b1

  Load Region LR_IROM1 (Base: 0x00000000, Size: 0x0000168c, Max: 0x00040000, ABSOLUTE)

    Execution Region ER_IROM1 (Exec base: 0x00000000, Load base: 0x00000000, Size: 0x00001624, Max: 0x00040000, ABSOLUTE)

    Exec Addr    Load Addr    Size         Type   Attr      Idx    E Section Name        Object

    0x00000000   0x00000000   0x000000b0   Data   RO         1333    RESET               startup_saml21g18b.o
    0x000000b0   0x000000b0   0x00000008   Code   RO         2657  * !!!main             c_p.l(__main.o)
    0x000000b8   0x000000b8   0x0000003c   Code   RO         2965    !!!scatter          c_p.l(__scatter.o)
    0x000000f4   0x000000f4   0x0000001a   Code   RO         2967    !!handler_copy      c_p.l(__scatter_copy.o)
    0x0000010e   0x0000010e   0x00000002   PAD
    0x00000110   0x00000110   0x0000001c   Code   RO         2969    !!handler_zi        c_p.l(__scatter_zi.o)
    0x0000012c   0x0000012c   0x00000002   Code   RO         2824    .ARM.Collect$$libinit$$00000000  c_p.l(libinit.o)
    0x0000012e   0x0000012e   0x00000000   Code   RO         2848    .ARM.Collect$$libinit$$00000002  c_p.l(libinit2.o)
    0x0000012e   0x0000012e   0x00000000   Code   RO         2850    .ARM.Collect$$libinit$$00000004  c_p.l(libinit2.o)
    0x0000012e   0x0000012e   0x00000000   Code   RO         2853    .ARM.Collect$$libinit$$0000000A  c_p.l(libinit2.o)
    0x0000012e   0x0000012e   0x00000000   Code   RO         2855    .ARM.Collect$$libinit$$0000000C  c_p.l(libinit2.o)
    0x0000012e   0x0000012e   0x00000000   Code   RO         2857    .ARM.Collect$$libinit$$0000000E  c_p.l(libinit2.o)
    0x0000012e   0x0000012e   0x00000000   Code   RO         2860    .ARM.Collect$$libinit$$00000011  c_p.l(libinit2.o)
    0x0000012e   0x0000012e   0x00000000   Code   RO         2862    .ARM.Collect$$libinit$$00000013  c_p.l(libinit2.o)
    0x0000012e   0x0000012e   0x00000000   Code   RO         2864    .ARM.Collect$$libinit$$00000015  c_p.l(libinit2.o)
    0x0000012e   0x0000012e   0x00000000   Code   RO         2866    .ARM.Collect$$libinit$$00000017  c_p.l(libinit2.o)
    0x0000012e   0x0000012e   0x00000000   Code   RO         2868    .ARM.Collect$$libinit$$00000019  c_p.l(libinit2.o)
    0x0000012e   0x0000012e   0x00000000   Code   RO         2870    .ARM.Collect$$libinit$$0000001B  c_p.l(libinit2.o)
    0x0000012e   0x0000012e   0x00000000   Code   RO         2872    .ARM.Collect$$libinit$$0000001D  c_p.l(libinit2.o)
    0x0000012e   0x0000012e   0x00000000   Code   RO         2874    .ARM.Collect$$libinit$$0000001F  c_p.l(libinit2.o)
    0x0000012e   0x0000012e   0x00000000   Code   RO         2876    .ARM.Collect$$libinit$$00000021  c_p.l(libinit2.o)
    0x0000012e   0x0000012e   0x00000000   Code   RO         2878    .ARM.Collect$$libinit$$00000023  c_p.l(libinit2.o)
    0x0000012e   0x0000012e   0x00000000   Code   RO         2880    .ARM.Collect$$libinit$$00000025  c_p.l(libinit2.o)
    0x0000012e   0x0000012e   0x00000000   Code   RO         2884    .ARM.Collect$$libinit$$0000002C  c_p.l(libinit2.o)
    0x0000012e   0x0000012e   0x00000000   Code   RO         2886    .ARM.Collect$$libinit$$0000002E  c_p.l(libinit2.o)
    0x0000012e   0x0000012e   0x00000000   Code   RO         2888    .ARM.Collect$$libinit$$00000030  c_p.l(libinit2.o)
    0x0000012e   0x0000012e   0x00000000   Code   RO         2890    .ARM.Collect$$libinit$$00000032  c_p.l(libinit2.o)
    0x0000012e   0x0000012e   0x00000002   Code   RO         2891    .ARM.Collect$$libinit$$00000033  c_p.l(libinit2.o)
    0x00000130   0x00000130   0x00000002   Code   RO         2922    .ARM.Collect$$libshutdown$$00000000  c_p.l(libshutdown.o)
    0x00000132   0x00000132   0x00000000   Code   RO         2948    .ARM.Collect$$libshutdown$$00000002  c_p.l(libshutdown2.o)
    0x00000132   0x00000132   0x00000000   Code   RO         2950    .ARM.Collect$$libshutdown$$00000004  c_p.l(libshutdown2.o)
    0x00000132   0x00000132   0x00000000   Code   RO         2953    .ARM.Collect$$libshutdown$$00000007  c_p.l(libshutdown2.o)
    0x00000132   0x00000132   0x00000000   Code   RO         2956    .ARM.Collect$$libshutdown$$0000000A  c_p.l(libshutdown2.o)
    0x00000132   0x00000132   0x00000000   Code   RO         2958    .ARM.Collect$$libshutdown$$0000000C  c_p.l(libshutdown2.o)
    0x00000132   0x00000132   0x00000000   Code   RO         2961    .ARM.Collect$$libshutdown$$0000000F  c_p.l(libshutdown2.o)
    0x00000132   0x00000132   0x00000002   Code   RO         2962    .ARM.Collect$$libshutdown$$00000010  c_p.l(libshutdown2.o)
    0x00000134   0x00000134   0x00000000   Code   RO         2659    .ARM.Collect$$rtentry$$00000000  c_p.l(__rtentry.o)
    0x00000134   0x00000134   0x00000000   Code   RO         2758    .ARM.Collect$$rtentry$$00000002  c_p.l(__rtentry2.o)
    0x00000134   0x00000134   0x00000006   Code   RO         2770    .ARM.Collect$$rtentry$$00000004  c_p.l(__rtentry4.o)
    0x0000013a   0x0000013a   0x00000008   Code   RO         2759    .ARM.Collect$$rtentry$$00000008  c_p.l(__rtentry2.o)
    0x00000142   0x00000142   0x00000004   Code   RO         2761    .ARM.Collect$$rtentry$$0000000A  c_p.l(__rtentry2.o)
    0x00000146   0x00000146   0x00000000   Code   RO         2763    .ARM.Collect$$rtentry$$0000000C  c_p.l(__rtentry2.o)
    0x00000146   0x00000146   0x00000008   Code   RO         2764    .ARM.Collect$$rtentry$$0000000D  c_p.l(__rtentry2.o)
    0x0000014e   0x0000014e   0x00000002   Code   RO         2834    .ARM.Collect$$rtexit$$00000000  c_p.l(rtexit.o)
    0x00000150   0x00000150   0x00000000   Code   RO         2895    .ARM.Collect$$rtexit$$00000002  c_p.l(rtexit2.o)
    0x00000150   0x00000150   0x00000004   Code   RO         2896    .ARM.Collect$$rtexit$$00000003  c_p.l(rtexit2.o)
    0x00000154   0x00000154   0x00000006   Code   RO         2897    .ARM.Collect$$rtexit$$00000004  c_p.l(rtexit2.o)
    0x0000015a   0x0000015a   0x00000002   PAD
    0x0000015c   0x0000015c   0x00000078   Code   RO         1608    .emb_text           port.o
    0x000001d4   0x000001d4   0x00000038   Code   RO         2643    .emb_text           c_p.l(rt_memcpy.o)
    0x0000020c   0x0000020c   0x00000034   Code   RO         1334    .text               startup_saml21g18b.o
    0x00000240   0x00000240   0x00000082   Code   RO         2644    .text               c_p.l(rt_memcpy.o)
    0x000002c2   0x000002c2   0x0000015a   Code   RO         2651    .text               c_p.l(aeabi_sdiv.o)
    0x0000041c   0x0000041c   0x00000006   Code   RO         2655    .text               c_p.l(heapauxi.o)
    0x00000422   0x00000422   0x0000003e   Code   RO         2791    .text               c_p.l(sys_stackheap_outer.o)
    0x00000460   0x00000460   0x00000010   Code   RO         2815    .text               c_p.l(exit.o)
    0x00000470   0x00000470   0x00000008   Code   RO         2830    .text               c_p.l(libspace.o)
    0x00000478   0x00000478   0x0000000c   Code   RO         2892    .text               c_p.l(sys_exit.o)
    0x00000484   0x00000484   0x00000002   Code   RO         2911    .text               c_p.l(use_no_semi.o)
    0x00000486   0x00000486   0x00000000   Code   RO         2913    .text               c_p.l(indicate_semi.o)
    0x00000486   0x00000486   0x00000002   Code   RO         1609    i.SVC_Handler       port.o
    0x00000488   0x00000488   0x00000018   Code   RO          736    i.SysTick_Handler   cmsis_os2.o
    0x000004a0   0x000004a0   0x00000010   Code   RO         1341    i.SystemInit        system_saml21g18b.o
    0x000004b0   0x000004b0   0x00000018   Code   RO          300    i._mutex_acquire    clib_arm.o
    0x000004c8   0x000004c8   0x00000030   Code   RO          301    i._mutex_free       clib_arm.o
    0x000004f8   0x000004f8   0x00000060   Code   RO          302    i._mutex_initialize  clib_arm.o
    0x00000558   0x00000558   0x0000001a   Code   RO          303    i._mutex_release    clib_arm.o
    0x00000572   0x00000572   0x00000002   Code   RO          304    i._platform_post_stackheap_init  clib_arm.o
    0x00000574   0x00000574   0x00000004   Code   RO            3    i.main              main.o
    0x00000578   0x00000578   0x00000012   Code   RO          305    i.os_kernel_is_active  clib_arm.o
    0x0000058a   0x0000058a   0x00000002   PAD
    0x0000058c   0x0000058c   0x000000a4   Code   RO         2081    i.prvAddCurrentTaskToDelayedList  tasks.o
    0x00000630   0x00000630   0x00000080   Code   RO         1688    i.prvCopyDataToQueue  queue.o
    0x000006b0   0x000006b0   0x00000016   Code   RO         1689    i.prvGetDisinheritPriorityAfterTimeout  queue.o
    0x000006c6   0x000006c6   0x00000020   Code   RO         1690    i.prvInitialiseMutex  queue.o
    0x000006e6   0x000006e6   0x0000002c   Code   RO         1691    i.prvInitialiseNewQueue  queue.o
    0x00000712   0x00000712   0x00000002   PAD
    0x00000714   0x00000714   0x00000068   Code   RO         1551    i.prvInsertBlockIntoFreeList  heap_5.o
    0x0000077c   0x0000077c   0x0000001c   Code   RO         1692    i.prvIsQueueEmpty   queue.o
    0x00000798   0x00000798   0x0000001e   Code   RO         1693    i.prvIsQueueFull    queue.o
    0x000007b6   0x000007b6   0x00000002   PAD
    0x000007b8   0x000007b8   0x00000034   Code   RO         2089    i.prvResetNextTaskUnblockTime  tasks.o
    0x000007ec   0x000007ec   0x0000008e   Code   RO         1694    i.prvUnlockQueue    queue.o
    0x0000087a   0x0000087a   0x00000002   PAD
    0x0000087c   0x0000087c   0x000000f0   Code   RO         1552    i.pvPortMalloc      heap_5.o
    0x0000096c   0x0000096c   0x00000020   Code   RO         2092    i.pvTaskIncrementMutexHeldCount  tasks.o
    0x0000098c   0x0000098c   0x00000028   Code   RO         1507    i.uxListRemove      list.o
    0x000009b4   0x000009b4   0x00000002   Code   RO          812    i.vApplicationStackOverflowHook  cmsis_os2.o
    0x000009b6   0x000009b6   0x0000001a   Code   RO         1508    i.vListInitialise   list.o
    0x000009d0   0x000009d0   0x00000036   Code   RO         1510    i.vListInsert       list.o
    0x00000a06   0x00000a06   0x00000002   PAD
    0x00000a08   0x00000a08   0x0000001c   Code   RO         1613    i.vPortEnterCritical  port.o
    0x00000a24   0x00000a24   0x0000001c   Code   RO         1614    i.vPortExitCritical  port.o
    0x00000a40   0x00000a40   0x0000005c   Code   RO         1554    i.vPortFree         heap_5.o
    0x00000a9c   0x00000a9c   0x00000018   Code   RO         1616    i.vPortYield        port.o
    0x00000ab4   0x00000ab4   0x00000016   Code   RO         1700    i.vQueueDelete      queue.o
    0x00000aca   0x00000aca   0x00000002   PAD
    0x00000acc   0x00000acc   0x00000018   Code   RO         2107    i.vTaskInternalSetTimeOutState  tasks.o
    0x00000ae4   0x00000ae4   0x0000000c   Code   RO         2108    i.vTaskMissedYield  tasks.o
    0x00000af0   0x00000af0   0x00000020   Code   RO         2109    i.vTaskPlaceOnEventList  tasks.o
    0x00000b10   0x00000b10   0x000000b8   Code   RO         2112    i.vTaskPriorityDisinheritAfterTimeout  tasks.o
    0x00000bc8   0x00000bc8   0x00000010   Code   RO         2120    i.vTaskSuspendAll   tasks.o
    0x00000bd8   0x00000bd8   0x000000ac   Code   RO         2121    i.vTaskSwitchContext  tasks.o
    0x00000c84   0x00000c84   0x00000024   Code   RO         1618    i.xPortSysTickHandler  port.o
    0x00000ca8   0x00000ca8   0x0000001e   Code   RO         1705    i.xQueueCreateMutex  queue.o
    0x00000cc6   0x00000cc6   0x00000026   Code   RO         1706    i.xQueueCreateMutexStatic  queue.o
    0x00000cec   0x00000cec   0x0000005c   Code   RO         1707    i.xQueueGenericCreate  queue.o
    0x00000d48   0x00000d48   0x00000042   Code   RO         1708    i.xQueueGenericCreateStatic  queue.o
    0x00000d8a   0x00000d8a   0x00000094   Code   RO         1709    i.xQueueGenericReset  queue.o
    0x00000e1e   0x00000e1e   0x000000fc   Code   RO         1710    i.xQueueGenericSend  queue.o
    0x00000f1a   0x00000f1a   0x0000012a   Code   RO         1722    i.xQueueSemaphoreTake  queue.o
    0x00001044   0x00001044   0x00000064   Code   RO         2123    i.xTaskCheckForTimeOut  tasks.o
    0x000010a8   0x000010a8   0x00000024   Code   RO         2132    i.xTaskGetSchedulerState  tasks.o
    0x000010cc   0x000010cc   0x00000190   Code   RO         2135    i.xTaskIncrementTick  tasks.o
    0x0000125c   0x0000125c   0x0000008c   Code   RO         2136    i.xTaskPriorityDisinherit  tasks.o
    0x000012e8   0x000012e8   0x000000d0   Code   RO         2137    i.xTaskPriorityInherit  tasks.o
    0x000013b8   0x000013b8   0x00000100   Code   RO         2138    i.xTaskRemoveFromEventList  tasks.o
    0x000014b8   0x000014b8   0x0000014c   Code   RO         2139    i.xTaskResumeAll    tasks.o
    0x00001604   0x00001604   0x00000020   Data   RO         2963    Region$$Table       anon$$obj.o


    Execution Region RW_IRAM1 (Exec base: 0x20000000, Load base: 0x00001624, Size: 0x00000b20, Max: 0x00008000, ABSOLUTE)

    Exec Addr    Load Addr    Size         Type   Attr      Idx    E Section Name        Object

    0x20000000   0x00001624   0x00000004   Data   RW         1342    .data               system_saml21g18b.o
    0x20000004   0x00001628   0x00000020   Data   RW         1558    .data               heap_5.o
    0x20000024   0x00001648   0x00000004   Data   RW         1619    .data               port.o
    0x20000028   0x0000164c   0x00000040   Data   RW         2142    .data               tasks.o
    0x20000068        -       0x00000394   Zero   RW          306    .bss                clib_arm.o
    0x200003fc        -       0x000004c4   Zero   RW         2141    .bss                tasks.o
    0x200008c0        -       0x00000060   Zero   RW         2831    .bss                c_p.l(libspace.o)
    0x20000920        -       0x00000000   Zero   RW         1332    HEAP                startup_saml21g18b.o
    0x20000920        -       0x00000200   Zero   RW         1331    STACK               startup_saml21g18b.o


==============================================================================

Image component sizes


      Code (inc. data)   RO Data    RW Data    ZI Data      Debug   Object Name

       214         12          0          0        916      38172   clib_arm.o
        26          4          0          0          0       1194   cmsis_os2.o
         0          0          0          0          0      11940   event_groups.o
       436         44          0         32          0       3551   heap_5.o
       120          0          0          0          0       2371   list.o
         4          0          0          0          0       3499   main.o
       238         32          0          4          0       3674   port.o
      1372          0          0          0          0      15870   queue.o
        52         22        176          0        512        656   startup_saml21g18b.o
        16          8          0          4          0        699   system_saml21g18b.o
      2160        238          0         64       1220      21898   tasks.o

    ----------------------------------------------------------------------
      4650        360        208        104       2648     103524   Object Totals
         0          0         32          0          0          0   (incl. Generated)
        12          0          0          0          0          0   (incl. Padding)

    ----------------------------------------------------------------------

      Code (inc. data)   RO Data    RW Data    ZI Data      Debug   Library Member Name

         8          0          0          0          0         68   __main.o
         0          0          0          0          0          0   __rtentry.o
        20          0          0          0          0          0   __rtentry2.o
         6          0          0          0          0          0   __rtentry4.o
        60          8          0          0          0          0   __scatter.o
        26          0          0          0          0          0   __scatter_copy.o
        28          0          0          0          0          0   __scatter_zi.o
       346          0          0          0          0         92   aeabi_sdiv.o
        16          0          0          0          0         68   exit.o
         6          0          0          0          0        136   heapauxi.o
         0          0          0          0          0          0   indicate_semi.o
         2          0          0          0          0          0   libinit.o
         2          0          0          0          0          0   libinit2.o
         2          0          0          0          0          0   libshutdown.o
         2          0          0          0          0          0   libshutdown2.o
         8          4          0          0         96         68   libspace.o
       186          0          0          0          0        144   rt_memcpy.o
         2          0          0          0          0          0   rtexit.o
        10          0          0          0          0          0   rtexit2.o
        12          4          0          0          0         60   sys_exit.o
        62          0          0          0          0         80   sys_stackheap_outer.o
         2          0          0          0          0         68   use_no_semi.o

    ----------------------------------------------------------------------
       810         16          0          0         96        784   Library Totals
         4          0          0          0          0          0   (incl. Padding)

    ----------------------------------------------------------------------

      Code (inc. data)   RO Data    RW Data    ZI Data      Debug   Library Name

       806         16          0          0         96        784   c_p.l

    ----------------------------------------------------------------------
       810         16          0          0         96        784   Library Totals

    ----------------------------------------------------------------------

==============================================================================


      Code (inc. data)   RO Data    RW Data    ZI Data      Debug   

      5460        376        208        104       2744     101904   Grand Totals
      5460        376        208        104       2744     101904   ELF Image Totals
      5460        376        208        104          0          0   ROM Totals

==============================================================================

    Total RO  Size (Code + RO Data)                 5668 (   5.54kB)
    Total RW  Size (RW Data + ZI Data)              2848 (   2.78kB)
    Total ROM Size (Code + RO Data + RW Data)       5772 (   5.64kB)

==============================================================================

