Component: ARM Compiler 5.06 update 6 (build 750) Tool: armlink [4d35ed]

==============================================================================

Section Cross References

    main.o(i.SERCOM0_Handler) refers to main.o(i._Z12verifyPackettPht) for verifyPacket(unsigned short, unsigned char*, unsigned short)
    main.o(i.SERCOM0_Handler) refers to queue.o(i.xQueueReceiveFromISR) for xQueueReceiveFromISR
    main.o(i.SERCOM0_Handler) refers to queue.o(i.xQueueGiveFromISR) for xQueueGiveFromISR
    main.o(i.SERCOM0_Handler) refers to main.o(.data) for .data
    main.o(i.SERCOM0_Handler) refers to main.o(.bss) for .bss
    main.o(i.SERCOM1_Handler) refers to queue.o(i.xQueueGenericSendFromISR) for xQueueGenericSendFromISR
    main.o(i.SERCOM1_Handler) refers to main.o(.data) for .data
    main.o(i._Z10setupParsePv) refers to queue.o(i.xQueueSemaphoreTake) for xQueueSemaphoreTake
    main.o(i._Z10setupParsePv) refers to tasks.o(i.xTaskCreate) for xTaskCreate
    main.o(i._Z10setupParsePv) refers to main.o(.data) for .data
    main.o(i._Z10setupParsePv) refers to main.o(i._Z18parseSmartmeshDataPv) for parseSmartmeshData(void*)
    main.o(i._Z12verifyPackettPht) refers to main.o(.data) for .data
    main.o(i._Z14bluetoothParsePv) refers to queue.o(i.xQueueReceive) for xQueueReceive
    main.o(i._Z14bluetoothParsePv) refers to main.o(.data) for .data
    main.o(i._Z18parseSmartmeshDataPv) refers to queue.o(i.xQueueSemaphoreTake) for xQueueSemaphoreTake
    main.o(i._Z18parseSmartmeshDataPv) refers to queue.o(i.xQueueGenericSend) for xQueueGenericSend
    main.o(i._Z18parseSmartmeshDataPv) refers to api.o(i._ZN13Smartmesh_API9subscribeEjj) for Smartmesh_API::subscribe(unsigned, unsigned)
    main.o(i._Z18parseSmartmeshDataPv) refers to api.o(i._ZN13Smartmesh_API8mgr_initEv) for Smartmesh_API::mgr_init()
    main.o(i._Z18parseSmartmeshDataPv) refers to tasks.o(i.vTaskDelete) for vTaskDelete
    main.o(i._Z18parseSmartmeshDataPv) refers to main.o(.data) for .data
    main.o(i._Z18parseSmartmeshDataPv) refers to main.o(.bss) for .bss
    main.o(i.__sti___8_main_cpp_30c642f8) refers to sercom.o(i._ZN4UARTC1EP18sercom_registers_ti) for UART::UART(sercom_registers_t*, int)
    main.o(i.__sti___8_main_cpp_30c642f8) refers to api.o(i._ZN13Smartmesh_APIC1EP4UART) for Smartmesh_API::Smartmesh_API(UART*)
    main.o(i.__sti___8_main_cpp_30c642f8) refers to queue.o(i.xQueueGenericCreate) for xQueueGenericCreate
    main.o(i.__sti___8_main_cpp_30c642f8) refers to main.o(.data) for .data
    main.o(i.__sti___8_main_cpp_30c642f8) refers to main.o(.bss) for .bss
    main.o(i.main) refers to tasks.o(i.xTaskCreate) for xTaskCreate
    main.o(i.main) refers to queue.o(i.xQueueGenericSend) for xQueueGenericSend
    main.o(i.main) refers to system_setup.o(i._Z12setup_systemv) for setup_system()
    main.o(i.main) refers to sercom.o(i._ZN4UARTC1EP18sercom_registers_ti) for UART::UART(sercom_registers_t*, int)
    main.o(i.main) refers to rt_memcpy.o(.emb_text) for __aeabi_memcpy4
    main.o(i.main) refers to api.o(i._ZN13Smartmesh_APIC1EP4UART) for Smartmesh_API::Smartmesh_API(UART*)
    main.o(i.main) refers to api.o(i._ZN13Smartmesh_API8mgr_initEv) for Smartmesh_API::mgr_init()
    main.o(i.main) refers to tasks.o(i.vTaskStartScheduler) for vTaskStartScheduler
    main.o(i.main) refers to main.o(i._Z10setupParsePv) for setupParse(void*)
    main.o(i.main) refers to main.o(.data) for .data
    main.o(i.main) refers to main.o(.bss) for .bss
    main.o(.ARM.exidx) refers to main.o(i._Z12verifyPackettPht) for i._Z12verifyPackettPht
    main.o(.ARM.exidx) refers to main.o(i._Z18parseSmartmeshDataPv) for i._Z18parseSmartmeshDataPv
    main.o(.ARM.exidx) refers to main.o(i._Z10setupParsePv) for i._Z10setupParsePv
    main.o(.ARM.exidx) refers to main.o(i._Z14bluetoothParsePv) for i._Z14bluetoothParsePv
    main.o(.ARM.exidx) refers to main.o(i.main) for i.main
    main.o(.ARM.exidx) refers to main.o(i.SERCOM0_Handler) for i.SERCOM0_Handler
    main.o(.ARM.exidx) refers to main.o(i.SERCOM1_Handler) for i.SERCOM1_Handler
    main.o(.ARM.exidx) refers to main.o(i.SERCOM2_Handler) for i.SERCOM2_Handler
    main.o(.ARM.exidx) refers to main.o(i.__sti___8_main_cpp_30c642f8) for i.__sti___8_main_cpp_30c642f8
    main.o(.init_array) refers to main.o(i.__sti___8_main_cpp_30c642f8) for __sti___8_main_cpp_30c642f8
    main.o(.init_array) refers to init_aeabi.o(.text) for __cpp_initialize__aeabi_
    system_setup.o(i._Z12setup_systemv) refers to rtc.o(i._Z9setup_rtcv) for setup_rtc()
    system_setup.o(i._Z12setup_systemv) refers to system_saml21g18b.o(.data) for SystemCoreClock
    system_setup.o(i._Z7verifyPtPht) refers to system_setup.o(.data) for .data
    system_setup.o(.ARM.exidx) refers to system_setup.o(i._Z7verifyPtPht) for i._Z7verifyPtPht
    system_setup.o(.ARM.exidx) refers to system_setup.o(i._Z12setup_systemv) for i._Z12setup_systemv
    rtc.o(.ARM.exidx) refers to rtc.o(i._Z9setup_rtcv) for i._Z9setup_rtcv
[...]
    ../clib/memcpset.c                       0x00000000   Number         0  aeabi_memset.o ABSOLUTE
    ../clib/memcpset.c                       0x00000000   Number         0  rt_memclr.o ABSOLUTE
    ../clib/memcpset.c                       0x00000000   Number         0  rt_memcpy.o ABSOLUTE
    ../clib/memcpset.c                       0x00000000   Number         0  rt_memcpy.o ABSOLUTE
    ../clib/misc.s                           0x00000000   Number         0  printf_stubs.o ABSOLUTE
    ../clib/printf.c                         0x00000000   Number         0  _printf_fp_infnan.o ABSOLUTE
    ../clib/printf.c                         0x00000000   Number         0  _printf_hex_int.o ABSOLUTE
    ../clib/printf.c                         0x00000000   Number         0  _printf_hex_ll.o ABSOLUTE
    ../clib/printf.c                         0x00000000   Number         0  _printf_char_common.o ABSOLUTE
    ../clib/printf.c                         0x00000000   Number         0  _printf_charcount.o ABSOLUTE
    ../clib/printf.c                         0x00000000   Number         0  _printf_oct_int_ll.o ABSOLUTE
    ../clib/printf.c                         0x00000000   Number         0  _printf_oct_int.o ABSOLUTE
    ../clib/printf.c                         0x00000000   Number         0  _printf_dec.o ABSOLUTE
    ../clib/printf.c                         0x00000000   Number         0  _printf_intcommon.o ABSOLUTE
    ../clib/printf.c                         0x00000000   Number         0  _printf_oct_ll.o ABSOLUTE
    ../clib/printf.c                         0x00000000   Number         0  _printf_longlong_dec.o ABSOLUTE
    ../clib/printf.c                         0x00000000   Number         0  _printf_wctomb.o ABSOLUTE
    ../clib/printf.c                         0x00000000   Number         0  _printf_fp_dec.o ABSOLUTE
    ../clib/printf.c                         0x00000000   Number         0  __printf_nopercent.o ABSOLUTE
    ../clib/printf.c                         0x00000000   Number         0  _printf_hex_ptr.o ABSOLUTE
    ../clib/printf.c                         0x00000000   Number         0  _printf_char.o ABSOLUTE
    ../clib/printf.c                         0x00000000   Number         0  _printf_wchar.o ABSOLUTE
    ../clib/printf.c                         0x00000000   Number         0  _printf_truncate.o ABSOLUTE
    ../clib/printf.c                         0x00000000   Number         0  _printf_pad.o ABSOLUTE
    ../clib/printf.c                         0x00000000   Number         0  __printf_flags_ss_wp.o ABSOLUTE
    ../clib/printf.c                         0x00000000   Number         0  __printf_ss_wp.o ABSOLUTE
    ../clib/printf.c                         0x00000000   Number         0  __printf_flags_wp.o ABSOLUTE
    ../clib/printf.c                         0x00000000   Number         0  __printf_wp.o ABSOLUTE
    ../clib/printf.c                         0x00000000   Number         0  __printf_flags_ss.o ABSOLUTE
    ../clib/printf.c                         0x00000000   Number         0  __printf_ss.o ABSOLUTE
    ../clib/printf.c                         0x00000000   Number         0  c89vsprintf.o ABSOLUTE
    ../clib/printf.c                         0x00000000   Number         0  __printf_flags.o ABSOLUTE
    ../clib/printf.c                         0x00000000   Number         0  __printf.o ABSOLUTE
    ../clib/printf.c                         0x00000000   Number         0  _printf_hex_int_ll_ptr.o ABSOLUTE
    ../clib/printf.c                         0x00000000   Number         0  _printf_hex_ll_ptr.o ABSOLUTE
    ../clib/printf.c                         0x00000000   Number         0  _sputc.o ABSOLUTE
    ../clib/printf.c                         0x00000000   Number         0  _printf_hex_int_ptr.o ABSOLUTE
    ../clib/printf.c                         0x00000000   Number         0  _printf_hex_int_ll.o ABSOLUTE
    ../clib/printf.c                         0x00000000   Number         0  _printf_str.o ABSOLUTE
    ../clib/printf_percent.s                 0x00000000   Number         0  _printf_c.o ABSOLUTE
    ../clib/printf_percent.s                 0x00000000   Number         0  _printf_a.o ABSOLUTE
    ../clib/printf_percent.s                 0x00000000   Number         0  _printf_s.o ABSOLUTE
    ../clib/printf_percent.s                 0x00000000   Number         0  _printf_llx.o ABSOLUTE
    ../clib/printf_percent.s                 0x00000000   Number         0  _printf_llo.o ABSOLUTE
    ../clib/printf_percent.s                 0x00000000   Number         0  _printf_ls.o ABSOLUTE
    ../clib/printf_percent.s                 0x00000000   Number         0  _printf_lc.o ABSOLUTE
    ../clib/printf_percent.s                 0x00000000   Number         0  _printf_l.o ABSOLUTE
    ../clib/printf_percent.s                 0x00000000   Number         0  _printf_ll.o ABSOLUTE
    ../clib/printf_percent.s                 0x00000000   Number         0  _printf_llu.o ABSOLUTE
    ../clib/printf_percent.s                 0x00000000   Number         0  _printf_lld.o ABSOLUTE
    ../clib/printf_percent.s                 0x00000000   Number         0  _printf_lli.o ABSOLUTE
    ../clib/printf_percent.s                 0x00000000   Number         0  _printf_percent.o ABSOLUTE
    ../clib/printf_percent.s                 0x00000000   Number         0  _printf_g.o ABSOLUTE
    ../clib/printf_percent.s                 0x00000000   Number         0  _printf_percent_end.o ABSOLUTE
    ../clib/printf_percent.s                 0x00000000   Number         0  _printf_e.o ABSOLUTE
    ../clib/printf_percent.s                 0x00000000   Number         0  _printf_f.o ABSOLUTE
    ../clib/printf_percent.s                 0x00000000   Number         0  _printf_u.o ABSOLUTE
    ../clib/printf_percent.s                 0x00000000   Number         0  _printf_d.o ABSOLUTE
    ../clib/printf_percent.s                 0x00000000   Number         0  _printf_i.o ABSOLUTE
    ../clib/printf_percent.s                 0x00000000   Number         0  _printf_o.o ABSOLUTE
    ../clib/printf_percent.s                 0x00000000   Number         0  _printf_p.o ABSOLUTE
    ../clib/printf_percent.s                 0x00000000   Number         0  _printf_x.o ABSOLUTE
    ../clib/printf_percent.s                 0x00000000   Number         0  _printf_n.o ABSOLUTE
    ../clib/signal.c                         0x00000000   Number         0  defsig_pvfn_inner.o ABSOLUTE
    ../clib/signal.c                         0x00000000   Number         0  defsig_cppl_inner.o ABSOLUTE
    ../clib/signal.c                         0x00000000   Number         0  defsig_rtmem_inner.o ABSOLUTE
    ../clib/signal.c                         0x00000000   Number         0  __raise.o ABSOLUTE
    ../clib/signal.c                         0x00000000   Number         0  defsig_segv_inner.o ABSOLUTE
    ../clib/signal.c                         0x00000000   Number         0  defsig_other.o ABSOLUTE
    ../clib/signal.c                         0x00000000   Number         0  defsig_exit.o ABSOLUTE
    ../clib/signal.c                         0x00000000   Number         0  defsig_stak_inner.o ABSOLUTE
    ../clib/signal.c                         0x00000000   Number         0  defsig_rtmem_outer.o ABSOLUTE
    ../clib/signal.c                         0x00000000   Number         0  defsig_fpe_formal.o ABSOLUTE
    ../clib/signal.c                         0x00000000   Number         0  defsig_fpe_outer.o ABSOLUTE
    ../clib/signal.c                         0x00000000   Number         0  defsig_fpe_inner.o ABSOLUTE
    ../clib/signal.c                         0x00000000   Number         0  defsig_abrt_inner.o ABSOLUTE
    ../clib/signal.c                         0x00000000   Number         0  defsig_rtred_inner.o ABSOLUTE
    ../clib/signal.c                         0x00000000   Number         0  defsig_rtmem_formal.o ABSOLUTE
    ../clib/signal.c                         0x00000000   Number         0  defsig_general.o ABSOLUTE
    ../clib/signal.s                         0x00000000   Number         0  defsig.o ABSOLUTE
    ../clib/stdlib.c                         0x00000000   Number         0  exit.o ABSOLUTE
    ../clib/string.c                         0x00000000   Number         0  strcmp.o ABSOLUTE
    ../fplib/cfplib/fpinit.c                 0x00000000   Number         0  fpinit.o ABSOLUTE
    ../fplib/cfplib/ieee_status.c            0x00000000   Number         0  ieee_status.o ABSOLUTE
    ../fplib/printf1.s                       0x00000000   Number         0  printf1.o ABSOLUTE
    ../fplib/usenofp.s                       0x00000000   Number         0  usenofp.o ABSOLUTE
    ../mathlib/fpclassify.c                  0x00000000   Number         0  fpclassify.o ABSOLUTE
    API.cpp                                  0x00000000   Number         0  api.o ABSOLUTE
    API.cpp                                  0x00000000   Number         0  api.o ABSOLUTE
    C:\Users\Arteom\AppData\Local\Arm\Packs\ARM\CMSIS-FreeRTOS\10.4.6\CMSIS\RTOS2\FreeRTOS\Source\ARM\clib_arm.c 0x00000000   Number         0  clib_arm.o ABSOLUTE
    C:\Users\Arteom\AppData\Local\Arm\Packs\ARM\CMSIS-FreeRTOS\10.4.6\CMSIS\RTOS2\FreeRTOS\Source\cmsis_os2.c 0x00000000   Number         0  cmsis_os2.o ABSOLUTE
    C:\Users\Arteom\AppData\Local\Arm\Packs\ARM\CMSIS-FreeRTOS\10.4.6\CMSIS\RTOS2\FreeRTOS\Source\freertos_evr.c 0x00000000   Number         0  freertos_evr.o ABSOLUTE
    C:\Users\Arteom\AppData\Local\Arm\Packs\ARM\CMSIS-FreeRTOS\10.4.6\CMSIS\RTOS2\FreeRTOS\Source\os_systick.c 0x00000000   Number         0  os_systick.o ABSOLUTE
    C:\Users\Arteom\AppData\Local\Arm\Packs\ARM\CMSIS-FreeRTOS\10.4.6\Source\croutine.c 0x00000000   Number         0  croutine.o ABSOLUTE
    C:\Users\Arteom\AppData\Local\Arm\Packs\ARM\CMSIS-FreeRTOS\10.4.6\Source\event_groups.c 0x00000000   Number         0  event_groups.o ABSOLUTE
    C:\Users\Arteom\AppData\Local\Arm\Packs\ARM\CMSIS-FreeRTOS\10.4.6\Source\list.c 0x00000000   Number         0  list.o ABSOLUTE
    C:\Users\Arteom\AppData\Local\Arm\Packs\ARM\CMSIS-FreeRTOS\10.4.6\Source\portable\MemMang\heap_4.c 0x00000000   Number         0  heap_4.o ABSOLUTE
    C:\Users\Arteom\AppData\Local\Arm\Packs\ARM\CMSIS-FreeRTOS\10.4.6\Source\portable\RVDS\ARM_CM0\port.c 0x00000000   Number         0  port.o ABSOLUTE
    C:\Users\Arteom\AppData\Local\Arm\Packs\ARM\CMSIS-FreeRTOS\10.4.6\Source\queue.c 0x00000000   Number         0  queue.o ABSOLUTE
    C:\Users\Arteom\AppData\Local\Arm\Packs\ARM\CMSIS-FreeRTOS\10.4.6\Source\stream_buffer.c 0x00000000   Number         0  stream_buffer.o ABSOLUTE
    C:\Users\Arteom\AppData\Local\Arm\Packs\ARM\CMSIS-FreeRTOS\10.4.6\Source\tasks.c 0x00000000   Number         0  tasks.o ABSOLUTE
    C:\Users\Arteom\AppData\Local\Arm\Packs\ARM\CMSIS-FreeRTOS\10.4.6\Source\timers.c 0x00000000   Number         0  timers.o ABSOLUTE
    C:\\Users\\Arteom\\AppData\\Local\\Arm\\Packs\\ARM\\CMSIS-FreeRTOS\\10.4.6\\CMSIS\\RTOS2\\FreeRTOS\\Source\\ARM\\clib_arm.c 0x00000000   Number         0  clib_arm.o ABSOLUTE
    C:\\Users\\Arteom\\AppData\\Local\\Arm\\Packs\\ARM\\CMSIS-FreeRTOS\\10.4.6\\CMSIS\\RTOS2\\FreeRTOS\\Source\\cmsis_os2.c 0x00000000   Number         0  cmsis_os2.o ABSOLUTE
    C:\\Users\\Arteom\\AppData\\Local\\Arm\\Packs\\ARM\\CMSIS-FreeRTOS\\10.4.6\\CMSIS\\RTOS2\\FreeRTOS\\Source\\freertos_evr.c 0x00000000   Number         0  freertos_evr.o ABSOLUTE
    C:\\Users\\Arteom\\AppData\\Local\\Arm\\Packs\\ARM\\CMSIS-FreeRTOS\\10.4.6\\CMSIS\\RTOS2\\FreeRTOS\\Source\\os_systick.c 0x00000000   Number         0  os_systick.o ABSOLUTE
    C:\\Users\\Arteom\\AppData\\Local\\Arm\\Packs\\ARM\\CMSIS-FreeRTOS\\10.4.6\\Source\\croutine.c 0x00000000   Number         0  croutine.o ABSOLUTE
    C:\\Users\\Arteom\\AppData\\Local\\Arm\\Packs\\ARM\\CMSIS-FreeRTOS\\10.4.6\\Source\\event_groups.c 0x00000000   Number         0  event_groups.o ABSOLUTE
    C:\\Users\\Arteom\\AppData\\Local\\Arm\\Packs\\ARM\\CMSIS-FreeRTOS\\10.4.6\\Source\\list.c 0x00000000   Number         0  list.o ABSOLUTE
    C:\\Users\\Arteom\\AppData\\Local\\Arm\\Packs\\ARM\\CMSIS-FreeRTOS\\10.4.6\\Source\\portable\\MemMang\\heap_4.c 0x00000000   Number         0  heap_4.o ABSOLUTE
    C:\\Users\\Arteom\\AppData\\Local\\Arm\\Packs\\ARM\\CMSIS-FreeRTOS\\10.4.6\\Source\\portable\\RVDS\\ARM_CM0\\port.c 0x00000000   Number         0  port.o ABSOLUTE
    C:\\Users\\Arteom\\AppData\\Local\\Arm\\Packs\\ARM\\CMSIS-FreeRTOS\\10.4.6\\Source\\queue.c 0x00000000   Number         0  queue.o ABSOLUTE
    C:\\Users\\Arteom\\AppData\\Local\\Arm\\Packs\\ARM\\CMSIS-FreeRTOS\\10.4.6\\Source\\stream_buffer.c 0x00000000   Number         0  stream_buffer.o ABSOLUTE
    C:\\Users\\Arteom\\AppData\\Local\\Arm\\Packs\\ARM\\CMSIS-FreeRTOS\\10.4.6\\Source\\tasks.c 0x00000000   Number         0  tasks.o ABSOLUTE
    C:\\Users\\Arteom\\AppData\\Local\\Arm\\Packs\\ARM\\CMSIS-FreeRTOS\\10.4.6\\Source\\timers.c 0x00000000   Number         0  timers.o ABSOLUTE
    DMA.cpp                                  0x00000000   Number         0  dma.o ABSOLUTE
    RTC.cpp                                  0x00000000   Number         0  rtc.o ABSOLUTE
    RTC.cpp                                  0x00000000   Number         0  rtc.o ABSOLUTE
    RTE\Device\ATSAML21G18B\startup_saml21g18b.s 0x00000000   Number         0  startup_saml21g18b.o ABSOLUTE
    RTE\Device\ATSAML21G18B\system_saml21g18b.c 0x00000000   Number         0  system_saml21g18b.o ABSOLUTE
    RTE\\Device\\ATSAML21G18B\\system_saml21g18b.c 0x00000000   Number         0  system_saml21g18b.o ABSOLUTE
    SERCOM.cpp                               0x00000000   Number         0  sercom.o ABSOLUTE
    SERCOM.cpp                               0x00000000   Number         0  sercom.o ABSOLUTE
    dc.s                                     0x00000000   Number         0  dc.o ABSOLUTE
    main.cpp                                 0x00000000   Number         0  main.o ABSOLUTE
    main.cpp                                 0x00000000   Number         0  main.o ABSOLUTE
    system_setup.cpp                         0x00000000   Number         0  system_setup.o ABSOLUTE
    system_setup.cpp                         0x00000000   Number         0  system_setup.o ABSOLUTE
    !!!main                                  0x000000b0   Section        8  __main.o(!!!main)
    !!!scatter                               0x000000b8   Section       60  __scatter.o(!!!scatter)
    !!handler_zi                             0x000000f4   Section       28  __scatter_zi.o(!!handler_zi)
    .ARM.Collect$$libinit$$00000000          0x00000110   Section        2  libinit.o(.ARM.Collect$$libinit$$00000000)
    .ARM.Collect$$libinit$$00000002          0x00000112   Section        0  libinit2.o(.ARM.Collect$$libinit$$00000002)
    .ARM.Collect$$libinit$$00000004          0x00000112   Section        0  libinit2.o(.ARM.Collect$$libinit$$00000004)
    .ARM.Collect$$libinit$$0000000A          0x00000112   Section        0  libinit2.o(.ARM.Collect$$libinit$$0000000A)
    .ARM.Collect$$libinit$$0000000C          0x00000112   Section        0  libinit2.o(.ARM.Collect$$libinit$$0000000C)
    .ARM.Collect$$libinit$$0000000E          0x00000112   Section        0  libinit2.o(.ARM.Collect$$libinit$$0000000E)
    .ARM.Collect$$libinit$$00000011          0x00000112   Section        0  libinit2.o(.ARM.Collect$$libinit$$00000011)
    .ARM.Collect$$libinit$$00000013          0x00000112   Section        0  libinit2.o(.ARM.Collect$$libinit$$00000013)
    .ARM.Collect$$libinit$$00000015          0x00000112   Section        0  libinit2.o(.ARM.Collect$$libinit$$00000015)
    .ARM.Collect$$libinit$$00000017          0x00000112   Section        0  libinit2.o(.ARM.Collect$$libinit$$00000017)
    .ARM.Collect$$libinit$$00000019          0x00000112   Section        0  libinit2.o(.ARM.Collect$$libinit$$00000019)
    .ARM.Collect$$libinit$$0000001B          0x00000112   Section        0  libinit2.o(.ARM.Collect$$libinit$$0000001B)
    .ARM.Collect$$libinit$$0000001D          0x00000112   Section        0  libinit2.o(.ARM.Collect$$libinit$$0000001D)
    .ARM.Collect$$libinit$$0000001F          0x00000112   Section        0  libinit2.o(.ARM.Collect$$libinit$$0000001F)
    .ARM.Collect$$libinit$$00000021          0x00000112   Section        0  libinit2.o(.ARM.Collect$$libinit$$00000021)
    .ARM.Collect$$libinit$$00000023          0x00000112   Section        0  libinit2.o(.ARM.Collect$$libinit$$00000023)
    .ARM.Collect$$libinit$$00000025          0x00000112   Section        0  libinit2.o(.ARM.Collect$$libinit$$00000025)
    .ARM.Collect$$libinit$$0000002C          0x00000112   Section        0  libinit2.o(.ARM.Collect$$libinit$$0000002C)
    .ARM.Collect$$libinit$$0000002E          0x00000112   Section        0  libinit2.o(.ARM.Collect$$libinit$$0000002E)
    .ARM.Collect$$libinit$$00000030          0x00000112   Section        0  libinit2.o(.ARM.Collect$$libinit$$00000030)
    .ARM.Collect$$libinit$$00000031          0x00000112   Section        4  libinit2.o(.ARM.Collect$$libinit$$00000031)
    .ARM.Collect$$libinit$$00000032          0x00000116   Section        0  libinit2.o(.ARM.Collect$$libinit$$00000032)
    .ARM.Collect$$libinit$$00000033          0x00000116   Section        2  libinit2.o(.ARM.Collect$$libinit$$00000033)
    .ARM.Collect$$libshutdown$$00000000      0x00000118   Section        2  libshutdown.o(.ARM.Collect$$libshutdown$$00000000)
    .ARM.Collect$$libshutdown$$00000002      0x0000011a   Section        0  libshutdown2.o(.ARM.Collect$$libshutdown$$00000002)
    .ARM.Collect$$libshutdown$$00000004      0x0000011a   Section        0  libshutdown2.o(.ARM.Collect$$libshutdown$$00000004)
    .ARM.Collect$$libshutdown$$00000007      0x0000011a   Section        0  libshutdown2.o(.ARM.Collect$$libshutdown$$00000007)
    .ARM.Collect$$libshutdown$$0000000A      0x0000011a   Section        0  libshutdown2.o(.ARM.Collect$$libshutdown$$0000000A)
    .ARM.Collect$$libshutdown$$0000000C      0x0000011a   Section        0  libshutdown2.o(.ARM.Collect$$libshutdown$$0000000C)
    .ARM.Collect$$libshutdown$$0000000F      0x0000011a   Section        0  libshutdown2.o(.ARM.Collect$$libshutdown$$0000000F)
    .ARM.Collect$$libshutdown$$00000010      0x0000011a   Section        2  libshutdown2.o(.ARM.Collect$$libshutdown$$00000010)
    .ARM.Collect$$rtentry$$00000000          0x0000011c   Section        0  __rtentry.o(.ARM.Collect$$rtentry$$00000000)
    .ARM.Collect$$rtentry$$00000002          0x0000011c   Section        0  __rtentry2.o(.ARM.Collect$$rtentry$$00000002)
    .ARM.Collect$$rtentry$$00000004          0x0000011c   Section        6  __rtentry4.o(.ARM.Collect$$rtentry$$00000004)
    .ARM.Collect$$rtentry$$00000008          0x00000122   Section        8  __rtentry2.o(.ARM.Collect$$rtentry$$00000008)
    .ARM.Collect$$rtentry$$0000000A          0x0000012a   Section        4  __rtentry2.o(.ARM.Collect$$rtentry$$0000000A)
    .ARM.Collect$$rtentry$$0000000C          0x0000012e   Section        0  __rtentry2.o(.ARM.Collect$$rtentry$$0000000C)
    .ARM.Collect$$rtentry$$0000000D          0x0000012e   Section        8  __rtentry2.o(.ARM.Collect$$rtentry$$0000000D)
    .ARM.Collect$$rtexit$$00000000           0x00000136   Section        2  rtexit.o(.ARM.Collect$$rtexit$$00000000)
    .ARM.Collect$$rtexit$$00000002           0x00000138   Section        0  rtexit2.o(.ARM.Collect$$rtexit$$00000002)
    .ARM.Collect$$rtexit$$00000003           0x00000138   Section        4  rtexit2.o(.ARM.Collect$$rtexit$$00000003)
    .ARM.Collect$$rtexit$$00000004           0x0000013c   Section        6  rtexit2.o(.ARM.Collect$$rtexit$$00000004)
    .emb_text                                0x00000144   Section      120  port.o(.emb_text)
    .emb_text                                0x000001bc   Section       56  rt_memcpy.o(.emb_text)
    .text                                    0x000001f4   Section       56  startup_saml21g18b.o(.text)
    .text                                    0x0000022c   Section        0  rt_memcpy.o(.text)
    .text                                    0x000002ae   Section        0  aeabi_memset.o(.text)
    .text                                    0x000002c0   Section        0  rt_memclr.o(.text)
    .text                                    0x00000300   Section      346  aeabi_sdiv.o(.text)
    .text                                    0x0000045a   Section        0  heapauxi.o(.text)
    .text                                    0x00000460   Section        0  init_aeabi.o(.text)
    .text                                    0x00000484   Section       62  sys_stackheap_outer.o(.text)
    .text                                    0x000004c2   Section        0  exit.o(.text)
    .text                                    0x000004d4   Section        8  libspace.o(.text)
    .text                                    0x000004dc   Section        0  sys_exit.o(.text)
    .text                                    0x000004e8   Section        2  use_no_semi.o(.text)
    .text                                    0x000004ea   Section        0  indicate_semi.o(.text)
    .text                                    0x000004ea   Section        0  __dclz77c.o(.text)
    i.SERCOM0_Handler                        0x0000054c   Section        0  main.o(i.SERCOM0_Handler)
    i.SERCOM1_Handler                        0x00000648   Section        0  main.o(i.SERCOM1_Handler)
    i.SERCOM2_Handler                        0x00000678   Section        0  main.o(i.SERCOM2_Handler)
    i.SVC_Handler                            0x0000068c   Section        0  port.o(i.SVC_Handler)
    i.SysTick_Handler                        0x00000690   Section        0  cmsis_os2.o(i.SysTick_Handler)
    i.SystemInit                             0x000006a8   Section        0  system_saml21g18b.o(i.SystemInit)
    i._Z10setupParsePv                       0x000006b8   Section        0  main.o(i._Z10setupParsePv)
    i._Z12setup_systemv                      0x000006f0   Section        0  system_setup.o(i._Z12setup_systemv)
    i._Z12verifyPackettPht                   0x00000828   Section        0  main.o(i._Z12verifyPackettPht)
    i._Z18parseSmartmeshDataPv               0x00000858   Section        0  main.o(i._Z18parseSmartmeshDataPv)
    i._Z9setup_rtcv                          0x000008fc   Section        0  rtc.o(i._Z9setup_rtcv)
    i._ZN13Smartmesh_API11init_packetEhh     0x000008fe   Section        0  api.o(i._ZN13Smartmesh_API11init_packetEhh)
    i._ZN13Smartmesh_API12checksumDataEtPht  0x00000920   Section        0  api.o(i._ZN13Smartmesh_API12checksumDataEtPht)
    i._ZN13Smartmesh_API8mgr_initEv          0x00000950   Section        0  api.o(i._ZN13Smartmesh_API8mgr_initEv)
    i._ZN13Smartmesh_API9subscribeEjj        0x0000098c   Section        0  api.o(i._ZN13Smartmesh_API9subscribeEjj)
    i._ZN13Smartmesh_APIC1EP4UART            0x000009d0   Section        0  api.o(i._ZN13Smartmesh_APIC1EP4UART)
    i._ZN4UART10send_arrayEPhh               0x000009dc   Section        0  sercom.o(i._ZN4UART10send_arrayEPhh)
    i._ZN4UARTC1EP18sercom_registers_ti      0x00000a14   Section        0  sercom.o(i._ZN4UARTC1EP18sercom_registers_ti)
    i.__ARM_common_switch8                   0x00000ab8   Section        0  cmsis_os2.o(i.__ARM_common_switch8)
    i.__sti___8_main_cpp_30c642f8            0x00000ad4   Section        0  main.o(i.__sti___8_main_cpp_30c642f8)
    __sti___8_main_cpp_30c642f8              0x00000ad5   Thumb Code    66  main.o(i.__sti___8_main_cpp_30c642f8)
    i._mutex_acquire                         0x00000b20   Section        0  clib_arm.o(i._mutex_acquire)
    __tagsym$$used                           0x00000b21   Number         0  clib_arm.o(i._mutex_acquire)
    i._mutex_free                            0x00000b38   Section        0  clib_arm.o(i._mutex_free)
    __tagsym$$used                           0x00000b39   Number         0  clib_arm.o(i._mutex_free)
    i._mutex_initialize                      0x00000b64   Section        0  clib_arm.o(i._mutex_initialize)
    __tagsym$$used                           0x00000b65   Number         0  clib_arm.o(i._mutex_initialize)
    i._mutex_release                         0x00000bbc   Section        0  clib_arm.o(i._mutex_release)
    __tagsym$$used                           0x00000bbd   Number         0  clib_arm.o(i._mutex_release)
    i._platform_post_stackheap_init          0x00000bd6   Section        0  clib_arm.o(i._platform_post_stackheap_init)
    i.main                                   0x00000bd8   Section        0  main.o(i.main)
    i.os_kernel_is_active                    0x00000c50   Section        0  clib_arm.o(i.os_kernel_is_active)
    os_kernel_is_active                      0x00000c51   Thumb Code    18  clib_arm.o(i.os_kernel_is_active)
    i.prvAddCurrentTaskToDelayedList         0x00000c64   Section        0  tasks.o(i.prvAddCurrentTaskToDelayedList)
    prvAddCurrentTaskToDelayedList           0x00000c65   Thumb Code   108  tasks.o(i.prvAddCurrentTaskToDelayedList)
    i.prvAddNewTaskToReadyList               0x00000cd8   Section        0  tasks.o(i.prvAddNewTaskToReadyList)
    prvAddNewTaskToReadyList                 0x00000cd9   Thumb Code   140  tasks.o(i.prvAddNewTaskToReadyList)
    i.prvCheckForValidListAndQueue           0x00000d6c   Section        0  timers.o(i.prvCheckForValidListAndQueue)
    prvCheckForValidListAndQueue             0x00000d6d   Thumb Code    64  timers.o(i.prvCheckForValidListAndQueue)
    i.prvCheckTasksWaitingTermination        0x00000db4   Section        0  tasks.o(i.prvCheckTasksWaitingTermination)
    prvCheckTasksWaitingTermination          0x00000db5   Thumb Code    52  tasks.o(i.prvCheckTasksWaitingTermination)
    i.prvCopyDataFromQueue                   0x00000df0   Section        0  queue.o(i.prvCopyDataFromQueue)
    prvCopyDataFromQueue                     0x00000df1   Thumb Code    36  queue.o(i.prvCopyDataFromQueue)
    i.prvCopyDataToQueue                     0x00000e14   Section        0  queue.o(i.prvCopyDataToQueue)
    prvCopyDataToQueue                       0x00000e15   Thumb Code   112  queue.o(i.prvCopyDataToQueue)
    i.prvDeleteTCB                           0x00000e84   Section        0  tasks.o(i.prvDeleteTCB)
    prvDeleteTCB                             0x00000e85   Thumb Code    38  tasks.o(i.prvDeleteTCB)
    i.prvGetDisinheritPriorityAfterTimeout   0x00000eaa   Section        0  queue.o(i.prvGetDisinheritPriorityAfterTimeout)
    prvGetDisinheritPriorityAfterTimeout     0x00000eab   Thumb Code    20  queue.o(i.prvGetDisinheritPriorityAfterTimeout)
    i.prvGetNextExpireTime                   0x00000ec0   Section        0  timers.o(i.prvGetNextExpireTime)
    prvGetNextExpireTime                     0x00000ec1   Thumb Code    32  timers.o(i.prvGetNextExpireTime)
    i.prvHeapInit                            0x00000ee4   Section        0  heap_4.o(i.prvHeapInit)
    prvHeapInit                              0x00000ee5   Thumb Code    66  heap_4.o(i.prvHeapInit)
    i.prvIdleTask                            0x00000f30   Section        0  tasks.o(i.prvIdleTask)
    prvIdleTask                              0x00000f31   Thumb Code    18  tasks.o(i.prvIdleTask)
    i.prvInitialiseMutex                     0x00000f48   Section        0  queue.o(i.prvInitialiseMutex)
    prvInitialiseMutex                       0x00000f49   Thumb Code    26  queue.o(i.prvInitialiseMutex)
    i.prvInitialiseNewQueue                  0x00000f62   Section        0  queue.o(i.prvInitialiseNewQueue)
    prvInitialiseNewQueue                    0x00000f63   Thumb Code    34  queue.o(i.prvInitialiseNewQueue)
    i.prvInitialiseNewTask                   0x00000f84   Section        0  tasks.o(i.prvInitialiseNewTask)
    prvInitialiseNewTask                     0x00000f85   Thumb Code   144  tasks.o(i.prvInitialiseNewTask)
    i.prvInitialiseTaskLists                 0x00001014   Section        0  tasks.o(i.prvInitialiseTaskLists)
    prvInitialiseTaskLists                   0x00001015   Thumb Code    72  tasks.o(i.prvInitialiseTaskLists)
    i.prvInsertBlockIntoFreeList             0x00001068   Section        0  heap_4.o(i.prvInsertBlockIntoFreeList)
    prvInsertBlockIntoFreeList               0x00001069   Thumb Code    78  heap_4.o(i.prvInsertBlockIntoFreeList)
    i.prvInsertTimerInActiveList             0x000010bc   Section        0  timers.o(i.prvInsertTimerInActiveList)
    prvInsertTimerInActiveList               0x000010bd   Thumb Code    60  timers.o(i.prvInsertTimerInActiveList)
    i.prvIsQueueEmpty                        0x000010fc   Section        0  queue.o(i.prvIsQueueEmpty)
    prvIsQueueEmpty                          0x000010fd   Thumb Code    28  queue.o(i.prvIsQueueEmpty)
    i.prvIsQueueFull                         0x00001118   Section        0  queue.o(i.prvIsQueueFull)
    prvIsQueueFull                           0x00001119   Thumb Code    30  queue.o(i.prvIsQueueFull)
    i.prvProcessExpiredTimer                 0x00001138   Section        0  timers.o(i.prvProcessExpiredTimer)
    prvProcessExpiredTimer                   0x00001139   Thumb Code    58  timers.o(i.prvProcessExpiredTimer)
    i.prvProcessReceivedCommands             0x00001178   Section        0  timers.o(i.prvProcessReceivedCommands)
    prvProcessReceivedCommands               0x00001179   Thumb Code   224  timers.o(i.prvProcessReceivedCommands)
    i.prvProcessTimerOrBlockTask             0x0000125c   Section        0  timers.o(i.prvProcessTimerOrBlockTask)
    prvProcessTimerOrBlockTask               0x0000125d   Thumb Code    96  timers.o(i.prvProcessTimerOrBlockTask)
    i.prvReloadTimer                         0x000012c0   Section        0  timers.o(i.prvReloadTimer)
    prvReloadTimer                           0x000012c1   Thumb Code    40  timers.o(i.prvReloadTimer)
    i.prvResetNextTaskUnblockTime            0x000012e8   Section        0  tasks.o(i.prvResetNextTaskUnblockTime)
    prvResetNextTaskUnblockTime              0x000012e9   Thumb Code    28  tasks.o(i.prvResetNextTaskUnblockTime)
    i.prvSampleTimeNow                       0x00001308   Section        0  timers.o(i.prvSampleTimeNow)
    prvSampleTimeNow                         0x00001309   Thumb Code    38  timers.o(i.prvSampleTimeNow)
    i.prvSwitchTimerLists                    0x00001334   Section        0  timers.o(i.prvSwitchTimerLists)
    prvSwitchTimerLists                      0x00001335   Thumb Code    38  timers.o(i.prvSwitchTimerLists)
    i.prvTaskExitError                       0x00001360   Section        0  port.o(i.prvTaskExitError)
    prvTaskExitError                         0x00001361   Thumb Code     4  port.o(i.prvTaskExitError)
    i.prvTimerTask                           0x00001364   Section        0  timers.o(i.prvTimerTask)
    prvTimerTask                             0x00001365   Thumb Code    20  timers.o(i.prvTimerTask)
    i.prvUnlockQueue                         0x00001378   Section        0  queue.o(i.prvUnlockQueue)
    prvUnlockQueue                           0x00001379   Thumb Code   112  queue.o(i.prvUnlockQueue)
    i.pvPortMalloc                           0x000013e8   Section        0  heap_4.o(i.pvPortMalloc)
    i.pvTaskIncrementMutexHeldCount          0x0000149c   Section        0  tasks.o(i.pvTaskIncrementMutexHeldCount)
    i.pxPortInitialiseStack                  0x000014b4   Section        0  port.o(i.pxPortInitialiseStack)
    i.uxListRemove                           0x000014d4   Section        0  list.o(i.uxListRemove)
    i.vApplicationGetIdleTaskMemory          0x000014fc   Section        0  cmsis_os2.o(i.vApplicationGetIdleTaskMemory)
    i.vApplicationGetTimerTaskMemory         0x00001510   Section        0  cmsis_os2.o(i.vApplicationGetTimerTaskMemory)
    i.vApplicationStackOverflowHook          0x00001524   Section        0  cmsis_os2.o(i.vApplicationStackOverflowHook)
    i.vListInitialise                        0x00001526   Section        0  list.o(i.vListInitialise)
    i.vListInitialiseItem                    0x0000153c   Section        0  list.o(i.vListInitialiseItem)
    i.vListInsert                            0x00001542   Section        0  list.o(i.vListInsert)
    i.vListInsertEnd                         0x00001572   Section        0  list.o(i.vListInsertEnd)
    i.vPortEnterCritical                     0x0000158c   Section        0  port.o(i.vPortEnterCritical)
    i.vPortExitCritical                      0x000015a4   Section        0  port.o(i.vPortExitCritical)
    i.vPortFree                              0x000015b8   Section        0  heap_4.o(i.vPortFree)
    i.vPortSetupTimerInterrupt               0x000015f8   Section        0  port.o(i.vPortSetupTimerInterrupt)
    i.vPortYield                             0x00001620   Section        0  port.o(i.vPortYield)
    i.vQueueDelete                           0x00001638   Section        0  queue.o(i.vQueueDelete)
    i.vQueueWaitForMessageRestricted         0x00001648   Section        0  queue.o(i.vQueueWaitForMessageRestricted)
    i.vTaskDelete                            0x00001690   Section        0  tasks.o(i.vTaskDelete)
    i.vTaskInternalSetTimeOutState           0x00001704   Section        0  tasks.o(i.vTaskInternalSetTimeOutState)
    i.vTaskMissedYield                       0x00001714   Section        0  tasks.o(i.vTaskMissedYield)
    i.vTaskPlaceOnEventList                  0x00001720   Section        0  tasks.o(i.vTaskPlaceOnEventList)
    i.vTaskPlaceOnEventListRestricted        0x0000173c   Section        0  tasks.o(i.vTaskPlaceOnEventListRestricted)
    i.vTaskPriorityDisinheritAfterTimeout    0x00001780   Section        0  tasks.o(i.vTaskPriorityDisinheritAfterTimeout)
    i.vTaskStartScheduler                    0x00001800   Section        0  tasks.o(i.vTaskStartScheduler)
    i.vTaskSuspendAll                        0x0000186c   Section        0  tasks.o(i.vTaskSuspendAll)
    i.vTaskSwitchContext                     0x0000187c   Section        0  tasks.o(i.vTaskSwitchContext)
    i.xPortStartScheduler                    0x000018f8   Section        0  port.o(i.xPortStartScheduler)
    i.xPortSysTickHandler                    0x00001928   Section        0  port.o(i.xPortSysTickHandler)
    i.xQueueCreateMutex                      0x0000194c   Section        0  queue.o(i.xQueueCreateMutex)
    i.xQueueCreateMutexStatic                0x00001964   Section        0  queue.o(i.xQueueCreateMutexStatic)
    i.xQueueGenericCreate                    0x00001980   Section        0  queue.o(i.xQueueGenericCreate)
    i.xQueueGenericCreateStatic              0x000019ca   Section        0  queue.o(i.xQueueGenericCreateStatic)
    i.xQueueGenericReset                     0x000019fc   Section        0  queue.o(i.xQueueGenericReset)
    i.xQueueGenericSend                      0x00001a7e   Section        0  queue.o(i.xQueueGenericSend)
    i.xQueueGenericSendFromISR               0x00001b60   Section        0  queue.o(i.xQueueGenericSendFromISR)
    i.xQueueGiveFromISR                      0x00001bc8   Section        0  queue.o(i.xQueueGiveFromISR)
    i.xQueueReceive                          0x00001c1c   Section        0  queue.o(i.xQueueReceive)
    i.xQueueReceiveFromISR                   0x00001cf8   Section        0  queue.o(i.xQueueReceiveFromISR)
    i.xQueueSemaphoreTake                    0x00001d5a   Section        0  queue.o(i.xQueueSemaphoreTake)
    i.xTaskCheckForTimeOut                   0x00001e6c   Section        0  tasks.o(i.xTaskCheckForTimeOut)
    i.xTaskCreate                            0x00001ec0   Section        0  tasks.o(i.xTaskCreate)
    i.xTaskCreateStatic                      0x00001f20   Section        0  tasks.o(i.xTaskCreateStatic)
    i.xTaskGetSchedulerState                 0x00001f5c   Section        0  tasks.o(i.xTaskGetSchedulerState)
    i.xTaskGetTickCount                      0x00001f7c   Section        0  tasks.o(i.xTaskGetTickCount)
    i.xTaskIncrementTick                     0x00001f88   Section        0  tasks.o(i.xTaskIncrementTick)
    i.xTaskPriorityDisinherit                0x00002090   Section        0  tasks.o(i.xTaskPriorityDisinherit)
    i.xTaskPriorityInherit                   0x00002100   Section        0  tasks.o(i.xTaskPriorityInherit)
    i.xTaskRemoveFromEventList               0x00002198   Section        0  tasks.o(i.xTaskRemoveFromEventList)
    i.xTaskResumeAll                         0x0000225c   Section        0  tasks.o(i.xTaskResumeAll)
    i.xTimerCreateTimerTask                  0x00002354   Section        0  timers.o(i.xTimerCreateTimerTask)
    .init_array                              0x000023cc   Section        4  main.o(.init_array)
    .init_array                              0x000023d0   Section        0  init_aeabi.o(.init_array)
    .data                                    0x20000000   Section      536  main.o(.data)
    fcstab                                   0x20000018   Data         512  main.o(.data)
    .data                                    0x20000218   Section      512  api.o(.data)
    fcstab                                   0x20000218   Data         512  api.o(.data)
    .data                                    0x20000418   Section        4  system_saml21g18b.o(.data)
    .data                                    0x2000041c   Section       32  heap_4.o(.data)
    pxEnd                                    0x2000041c   Data           4  heap_4.o(.data)
    xFreeBytesRemaining                      0x20000420   Data           4  heap_4.o(.data)
    xMinimumEverFreeBytesRemaining           0x20000424   Data           4  heap_4.o(.data)
    xNumberOfSuccessfulAllocations           0x20000428   Data           4  heap_4.o(.data)
    xNumberOfSuccessfulFrees                 0x2000042c   Data           4  heap_4.o(.data)
    xBlockAllocatedBit                       0x20000430   Data           4  heap_4.o(.data)
    xStart                                   0x20000434   Data           8  heap_4.o(.data)
    .data                                    0x2000043c   Section        4  port.o(.data)
    uxCriticalNesting                        0x2000043c   Data           4  port.o(.data)
    .data                                    0x20000440   Section       64  tasks.o(.data)
    uxDeletedTasksWaitingCleanUp             0x20000444   Data           4  tasks.o(.data)
    uxCurrentNumberOfTasks                   0x20000448   Data           4  tasks.o(.data)
    xTickCount                               0x2000044c   Data           4  tasks.o(.data)
    uxTopReadyPriority                       0x20000450   Data           4  tasks.o(.data)
    xSchedulerRunning                        0x20000454   Data           4  tasks.o(.data)
    xPendedTicks                             0x20000458   Data           4  tasks.o(.data)
    xYieldPending                            0x2000045c   Data           4  tasks.o(.data)
    xNumOfOverflows                          0x20000460   Data           4  tasks.o(.data)
    uxTaskNumber                             0x20000464   Data           4  tasks.o(.data)
    xNextTaskUnblockTime                     0x20000468   Data           4  tasks.o(.data)
    xIdleTaskHandle                          0x2000046c   Data           4  tasks.o(.data)
    uxSchedulerSuspended                     0x20000474   Data           4  tasks.o(.data)
    pxDelayedTaskList                        0x20000478   Data           4  tasks.o(.data)
    pxOverflowDelayedTaskList                0x2000047c   Data           4  tasks.o(.data)
    .data                                    0x20000480   Section       20  timers.o(.data)
    xTimerQueue                              0x20000480   Data           4  timers.o(.data)
    xTimerTaskHandle                         0x20000484   Data           4  timers.o(.data)
    xLastTime                                0x20000488   Data           4  timers.o(.data)
    pxCurrentTimerList                       0x2000048c   Data           4  timers.o(.data)
    pxOverflowTimerList                      0x20000490   Data           4  timers.o(.data)
    .bss                                     0x20000494   Section      400  main.o(.bss)
    .bss                                     0x20000624   Section      916  clib_arm.o(.bss)
    os_libspace                              0x20000624   Data         480  clib_arm.o(.bss)
    os_libspace_id                           0x20000804   Data          16  clib_arm.o(.bss)
    clib_mutex_cb                            0x20000814   Data         400  clib_arm.o(.bss)
    clib_mutex_id                            0x200009a4   Data          20  clib_arm.o(.bss)
    .bss                                     0x200009b8   Section     1016  cmsis_os2.o(.bss)
    Idle_TCB                                 0x200009b8   Data          92  cmsis_os2.o(.bss)
    Idle_Stack                               0x20000a14   Data         512  cmsis_os2.o(.bss)
    Timer_TCB                                0x20000c14   Data          92  cmsis_os2.o(.bss)
    Timer_Stack                              0x20000c70   Data         320  cmsis_os2.o(.bss)
    .bss                                     0x20000db0   Section     8192  heap_4.o(.bss)
    ucHeap                                   0x20000db0   Data        8192  heap_4.o(.bss)
    .bss                                     0x20002db0   Section     1220  tasks.o(.bss)
    pxReadyTasksLists                        0x20002db0   Data        1120  tasks.o(.bss)
    xDelayedTaskList1                        0x20003210   Data          20  tasks.o(.bss)
    xDelayedTaskList2                        0x20003224   Data          20  tasks.o(.bss)
    xPendingReadyList                        0x20003238   Data          20  tasks.o(.bss)
    xTasksWaitingTermination                 0x2000324c   Data          20  tasks.o(.bss)
    xSuspendedTaskList                       0x20003260   Data          20  tasks.o(.bss)
    .bss                                     0x20003274   Section      200  timers.o(.bss)
    xStaticTimerQueue                        0x20003274   Data          80  timers.o(.bss)
    ucStaticTimerQueueStorage                0x200032c4   Data          80  timers.o(.bss)
    xActiveTimerList1                        0x20003314   Data          20  timers.o(.bss)
    xActiveTimerList2                        0x20003328   Data          20  timers.o(.bss)
    .bss                                     0x2000333c   Section       96  libspace.o(.bss)
    HEAP                                     0x200033a0   Section     1280  startup_saml21g18b.o(HEAP)
    Heap_Mem                                 0x200033a0   Data        1280  startup_saml21g18b.o(HEAP)
    STACK                                    0x200038a0   Section     1280  startup_saml21g18b.o(STACK)
    Stack_Mem                                0x200038a0   Data        1280  startup_saml21g18b.o(STACK)
    __initial_sp                             0x20003da0   Data           0  startup_saml21g18b.o(STACK)

    Global Symbols

    Symbol Name                              Value     Ov Type        Size  Object(Section)

    BuildAttributes$$THM_ISAv3M$S$PE$A:L22$X:L11$S22$IEEE1$IW$USESV6$~STKCKD$USESV7$~SHL$OTIME$ROPI$IEEEJ$EBA8$UX$STANDARDLIB$REQ8$PRES8$EABIv2 0x00000000   Number         0  anon$$obj.o ABSOLUTE
    __ARM_use_no_argv                        0x00000000   Number         0  main.o ABSOLUTE
    __Vectors                                0x00000000   Data           4  startup_saml21g18b.o(RESET)
    _printf_flags                            0x00000000   Number         0  printf_stubs.o ABSOLUTE
    _printf_return_value                     0x00000000   Number         0  printf_stubs.o ABSOLUTE
    _printf_sizespec                         0x00000000   Number         0  printf_stubs.o ABSOLUTE
    _printf_widthprec                        0x00000000   Number         0  printf_stubs.o ABSOLUTE
    __ARM_exceptions_init                     - Undefined Weak Reference
    __alloca_initialize                       - Undefined Weak Reference
    __arm_preinit_                            - Undefined Weak Reference
    __cxa_finalize                            - Undefined Weak Reference
    __sigvec_lookup                           - Undefined Weak Reference
    _atexit_init                              - Undefined Weak Reference
    _call_atexit_fns                          - Undefined Weak Reference
    _clock_init                               - Undefined Weak Reference
    _fp_trap_init                             - Undefined Weak Reference
    _fp_trap_shutdown                         - Undefined Weak Reference
    _get_lc_collate                           - Undefined Weak Reference
    _get_lc_monetary                          - Undefined Weak Reference
    _get_lc_time                              - Undefined Weak Reference
    _getenv_init                              - Undefined Weak Reference
    _handle_redirection                       - Undefined Weak Reference
    _init_alloc                               - Undefined Weak Reference
    _init_user_alloc                          - Undefined Weak Reference
    _initio                                   - Undefined Weak Reference
    _printf_fp_hex                            - Undefined Weak Reference
    _printf_mbtowc                            - Undefined Weak Reference
    _printf_wc                                - Undefined Weak Reference
    _rand_init                                - Undefined Weak Reference
    _signal_finish                            - Undefined Weak Reference
    _signal_init                              - Undefined Weak Reference
    _terminate_alloc                          - Undefined Weak Reference
    _terminate_user_alloc                     - Undefined Weak Reference
    _terminateio                              - Undefined Weak Reference
    __Vectors_End                            0x000000b0   Data           0  startup_saml21g18b.o(RESET)
    __Vectors_Size                           0x000000b0   Number         0  startup_saml21g18b.o ABSOLUTE
    __main                                   0x000000b1   Thumb Code     8  __main.o(!!!main)
    __scatterload                            0x000000b9   Thumb Code     0  __scatter.o(!!!scatter)
    __scatterload_rt2                        0x000000b9   Thumb Code    52  __scatter.o(!!!scatter)
    __scatterload_rt2_thumb_only             0x000000b9   Thumb Code     0  __scatter.o(!!!scatter)
    __scatterload_null                       0x000000c9   Thumb Code     0  __scatter.o(!!!scatter)
    __scatterload_zeroinit                   0x000000f5   Thumb Code    28  __scatter_zi.o(!!handler_zi)
    __rt_lib_init                            0x00000111   Thumb Code     0  libinit.o(.ARM.Collect$$libinit$$00000000)
    __rt_lib_init_alloca_1                   0x00000113   Thumb Code     0  libinit2.o(.ARM.Collect$$libinit$$0000002E)
    __rt_lib_init_argv_1                     0x00000113   Thumb Code     0  libinit2.o(.ARM.Collect$$libinit$$0000002C)
    __rt_lib_init_atexit_1                   0x00000113   Thumb Code     0  libinit2.o(.ARM.Collect$$libinit$$0000001B)
    __rt_lib_init_clock_1                    0x00000113   Thumb Code     0  libinit2.o(.ARM.Collect$$libinit$$00000021)
    __rt_lib_init_cpp_2                      0x00000113   Thumb Code     0  libinit2.o(.ARM.Collect$$libinit$$00000031)
    __rt_lib_init_exceptions_1               0x00000113   Thumb Code     0  libinit2.o(.ARM.Collect$$libinit$$00000030)
    __rt_lib_init_fp_1                       0x00000113   Thumb Code     0  libinit2.o(.ARM.Collect$$libinit$$00000002)
    __rt_lib_init_fp_trap_1                  0x00000113   Thumb Code     0  libinit2.o(.ARM.Collect$$libinit$$0000001F)
    __rt_lib_init_getenv_1                   0x00000113   Thumb Code     0  libinit2.o(.ARM.Collect$$libinit$$00000023)
    __rt_lib_init_heap_1                     0x00000113   Thumb Code     0  libinit2.o(.ARM.Collect$$libinit$$0000000A)
    __rt_lib_init_lc_collate_1               0x00000113   Thumb Code     0  libinit2.o(.ARM.Collect$$libinit$$00000011)
    __rt_lib_init_lc_ctype_1                 0x00000113   Thumb Code     0  libinit2.o(.ARM.Collect$$libinit$$00000013)
    __rt_lib_init_lc_monetary_1              0x00000113   Thumb Code     0  libinit2.o(.ARM.Collect$$libinit$$00000015)
    __rt_lib_init_lc_numeric_1               0x00000113   Thumb Code     0  libinit2.o(.ARM.Collect$$libinit$$00000017)
    __rt_lib_init_lc_time_1                  0x00000113   Thumb Code     0  libinit2.o(.ARM.Collect$$libinit$$00000019)
    __rt_lib_init_preinit_1                  0x00000113   Thumb Code     0  libinit2.o(.ARM.Collect$$libinit$$00000004)
    __rt_lib_init_rand_1                     0x00000113   Thumb Code     0  libinit2.o(.ARM.Collect$$libinit$$0000000E)
    __rt_lib_init_signal_1                   0x00000113   Thumb Code     0  libinit2.o(.ARM.Collect$$libinit$$0000001D)
    __rt_lib_init_stdio_1                    0x00000113   Thumb Code     0  libinit2.o(.ARM.Collect$$libinit$$00000025)
    __rt_lib_init_user_alloc_1               0x00000113   Thumb Code     0  libinit2.o(.ARM.Collect$$libinit$$0000000C)
    __rt_lib_init_cpp_1                      0x00000117   Thumb Code     0  libinit2.o(.ARM.Collect$$libinit$$00000032)
    __rt_lib_init_return                     0x00000117   Thumb Code     0  libinit2.o(.ARM.Collect$$libinit$$00000033)
    __rt_lib_shutdown                        0x00000119   Thumb Code     0  libshutdown.o(.ARM.Collect$$libshutdown$$00000000)
    __rt_lib_shutdown_cpp_1                  0x0000011b   Thumb Code     0  libshutdown2.o(.ARM.Collect$$libshutdown$$00000002)
    __rt_lib_shutdown_fp_trap_1              0x0000011b   Thumb Code     0  libshutdown2.o(.ARM.Collect$$libshutdown$$00000007)
    __rt_lib_shutdown_heap_1                 0x0000011b   Thumb Code     0  libshutdown2.o(.ARM.Collect$$libshutdown$$0000000F)
    __rt_lib_shutdown_return                 0x0000011b   Thumb Code     0  libshutdown2.o(.ARM.Collect$$libshutdown$$00000010)
    __rt_lib_shutdown_signal_1               0x0000011b   Thumb Code     0  libshutdown2.o(.ARM.Collect$$libshutdown$$0000000A)
    __rt_lib_shutdown_stdio_1                0x0000011b   Thumb Code     0  libshutdown2.o(.ARM.Collect$$libshutdown$$00000004)
    __rt_lib_shutdown_user_alloc_1           0x0000011b   Thumb Code     0  libshutdown2.o(.ARM.Collect$$libshutdown$$0000000C)
    __rt_entry                               0x0000011d   Thumb Code     0  __rtentry.o(.ARM.Collect$$rtentry$$00000000)
    __rt_entry_presh_1                       0x0000011d   Thumb Code     0  __rtentry2.o(.ARM.Collect$$rtentry$$00000002)
    __rt_entry_sh                            0x0000011d   Thumb Code     0  __rtentry4.o(.ARM.Collect$$rtentry$$00000004)
    __rt_entry_postsh_1                      0x00000123   Thumb Code     0  __rtentry2.o(.ARM.Collect$$rtentry$$00000008)
    __rt_entry_li                            0x0000012b   Thumb Code     0  __rtentry2.o(.ARM.Collect$$rtentry$$0000000A)
    __rt_entry_main                          0x0000012f   Thumb Code     0  __rtentry2.o(.ARM.Collect$$rtentry$$0000000D)
    __rt_entry_postli_1                      0x0000012f   Thumb Code     0  __rtentry2.o(.ARM.Collect$$rtentry$$0000000C)
    __rt_exit                                0x00000137   Thumb Code     0  rtexit.o(.ARM.Collect$$rtexit$$00000000)
    __rt_exit_ls                             0x00000139   Thumb Code     0  rtexit2.o(.ARM.Collect$$rtexit$$00000003)
    __rt_exit_prels_1                        0x00000139   Thumb Code     0  rtexit2.o(.ARM.Collect$$rtexit$$00000002)
    __rt_exit_exit                           0x0000013d   Thumb Code     0  rtexit2.o(.ARM.Collect$$rtexit$$00000004)
    __asm___6_port_c_39a90d8d__prvPortStartFirstTask 0x00000145   Thumb Code    36  port.o(.emb_text)
    ulSetInterruptMaskFromISR                0x0000016d   Thumb Code     8  port.o(.emb_text)
    vClearInterruptMaskFromISR               0x00000175   Thumb Code     6  port.o(.emb_text)
    PendSV_Handler                           0x0000017b   Thumb Code    62  port.o(.emb_text)
    __aeabi_memcpy4                          0x000001bd   Thumb Code    56  rt_memcpy.o(.emb_text)
    __aeabi_memcpy8                          0x000001bd   Thumb Code     0  rt_memcpy.o(.emb_text)
    Reset_Handler                            0x000001f5   Thumb Code     8  startup_saml21g18b.o(.text)
    NonMaskableInt_Handler                   0x000001fd   Thumb Code     2  startup_saml21g18b.o(.text)
    HardFault_Handler                        0x000001ff   Thumb Code     2  startup_saml21g18b.o(.text)
    AC_Handler                               0x00000207   Thumb Code     0  startup_saml21g18b.o(.text)
    ADC_Handler                              0x00000207   Thumb Code     0  startup_saml21g18b.o(.text)
    AES_Handler                              0x00000207   Thumb Code     0  startup_saml21g18b.o(.text)
    DAC_Handler                              0x00000207   Thumb Code     0  startup_saml21g18b.o(.text)
    DMAC_Handler                             0x00000207   Thumb Code     0  startup_saml21g18b.o(.text)
    EIC_Handler                              0x00000207   Thumb Code     0  startup_saml21g18b.o(.text)
    EVSYS_Handler                            0x00000207   Thumb Code     0  startup_saml21g18b.o(.text)
    NVMCTRL_Handler                          0x00000207   Thumb Code     0  startup_saml21g18b.o(.text)
    PTC_Handler                              0x00000207   Thumb Code     0  startup_saml21g18b.o(.text)
    RTC_Handler                              0x00000207   Thumb Code     0  startup_saml21g18b.o(.text)
    SERCOM3_Handler                          0x00000207   Thumb Code     0  startup_saml21g18b.o(.text)
    SERCOM4_Handler                          0x00000207   Thumb Code     0  startup_saml21g18b.o(.text)
    SERCOM5_Handler                          0x00000207   Thumb Code     0  startup_saml21g18b.o(.text)
    SYSTEM_Handler                           0x00000207   Thumb Code     0  startup_saml21g18b.o(.text)
    TC0_Handler                              0x00000207   Thumb Code     0  startup_saml21g18b.o(.text)
    TC1_Handler                              0x00000207   Thumb Code     0  startup_saml21g18b.o(.text)
    TC4_Handler                              0x00000207   Thumb Code     0  startup_saml21g18b.o(.text)
    TCC0_Handler                             0x00000207   Thumb Code     0  startup_saml21g18b.o(.text)
    TCC1_Handler                             0x00000207   Thumb Code     0  startup_saml21g18b.o(.text)
    TCC2_Handler                             0x00000207   Thumb Code     0  startup_saml21g18b.o(.text)
    TRNG_Handler                             0x00000207   Thumb Code     0  startup_saml21g18b.o(.text)
    USB_Handler                              0x00000207   Thumb Code     0  startup_saml21g18b.o(.text)
    WDT_Handler                              0x00000207   Thumb Code     0  startup_saml21g18b.o(.text)
    __user_initial_stackheap                 0x00000209   Thumb Code     0  startup_saml21g18b.o(.text)
    __aeabi_memcpy                           0x0000022d   Thumb Code   130  rt_memcpy.o(.text)
    __rt_memcpy                              0x0000022d   Thumb Code     0  rt_memcpy.o(.text)
    __aeabi_memset                           0x000002af   Thumb Code    18  aeabi_memset.o(.text)
    _memset_w                                0x000002c1   Thumb Code    26  rt_memclr.o(.text)
    _memset                                  0x000002db   Thumb Code    30  rt_memclr.o(.text)
    __aeabi_memclr                           0x000002f9   Thumb Code     4  rt_memclr.o(.text)
    __rt_memclr                              0x000002f9   Thumb Code     0  rt_memclr.o(.text)
    __aeabi_memclr4                          0x000002fd   Thumb Code     0  rt_memclr.o(.text)
    __aeabi_memclr8                          0x000002fd   Thumb Code     0  rt_memclr.o(.text)
    __rt_memclr_w                            0x000002fd   Thumb Code     4  rt_memclr.o(.text)
    __aeabi_uidiv                            0x00000301   Thumb Code     0  aeabi_sdiv.o(.text)
    __aeabi_uidivmod                         0x00000301   Thumb Code    20  aeabi_sdiv.o(.text)
    __aeabi_idiv                             0x00000315   Thumb Code     0  aeabi_sdiv.o(.text)
    __aeabi_idivmod                          0x00000315   Thumb Code   326  aeabi_sdiv.o(.text)
    __use_two_region_memory                  0x0000045b   Thumb Code     2  heapauxi.o(.text)
    __rt_heap_escrow$2region                 0x0000045d   Thumb Code     2  heapauxi.o(.text)
    __rt_heap_expand$2region                 0x0000045f   Thumb Code     2  heapauxi.o(.text)
    __cpp_initialize__aeabi_                 0x00000461   Thumb Code    26  init_aeabi.o(.text)
    __user_setup_stackheap                   0x00000485   Thumb Code    62  sys_stackheap_outer.o(.text)
    exit                                     0x000004c3   Thumb Code    16  exit.o(.text)
    __user_libspace                          0x000004d5   Thumb Code     8  libspace.o(.text)
    __user_perproc_libspace                  0x000004d5   Thumb Code     0  libspace.o(.text)
    _sys_exit                                0x000004dd   Thumb Code     8  sys_exit.o(.text)
    __I$use$semihosting                      0x000004e9   Thumb Code     0  use_no_semi.o(.text)
    __use_no_semihosting_swi                 0x000004e9   Thumb Code     2  use_no_semi.o(.text)
    __decompress                             0x000004eb   Thumb Code     0  __dclz77c.o(.text)
    __decompress2                            0x000004eb   Thumb Code    96  __dclz77c.o(.text)
    __semihosting_library_function           0x000004eb   Thumb Code     0  indicate_semi.o(.text)
    SERCOM0_Handler                          0x0000054d   Thumb Code   222  main.o(i.SERCOM0_Handler)
    SERCOM1_Handler                          0x00000649   Thumb Code    36  main.o(i.SERCOM1_Handler)
    SERCOM2_Handler                          0x00000679   Thumb Code    14  main.o(i.SERCOM2_Handler)
    SVC_Handler                              0x0000068d   Thumb Code     2  port.o(i.SVC_Handler)
    SysTick_Handler                          0x00000691   Thumb Code    20  cmsis_os2.o(i.SysTick_Handler)
    SystemInit                               0x000006a9   Thumb Code     8  system_saml21g18b.o(i.SystemInit)
    setupParse(void*)                        0x000006b9   Thumb Code    38  main.o(i._Z10setupParsePv)
    setup_system()                           0x000006f1   Thumb Code   248  system_setup.o(i._Z12setup_systemv)
    verifyPacket(unsigned short, unsigned char*, unsigned short) 0x00000829   Thumb Code    40  main.o(i._Z12verifyPackettPht)
    parseSmartmeshData(void*)                0x00000859   Thumb Code   148  main.o(i._Z18parseSmartmeshDataPv)
    setup_rtc()                              0x000008fd   Thumb Code     2  rtc.o(i._Z9setup_rtcv)
    Smartmesh_API::init_packet(unsigned char, unsigned char) 0x000008ff   Thumb Code    34  api.o(i._ZN13Smartmesh_API11init_packetEhh)
    Smartmesh_API::checksumData(unsigned short, unsigned char*, unsigned short) 0x00000921   Thumb Code    44  api.o(i._ZN13Smartmesh_API12checksumDataEtPht)
    Smartmesh_API::mgr_init()                0x00000951   Thumb Code    54  api.o(i._ZN13Smartmesh_API8mgr_initEv)
    Smartmesh_API::subscribe(unsigned, unsigned) 0x0000098d   Thumb Code    64  api.o(i._ZN13Smartmesh_API9subscribeEjj)
    Smartmesh_API::Smartmesh_API(UART*)      0x000009d1   Thumb Code    12  api.o(i._ZN13Smartmesh_APIC1EP4UART)
    Smartmesh_API::Smartmesh_API__sub_object(UART*) 0x000009d1   Thumb Code     0  api.o(i._ZN13Smartmesh_APIC1EP4UART)
    UART::send_array(unsigned char*, unsigned char) 0x000009dd   Thumb Code    46  sercom.o(i._ZN4UART10send_arrayEPhh)
    UART::UART(sercom_registers_t*, int)     0x00000a15   Thumb Code   130  sercom.o(i._ZN4UARTC1EP18sercom_registers_ti)
    UART::UART__sub_object(sercom_registers_t*, int) 0x00000a15   Thumb Code     0  sercom.o(i._ZN4UARTC1EP18sercom_registers_ti)
    __ARM_common_switch8                     0x00000ab9   Thumb Code    26  cmsis_os2.o(i.__ARM_common_switch8)
    _mutex_acquire                           0x00000b21   Thumb Code    24  clib_arm.o(i._mutex_acquire)
    _mutex_free                              0x00000b39   Thumb Code    40  clib_arm.o(i._mutex_free)
    _mutex_initialize                        0x00000b65   Thumb Code    80  clib_arm.o(i._mutex_initialize)
    _mutex_release                           0x00000bbd   Thumb Code    26  clib_arm.o(i._mutex_release)
    _platform_post_stackheap_init            0x00000bd7   Thumb Code     2  clib_arm.o(i._platform_post_stackheap_init)
    main                                     0x00000bd9   Thumb Code    98  main.o(i.main)
    pvPortMalloc                             0x000013e9   Thumb Code   176  heap_4.o(i.pvPortMalloc)
    pvTaskIncrementMutexHeldCount            0x0000149d   Thumb Code    20  tasks.o(i.pvTaskIncrementMutexHeldCount)
    pxPortInitialiseStack                    0x000014b5   Thumb Code    26  port.o(i.pxPortInitialiseStack)
    uxListRemove                             0x000014d5   Thumb Code    38  list.o(i.uxListRemove)
    vApplicationGetIdleTaskMemory            0x000014fd   Thumb Code    16  cmsis_os2.o(i.vApplicationGetIdleTaskMemory)
    vApplicationGetTimerTaskMemory           0x00001511   Thumb Code    16  cmsis_os2.o(i.vApplicationGetTimerTaskMemory)
    vApplicationStackOverflowHook            0x00001525   Thumb Code     2  cmsis_os2.o(i.vApplicationStackOverflowHook)
    vListInitialise                          0x00001527   Thumb Code    22  list.o(i.vListInitialise)
    vListInitialiseItem                      0x0000153d   Thumb Code     6  list.o(i.vListInitialiseItem)
    vListInsert                              0x00001543   Thumb Code    48  list.o(i.vListInsert)
    vListInsertEnd                           0x00001573   Thumb Code    24  list.o(i.vListInsertEnd)
    vPortEnterCritical                       0x0000158d   Thumb Code    20  port.o(i.vPortEnterCritical)
    vPortExitCritical                        0x000015a5   Thumb Code    16  port.o(i.vPortExitCritical)
    vPortFree                                0x000015b9   Thumb Code    60  heap_4.o(i.vPortFree)
    vPortSetupTimerInterrupt                 0x000015f9   Thumb Code    32  port.o(i.vPortSetupTimerInterrupt)
    vPortYield                               0x00001621   Thumb Code    18  port.o(i.vPortYield)
    vQueueDelete                             0x00001639   Thumb Code    16  queue.o(i.vQueueDelete)
    vQueueWaitForMessageRestricted           0x00001649   Thumb Code    70  queue.o(i.vQueueWaitForMessageRestricted)
    vTaskDelete                              0x00001691   Thumb Code   108  tasks.o(i.vTaskDelete)
    vTaskInternalSetTimeOutState             0x00001705   Thumb Code    12  tasks.o(i.vTaskInternalSetTimeOutState)
    vTaskMissedYield                         0x00001715   Thumb Code     8  tasks.o(i.vTaskMissedYield)
    vTaskPlaceOnEventList                    0x00001721   Thumb Code    24  tasks.o(i.vTaskPlaceOnEventList)
    vTaskPlaceOnEventListRestricted          0x0000173d   Thumb Code    62  tasks.o(i.vTaskPlaceOnEventListRestricted)
    vTaskPriorityDisinheritAfterTimeout      0x00001781   Thumb Code   118  tasks.o(i.vTaskPriorityDisinheritAfterTimeout)
    vTaskStartScheduler                      0x00001801   Thumb Code    92  tasks.o(i.vTaskStartScheduler)
    vTaskSuspendAll                          0x0000186d   Thumb Code    10  tasks.o(i.vTaskSuspendAll)
    vTaskSwitchContext                       0x0000187d   Thumb Code   112  tasks.o(i.vTaskSwitchContext)
    xPortStartScheduler                      0x000018f9   Thumb Code    40  port.o(i.xPortStartScheduler)
    xPortSysTickHandler                      0x00001929   Thumb Code    32  port.o(i.xPortSysTickHandler)
    xQueueCreateMutex                        0x0000194d   Thumb Code    24  queue.o(i.xQueueCreateMutex)
    xQueueCreateMutexStatic                  0x00001965   Thumb Code    28  queue.o(i.xQueueCreateMutexStatic)
    xQueueGenericCreate                      0x00001981   Thumb Code    74  queue.o(i.xQueueGenericCreate)
    xQueueGenericCreateStatic                0x000019cb   Thumb Code    50  queue.o(i.xQueueGenericCreateStatic)
    xQueueGenericReset                       0x000019fd   Thumb Code   130  queue.o(i.xQueueGenericReset)
    xQueueGenericSend                        0x00001a7f   Thumb Code   226  queue.o(i.xQueueGenericSend)
    xQueueGenericSendFromISR                 0x00001b61   Thumb Code   104  queue.o(i.xQueueGenericSendFromISR)
    xQueueGiveFromISR                        0x00001bc9   Thumb Code    84  queue.o(i.xQueueGiveFromISR)
    xQueueReceive                            0x00001c1d   Thumb Code   220  queue.o(i.xQueueReceive)
    xQueueReceiveFromISR                     0x00001cf9   Thumb Code    98  queue.o(i.xQueueReceiveFromISR)
    xQueueSemaphoreTake                      0x00001d5b   Thumb Code   274  queue.o(i.xQueueSemaphoreTake)
    xTaskCheckForTimeOut                     0x00001e6d   Thumb Code    80  tasks.o(i.xTaskCheckForTimeOut)
    xTaskCreate                              0x00001ec1   Thumb Code    96  tasks.o(i.xTaskCreate)
    xTaskCreateStatic                        0x00001f21   Thumb Code    60  tasks.o(i.xTaskCreateStatic)
    xTaskGetSchedulerState                   0x00001f5d   Thumb Code    26  tasks.o(i.xTaskGetSchedulerState)
    xTaskGetTickCount                        0x00001f7d   Thumb Code     6  tasks.o(i.xTaskGetTickCount)
    xTaskIncrementTick                       0x00001f89   Thumb Code   254  tasks.o(i.xTaskIncrementTick)
    xTaskPriorityDisinherit                  0x00002091   Thumb Code   104  tasks.o(i.xTaskPriorityDisinherit)
    xTaskPriorityInherit                     0x00002101   Thumb Code   142  tasks.o(i.xTaskPriorityInherit)
    xTaskRemoveFromEventList                 0x00002199   Thumb Code   182  tasks.o(i.xTaskRemoveFromEventList)
    xTaskResumeAll                           0x0000225d   Thumb Code   236  tasks.o(i.xTaskResumeAll)
    xTimerCreateTimerTask                    0x00002355   Thumb Code    72  timers.o(i.xTimerCreateTimerTask)
    Region$$Table$$Base                      0x000023ac   Number         0  anon$$obj.o(Region$$Table)
    Region$$Table$$Limit                     0x000023cc   Number         0  anon$$obj.o(Region$$Table)
    SHT$$INIT_ARRAY$$Base                    0x000023cc   Number         0  main.o(.init_array)
    SHT$$INIT_ARRAY$$Limit                   0x000023d0   Number         0  init_aeabi.o(.init_array)
    startFlag                                0x20000000   Data           1  main.o(.data)
    connectedToManager                       0x20000001   Data           1  main.o(.data)
    length                                   0x20000002   Data           1  main.o(.data)
    dma_in_use                               0x20000004   Data           4  main.o(.data)
    bluetoothData                            0x20000008   Data           4  main.o(.data)
    dataRecieved                             0x2000000c   Data           4  main.o(.data)
    api_usart                                0x20000010   Data           8  main.o(.data)
    SystemCoreClock                          0x20000418   Data           4  system_saml21g18b.o(.data)
    pxCurrentTCB                             0x20000440   Data           4  tasks.o(.data)
    uxTopUsedPriority                        0x20000470   Data           4  tasks.o(.data)
    txbuffer                                 0x20000494   Data         130  main.o(.bss)
    smartmeshData                            0x20000516   Data         130  main.o(.bss)
    api                                      0x20000598   Data         140  main.o(.bss)
    __libspace_start                         0x2000333c   Data          96  libspace.o(.bss)
    __temporary_stack_top$libspace           0x2000339c   Data           0  libspace.o(.bss)



==============================================================================

Memory Map of the image

  Image Entry point : 0x000000b1

  Load Region LR_IROM1 (Base: 0x00000000, Size: 0x00002864, Max: 0x00040000, ABSOLUTE, COMPRESSED[0x000025f4])

    Execution Region ER_IROM1 (Exec base: 0x00000000, Load base: 0x00000000, Size: 0x000023d0, Max: 0x00040000, ABSOLUTE)

    Exec Addr    Load Addr    Size         Type   Attr      Idx    E Section Name        Object

    0x00000000   0x00000000   0x000000b0   Data   RO         1658    RESET               startup_saml21g18b.o
    0x000000b0   0x000000b0   0x00000008   Code   RO         3005  * !!!main             c_p.l(__main.o)
    0x000000b8   0x000000b8   0x0000003c   Code   RO         3321    !!!scatter          c_p.l(__scatter.o)
    0x000000f4   0x000000f4   0x0000001c   Code   RO         3323    !!handler_zi        c_p.l(__scatter_zi.o)
    0x00000110   0x00000110   0x00000002   Code   RO         3231    .ARM.Collect$$libinit$$00000000  c_p.l(libinit.o)
    0x00000112   0x00000112   0x00000000   Code   RO         3110    .ARM.Collect$$libinit$$00000002  c_p.l(libinit2.o)
    0x00000112   0x00000112   0x00000000   Code   RO         3112    .ARM.Collect$$libinit$$00000004  c_p.l(libinit2.o)
    0x00000112   0x00000112   0x00000000   Code   RO         3115    .ARM.Collect$$libinit$$0000000A  c_p.l(libinit2.o)
    0x00000112   0x00000112   0x00000000   Code   RO         3117    .ARM.Collect$$libinit$$0000000C  c_p.l(libinit2.o)
    0x00000112   0x00000112   0x00000000   Code   RO         3119    .ARM.Collect$$libinit$$0000000E  c_p.l(libinit2.o)
    0x00000112   0x00000112   0x00000000   Code   RO         3122    .ARM.Collect$$libinit$$00000011  c_p.l(libinit2.o)
    0x00000112   0x00000112   0x00000000   Code   RO         3124    .ARM.Collect$$libinit$$00000013  c_p.l(libinit2.o)
    0x00000112   0x00000112   0x00000000   Code   RO         3126    .ARM.Collect$$libinit$$00000015  c_p.l(libinit2.o)
    0x00000112   0x00000112   0x00000000   Code   RO         3128    .ARM.Collect$$libinit$$00000017  c_p.l(libinit2.o)
    0x00000112   0x00000112   0x00000000   Code   RO         3130    .ARM.Collect$$libinit$$00000019  c_p.l(libinit2.o)
    0x00000112   0x00000112   0x00000000   Code   RO         3132    .ARM.Collect$$libinit$$0000001B  c_p.l(libinit2.o)
    0x00000112   0x00000112   0x00000000   Code   RO         3134    .ARM.Collect$$libinit$$0000001D  c_p.l(libinit2.o)
    0x00000112   0x00000112   0x00000000   Code   RO         3136    .ARM.Collect$$libinit$$0000001F  c_p.l(libinit2.o)
    0x00000112   0x00000112   0x00000000   Code   RO         3138    .ARM.Collect$$libinit$$00000021  c_p.l(libinit2.o)
    0x00000112   0x00000112   0x00000000   Code   RO         3140    .ARM.Collect$$libinit$$00000023  c_p.l(libinit2.o)
    0x00000112   0x00000112   0x00000000   Code   RO         3142    .ARM.Collect$$libinit$$00000025  c_p.l(libinit2.o)
    0x00000112   0x00000112   0x00000000   Code   RO         3146    .ARM.Collect$$libinit$$0000002C  c_p.l(libinit2.o)
    0x00000112   0x00000112   0x00000000   Code   RO         3148    .ARM.Collect$$libinit$$0000002E  c_p.l(libinit2.o)
    0x00000112   0x00000112   0x00000000   Code   RO         3150    .ARM.Collect$$libinit$$00000030  c_p.l(libinit2.o)
    0x00000112   0x00000112   0x00000004   Code   RO         3151    .ARM.Collect$$libinit$$00000031  c_p.l(libinit2.o)
    0x00000116   0x00000116   0x00000000   Code   RO         3152    .ARM.Collect$$libinit$$00000032  c_p.l(libinit2.o)
    0x00000116   0x00000116   0x00000002   Code   RO         3153    .ARM.Collect$$libinit$$00000033  c_p.l(libinit2.o)
    0x00000118   0x00000118   0x00000002   Code   RO         3286    .ARM.Collect$$libshutdown$$00000000  c_p.l(libshutdown.o)
    0x0000011a   0x0000011a   0x00000000   Code   RO         3302    .ARM.Collect$$libshutdown$$00000002  c_p.l(libshutdown2.o)
    0x0000011a   0x0000011a   0x00000000   Code   RO         3304    .ARM.Collect$$libshutdown$$00000004  c_p.l(libshutdown2.o)
    0x0000011a   0x0000011a   0x00000000   Code   RO         3307    .ARM.Collect$$libshutdown$$00000007  c_p.l(libshutdown2.o)
    0x0000011a   0x0000011a   0x00000000   Code   RO         3310    .ARM.Collect$$libshutdown$$0000000A  c_p.l(libshutdown2.o)
    0x0000011a   0x0000011a   0x00000000   Code   RO         3312    .ARM.Collect$$libshutdown$$0000000C  c_p.l(libshutdown2.o)
    0x0000011a   0x0000011a   0x00000000   Code   RO         3315    .ARM.Collect$$libshutdown$$0000000F  c_p.l(libshutdown2.o)
    0x0000011a   0x0000011a   0x00000002   Code   RO         3316    .ARM.Collect$$libshutdown$$00000010  c_p.l(libshutdown2.o)
    0x0000011c   0x0000011c   0x00000000   Code   RO         3013    .ARM.Collect$$rtentry$$00000000  c_p.l(__rtentry.o)
    0x0000011c   0x0000011c   0x00000000   Code   RO         3157    .ARM.Collect$$rtentry$$00000002  c_p.l(__rtentry2.o)
    0x0000011c   0x0000011c   0x00000006   Code   RO         3169    .ARM.Collect$$rtentry$$00000004  c_p.l(__rtentry4.o)
    0x00000122   0x00000122   0x00000008   Code   RO         3158    .ARM.Collect$$rtentry$$00000008  c_p.l(__rtentry2.o)
    0x0000012a   0x0000012a   0x00000004   Code   RO         3160    .ARM.Collect$$rtentry$$0000000A  c_p.l(__rtentry2.o)
    0x0000012e   0x0000012e   0x00000000   Code   RO         3162    .ARM.Collect$$rtentry$$0000000C  c_p.l(__rtentry2.o)
    0x0000012e   0x0000012e   0x00000008   Code   RO         3163    .ARM.Collect$$rtentry$$0000000D  c_p.l(__rtentry2.o)
    0x00000136   0x00000136   0x00000002   Code   RO         3243    .ARM.Collect$$rtexit$$00000000  c_p.l(rtexit.o)
    0x00000138   0x00000138   0x00000000   Code   RO         3268    .ARM.Collect$$rtexit$$00000002  c_p.l(rtexit2.o)
    0x00000138   0x00000138   0x00000004   Code   RO         3269    .ARM.Collect$$rtexit$$00000003  c_p.l(rtexit2.o)
    0x0000013c   0x0000013c   0x00000006   Code   RO         3270    .ARM.Collect$$rtexit$$00000004  c_p.l(rtexit2.o)
    0x00000142   0x00000142   0x00000002   PAD
    0x00000144   0x00000144   0x00000078   Code   RO         1956    .emb_text           port.o
    0x000001bc   0x000001bc   0x00000038   Code   RO         2991    .emb_text           c_p.l(rt_memcpy.o)
    0x000001f4   0x000001f4   0x00000038   Code   RO         1659    .text               startup_saml21g18b.o
    0x0000022c   0x0000022c   0x00000082   Code   RO         2992    .text               c_p.l(rt_memcpy.o)
    0x000002ae   0x000002ae   0x00000012   Code   RO         2995    .text               c_p.l(aeabi_memset.o)
    0x000002c0   0x000002c0   0x00000040   Code   RO         2997    .text               c_p.l(rt_memclr.o)
    0x00000300   0x00000300   0x0000015a   Code   RO         2999    .text               c_p.l(aeabi_sdiv.o)
    0x0000045a   0x0000045a   0x00000006   Code   RO         3003    .text               c_p.l(heapauxi.o)
    0x00000460   0x00000460   0x00000024   Code   RO         3010    .text               c_p.l(init_aeabi.o)
    0x00000484   0x00000484   0x0000003e   Code   RO         3194    .text               c_p.l(sys_stackheap_outer.o)
    0x000004c2   0x000004c2   0x00000010   Code   RO         3218    .text               c_p.l(exit.o)
    0x000004d2   0x000004d2   0x00000002   PAD
    0x000004d4   0x000004d4   0x00000008   Code   RO         3239    .text               c_p.l(libspace.o)
    0x000004dc   0x000004dc   0x0000000c   Code   RO         3262    .text               c_p.l(sys_exit.o)
    0x000004e8   0x000004e8   0x00000002   Code   RO         3264    .text               c_p.l(use_no_semi.o)
    0x000004ea   0x000004ea   0x00000000   Code   RO         3266    .text               c_p.l(indicate_semi.o)
    0x000004ea   0x000004ea   0x00000060   Code   RO         3319    .text               c_p.l(__dclz77c.o)
    0x0000054a   0x0000054a   0x00000002   PAD
    0x0000054c   0x0000054c   0x000000fc   Code   RO            3    i.SERCOM0_Handler   main.o
    0x00000648   0x00000648   0x00000030   Code   RO            4    i.SERCOM1_Handler   main.o
    0x00000678   0x00000678   0x00000014   Code   RO            5    i.SERCOM2_Handler   main.o
    0x0000068c   0x0000068c   0x00000002   Code   RO         1957    i.SVC_Handler       port.o
    0x0000068e   0x0000068e   0x00000002   PAD
    0x00000690   0x00000690   0x00000018   Code   RO         1059    i.SysTick_Handler   cmsis_os2.o
    0x000006a8   0x000006a8   0x00000010   Code   RO         1666    i.SystemInit        system_saml21g18b.o
    0x000006b8   0x000006b8   0x00000038   Code   RO            6    i._Z10setupParsePv  main.o
    0x000006f0   0x000006f0   0x00000138   Code   RO          380    i._Z12setup_systemv  system_setup.o
    0x00000828   0x00000828   0x00000030   Code   RO            7    i._Z12verifyPackettPht  main.o
    0x00000858   0x00000858   0x000000a4   Code   RO            9    i._Z18parseSmartmeshDataPv  main.o
    0x000008fc   0x000008fc   0x00000002   Code   RO          429    i._Z9setup_rtcv     rtc.o
    0x000008fe   0x000008fe   0x00000022   Code   RO          621    i._ZN13Smartmesh_API11init_packetEhh  api.o
    0x00000920   0x00000920   0x00000030   Code   RO          622    i._ZN13Smartmesh_API12checksumDataEtPht  api.o
    0x00000950   0x00000950   0x0000003c   Code   RO          630    i._ZN13Smartmesh_API8mgr_initEv  api.o
    0x0000098c   0x0000098c   0x00000044   Code   RO          632    i._ZN13Smartmesh_API9subscribeEjj  api.o
    0x000009d0   0x000009d0   0x0000000c   Code   RO          633    i._ZN13Smartmesh_APIC1EP4UART  api.o
    0x000009dc   0x000009dc   0x00000038   Code   RO          561    i._ZN4UART10send_arrayEPhh  sercom.o
    0x00000a14   0x00000a14   0x000000a4   Code   RO          563    i._ZN4UARTC1EP18sercom_registers_ti  sercom.o
    0x00000ab8   0x00000ab8   0x0000001a   Code   RO         1542    i.__ARM_common_switch8  cmsis_os2.o
    0x00000ad2   0x00000ad2   0x00000002   PAD
    0x00000ad4   0x00000ad4   0x0000004c   Code   RO           10    i.__sti___8_main_cpp_30c642f8  main.o
    0x00000b20   0x00000b20   0x00000018   Code   RO          721    i._mutex_acquire    clib_arm.o
    0x00000b38   0x00000b38   0x0000002c   Code   RO          722    i._mutex_free       clib_arm.o
    0x00000b64   0x00000b64   0x00000058   Code   RO          723    i._mutex_initialize  clib_arm.o
    0x00000bbc   0x00000bbc   0x0000001a   Code   RO          724    i._mutex_release    clib_arm.o
    0x00000bd6   0x00000bd6   0x00000002   Code   RO          725    i._platform_post_stackheap_init  clib_arm.o
    0x00000bd8   0x00000bd8   0x00000078   Code   RO           11    i.main              main.o
    0x00000c50   0x00000c50   0x00000012   Code   RO          726    i.os_kernel_is_active  clib_arm.o
    0x00000c62   0x00000c62   0x00000002   PAD
    0x00000c64   0x00000c64   0x00000074   Code   RO         2429    i.prvAddCurrentTaskToDelayedList  tasks.o
    0x00000cd8   0x00000cd8   0x00000094   Code   RO         2430    i.prvAddNewTaskToReadyList  tasks.o
    0x00000d6c   0x00000d6c   0x00000048   Code   RO         2813    i.prvCheckForValidListAndQueue  timers.o
    0x00000db4   0x00000db4   0x0000003c   Code   RO         2431    i.prvCheckTasksWaitingTermination  tasks.o
    0x00000df0   0x00000df0   0x00000024   Code   RO         2035    i.prvCopyDataFromQueue  queue.o
    0x00000e14   0x00000e14   0x00000070   Code   RO         2036    i.prvCopyDataToQueue  queue.o
    0x00000e84   0x00000e84   0x00000026   Code   RO         2432    i.prvDeleteTCB      tasks.o
    0x00000eaa   0x00000eaa   0x00000014   Code   RO         2037    i.prvGetDisinheritPriorityAfterTimeout  queue.o
    0x00000ebe   0x00000ebe   0x00000002   PAD
    0x00000ec0   0x00000ec0   0x00000024   Code   RO         2814    i.prvGetNextExpireTime  timers.o
    0x00000ee4   0x00000ee4   0x0000004c   Code   RO         1893    i.prvHeapInit       heap_4.o
    0x00000f30   0x00000f30   0x00000018   Code   RO         2433    i.prvIdleTask       tasks.o
    0x00000f48   0x00000f48   0x0000001a   Code   RO         2038    i.prvInitialiseMutex  queue.o
    0x00000f62   0x00000f62   0x00000022   Code   RO         2039    i.prvInitialiseNewQueue  queue.o
    0x00000f84   0x00000f84   0x00000090   Code   RO         2434    i.prvInitialiseNewTask  tasks.o
    0x00001014   0x00001014   0x00000054   Code   RO         2435    i.prvInitialiseTaskLists  tasks.o
    0x00001068   0x00001068   0x00000054   Code   RO         1894    i.prvInsertBlockIntoFreeList  heap_4.o
    0x000010bc   0x000010bc   0x00000040   Code   RO         2816    i.prvInsertTimerInActiveList  timers.o
    0x000010fc   0x000010fc   0x0000001c   Code   RO         2040    i.prvIsQueueEmpty   queue.o
    0x00001118   0x00001118   0x0000001e   Code   RO         2041    i.prvIsQueueFull    queue.o
    0x00001136   0x00001136   0x00000002   PAD
    0x00001138   0x00001138   0x00000040   Code   RO         2817    i.prvProcessExpiredTimer  timers.o
    0x00001178   0x00001178   0x000000e4   Code   RO         2818    i.prvProcessReceivedCommands  timers.o
    0x0000125c   0x0000125c   0x00000064   Code   RO         2819    i.prvProcessTimerOrBlockTask  timers.o
    0x000012c0   0x000012c0   0x00000028   Code   RO         2820    i.prvReloadTimer    timers.o
    0x000012e8   0x000012e8   0x00000020   Code   RO         2437    i.prvResetNextTaskUnblockTime  tasks.o
    0x00001308   0x00001308   0x0000002c   Code   RO         2821    i.prvSampleTimeNow  timers.o
    0x00001334   0x00001334   0x0000002c   Code   RO         2822    i.prvSwitchTimerLists  timers.o
    0x00001360   0x00001360   0x00000004   Code   RO         1958    i.prvTaskExitError  port.o
    0x00001364   0x00001364   0x00000014   Code   RO         2823    i.prvTimerTask      timers.o
    0x00001378   0x00001378   0x00000070   Code   RO         2042    i.prvUnlockQueue    queue.o
    0x000013e8   0x000013e8   0x000000b4   Code   RO         1895    i.pvPortMalloc      heap_4.o
    0x0000149c   0x0000149c   0x00000018   Code   RO         2440    i.pvTaskIncrementMutexHeldCount  tasks.o
    0x000014b4   0x000014b4   0x00000020   Code   RO         1959    i.pxPortInitialiseStack  port.o
    0x000014d4   0x000014d4   0x00000026   Code   RO         1849    i.uxListRemove      list.o
    0x000014fa   0x000014fa   0x00000002   PAD
    0x000014fc   0x000014fc   0x00000014   Code   RO         1132    i.vApplicationGetIdleTaskMemory  cmsis_os2.o
    0x00001510   0x00001510   0x00000014   Code   RO         1133    i.vApplicationGetTimerTaskMemory  cmsis_os2.o
    0x00001524   0x00001524   0x00000002   Code   RO         1134    i.vApplicationStackOverflowHook  cmsis_os2.o
    0x00001526   0x00001526   0x00000016   Code   RO         1850    i.vListInitialise   list.o
    0x0000153c   0x0000153c   0x00000006   Code   RO         1851    i.vListInitialiseItem  list.o
    0x00001542   0x00001542   0x00000030   Code   RO         1852    i.vListInsert       list.o
    0x00001572   0x00001572   0x00000018   Code   RO         1853    i.vListInsertEnd    list.o
    0x0000158a   0x0000158a   0x00000002   PAD
    0x0000158c   0x0000158c   0x00000018   Code   RO         1961    i.vPortEnterCritical  port.o
    0x000015a4   0x000015a4   0x00000014   Code   RO         1962    i.vPortExitCritical  port.o
    0x000015b8   0x000015b8   0x00000040   Code   RO         1896    i.vPortFree         heap_4.o
    0x000015f8   0x000015f8   0x00000028   Code   RO         1963    i.vPortSetupTimerInterrupt  port.o
    0x00001620   0x00001620   0x00000018   Code   RO         1964    i.vPortYield        port.o
    0x00001638   0x00001638   0x00000010   Code   RO         2048    i.vQueueDelete      queue.o
    0x00001648   0x00001648   0x00000046   Code   RO         2050    i.vQueueWaitForMessageRestricted  queue.o
    0x0000168e   0x0000168e   0x00000002   PAD
    0x00001690   0x00001690   0x00000074   Code   RO         2451    i.vTaskDelete       tasks.o
    0x00001704   0x00001704   0x00000010   Code   RO         2455    i.vTaskInternalSetTimeOutState  tasks.o
    0x00001714   0x00001714   0x0000000c   Code   RO         2456    i.vTaskMissedYield  tasks.o
    0x00001720   0x00001720   0x0000001c   Code   RO         2457    i.vTaskPlaceOnEventList  tasks.o
    0x0000173c   0x0000173c   0x00000044   Code   RO         2458    i.vTaskPlaceOnEventListRestricted  tasks.o
    0x00001780   0x00001780   0x00000080   Code   RO         2460    i.vTaskPriorityDisinheritAfterTimeout  tasks.o
    0x00001800   0x00001800   0x0000006c   Code   RO         2466    i.vTaskStartScheduler  tasks.o
    0x0000186c   0x0000186c   0x00000010   Code   RO         2468    i.vTaskSuspendAll   tasks.o
    0x0000187c   0x0000187c   0x0000007c   Code   RO         2469    i.vTaskSwitchContext  tasks.o
    0x000018f8   0x000018f8   0x00000030   Code   RO         1965    i.xPortStartScheduler  port.o
    0x00001928   0x00001928   0x00000024   Code   RO         1966    i.xPortSysTickHandler  port.o
    0x0000194c   0x0000194c   0x00000018   Code   RO         2053    i.xQueueCreateMutex  queue.o
    0x00001964   0x00001964   0x0000001c   Code   RO         2054    i.xQueueCreateMutexStatic  queue.o
    0x00001980   0x00001980   0x0000004a   Code   RO         2055    i.xQueueGenericCreate  queue.o
    0x000019ca   0x000019ca   0x00000032   Code   RO         2056    i.xQueueGenericCreateStatic  queue.o
    0x000019fc   0x000019fc   0x00000082   Code   RO         2057    i.xQueueGenericReset  queue.o
    0x00001a7e   0x00001a7e   0x000000e2   Code   RO         2058    i.xQueueGenericSend  queue.o
    0x00001b60   0x00001b60   0x00000068   Code   RO         2059    i.xQueueGenericSendFromISR  queue.o
    0x00001bc8   0x00001bc8   0x00000054   Code   RO         2062    i.xQueueGiveFromISR  queue.o
    0x00001c1c   0x00001c1c   0x000000dc   Code   RO         2068    i.xQueueReceive     queue.o
    0x00001cf8   0x00001cf8   0x00000062   Code   RO         2069    i.xQueueReceiveFromISR  queue.o
    0x00001d5a   0x00001d5a   0x00000112   Code   RO         2070    i.xQueueSemaphoreTake  queue.o
    0x00001e6c   0x00001e6c   0x00000054   Code   RO         2471    i.xTaskCheckForTimeOut  tasks.o
    0x00001ec0   0x00001ec0   0x00000060   Code   RO         2472    i.xTaskCreate       tasks.o
    0x00001f20   0x00001f20   0x0000003c   Code   RO         2473    i.xTaskCreateStatic  tasks.o
    0x00001f5c   0x00001f5c   0x00000020   Code   RO         2480    i.xTaskGetSchedulerState  tasks.o
    0x00001f7c   0x00001f7c   0x0000000c   Code   RO         2481    i.xTaskGetTickCount  tasks.o
    0x00001f88   0x00001f88   0x00000108   Code   RO         2483    i.xTaskIncrementTick  tasks.o
    0x00002090   0x00002090   0x00000070   Code   RO         2484    i.xTaskPriorityDisinherit  tasks.o
    0x00002100   0x00002100   0x00000098   Code   RO         2485    i.xTaskPriorityInherit  tasks.o
    0x00002198   0x00002198   0x000000c4   Code   RO         2486    i.xTaskRemoveFromEventList  tasks.o
    0x0000225c   0x0000225c   0x000000f8   Code   RO         2487    i.xTaskResumeAll    tasks.o
    0x00002354   0x00002354   0x00000058   Code   RO         2832    i.xTimerCreateTimerTask  timers.o
    0x000023ac   0x000023ac   0x00000020   Data   RO         3317    Region$$Table       anon$$obj.o
    0x000023cc   0x000023cc   0x00000004   Data   RO           23    .init_array         main.o
    0x000023d0   0x000023cc   0x00000000   Data   RO         3008    .init_array         c_p.l(init_aeabi.o)


    Execution Region RW_IRAM1 (Exec base: 0x20000000, Load base: 0x000023d0, Size: 0x00003da0, Max: 0x00008000, ABSOLUTE, COMPRESSED[0x00000224])

    Exec Addr    Load Addr    Size         Type   Attr      Idx    E Section Name        Object

    0x20000000   COMPRESSED   0x00000218   Data   RW           22    .data               main.o
    0x20000218   COMPRESSED   0x00000200   Data   RW          648    .data               api.o
    0x20000418   COMPRESSED   0x00000004   Data   RW         1667    .data               system_saml21g18b.o
    0x2000041c   COMPRESSED   0x00000020   Data   RW         1902    .data               heap_4.o
    0x2000043c   COMPRESSED   0x00000004   Data   RW         1967    .data               port.o
    0x20000440   COMPRESSED   0x00000040   Data   RW         2490    .data               tasks.o
    0x20000480   COMPRESSED   0x00000014   Data   RW         2841    .data               timers.o
    0x20000494        -       0x00000190   Zero   RW           21    .bss                main.o
    0x20000624        -       0x00000394   Zero   RW          727    .bss                clib_arm.o
    0x200009b8        -       0x000003f8   Zero   RW         1135    .bss                cmsis_os2.o
    0x20000db0        -       0x00002000   Zero   RW         1901    .bss                heap_4.o
    0x20002db0        -       0x000004c4   Zero   RW         2489    .bss                tasks.o
    0x20003274        -       0x000000c8   Zero   RW         2840    .bss                timers.o
    0x2000333c        -       0x00000060   Zero   RW         3240    .bss                c_p.l(libspace.o)
    0x2000339c   COMPRESSED   0x00000004   PAD
    0x200033a0        -       0x00000500   Zero   RW         1657    HEAP                startup_saml21g18b.o
    0x200038a0        -       0x00000500   Zero   RW         1656    STACK               startup_saml21g18b.o


==============================================================================

Image component sizes


      Code (inc. data)   RO Data    RW Data    ZI Data      Debug   Object Name

       222         14          0        512          0       2824   api.o
       202         12          0          0        916      38256   clib_arm.o
        92         12          0          0       1016      19079   cmsis_os2.o
         0          0          0          0          0      11960   event_groups.o
       404         24          0         32       8192       4383   heap_4.o
       138          0          0          0          0       3474   list.o
       784        122          4        536        400     134507   main.o
       350         50          0          4          0       7427   port.o
      1796          0          0          0          0      21821   queue.o
         2          0          0          0          0     116656   rtc.o
       220         44          0          0          0       2409   sercom.o
        56         26        176          0       2560        656   startup_saml21g18b.o
        16          8          0          4          0        703   system_saml21g18b.o
       312         64          0          0          0       6048   system_setup.o
      2542        190          0         64       1220      31074   tasks.o
       800         70          0         20        200      11748   timers.o

    ----------------------------------------------------------------------
      7952        636        212       1172      14504     413025   Object Totals
         0          0         32          0          0          0   (incl. Generated)
        16          0          0          0          0          0   (incl. Padding)

    ----------------------------------------------------------------------

      Code (inc. data)   RO Data    RW Data    ZI Data      Debug   Library Member Name

        96          0          0          0          0          0   __dclz77c.o
         8          0          0          0          0         68   __main.o
         0          0          0          0          0          0   __rtentry.o
        20          0          0          0          0          0   __rtentry2.o
         6          0          0          0          0          0   __rtentry4.o
        60          8          0          0          0          0   __scatter.o
        28          0          0          0          0          0   __scatter_zi.o
        18          0          0          0          0         68   aeabi_memset.o
       346          0          0          0          0         92   aeabi_sdiv.o
        16          0          0          0          0         68   exit.o
         6          0          0          0          0        136   heapauxi.o
         0          0          0          0          0          0   indicate_semi.o
        36         10          0          0          0         72   init_aeabi.o
         2          0          0          0          0          0   libinit.o
         6          0          0          0          0          0   libinit2.o
         2          0          0          0          0          0   libshutdown.o
         2          0          0          0          0          0   libshutdown2.o
         8          4          0          0         96         68   libspace.o
        64          0          0          0          0        108   rt_memclr.o
       186          0          0          0          0        144   rt_memcpy.o
         2          0          0          0          0          0   rtexit.o
        10          0          0          0          0          0   rtexit2.o
        12          4          0          0          0         60   sys_exit.o
        62          0          0          0          0         80   sys_stackheap_outer.o
         2          0          0          0          0         68   use_no_semi.o

    ----------------------------------------------------------------------
      1004         26          0          0        100       1032   Library Totals
         6          0          0          0          4          0   (incl. Padding)

    ----------------------------------------------------------------------

      Code (inc. data)   RO Data    RW Data    ZI Data      Debug   Library Name

       998         26          0          0         96       1032   c_p.l

    ----------------------------------------------------------------------
      1004         26          0          0        100       1032   Library Totals

    ----------------------------------------------------------------------

==============================================================================


      Code (inc. data)   RO Data    RW Data    ZI Data      Debug   

      8956        662        212       1172      14604     409105   Grand Totals
      8956        662        212        548      14604     409105   ELF Image Totals (compressed)
      8956        662        212        548          0          0   ROM Totals

==============================================================================

    Total RO  Size (Code + RO Data)                 9168 (   8.95kB)
    Total RW  Size (RW Data + ZI Data)             15776 (  15.41kB)
    Total ROM Size (Code + RO Data + RW Data)       9716 (   9.49kB)

==============================================================================

