Component: ARM Compiler 5.06 update 7 (build 960) Tool: armlink [4d3601]

==============================================================================

Section Cross References

    main.o(i.SERCOM0_Handler) refers to main.o(i._Z12verifyPackettPht) for verifyPacket(unsigned short, unsigned char*, unsigned short)
    main.o(i.SERCOM0_Handler) refers to queue.o(i.xQueueReceiveFromISR) for xQueueReceiveFromISR
    main.o(i.SERCOM0_Handler) refers to queue.o(i.xQueueGiveFromISR) for xQueueGiveFromISR
    main.o(i.SERCOM0_Handler) refers to main.o(.data) for .data
    main.o(i.SERCOM0_Handler) refers to main.o(.bss) for .bss
    main.o(i.SERCOM1_Handler) refers to queue.o(i.xQueueGenericSendFromISR) for xQueueGenericSendFromISR
    main.o(i.SERCOM1_Handler) refers to main.o(.data) for .data
    main.o(i.SERCOM2_Handler) refers to strstr.o(.text) for strstr
    main.o(i.SERCOM2_Handler) refers to queue.o(i.xQueueReceiveFromISR) for xQueueReceiveFromISR
    main.o(i.SERCOM2_Handler) refers to queue.o(i.xQueueGiveFromISR) for xQueueGiveFromISR
    main.o(i.SERCOM2_Handler) refers to main.o(.bss) for .bss
    main.o(i.SERCOM2_Handler) refers to main.o(.data) for .data
    main.o(i._Z10setupParsePv) refers to sercom.o(i._ZN4UART7_printfEPKcz) for UART::_printf(const char*, ...)
    main.o(i._Z10setupParsePv) refers to tasks.o(i.vTaskDelay) for vTaskDelay
    main.o(i._Z10setupParsePv) refers to queue.o(i.xQueueSemaphoreTake) for xQueueSemaphoreTake
    main.o(i._Z10setupParsePv) refers to tasks.o(i.xTaskCreate) for xTaskCreate
    main.o(i._Z10setupParsePv) refers to main.o(.data) for .data
    main.o(i._Z10setupParsePv) refers to main.o(i._Z18parseSmartmeshDataPv) for parseSmartmeshData(void*)
    main.o(i._Z12verifyPackettPht) refers to main.o(.data) for .data
    main.o(i._Z18parseSmartmeshDataPv) refers to queue.o(i.xQueueSemaphoreTake) for xQueueSemaphoreTake
    main.o(i._Z18parseSmartmeshDataPv) refers to queue.o(i.xQueueGenericSend) for xQueueGenericSend
    main.o(i._Z18parseSmartmeshDataPv) refers to sercom.o(i._ZN4UART7_printfEPKcz) for UART::_printf(const char*, ...)
    main.o(i._Z18parseSmartmeshDataPv) refers to api.o(i._ZN13Smartmesh_API9subscribeEjj) for Smartmesh_API::subscribe(unsigned, unsigned)
    main.o(i._Z18parseSmartmeshDataPv) refers to api.o(i._ZN13Smartmesh_API8mgr_initEv) for Smartmesh_API::mgr_init()
    main.o(i._Z18parseSmartmeshDataPv) refers to api.o(i._ZN13Smartmesh_API12resetManagerEv) for Smartmesh_API::resetManager()
    main.o(i._Z18parseSmartmeshDataPv) refers to api.o(i._ZN13Smartmesh_API16parseNetworkInfoEP12network_infoPh) for Smartmesh_API::parseNetworkInfo(network_info*, unsigned char*)
    main.o(i._Z18parseSmartmeshDataPv) refers to tasks.o(i.vTaskDelete) for vTaskDelete
    main.o(i._Z18parseSmartmeshDataPv) refers to main.o(.data) for .data
    main.o(i._Z18parseSmartmeshDataPv) refers to main.o(.bss) for .bss
    main.o(i.__sti___8_main_cpp_982d444f) refers to sercom.o(i._ZN4UARTC1EP18sercom_registers_ti) for UART::UART(sercom_registers_t*, int)
    main.o(i.__sti___8_main_cpp_982d444f) refers to api.o(i._ZN13Smartmesh_APIC1EP4UART) for Smartmesh_API::Smartmesh_API(UART*)
    main.o(i.__sti___8_main_cpp_982d444f) refers to queue.o(i.xQueueGenericCreate) for xQueueGenericCreate
    main.o(i.__sti___8_main_cpp_982d444f) refers to queue.o(i.xQueueCreateCountingSemaphore) for xQueueCreateCountingSemaphore
    main.o(i.__sti___8_main_cpp_982d444f) refers to main.o(.data) for .data
    main.o(i.__sti___8_main_cpp_982d444f) refers to main.o(.bss) for .bss
    main.o(i.main) refers to system_setup.o(i._Z12setup_systemv) for setup_system()
    main.o(i.main) refers to tasks.o(i.xTaskCreate) for xTaskCreate
    main.o(i.main) refers to sercom.o(i._ZN4UARTC1EP18sercom_registers_ti) for UART::UART(sercom_registers_t*, int)
    main.o(i.main) refers to rt_memcpy.o(.emb_text) for __aeabi_memcpy4
    main.o(i.main) refers to api.o(i._ZN13Smartmesh_APIC1EP4UART) for Smartmesh_API::Smartmesh_API(UART*)
    main.o(i.main) refers to queue.o(i.xQueueGenericSend) for xQueueGenericSend
    main.o(i.main) refers to tasks.o(i.vTaskStartScheduler) for vTaskStartScheduler
    main.o(i.main) refers to main.o(i._Z10setupParsePv) for setupParse(void*)
    main.o(i.main) refers to bluetooth.o(i._Z14bluetoothParsePv) for bluetoothParse(void*)
    main.o(i.main) refers to gsm_usart.o(i._Z8gsmParsePv) for gsmParse(void*)
    main.o(i.main) refers to main.o(.data) for .data
    main.o(i.main) refers to main.o(.bss) for .bss
    main.o(.ARM.exidx) refers to main.o(i._Z12verifyPackettPht) for i._Z12verifyPackettPht
    main.o(.ARM.exidx) refers to main.o(i._Z18parseSmartmeshDataPv) for i._Z18parseSmartmeshDataPv
    main.o(.ARM.exidx) refers to main.o(i._Z10setupParsePv) for i._Z10setupParsePv
    main.o(.ARM.exidx) refers to main.o(i.main) for i.main
    main.o(.ARM.exidx) refers to main.o(i.SERCOM0_Handler) for i.SERCOM0_Handler
[...]
    i.vApplicationStackOverflowHook          0x00003854   Section        0  cmsis_os2.o(i.vApplicationStackOverflowHook)
    i.vListInitialise                        0x00003858   Section        0  list.o(i.vListInitialise)
    i.vListInitialiseItem                    0x0000386e   Section        0  list.o(i.vListInitialiseItem)
    i.vListInsert                            0x00003874   Section        0  list.o(i.vListInsert)
    i.vListInsertEnd                         0x000038a4   Section        0  list.o(i.vListInsertEnd)
    i.vPortEnterCritical                     0x000038bc   Section        0  port.o(i.vPortEnterCritical)
    i.vPortExitCritical                      0x000038d4   Section        0  port.o(i.vPortExitCritical)
    i.vPortFree                              0x000038f0   Section        0  heap_4.o(i.vPortFree)
    i.vPortSetupTimerInterrupt               0x00003938   Section        0  port.o(i.vPortSetupTimerInterrupt)
    i.vPortYield                             0x00003960   Section        0  port.o(i.vPortYield)
    i.vQueueDelete                           0x00003978   Section        0  queue.o(i.vQueueDelete)
    i.vQueueWaitForMessageRestricted         0x00003990   Section        0  queue.o(i.vQueueWaitForMessageRestricted)
    i.vTaskDelay                             0x000039d8   Section        0  tasks.o(i.vTaskDelay)
    i.vTaskDelete                            0x00003a0c   Section        0  tasks.o(i.vTaskDelete)
    i.vTaskInternalSetTimeOutState           0x00003a8c   Section        0  tasks.o(i.vTaskInternalSetTimeOutState)
    i.vTaskMissedYield                       0x00003a9c   Section        0  tasks.o(i.vTaskMissedYield)
    i.vTaskPlaceOnEventList                  0x00003aa8   Section        0  tasks.o(i.vTaskPlaceOnEventList)
    i.vTaskPlaceOnEventListRestricted        0x00003acc   Section        0  tasks.o(i.vTaskPlaceOnEventListRestricted)
    i.vTaskPriorityDisinheritAfterTimeout    0x00003b14   Section        0  tasks.o(i.vTaskPriorityDisinheritAfterTimeout)
    i.vTaskStartScheduler                    0x00003ba4   Section        0  tasks.o(i.vTaskStartScheduler)
    i.vTaskSuspendAll                        0x00003c1c   Section        0  tasks.o(i.vTaskSuspendAll)
    i.vTaskSwitchContext                     0x00003c2c   Section        0  tasks.o(i.vTaskSwitchContext)
    i.xPortStartScheduler                    0x00003cb0   Section        0  port.o(i.xPortStartScheduler)
    i.xPortSysTickHandler                    0x00003ce0   Section        0  port.o(i.xPortSysTickHandler)
    i.xQueueCreateCountingSemaphore          0x00003d04   Section        0  queue.o(i.xQueueCreateCountingSemaphore)
    i.xQueueCreateMutex                      0x00003d24   Section        0  queue.o(i.xQueueCreateMutex)
    i.xQueueCreateMutexStatic                0x00003d3c   Section        0  queue.o(i.xQueueCreateMutexStatic)
    i.xQueueGenericCreate                    0x00003d58   Section        0  queue.o(i.xQueueGenericCreate)
    i.xQueueGenericCreateStatic              0x00003da6   Section        0  queue.o(i.xQueueGenericCreateStatic)
    i.xQueueGenericReset                     0x00003de4   Section        0  queue.o(i.xQueueGenericReset)
    i.xQueueGenericSend                      0x00003e72   Section        0  queue.o(i.xQueueGenericSend)
    i.xQueueGenericSendFromISR               0x00003f8e   Section        0  queue.o(i.xQueueGenericSendFromISR)
    i.xQueueGiveFromISR                      0x00004028   Section        0  queue.o(i.xQueueGiveFromISR)
    i.xQueueReceive                          0x000040a6   Section        0  queue.o(i.xQueueReceive)
    i.xQueueReceiveFromISR                   0x000041ae   Section        0  queue.o(i.xQueueReceiveFromISR)
    i.xQueueSemaphoreTake                    0x00004232   Section        0  queue.o(i.xQueueSemaphoreTake)
    i.xTaskCheckForTimeOut                   0x00004370   Section        0  tasks.o(i.xTaskCheckForTimeOut)
    i.xTaskCreate                            0x000043d4   Section        0  tasks.o(i.xTaskCreate)
    i.xTaskCreateStatic                      0x00004434   Section        0  tasks.o(i.xTaskCreateStatic)
    i.xTaskGetSchedulerState                 0x0000447c   Section        0  tasks.o(i.xTaskGetSchedulerState)
    i.xTaskGetTickCount                      0x0000449c   Section        0  tasks.o(i.xTaskGetTickCount)
    i.xTaskIncrementTick                     0x000044a8   Section        0  tasks.o(i.xTaskIncrementTick)
    i.xTaskPriorityDisinherit                0x000045bc   Section        0  tasks.o(i.xTaskPriorityDisinherit)
    i.xTaskPriorityInherit                   0x00004640   Section        0  tasks.o(i.xTaskPriorityInherit)
    i.xTaskRemoveFromEventList               0x000046d8   Section        0  tasks.o(i.xTaskRemoveFromEventList)
    i.xTaskResumeAll                         0x000047a4   Section        0  tasks.o(i.xTaskResumeAll)
    i.xTimerCreateTimerTask                  0x000048a8   Section        0  timers.o(i.xTimerCreateTimerTask)
    locale$$code                             0x00004908   Section       44  lc_ctype_c.o(locale$$code)
    locale$$code                             0x00004934   Section       44  lc_numeric_c.o(locale$$code)
    x$fpl$printf1                            0x00004960   Section       16  printf1.o(x$fpl$printf1)
    .constdata                               0x00004970   Section        8  _printf_wctomb.o(.constdata)
    x$fpl$usenofp                            0x00004970   Section        0  usenofp.o(x$fpl$usenofp)
    initial_mbstate                          0x00004970   Data           8  _printf_wctomb.o(.constdata)
    .constdata                               0x00004978   Section       40  _printf_hex_int_ll_ptr.o(.constdata)
    uc_hextab                                0x00004978   Data          20  _printf_hex_int_ll_ptr.o(.constdata)
    lc_hextab                                0x0000498c   Data          20  _printf_hex_int_ll_ptr.o(.constdata)
    .constdata                               0x000049a0   Section       17  __printf_flags_ss_wp.o(.constdata)
    maptable                                 0x000049a0   Data          17  __printf_flags_ss_wp.o(.constdata)
    .constdata                               0x000049b4   Section      148  bigflt0.o(.constdata)
    tenpwrs_x                                0x000049b4   Data          60  bigflt0.o(.constdata)
    tenpwrs_i                                0x000049f0   Data          64  bigflt0.o(.constdata)
    locale$$data                             0x00004a68   Section      272  lc_ctype_c.o(locale$$data)
    __lcctype_c_name                         0x00004a6c   Data           2  lc_ctype_c.o(locale$$data)
    __lcctype_c_start                        0x00004a74   Data           0  lc_ctype_c.o(locale$$data)
    locale$$data                             0x00004b78   Section       28  lc_numeric_c.o(locale$$data)
    __lcctype_c_end                          0x00004b78   Data           0  lc_ctype_c.o(locale$$data)
    __lcnum_c_name                           0x00004b7c   Data           2  lc_numeric_c.o(locale$$data)
    __lcnum_c_start                          0x00004b84   Data           0  lc_numeric_c.o(locale$$data)
    __lcnum_c_point                          0x00004b90   Data           0  lc_numeric_c.o(locale$$data)
    __lcnum_c_thousands                      0x00004b92   Data           0  lc_numeric_c.o(locale$$data)
    __lcnum_c_grouping                       0x00004b93   Data           0  lc_numeric_c.o(locale$$data)
    .init_array                              0x00004b94   Section        4  main.o(.init_array)
    __lcnum_c_end                            0x00004b94   Data           0  lc_numeric_c.o(locale$$data)
    .init_array                              0x00004b98   Section        0  init_aeabi.o(.init_array)
    .data                                    0x20000000   Section      588  main.o(.data)
    fcstab                                   0x2000004c   Data         512  main.o(.data)
    .data                                    0x2000024c   Section      512  api.o(.data)
    fcstab                                   0x2000024c   Data         512  api.o(.data)
    .data                                    0x2000044c   Section        4  system_saml21g18b.o(.data)
    .data                                    0x20000450   Section       32  heap_4.o(.data)
    pxEnd                                    0x20000450   Data           4  heap_4.o(.data)
    xFreeBytesRemaining                      0x20000454   Data           4  heap_4.o(.data)
    xMinimumEverFreeBytesRemaining           0x20000458   Data           4  heap_4.o(.data)
    xNumberOfSuccessfulAllocations           0x2000045c   Data           4  heap_4.o(.data)
    xNumberOfSuccessfulFrees                 0x20000460   Data           4  heap_4.o(.data)
    xBlockAllocatedBit                       0x20000464   Data           4  heap_4.o(.data)
    xStart                                   0x20000468   Data           8  heap_4.o(.data)
    .data                                    0x20000470   Section        4  port.o(.data)
    uxCriticalNesting                        0x20000470   Data           4  port.o(.data)
    .data                                    0x20000474   Section       64  tasks.o(.data)
    uxDeletedTasksWaitingCleanUp             0x20000478   Data           4  tasks.o(.data)
    uxCurrentNumberOfTasks                   0x2000047c   Data           4  tasks.o(.data)
    xTickCount                               0x20000480   Data           4  tasks.o(.data)
    uxTopReadyPriority                       0x20000484   Data           4  tasks.o(.data)
    xSchedulerRunning                        0x20000488   Data           4  tasks.o(.data)
    xPendedTicks                             0x2000048c   Data           4  tasks.o(.data)
    xYieldPending                            0x20000490   Data           4  tasks.o(.data)
    xNumOfOverflows                          0x20000494   Data           4  tasks.o(.data)
    uxTaskNumber                             0x20000498   Data           4  tasks.o(.data)
    xNextTaskUnblockTime                     0x2000049c   Data           4  tasks.o(.data)
    xIdleTaskHandle                          0x200004a0   Data           4  tasks.o(.data)
    uxSchedulerSuspended                     0x200004a8   Data           4  tasks.o(.data)
    pxDelayedTaskList                        0x200004ac   Data           4  tasks.o(.data)
    pxOverflowDelayedTaskList                0x200004b0   Data           4  tasks.o(.data)
    .data                                    0x200004b4   Section       20  timers.o(.data)
    xTimerQueue                              0x200004b4   Data           4  timers.o(.data)
    xTimerTaskHandle                         0x200004b8   Data           4  timers.o(.data)
    xLastTime                                0x200004bc   Data           4  timers.o(.data)
    pxCurrentTimerList                       0x200004c0   Data           4  timers.o(.data)
    pxOverflowTimerList                      0x200004c4   Data           4  timers.o(.data)
    .bss                                     0x200004c8   Section      800  main.o(.bss)
    .bss                                     0x200007e8   Section      256  sercom.o(.bss)
    buffer                                   0x200007e8   Data         256  sercom.o(.bss)
    .bss                                     0x200008e8   Section      916  clib_arm.o(.bss)
    os_libspace                              0x200008e8   Data         480  clib_arm.o(.bss)
    os_libspace_id                           0x20000ac8   Data          16  clib_arm.o(.bss)
    clib_mutex_cb                            0x20000ad8   Data         400  clib_arm.o(.bss)
    clib_mutex_id                            0x20000c68   Data          20  clib_arm.o(.bss)
    .bss                                     0x20000c7c   Section     1016  cmsis_os2.o(.bss)
    Idle_TCB                                 0x20000c7c   Data          92  cmsis_os2.o(.bss)
    Idle_Stack                               0x20000cd8   Data         512  cmsis_os2.o(.bss)
    Timer_TCB                                0x20000ed8   Data          92  cmsis_os2.o(.bss)
    Timer_Stack                              0x20000f34   Data         320  cmsis_os2.o(.bss)
    .bss                                     0x20001074   Section    16384  heap_4.o(.bss)
    ucHeap                                   0x20001074   Data       16384  heap_4.o(.bss)
    .bss                                     0x20005074   Section     1220  tasks.o(.bss)
    pxReadyTasksLists                        0x20005074   Data        1120  tasks.o(.bss)
    xDelayedTaskList1                        0x200054d4   Data          20  tasks.o(.bss)
    xDelayedTaskList2                        0x200054e8   Data          20  tasks.o(.bss)
    xPendingReadyList                        0x200054fc   Data          20  tasks.o(.bss)
    xTasksWaitingTermination                 0x20005510   Data          20  tasks.o(.bss)
    xSuspendedTaskList                       0x20005524   Data          20  tasks.o(.bss)
    .bss                                     0x20005538   Section      200  timers.o(.bss)
    xStaticTimerQueue                        0x20005538   Data          80  timers.o(.bss)
    ucStaticTimerQueueStorage                0x20005588   Data          80  timers.o(.bss)
    xActiveTimerList1                        0x200055d8   Data          20  timers.o(.bss)
    xActiveTimerList2                        0x200055ec   Data          20  timers.o(.bss)
    .bss                                     0x20005600   Section       96  libspace.o(.bss)
    HEAP                                     0x20005660   Section     1280  startup_saml21g18b.o(HEAP)
    Heap_Mem                                 0x20005660   Data        1280  startup_saml21g18b.o(HEAP)
    STACK                                    0x20005b60   Section     1280  startup_saml21g18b.o(STACK)
    Stack_Mem                                0x20005b60   Data        1280  startup_saml21g18b.o(STACK)
    __initial_sp                             0x20006060   Data           0  startup_saml21g18b.o(STACK)

    Global Symbols

    Symbol Name                              Value     Ov Type        Size  Object(Section)

    BuildAttributes$$THM_ISAv3M$S$PE$A:L22$X:L11$S22$IEEE1$IW$USESV6$~STKCKD$USESV7$~SHL$OTIME$ROPI$IEEEJ$EBA8$UX$STANDARDLIB$REQ8$PRES8$EABIv2 0x00000000   Number         0  anon$$obj.o ABSOLUTE
    __ARM_use_no_argv                        0x00000000   Number         0  main.o ABSOLUTE
    __Vectors                                0x00000000   Data           4  startup_saml21g18b.o(RESET)
    _printf_flags                            0x00000000   Number         0  printf_stubs.o ABSOLUTE
    _printf_return_value                     0x00000000   Number         0  printf_stubs.o ABSOLUTE
    _printf_sizespec                         0x00000000   Number         0  printf_stubs.o ABSOLUTE
    _printf_widthprec                        0x00000000   Number         0  printf_stubs.o ABSOLUTE
    __ARM_exceptions_init                     - Undefined Weak Reference
    __alloca_initialize                       - Undefined Weak Reference
    __arm_fini_                               - Undefined Weak Reference
    __arm_preinit_                            - Undefined Weak Reference
    __cxa_finalize                            - Undefined Weak Reference
    __sigvec_lookup                           - Undefined Weak Reference
    _atexit_init                              - Undefined Weak Reference
    _call_atexit_fns                          - Undefined Weak Reference
    _clock_init                               - Undefined Weak Reference
    _fp_trap_init                             - Undefined Weak Reference
    _fp_trap_shutdown                         - Undefined Weak Reference
    _get_lc_collate                           - Undefined Weak Reference
    _get_lc_monetary                          - Undefined Weak Reference
    _get_lc_time                              - Undefined Weak Reference
    _getenv_init                              - Undefined Weak Reference
    _handle_redirection                       - Undefined Weak Reference
    _init_alloc                               - Undefined Weak Reference
    _init_user_alloc                          - Undefined Weak Reference
    _initio                                   - Undefined Weak Reference
    _printf_fp_hex                            - Undefined Weak Reference
    _printf_mbtowc                            - Undefined Weak Reference
    _printf_wc                                - Undefined Weak Reference
    _rand_init                                - Undefined Weak Reference
    _scanf_longlong                           - Undefined Weak Reference
    _scanf_mbtowc                             - Undefined Weak Reference
    _scanf_real                               - Undefined Weak Reference
    _scanf_wctomb                             - Undefined Weak Reference
    _scanf_wstring                            - Undefined Weak Reference
    _signal_finish                            - Undefined Weak Reference
    _signal_init                              - Undefined Weak Reference
    _terminate_alloc                          - Undefined Weak Reference
    _terminate_user_alloc                     - Undefined Weak Reference
    _terminateio                              - Undefined Weak Reference
    __Vectors_End                            0x000000b0   Data           0  startup_saml21g18b.o(RESET)
    __Vectors_Size                           0x000000b0   Number         0  startup_saml21g18b.o ABSOLUTE
    __main                                   0x000000b1   Thumb Code     8  __main.o(!!!main)
    __scatterload                            0x000000b9   Thumb Code     0  __scatter.o(!!!scatter)
    __scatterload_rt2                        0x000000b9   Thumb Code    52  __scatter.o(!!!scatter)
    __scatterload_rt2_thumb_only             0x000000b9   Thumb Code     0  __scatter.o(!!!scatter)
    __scatterload_null                       0x000000c9   Thumb Code     0  __scatter.o(!!!scatter)
    __scatterload_zeroinit                   0x000000f5   Thumb Code    28  __scatter_zi.o(!!handler_zi)
    _printf_percent                          0x00000111   Thumb Code     0  _printf_percent.o(.ARM.Collect$$_printf_percent$$00000000)
    _printf_n                                0x00000113   Thumb Code     0  _printf_n.o(.ARM.Collect$$_printf_percent$$00000001)
    _printf_p                                0x0000011d   Thumb Code     0  _printf_p.o(.ARM.Collect$$_printf_percent$$00000002)
    _printf_f                                0x00000127   Thumb Code     0  _printf_f.o(.ARM.Collect$$_printf_percent$$00000003)
    _printf_e                                0x00000131   Thumb Code     0  _printf_e.o(.ARM.Collect$$_printf_percent$$00000004)
    _printf_g                                0x0000013b   Thumb Code     0  _printf_g.o(.ARM.Collect$$_printf_percent$$00000005)
    _printf_a                                0x00000145   Thumb Code     0  _printf_a.o(.ARM.Collect$$_printf_percent$$00000006)
    _printf_ll                               0x0000014f   Thumb Code     0  _printf_ll.o(.ARM.Collect$$_printf_percent$$00000007)
    _printf_i                                0x00000159   Thumb Code     0  _printf_i.o(.ARM.Collect$$_printf_percent$$00000008)
    _printf_d                                0x00000163   Thumb Code     0  _printf_d.o(.ARM.Collect$$_printf_percent$$00000009)
    _printf_u                                0x0000016d   Thumb Code     0  _printf_u.o(.ARM.Collect$$_printf_percent$$0000000A)
    _printf_o                                0x00000177   Thumb Code     0  _printf_o.o(.ARM.Collect$$_printf_percent$$0000000B)
    _printf_x                                0x00000181   Thumb Code     0  _printf_x.o(.ARM.Collect$$_printf_percent$$0000000C)
    _printf_lli                              0x0000018b   Thumb Code     0  _printf_lli.o(.ARM.Collect$$_printf_percent$$0000000D)
    _printf_lld                              0x00000195   Thumb Code     0  _printf_lld.o(.ARM.Collect$$_printf_percent$$0000000E)
    _printf_llu                              0x0000019f   Thumb Code     0  _printf_llu.o(.ARM.Collect$$_printf_percent$$0000000F)
    _printf_llo                              0x000001a9   Thumb Code     0  _printf_llo.o(.ARM.Collect$$_printf_percent$$00000010)
    _printf_llx                              0x000001b3   Thumb Code     0  _printf_llx.o(.ARM.Collect$$_printf_percent$$00000011)
    _printf_l                                0x000001bd   Thumb Code     0  _printf_l.o(.ARM.Collect$$_printf_percent$$00000012)
    _printf_c                                0x000001c7   Thumb Code     0  _printf_c.o(.ARM.Collect$$_printf_percent$$00000013)
    _printf_s                                0x000001d1   Thumb Code     0  _printf_s.o(.ARM.Collect$$_printf_percent$$00000014)
    _printf_lc                               0x000001db   Thumb Code     0  _printf_lc.o(.ARM.Collect$$_printf_percent$$00000015)
    _printf_ls                               0x000001e5   Thumb Code     0  _printf_ls.o(.ARM.Collect$$_printf_percent$$00000016)
    _printf_percent_end                      0x000001ef   Thumb Code     0  _printf_percent_end.o(.ARM.Collect$$_printf_percent$$00000017)
    __rt_lib_init                            0x000001f3   Thumb Code     0  libinit.o(.ARM.Collect$$libinit$$00000000)
    __rt_lib_init_fp_1                       0x000001f5   Thumb Code     0  libinit2.o(.ARM.Collect$$libinit$$00000002)
    __rt_lib_init_heap_1                     0x000001f5   Thumb Code     0  libinit2.o(.ARM.Collect$$libinit$$0000000A)
    __rt_lib_init_lc_common                  0x000001f5   Thumb Code     0  libinit2.o(.ARM.Collect$$libinit$$0000000F)
    __rt_lib_init_preinit_1                  0x000001f5   Thumb Code     0  libinit2.o(.ARM.Collect$$libinit$$00000004)
    __rt_lib_init_rand_1                     0x000001f5   Thumb Code     0  libinit2.o(.ARM.Collect$$libinit$$0000000E)
    __rt_lib_init_user_alloc_1               0x000001f5   Thumb Code     0  libinit2.o(.ARM.Collect$$libinit$$0000000C)
    __rt_lib_init_lc_collate_1               0x000001fb   Thumb Code     0  libinit2.o(.ARM.Collect$$libinit$$00000011)
    __rt_lib_init_lc_ctype_2                 0x000001fb   Thumb Code     0  libinit2.o(.ARM.Collect$$libinit$$00000012)
    __rt_lib_init_lc_ctype_1                 0x00000207   Thumb Code     0  libinit2.o(.ARM.Collect$$libinit$$00000013)
    __rt_lib_init_lc_monetary_1              0x00000207   Thumb Code     0  libinit2.o(.ARM.Collect$$libinit$$00000015)
    __rt_lib_init_lc_numeric_2               0x00000207   Thumb Code     0  libinit2.o(.ARM.Collect$$libinit$$00000016)
    __rt_lib_init_alloca_1                   0x00000211   Thumb Code     0  libinit2.o(.ARM.Collect$$libinit$$0000002E)
    __rt_lib_init_argv_1                     0x00000211   Thumb Code     0  libinit2.o(.ARM.Collect$$libinit$$0000002C)
    __rt_lib_init_atexit_1                   0x00000211   Thumb Code     0  libinit2.o(.ARM.Collect$$libinit$$0000001B)
    __rt_lib_init_clock_1                    0x00000211   Thumb Code     0  libinit2.o(.ARM.Collect$$libinit$$00000021)
    __rt_lib_init_cpp_2                      0x00000211   Thumb Code     0  libinit2.o(.ARM.Collect$$libinit$$00000031)
    __rt_lib_init_exceptions_1               0x00000211   Thumb Code     0  libinit2.o(.ARM.Collect$$libinit$$00000030)
    __rt_lib_init_fp_trap_1                  0x00000211   Thumb Code     0  libinit2.o(.ARM.Collect$$libinit$$0000001F)
    __rt_lib_init_getenv_1                   0x00000211   Thumb Code     0  libinit2.o(.ARM.Collect$$libinit$$00000023)
    __rt_lib_init_lc_numeric_1               0x00000211   Thumb Code     0  libinit2.o(.ARM.Collect$$libinit$$00000017)
    __rt_lib_init_lc_time_1                  0x00000211   Thumb Code     0  libinit2.o(.ARM.Collect$$libinit$$00000019)
    __rt_lib_init_signal_1                   0x00000211   Thumb Code     0  libinit2.o(.ARM.Collect$$libinit$$0000001D)
    __rt_lib_init_stdio_1                    0x00000211   Thumb Code     0  libinit2.o(.ARM.Collect$$libinit$$00000025)
    __rt_lib_init_cpp_1                      0x00000215   Thumb Code     0  libinit2.o(.ARM.Collect$$libinit$$00000032)
    __rt_lib_init_return                     0x00000215   Thumb Code     0  libinit2.o(.ARM.Collect$$libinit$$00000033)
    __rt_lib_shutdown                        0x00000217   Thumb Code     0  libshutdown.o(.ARM.Collect$$libshutdown$$00000000)
    __rt_lib_shutdown_cpp_1                  0x00000219   Thumb Code     0  libshutdown2.o(.ARM.Collect$$libshutdown$$00000004)
    __rt_lib_shutdown_fini_1                 0x00000219   Thumb Code     0  libshutdown2.o(.ARM.Collect$$libshutdown$$00000002)
    __rt_lib_shutdown_fp_trap_1              0x00000219   Thumb Code     0  libshutdown2.o(.ARM.Collect$$libshutdown$$00000009)
    __rt_lib_shutdown_heap_1                 0x00000219   Thumb Code     0  libshutdown2.o(.ARM.Collect$$libshutdown$$00000011)
    __rt_lib_shutdown_return                 0x00000219   Thumb Code     0  libshutdown2.o(.ARM.Collect$$libshutdown$$00000012)
    __rt_lib_shutdown_signal_1               0x00000219   Thumb Code     0  libshutdown2.o(.ARM.Collect$$libshutdown$$0000000C)
    __rt_lib_shutdown_stdio_1                0x00000219   Thumb Code     0  libshutdown2.o(.ARM.Collect$$libshutdown$$00000006)
    __rt_lib_shutdown_user_alloc_1           0x00000219   Thumb Code     0  libshutdown2.o(.ARM.Collect$$libshutdown$$0000000E)
    __rt_entry                               0x0000021b   Thumb Code     0  __rtentry.o(.ARM.Collect$$rtentry$$00000000)
    __rt_entry_presh_1                       0x0000021b   Thumb Code     0  __rtentry2.o(.ARM.Collect$$rtentry$$00000002)
    __rt_entry_sh                            0x0000021b   Thumb Code     0  __rtentry4.o(.ARM.Collect$$rtentry$$00000004)
    __rt_entry_postsh_1                      0x00000221   Thumb Code     0  __rtentry2.o(.ARM.Collect$$rtentry$$00000008)
    __rt_entry_li                            0x00000229   Thumb Code     0  __rtentry2.o(.ARM.Collect$$rtentry$$0000000A)
    __rt_entry_main                          0x0000022d   Thumb Code     0  __rtentry2.o(.ARM.Collect$$rtentry$$0000000D)
    __rt_entry_postli_1                      0x0000022d   Thumb Code     0  __rtentry2.o(.ARM.Collect$$rtentry$$0000000C)
    __rt_exit                                0x00000235   Thumb Code     0  rtexit.o(.ARM.Collect$$rtexit$$00000000)
    __rt_exit_ls                             0x00000237   Thumb Code     0  rtexit2.o(.ARM.Collect$$rtexit$$00000003)
    __rt_exit_prels_1                        0x00000237   Thumb Code     0  rtexit2.o(.ARM.Collect$$rtexit$$00000002)
    __rt_exit_exit                           0x0000023b   Thumb Code     0  rtexit2.o(.ARM.Collect$$rtexit$$00000004)
    __asm___6_port_c_39a90d8d__prvPortStartFirstTask 0x00000241   Thumb Code    36  port.o(.emb_text)
    ulSetInterruptMaskFromISR                0x00000269   Thumb Code     8  port.o(.emb_text)
    vClearInterruptMaskFromISR               0x00000271   Thumb Code     6  port.o(.emb_text)
    PendSV_Handler                           0x00000277   Thumb Code    62  port.o(.emb_text)
    __aeabi_memcpy4                          0x000002b9   Thumb Code    56  rt_memcpy.o(.emb_text)
    __aeabi_memcpy8                          0x000002b9   Thumb Code     0  rt_memcpy.o(.emb_text)
    Reset_Handler                            0x000002f1   Thumb Code     8  startup_saml21g18b.o(.text)
    NonMaskableInt_Handler                   0x000002f9   Thumb Code     2  startup_saml21g18b.o(.text)
    HardFault_Handler                        0x000002fb   Thumb Code     2  startup_saml21g18b.o(.text)
    AC_Handler                               0x00000303   Thumb Code     0  startup_saml21g18b.o(.text)
    ADC_Handler                              0x00000303   Thumb Code     0  startup_saml21g18b.o(.text)
    AES_Handler                              0x00000303   Thumb Code     0  startup_saml21g18b.o(.text)
    DAC_Handler                              0x00000303   Thumb Code     0  startup_saml21g18b.o(.text)
    DMAC_Handler                             0x00000303   Thumb Code     0  startup_saml21g18b.o(.text)
    EIC_Handler                              0x00000303   Thumb Code     0  startup_saml21g18b.o(.text)
    EVSYS_Handler                            0x00000303   Thumb Code     0  startup_saml21g18b.o(.text)
    NVMCTRL_Handler                          0x00000303   Thumb Code     0  startup_saml21g18b.o(.text)
    PTC_Handler                              0x00000303   Thumb Code     0  startup_saml21g18b.o(.text)
    RTC_Handler                              0x00000303   Thumb Code     0  startup_saml21g18b.o(.text)
    SERCOM3_Handler                          0x00000303   Thumb Code     0  startup_saml21g18b.o(.text)
    SERCOM4_Handler                          0x00000303   Thumb Code     0  startup_saml21g18b.o(.text)
    SERCOM5_Handler                          0x00000303   Thumb Code     0  startup_saml21g18b.o(.text)
    SYSTEM_Handler                           0x00000303   Thumb Code     0  startup_saml21g18b.o(.text)
    TC0_Handler                              0x00000303   Thumb Code     0  startup_saml21g18b.o(.text)
    TC1_Handler                              0x00000303   Thumb Code     0  startup_saml21g18b.o(.text)
    TC4_Handler                              0x00000303   Thumb Code     0  startup_saml21g18b.o(.text)
    TCC0_Handler                             0x00000303   Thumb Code     0  startup_saml21g18b.o(.text)
    TCC1_Handler                             0x00000303   Thumb Code     0  startup_saml21g18b.o(.text)
    TCC2_Handler                             0x00000303   Thumb Code     0  startup_saml21g18b.o(.text)
    TRNG_Handler                             0x00000303   Thumb Code     0  startup_saml21g18b.o(.text)
    USB_Handler                              0x00000303   Thumb Code     0  startup_saml21g18b.o(.text)
    WDT_Handler                              0x00000303   Thumb Code     0  startup_saml21g18b.o(.text)
    __user_initial_stackheap                 0x00000305   Thumb Code     0  startup_saml21g18b.o(.text)
    __rt_ctype_table                         0x00000329   Thumb Code    16  rt_ctype_table.o(.text)
    __c89vsprintf                            0x00000339   Thumb Code    32  c89vsprintf.o(.text)
    __0sscanf                                0x0000035d   Thumb Code    54  __0sscanf.o(.text)
    _scanf_int                               0x0000039d   Thumb Code   330  _scanf_int.o(.text)
    _scanf_string                            0x000004e7   Thumb Code   232  _scanf_str.o(.text)
    strstr                                   0x000005cf   Thumb Code    40  strstr.o(.text)
    strlen                                   0x000005f9   Thumb Code    62  strlen.o(.text)
    __aeabi_memcpy                           0x0000063d   Thumb Code   130  rt_memcpy.o(.text)
    __rt_memcpy                              0x0000063d   Thumb Code     0  rt_memcpy.o(.text)
    __aeabi_memset                           0x000006bf   Thumb Code    18  aeabi_memset.o(.text)
    _memset_w                                0x000006d1   Thumb Code    26  rt_memclr.o(.text)
    _memset                                  0x000006eb   Thumb Code    30  rt_memclr.o(.text)
    __aeabi_memclr                           0x00000709   Thumb Code     4  rt_memclr.o(.text)
    __rt_memclr                              0x00000709   Thumb Code     0  rt_memclr.o(.text)
    __aeabi_memclr4                          0x0000070d   Thumb Code     0  rt_memclr.o(.text)
    __aeabi_memclr8                          0x0000070d   Thumb Code     0  rt_memclr.o(.text)
    __rt_memclr_w                            0x0000070d   Thumb Code     4  rt_memclr.o(.text)
    __aeabi_uidiv                            0x00000711   Thumb Code     0  aeabi_sdiv.o(.text)
    __aeabi_uidivmod                         0x00000711   Thumb Code    20  aeabi_sdiv.o(.text)
    __aeabi_idiv                             0x00000725   Thumb Code     0  aeabi_sdiv.o(.text)
    __aeabi_idivmod                          0x00000725   Thumb Code   326  aeabi_sdiv.o(.text)
    __use_two_region_memory                  0x0000086b   Thumb Code     2  heapauxi.o(.text)
    __rt_heap_escrow$2region                 0x0000086d   Thumb Code     2  heapauxi.o(.text)
    __rt_heap_expand$2region                 0x0000086f   Thumb Code     2  heapauxi.o(.text)
    __cpp_initialize__aeabi_                 0x00000871   Thumb Code    26  init_aeabi.o(.text)
    __rt_locale                              0x00000895   Thumb Code    10  rt_locale_twolibspace.o(.text)
    _printf_pre_padding                      0x0000089f   Thumb Code    44  _printf_pad.o(.text)
    _printf_post_padding                     0x000008cb   Thumb Code    34  _printf_pad.o(.text)
    _printf_truncate_signed                  0x000008ed   Thumb Code    18  _printf_truncate.o(.text)
    _printf_truncate_unsigned                0x000008ff   Thumb Code    18  _printf_truncate.o(.text)
    _printf_str                              0x00000911   Thumb Code    82  _printf_str.o(.text)
    _printf_int_dec                          0x00000965   Thumb Code    90  _printf_dec.o(.text)
    _printf_charcount                        0x000009d1   Thumb Code    38  _printf_charcount.o(.text)
    _printf_char_common                      0x00000a03   Thumb Code    32  _printf_char_common.o(.text)
    _sputc                                   0x00000a29   Thumb Code    10  _sputc.o(.text)
    _printf_wctomb                           0x00000a35   Thumb Code   182  _printf_wctomb.o(.text)
    _printf_longlong_dec                     0x00000af1   Thumb Code    94  _printf_longlong_dec.o(.text)
    _printf_longlong_oct                     0x00000b61   Thumb Code    68  _printf_oct_int_ll.o(.text)
    _printf_int_oct                          0x00000ba5   Thumb Code    24  _printf_oct_int_ll.o(.text)
    _printf_ll_oct                           0x00000bbd   Thumb Code    10  _printf_oct_int_ll.o(.text)
    _printf_longlong_hex                     0x00000bd1   Thumb Code    88  _printf_hex_int_ll_ptr.o(.text)
    _printf_int_hex                          0x00000c29   Thumb Code    28  _printf_hex_int_ll_ptr.o(.text)
    _printf_ll_hex                           0x00000c45   Thumb Code    10  _printf_hex_int_ll_ptr.o(.text)
    _printf_hex_ptr                          0x00000c4f   Thumb Code    22  _printf_hex_int_ll_ptr.o(.text)
    __printf                                 0x00000c69   Thumb Code   386  __printf_flags_ss_wp.o(.text)
    _chval                                   0x00000df1   Thumb Code    30  _chval.o(.text)
    __vfscanf_char                           0x00000e1d   Thumb Code    28  scanf_char.o(.text)
    _sgetc                                   0x00000e41   Thumb Code    32  _sgetc.o(.text)
    _sbackspace                              0x00000e61   Thumb Code    36  _sgetc.o(.text)
    __user_libspace                          0x00000e85   Thumb Code     8  libspace.o(.text)
    __user_perproc_libspace                  0x00000e85   Thumb Code     0  libspace.o(.text)
    _ll_udiv10                               0x00000e8d   Thumb Code   122  lludiv10.o(.text)
    isspace                                  0x00000f07   Thumb Code    18  isspace.o(.text)
    _printf_int_common                       0x00000f19   Thumb Code   176  _printf_intcommon.o(.text)
    __lib_sel_fp_printf                      0x00000fc9   Thumb Code     2  _printf_fp_dec.o(.text)
    _printf_fp_dec_real                      0x00001167   Thumb Code   620  _printf_fp_dec.o(.text)
    _printf_cs_common                        0x000013e1   Thumb Code    22  _printf_char.o(.text)
    _printf_char                             0x000013f7   Thumb Code    16  _printf_char.o(.text)
    _printf_string                           0x00001407   Thumb Code     8  _printf_char.o(.text)
    _printf_lcs_common                       0x0000140f   Thumb Code    22  _printf_wchar.o(.text)
    _printf_wchar                            0x00001425   Thumb Code    16  _printf_wchar.o(.text)
    _printf_wstring                          0x00001435   Thumb Code     8  _printf_wchar.o(.text)
    __vfscanf                                0x0000143d   Thumb Code   900  _scanf.o(.text)
    _wcrtomb                                 0x000017d1   Thumb Code    64  _wcrtomb.o(.text)
    strcmp                                   0x00001811   Thumb Code   132  strcmp.o(.text)
    __rt_udiv10                              0x00001899   Thumb Code    40  rtudiv10.o(.text)
    __user_setup_stackheap                   0x000018c1   Thumb Code    62  sys_stackheap_outer.o(.text)
    _printf_fp_infnan                        0x00001901   Thumb Code   120  _printf_fp_infnan.o(.text)
    _btod_etento                             0x00001989   Thumb Code   210  bigflt0.o(.text)
    _btod_d2e                                0x00001a61   Thumb Code    64  btod.o(.text)
    _btod_emul                               0x00001e95   Thumb Code    28  btod.o(.text)
    _btod_emuld                              0x00001eb1   Thumb Code   144  btod.o(.text)
    _btod_ediv                               0x00001f41   Thumb Code    26  btod.o(.text)
    _btod_edivd                              0x00001f5b   Thumb Code   124  btod.o(.text)
    exit                                     0x00001fe1   Thumb Code    16  exit.o(.text)
    _sys_exit                                0x00001ff1   Thumb Code     8  sys_exit.o(.text)
    __I$use$semihosting                      0x00001ffd   Thumb Code     0  use_no_semi.o(.text)
    __use_no_semihosting_swi                 0x00001ffd   Thumb Code     2  use_no_semi.o(.text)
    __decompress                             0x00001fff   Thumb Code     0  __dclz77c.o(.text)
    __decompress2                            0x00001fff   Thumb Code    96  __dclz77c.o(.text)
    __semihosting_library_function           0x00001fff   Thumb Code     0  indicate_semi.o(.text)
    SERCOM0_Handler                          0x00002061   Thumb Code   222  main.o(i.SERCOM0_Handler)
    SERCOM1_Handler                          0x0000215d   Thumb Code    36  main.o(i.SERCOM1_Handler)
    SERCOM2_Handler                          0x0000218d   Thumb Code   142  main.o(i.SERCOM2_Handler)
    SVC_Handler                              0x00002239   Thumb Code     2  port.o(i.SVC_Handler)
    SysTick_Handler                          0x0000223d   Thumb Code    20  cmsis_os2.o(i.SysTick_Handler)
    SystemInit                               0x00002255   Thumb Code     8  system_saml21g18b.o(i.SystemInit)
    setupParse(void*)                        0x00002265   Thumb Code   100  main.o(i._Z10setupParsePv)
    parseGSMData(void*)                      0x00002311   Thumb Code   192  gsm_usart.o(i._Z12parseGSMDataPv)
    setup_system()                           0x00002411   Thumb Code   368  system_setup.o(i._Z12setup_systemv)
    verifyPacket(unsigned short, unsigned char*, unsigned short) 0x000025d5   Thumb Code    40  main.o(i._Z12verifyPackettPht)
    bluetoothParse(void*)                    0x00002605   Thumb Code    32  bluetooth.o(i._Z14bluetoothParsePv)
    isValidIPAddress(const char*)            0x00002631   Thumb Code   132  gsm_usart.o(i._Z16isValidIPAddressPKc)
    parseSmartmeshData(void*)                0x000026c9   Thumb Code   242  main.o(i._Z18parseSmartmeshDataPv)
    gsmParse(void*)                          0x00002825   Thumb Code    38  gsm_usart.o(i._Z8gsmParsePv)
    setup_rtc()                              0x00002865   Thumb Code     2  rtc.o(i._Z9setup_rtcv)
    Smartmesh_API::init_packet(unsigned char, unsigned char) 0x00002867   Thumb Code    34  api.o(i._ZN13Smartmesh_API11init_packetEhh)
    Smartmesh_API::checksumData(unsigned short, unsigned char*, unsigned short) 0x00002889   Thumb Code    44  api.o(i._ZN13Smartmesh_API12checksumDataEtPht)
    Smartmesh_API::resetManager()            0x000028b9   Thumb Code    48  api.o(i._ZN13Smartmesh_API12resetManagerEv)
    Smartmesh_API::verifyPacket(unsigned short, unsigned char*, unsigned short) 0x000028ed   Thumb Code    42  api.o(i._ZN13Smartmesh_API12verifyPacketEtPht)
    Smartmesh_API::parseNetworkInfo(network_info*, unsigned char*) 0x00002921   Thumb Code   178  api.o(i._ZN13Smartmesh_API16parseNetworkInfoEP12network_infoPh)
    Smartmesh_API::mgr_init()                0x000029d9   Thumb Code    54  api.o(i._ZN13Smartmesh_API8mgr_initEv)
    Smartmesh_API::subscribe(unsigned, unsigned) 0x00002a15   Thumb Code    64  api.o(i._ZN13Smartmesh_API9subscribeEjj)
    Smartmesh_API::Smartmesh_API(UART*)      0x00002a59   Thumb Code    12  api.o(i._ZN13Smartmesh_APIC1EP4UART)
    Smartmesh_API::Smartmesh_API__sub_object(UART*) 0x00002a59   Thumb Code     0  api.o(i._ZN13Smartmesh_APIC1EP4UART)
    UART::send_array(unsigned char*, unsigned char) 0x00002a65   Thumb Code    76  sercom.o(i._ZN4UART10send_arrayEPhh)
    UART::_printf(const char*, ...)          0x00002abd   Thumb Code   112  sercom.o(i._ZN4UART7_printfEPKcz)
    UART::UART(sercom_registers_t*, int)     0x00002b3d   Thumb Code   214  sercom.o(i._ZN4UARTC1EP18sercom_registers_ti)
    UART::UART__sub_object(sercom_registers_t*, int) 0x00002b3d   Thumb Code     0  sercom.o(i._ZN4UARTC1EP18sercom_registers_ti)
    __ARM_common_ll_muluu                    0x00002c39   Thumb Code    48  btod.o(i.__ARM_common_ll_muluu)
    __ARM_common_switch8                     0x00002c69   Thumb Code    26  cmsis_os2.o(i.__ARM_common_switch8)
    __ARM_fpclassify                         0x00002c85   Thumb Code    40  fpclassify.o(i.__ARM_fpclassify)
    _is_digit                                0x00002d71   Thumb Code    14  __printf_wp.o(i._is_digit)
    _mutex_acquire                           0x00002d7f   Thumb Code    24  clib_arm.o(i._mutex_acquire)
    _mutex_free                              0x00002d99   Thumb Code    40  clib_arm.o(i._mutex_free)
    _mutex_initialize                        0x00002dc5   Thumb Code    80  clib_arm.o(i._mutex_initialize)
    _mutex_release                           0x00002e1d   Thumb Code    26  clib_arm.o(i._mutex_release)
    _platform_post_stackheap_init            0x00002e37   Thumb Code     2  clib_arm.o(i._platform_post_stackheap_init)
    main                                     0x00002e39   Thumb Code   200  main.o(i.main)
    pvPortMalloc                             0x00003701   Thumb Code   198  heap_4.o(i.pvPortMalloc)
    pvTaskIncrementMutexHeldCount            0x000037cd   Thumb Code    20  tasks.o(i.pvTaskIncrementMutexHeldCount)
    pxPortInitialiseStack                    0x000037e5   Thumb Code    26  port.o(i.pxPortInitialiseStack)
    uxListRemove                             0x00003805   Thumb Code    38  list.o(i.uxListRemove)
    vApplicationGetIdleTaskMemory            0x0000382d   Thumb Code    16  cmsis_os2.o(i.vApplicationGetIdleTaskMemory)
    vApplicationGetTimerTaskMemory           0x00003841   Thumb Code    16  cmsis_os2.o(i.vApplicationGetTimerTaskMemory)
    vApplicationStackOverflowHook            0x00003855   Thumb Code     4  cmsis_os2.o(i.vApplicationStackOverflowHook)
    vListInitialise                          0x00003859   Thumb Code    22  list.o(i.vListInitialise)
    vListInitialiseItem                      0x0000386f   Thumb Code     6  list.o(i.vListInitialiseItem)
    vListInsert                              0x00003875   Thumb Code    48  list.o(i.vListInsert)
    vListInsertEnd                           0x000038a5   Thumb Code    24  list.o(i.vListInsertEnd)
    vPortEnterCritical                       0x000038bd   Thumb Code    20  port.o(i.vPortEnterCritical)
    vPortExitCritical                        0x000038d5   Thumb Code    24  port.o(i.vPortExitCritical)
    vPortFree                                0x000038f1   Thumb Code    68  heap_4.o(i.vPortFree)
    vPortSetupTimerInterrupt                 0x00003939   Thumb Code    32  port.o(i.vPortSetupTimerInterrupt)
    vPortYield                               0x00003961   Thumb Code    18  port.o(i.vPortYield)
    vQueueDelete                             0x00003979   Thumb Code    24  queue.o(i.vQueueDelete)
    vQueueWaitForMessageRestricted           0x00003991   Thumb Code    70  queue.o(i.vQueueWaitForMessageRestricted)
    vTaskDelay                               0x000039d9   Thumb Code    48  tasks.o(i.vTaskDelay)
    vTaskDelete                              0x00003a0d   Thumb Code   118  tasks.o(i.vTaskDelete)
    vTaskInternalSetTimeOutState             0x00003a8d   Thumb Code    12  tasks.o(i.vTaskInternalSetTimeOutState)
    vTaskMissedYield                         0x00003a9d   Thumb Code     8  tasks.o(i.vTaskMissedYield)
    vTaskPlaceOnEventList                    0x00003aa9   Thumb Code    32  tasks.o(i.vTaskPlaceOnEventList)
    vTaskPlaceOnEventListRestricted          0x00003acd   Thumb Code    68  tasks.o(i.vTaskPlaceOnEventListRestricted)
    vTaskPriorityDisinheritAfterTimeout      0x00003b15   Thumb Code   136  tasks.o(i.vTaskPriorityDisinheritAfterTimeout)
    vTaskStartScheduler                      0x00003ba5   Thumb Code   102  tasks.o(i.vTaskStartScheduler)
    vTaskSuspendAll                          0x00003c1d   Thumb Code    10  tasks.o(i.vTaskSuspendAll)
    vTaskSwitchContext                       0x00003c2d   Thumb Code   120  tasks.o(i.vTaskSwitchContext)
    xPortStartScheduler                      0x00003cb1   Thumb Code    40  port.o(i.xPortStartScheduler)
    xPortSysTickHandler                      0x00003ce1   Thumb Code    32  port.o(i.xPortSysTickHandler)
    xQueueCreateCountingSemaphore            0x00003d05   Thumb Code    32  queue.o(i.xQueueCreateCountingSemaphore)
    xQueueCreateMutex                        0x00003d25   Thumb Code    24  queue.o(i.xQueueCreateMutex)
    xQueueCreateMutexStatic                  0x00003d3d   Thumb Code    28  queue.o(i.xQueueCreateMutexStatic)
    xQueueGenericCreate                      0x00003d59   Thumb Code    78  queue.o(i.xQueueGenericCreate)
    xQueueGenericCreateStatic                0x00003da7   Thumb Code    62  queue.o(i.xQueueGenericCreateStatic)
    xQueueGenericReset                       0x00003de5   Thumb Code   142  queue.o(i.xQueueGenericReset)
    xQueueGenericSend                        0x00003e73   Thumb Code   284  queue.o(i.xQueueGenericSend)
    xQueueGenericSendFromISR                 0x00003f8f   Thumb Code   154  queue.o(i.xQueueGenericSendFromISR)
    xQueueGiveFromISR                        0x00004029   Thumb Code   126  queue.o(i.xQueueGiveFromISR)
    xQueueReceive                            0x000040a7   Thumb Code   264  queue.o(i.xQueueReceive)
    xQueueReceiveFromISR                     0x000041af   Thumb Code   132  queue.o(i.xQueueReceiveFromISR)
    xQueueSemaphoreTake                      0x00004233   Thumb Code   318  queue.o(i.xQueueSemaphoreTake)
    xTaskCheckForTimeOut                     0x00004371   Thumb Code    96  tasks.o(i.xTaskCheckForTimeOut)
    xTaskCreate                              0x000043d5   Thumb Code    96  tasks.o(i.xTaskCreate)
    xTaskCreateStatic                        0x00004435   Thumb Code    70  tasks.o(i.xTaskCreateStatic)
    xTaskGetSchedulerState                   0x0000447d   Thumb Code    26  tasks.o(i.xTaskGetSchedulerState)
    xTaskGetTickCount                        0x0000449d   Thumb Code     6  tasks.o(i.xTaskGetTickCount)
    xTaskIncrementTick                       0x000044a9   Thumb Code   266  tasks.o(i.xTaskIncrementTick)
    xTaskPriorityDisinherit                  0x000045bd   Thumb Code   122  tasks.o(i.xTaskPriorityDisinherit)
    xTaskPriorityInherit                     0x00004641   Thumb Code   142  tasks.o(i.xTaskPriorityInherit)
    xTaskRemoveFromEventList                 0x000046d9   Thumb Code   190  tasks.o(i.xTaskRemoveFromEventList)
    xTaskResumeAll                           0x000047a5   Thumb Code   248  tasks.o(i.xTaskResumeAll)
    xTimerCreateTimerTask                    0x000048a9   Thumb Code    80  timers.o(i.xTimerCreateTimerTask)
    _get_lc_ctype                            0x00004909   Thumb Code    44  lc_ctype_c.o(locale$$code)
    _get_lc_numeric                          0x00004935   Thumb Code    44  lc_numeric_c.o(locale$$code)
    _printf_fp_dec                           0x00004961   Thumb Code    16  printf1.o(x$fpl$printf1)
    __I$use$fp                               0x00004970   Number         0  usenofp.o(x$fpl$usenofp)
    Region$$Table$$Base                      0x00004a48   Number         0  anon$$obj.o(Region$$Table)
    Region$$Table$$Limit                     0x00004a68   Number         0  anon$$obj.o(Region$$Table)
    __ctype                                  0x00004a75   Data           0  lc_ctype_c.o(locale$$data)
    SHT$$INIT_ARRAY$$Base                    0x00004b94   Number         0  main.o(.init_array)
    SHT$$INIT_ARRAY$$Limit                   0x00004b98   Number         0  init_aeabi.o(.init_array)
    startFlag                                0x20000000   Data           1  main.o(.data)
    connectedToManager                       0x20000001   Data           1  main.o(.data)
    length                                   0x20000002   Data           1  main.o(.data)
    responseLength                           0x20000004   Data           4  main.o(.data)
    responseLengthCopy                       0x20000008   Data           4  main.o(.data)
    bluetoothData                            0x2000000c   Data           4  main.o(.data)
    gsmData                                  0x20000010   Data           4  main.o(.data)
    dma_in_use                               0x20000014   Data           4  main.o(.data)
    bluetoothInUse                           0x20000018   Data           4  main.o(.data)
    gsm_in_use                               0x2000001c   Data           4  main.o(.data)
    dataRecieved                             0x20000020   Data           4  main.o(.data)
    gsmDataRecieved                          0x20000024   Data           4  main.o(.data)
    getNetworkInfo                           0x20000028   Data           4  main.o(.data)
    getNetworkConfig                         0x2000002c   Data           4  main.o(.data)
    moteConfigWasGotFromID                   0x20000030   Data           4  main.o(.data)
    api_usart                                0x20000034   Data           8  main.o(.data)
    bluetooth                                0x2000003c   Data           8  main.o(.data)
    gsm_usart                                0x20000044   Data           8  main.o(.data)
    SystemCoreClock                          0x2000044c   Data           4  system_saml21g18b.o(.data)
    pxCurrentTCB                             0x20000474   Data           4  tasks.o(.data)
    uxTopUsedPriority                        0x200004a4   Data           4  tasks.o(.data)
    txbuffer                                 0x200004c8   Data         130  main.o(.bss)
    smartmeshData                            0x2000054a   Data         130  main.o(.bss)
    responseGsmBuffer                        0x200005cc   Data         200  main.o(.bss)
    txGsmBuffer                              0x20000694   Data         200  main.o(.bss)
    api                                      0x2000075c   Data         140  main.o(.bss)
    __libspace_start                         0x20005600   Data          96  libspace.o(.bss)
    __temporary_stack_top$libspace           0x20005660   Data           0  libspace.o(.bss)



==============================================================================

Memory Map of the image

  Image Entry point : 0x000000b1

  Load Region LR_IROM1 (Base: 0x00000000, Size: 0x00005060, Max: 0x00040000, ABSOLUTE, COMPRESSED[0x00004dbc])

    Execution Region ER_IROM1 (Exec base: 0x00000000, Load base: 0x00000000, Size: 0x00004b98, Max: 0x00040000, ABSOLUTE)

    Exec Addr    Load Addr    Size         Type   Attr      Idx    E Section Name        Object

    0x00000000   0x00000000   0x000000b0   Data   RO         2269    RESET               startup_saml21g18b.o
    0x000000b0   0x000000b0   0x00000008   Code   RO         3632  * !!!main             c_p.l(__main.o)
    0x000000b8   0x000000b8   0x0000003c   Code   RO         3958    !!!scatter          c_p.l(__scatter.o)
    0x000000f4   0x000000f4   0x0000001c   Code   RO         3960    !!handler_zi        c_p.l(__scatter_zi.o)
    0x00000110   0x00000110   0x00000002   Code   RO         3733    .ARM.Collect$$_printf_percent$$00000000  c_p.l(_printf_percent.o)
    0x00000112   0x00000112   0x0000000a   Code   RO         3722    .ARM.Collect$$_printf_percent$$00000001  c_p.l(_printf_n.o)
    0x0000011c   0x0000011c   0x0000000a   Code   RO         3724    .ARM.Collect$$_printf_percent$$00000002  c_p.l(_printf_p.o)
    0x00000126   0x00000126   0x0000000a   Code   RO         3729    .ARM.Collect$$_printf_percent$$00000003  c_p.l(_printf_f.o)
    0x00000130   0x00000130   0x0000000a   Code   RO         3730    .ARM.Collect$$_printf_percent$$00000004  c_p.l(_printf_e.o)
    0x0000013a   0x0000013a   0x0000000a   Code   RO         3731    .ARM.Collect$$_printf_percent$$00000005  c_p.l(_printf_g.o)
    0x00000144   0x00000144   0x0000000a   Code   RO         3732    .ARM.Collect$$_printf_percent$$00000006  c_p.l(_printf_a.o)
    0x0000014e   0x0000014e   0x0000000a   Code   RO         3737    .ARM.Collect$$_printf_percent$$00000007  c_p.l(_printf_ll.o)
    0x00000158   0x00000158   0x0000000a   Code   RO         3726    .ARM.Collect$$_printf_percent$$00000008  c_p.l(_printf_i.o)
    0x00000162   0x00000162   0x0000000a   Code   RO         3727    .ARM.Collect$$_printf_percent$$00000009  c_p.l(_printf_d.o)
    0x0000016c   0x0000016c   0x0000000a   Code   RO         3728    .ARM.Collect$$_printf_percent$$0000000A  c_p.l(_printf_u.o)
    0x00000176   0x00000176   0x0000000a   Code   RO         3725    .ARM.Collect$$_printf_percent$$0000000B  c_p.l(_printf_o.o)
    0x00000180   0x00000180   0x0000000a   Code   RO         3723    .ARM.Collect$$_printf_percent$$0000000C  c_p.l(_printf_x.o)
    0x0000018a   0x0000018a   0x0000000a   Code   RO         3734    .ARM.Collect$$_printf_percent$$0000000D  c_p.l(_printf_lli.o)
    0x00000194   0x00000194   0x0000000a   Code   RO         3735    .ARM.Collect$$_printf_percent$$0000000E  c_p.l(_printf_lld.o)
    0x0000019e   0x0000019e   0x0000000a   Code   RO         3736    .ARM.Collect$$_printf_percent$$0000000F  c_p.l(_printf_llu.o)
    0x000001a8   0x000001a8   0x0000000a   Code   RO         3741    .ARM.Collect$$_printf_percent$$00000010  c_p.l(_printf_llo.o)
    0x000001b2   0x000001b2   0x0000000a   Code   RO         3742    .ARM.Collect$$_printf_percent$$00000011  c_p.l(_printf_llx.o)
    0x000001bc   0x000001bc   0x0000000a   Code   RO         3738    .ARM.Collect$$_printf_percent$$00000012  c_p.l(_printf_l.o)
    0x000001c6   0x000001c6   0x0000000a   Code   RO         3720    .ARM.Collect$$_printf_percent$$00000013  c_p.l(_printf_c.o)
    0x000001d0   0x000001d0   0x0000000a   Code   RO         3721    .ARM.Collect$$_printf_percent$$00000014  c_p.l(_printf_s.o)
    0x000001da   0x000001da   0x0000000a   Code   RO         3739    .ARM.Collect$$_printf_percent$$00000015  c_p.l(_printf_lc.o)
    0x000001e4   0x000001e4   0x0000000a   Code   RO         3740    .ARM.Collect$$_printf_percent$$00000016  c_p.l(_printf_ls.o)
    0x000001ee   0x000001ee   0x00000004   Code   RO         3833    .ARM.Collect$$_printf_percent$$00000017  c_p.l(_printf_percent_end.o)
    0x000001f2   0x000001f2   0x00000002   Code   RO         3874    .ARM.Collect$$libinit$$00000000  c_p.l(libinit.o)
    0x000001f4   0x000001f4   0x00000000   Code   RO         3753    .ARM.Collect$$libinit$$00000002  c_p.l(libinit2.o)
    0x000001f4   0x000001f4   0x00000000   Code   RO         3755    .ARM.Collect$$libinit$$00000004  c_p.l(libinit2.o)
    0x000001f4   0x000001f4   0x00000000   Code   RO         3758    .ARM.Collect$$libinit$$0000000A  c_p.l(libinit2.o)
    0x000001f4   0x000001f4   0x00000000   Code   RO         3760    .ARM.Collect$$libinit$$0000000C  c_p.l(libinit2.o)
    0x000001f4   0x000001f4   0x00000000   Code   RO         3762    .ARM.Collect$$libinit$$0000000E  c_p.l(libinit2.o)
    0x000001f4   0x000001f4   0x00000006   Code   RO         3763    .ARM.Collect$$libinit$$0000000F  c_p.l(libinit2.o)
    0x000001fa   0x000001fa   0x00000000   Code   RO         3765    .ARM.Collect$$libinit$$00000011  c_p.l(libinit2.o)
    0x000001fa   0x000001fa   0x0000000c   Code   RO         3766    .ARM.Collect$$libinit$$00000012  c_p.l(libinit2.o)
    0x00000206   0x00000206   0x00000000   Code   RO         3767    .ARM.Collect$$libinit$$00000013  c_p.l(libinit2.o)
    0x00000206   0x00000206   0x00000000   Code   RO         3769    .ARM.Collect$$libinit$$00000015  c_p.l(libinit2.o)
    0x00000206   0x00000206   0x0000000a   Code   RO         3770    .ARM.Collect$$libinit$$00000016  c_p.l(libinit2.o)
    0x00000210   0x00000210   0x00000000   Code   RO         3771    .ARM.Collect$$libinit$$00000017  c_p.l(libinit2.o)
    0x00000210   0x00000210   0x00000000   Code   RO         3773    .ARM.Collect$$libinit$$00000019  c_p.l(libinit2.o)
    0x00000210   0x00000210   0x00000000   Code   RO         3775    .ARM.Collect$$libinit$$0000001B  c_p.l(libinit2.o)
    0x00000210   0x00000210   0x00000000   Code   RO         3777    .ARM.Collect$$libinit$$0000001D  c_p.l(libinit2.o)
    0x00000210   0x00000210   0x00000000   Code   RO         3779    .ARM.Collect$$libinit$$0000001F  c_p.l(libinit2.o)
    0x00000210   0x00000210   0x00000000   Code   RO         3781    .ARM.Collect$$libinit$$00000021  c_p.l(libinit2.o)
    0x00000210   0x00000210   0x00000000   Code   RO         3783    .ARM.Collect$$libinit$$00000023  c_p.l(libinit2.o)
    0x00000210   0x00000210   0x00000000   Code   RO         3785    .ARM.Collect$$libinit$$00000025  c_p.l(libinit2.o)
    0x00000210   0x00000210   0x00000000   Code   RO         3789    .ARM.Collect$$libinit$$0000002C  c_p.l(libinit2.o)
    0x00000210   0x00000210   0x00000000   Code   RO         3791    .ARM.Collect$$libinit$$0000002E  c_p.l(libinit2.o)
    0x00000210   0x00000210   0x00000000   Code   RO         3793    .ARM.Collect$$libinit$$00000030  c_p.l(libinit2.o)
    0x00000210   0x00000210   0x00000004   Code   RO         3794    .ARM.Collect$$libinit$$00000031  c_p.l(libinit2.o)
    0x00000214   0x00000214   0x00000000   Code   RO         3795    .ARM.Collect$$libinit$$00000032  c_p.l(libinit2.o)
    0x00000214   0x00000214   0x00000002   Code   RO         3796    .ARM.Collect$$libinit$$00000033  c_p.l(libinit2.o)
    0x00000216   0x00000216   0x00000002   Code   RO         3921    .ARM.Collect$$libshutdown$$00000000  c_p.l(libshutdown.o)
    0x00000218   0x00000218   0x00000000   Code   RO         3937    .ARM.Collect$$libshutdown$$00000002  c_p.l(libshutdown2.o)
    0x00000218   0x00000218   0x00000000   Code   RO         3939    .ARM.Collect$$libshutdown$$00000004  c_p.l(libshutdown2.o)
    0x00000218   0x00000218   0x00000000   Code   RO         3941    .ARM.Collect$$libshutdown$$00000006  c_p.l(libshutdown2.o)
    0x00000218   0x00000218   0x00000000   Code   RO         3944    .ARM.Collect$$libshutdown$$00000009  c_p.l(libshutdown2.o)
    0x00000218   0x00000218   0x00000000   Code   RO         3947    .ARM.Collect$$libshutdown$$0000000C  c_p.l(libshutdown2.o)
    0x00000218   0x00000218   0x00000000   Code   RO         3949    .ARM.Collect$$libshutdown$$0000000E  c_p.l(libshutdown2.o)
    0x00000218   0x00000218   0x00000000   Code   RO         3952    .ARM.Collect$$libshutdown$$00000011  c_p.l(libshutdown2.o)
    0x00000218   0x00000218   0x00000002   Code   RO         3953    .ARM.Collect$$libshutdown$$00000012  c_p.l(libshutdown2.o)
    0x0000021a   0x0000021a   0x00000000   Code   RO         3640    .ARM.Collect$$rtentry$$00000000  c_p.l(__rtentry.o)
    0x0000021a   0x0000021a   0x00000000   Code   RO         3803    .ARM.Collect$$rtentry$$00000002  c_p.l(__rtentry2.o)
    0x0000021a   0x0000021a   0x00000006   Code   RO         3815    .ARM.Collect$$rtentry$$00000004  c_p.l(__rtentry4.o)
    0x00000220   0x00000220   0x00000008   Code   RO         3804    .ARM.Collect$$rtentry$$00000008  c_p.l(__rtentry2.o)
    0x00000228   0x00000228   0x00000004   Code   RO         3806    .ARM.Collect$$rtentry$$0000000A  c_p.l(__rtentry2.o)
    0x0000022c   0x0000022c   0x00000000   Code   RO         3808    .ARM.Collect$$rtentry$$0000000C  c_p.l(__rtentry2.o)
    0x0000022c   0x0000022c   0x00000008   Code   RO         3809    .ARM.Collect$$rtentry$$0000000D  c_p.l(__rtentry2.o)
    0x00000234   0x00000234   0x00000002   Code   RO         3883    .ARM.Collect$$rtexit$$00000000  c_p.l(rtexit.o)
    0x00000236   0x00000236   0x00000000   Code   RO         3903    .ARM.Collect$$rtexit$$00000002  c_p.l(rtexit2.o)
    0x00000236   0x00000236   0x00000004   Code   RO         3904    .ARM.Collect$$rtexit$$00000003  c_p.l(rtexit2.o)
    0x0000023a   0x0000023a   0x00000006   Code   RO         3905    .ARM.Collect$$rtexit$$00000004  c_p.l(rtexit2.o)
    0x00000240   0x00000240   0x00000078   Code   RO         2567    .emb_text           port.o
    0x000002b8   0x000002b8   0x00000038   Code   RO         3616    .emb_text           c_p.l(rt_memcpy.o)
    0x000002f0   0x000002f0   0x00000038   Code   RO         2270    .text               startup_saml21g18b.o
    0x00000328   0x00000328   0x00000010   Code   RO         3600    .text               c_p.l(rt_ctype_table.o)
    0x00000338   0x00000338   0x00000024   Code   RO         3602    .text               c_p.l(c89vsprintf.o)
    0x0000035c   0x0000035c   0x00000040   Code   RO         3604    .text               c_p.l(__0sscanf.o)
    0x0000039c   0x0000039c   0x0000014a   Code   RO         3606    .text               c_p.l(_scanf_int.o)
    0x000004e6   0x000004e6   0x000000e8   Code   RO         3608    .text               c_p.l(_scanf_str.o)
    0x000005ce   0x000005ce   0x00000028   Code   RO         3610    .text               c_p.l(strstr.o)
    0x000005f6   0x000005f6   0x00000002   PAD
    0x000005f8   0x000005f8   0x00000044   Code   RO         3612    .text               c_p.l(strlen.o)
    0x0000063c   0x0000063c   0x00000082   Code   RO         3617    .text               c_p.l(rt_memcpy.o)
    0x000006be   0x000006be   0x00000012   Code   RO         3622    .text               c_p.l(aeabi_memset.o)
    0x000006d0   0x000006d0   0x00000040   Code   RO         3624    .text               c_p.l(rt_memclr.o)
    0x00000710   0x00000710   0x0000015a   Code   RO         3626    .text               c_p.l(aeabi_sdiv.o)
    0x0000086a   0x0000086a   0x00000006   Code   RO         3630    .text               c_p.l(heapauxi.o)
    0x00000870   0x00000870   0x00000024   Code   RO         3637    .text               c_p.l(init_aeabi.o)
    0x00000894   0x00000894   0x0000000a   Code   RO         3650    .text               c_p.l(rt_locale_twolibspace.o)
    0x0000089e   0x0000089e   0x0000004e   Code   RO         3654    .text               c_p.l(_printf_pad.o)
    0x000008ec   0x000008ec   0x00000024   Code   RO         3656    .text               c_p.l(_printf_truncate.o)
    0x00000910   0x00000910   0x00000052   Code   RO         3658    .text               c_p.l(_printf_str.o)
    0x00000962   0x00000962   0x00000002   PAD
    0x00000964   0x00000964   0x0000006c   Code   RO         3660    .text               c_p.l(_printf_dec.o)
    0x000009d0   0x000009d0   0x00000026   Code   RO         3662    .text               c_p.l(_printf_charcount.o)
    0x000009f6   0x000009f6   0x00000002   PAD
    0x000009f8   0x000009f8   0x00000030   Code   RO         3664    .text               c_p.l(_printf_char_common.o)
    0x00000a28   0x00000a28   0x0000000a   Code   RO         3666    .text               c_p.l(_sputc.o)
    0x00000a32   0x00000a32   0x00000002   PAD
    0x00000a34   0x00000a34   0x000000bc   Code   RO         3668    .text               c_p.l(_printf_wctomb.o)
    0x00000af0   0x00000af0   0x00000070   Code   RO         3671    .text               c_p.l(_printf_longlong_dec.o)
    0x00000b60   0x00000b60   0x00000070   Code   RO         3677    .text               c_p.l(_printf_oct_int_ll.o)
    0x00000bd0   0x00000bd0   0x00000098   Code   RO         3697    .text               c_p.l(_printf_hex_int_ll_ptr.o)
    0x00000c68   0x00000c68   0x00000188   Code   RO         3717    .text               c_p.l(__printf_flags_ss_wp.o)
    0x00000df0   0x00000df0   0x0000001e   Code   RO         3743    .text               c_p.l(_chval.o)
    0x00000e0e   0x00000e0e   0x00000002   PAD
    0x00000e10   0x00000e10   0x00000030   Code   RO         3745    .text               c_p.l(scanf_char.o)
    0x00000e40   0x00000e40   0x00000044   Code   RO         3747    .text               c_p.l(_sgetc.o)
    0x00000e84   0x00000e84   0x00000008   Code   RO         3799    .text               c_p.l(libspace.o)
    0x00000e8c   0x00000e8c   0x0000007a   Code   RO         3819    .text               c_p.l(lludiv10.o)
    0x00000f06   0x00000f06   0x00000012   Code   RO         3821    .text               c_p.l(isspace.o)
    0x00000f18   0x00000f18   0x000000b0   Code   RO         3823    .text               c_p.l(_printf_intcommon.o)
    0x00000fc8   0x00000fc8   0x00000418   Code   RO         3825    .text               c_p.l(_printf_fp_dec.o)
    0x000013e0   0x000013e0   0x0000002e   Code   RO         3829    .text               c_p.l(_printf_char.o)
    0x0000140e   0x0000140e   0x0000002e   Code   RO         3831    .text               c_p.l(_printf_wchar.o)
    0x0000143c   0x0000143c   0x00000394   Code   RO         3834    .text               c_p.l(_scanf.o)
    0x000017d0   0x000017d0   0x00000040   Code   RO         3836    .text               c_p.l(_wcrtomb.o)
    0x00001810   0x00001810   0x00000088   Code   RO         3838    .text               c_p.l(strcmp.o)
    0x00001898   0x00001898   0x00000028   Code   RO         3840    .text               c_p.l(rtudiv10.o)
    0x000018c0   0x000018c0   0x0000003e   Code   RO         3846    .text               c_p.l(sys_stackheap_outer.o)
    0x000018fe   0x000018fe   0x00000002   PAD
    0x00001900   0x00001900   0x00000088   Code   RO         3849    .text               c_p.l(_printf_fp_infnan.o)
    0x00001988   0x00001988   0x000000d8   Code   RO         3851    .text               c_p.l(bigflt0.o)
    0x00001a60   0x00001a60   0x00000580   Code   RO         3854    .text               c_p.l(btod.o)
    0x00001fe0   0x00001fe0   0x00000010   Code   RO         3861    .text               c_p.l(exit.o)
    0x00001ff0   0x00001ff0   0x0000000c   Code   RO         3897    .text               c_p.l(sys_exit.o)
    0x00001ffc   0x00001ffc   0x00000002   Code   RO         3899    .text               c_p.l(use_no_semi.o)
    0x00001ffe   0x00001ffe   0x00000000   Code   RO         3901    .text               c_p.l(indicate_semi.o)
    0x00001ffe   0x00001ffe   0x00000060   Code   RO         3956    .text               c_p.l(__dclz77c.o)
    0x0000205e   0x0000205e   0x00000002   PAD
    0x00002060   0x00002060   0x000000fc   Code   RO            3    i.SERCOM0_Handler   main.o
    0x0000215c   0x0000215c   0x00000030   Code   RO            4    i.SERCOM1_Handler   main.o
    0x0000218c   0x0000218c   0x000000ac   Code   RO            5    i.SERCOM2_Handler   main.o
    0x00002238   0x00002238   0x00000002   Code   RO         2568    i.SVC_Handler       port.o
    0x0000223a   0x0000223a   0x00000002   PAD
    0x0000223c   0x0000223c   0x00000018   Code   RO         1664    i.SysTick_Handler   cmsis_os2.o
    0x00002254   0x00002254   0x00000010   Code   RO         2277    i.SystemInit        system_saml21g18b.o
    0x00002264   0x00002264   0x000000ac   Code   RO            6    i._Z10setupParsePv  main.o
    0x00002310   0x00002310   0x00000100   Code   RO         1016    i._Z12parseGSMDataPv  gsm_usart.o
    0x00002410   0x00002410   0x000001c4   Code   RO          556    i._Z12setup_systemv  system_setup.o
    0x000025d4   0x000025d4   0x00000030   Code   RO            7    i._Z12verifyPackettPht  main.o
    0x00002604   0x00002604   0x0000002c   Code   RO          671    i._Z14bluetoothParsePv  bluetooth.o
    0x00002630   0x00002630   0x00000098   Code   RO         1017    i._Z16isValidIPAddressPKc  gsm_usart.o
    0x000026c8   0x000026c8   0x0000015c   Code   RO            8    i._Z18parseSmartmeshDataPv  main.o
    0x00002824   0x00002824   0x00000040   Code   RO         1020    i._Z8gsmParsePv     gsm_usart.o
    0x00002864   0x00002864   0x00000002   Code   RO         1104    i._Z9setup_rtcv     rtc.o
    0x00002866   0x00002866   0x00000022   Code   RO         1186    i._ZN13Smartmesh_API11init_packetEhh  api.o
    0x00002888   0x00002888   0x00000030   Code   RO         1187    i._ZN13Smartmesh_API12checksumDataEtPht  api.o
    0x000028b8   0x000028b8   0x00000034   Code   RO         1188    i._ZN13Smartmesh_API12resetManagerEv  api.o
    0x000028ec   0x000028ec   0x00000034   Code   RO         1189    i._ZN13Smartmesh_API12verifyPacketEtPht  api.o
    0x00002920   0x00002920   0x000000b8   Code   RO         1195    i._ZN13Smartmesh_API16parseNetworkInfoEP12network_infoPh  api.o
    0x000029d8   0x000029d8   0x0000003c   Code   RO         1200    i._ZN13Smartmesh_API8mgr_initEv  api.o
    0x00002a14   0x00002a14   0x00000044   Code   RO         1202    i._ZN13Smartmesh_API9subscribeEjj  api.o
    0x00002a58   0x00002a58   0x0000000c   Code   RO         1203    i._ZN13Smartmesh_APIC1EP4UART  api.o
    0x00002a64   0x00002a64   0x00000058   Code   RO         1140    i._ZN4UART10send_arrayEPhh  sercom.o
    0x00002abc   0x00002abc   0x00000080   Code   RO         1141    i._ZN4UART7_printfEPKcz  sercom.o
    0x00002b3c   0x00002b3c   0x000000fc   Code   RO         1142    i._ZN4UARTC1EP18sercom_registers_ti  sercom.o
    0x00002c38   0x00002c38   0x00000030   Code   RO         3856    i.__ARM_common_ll_muluu  c_p.l(btod.o)
    0x00002c68   0x00002c68   0x0000001a   Code   RO         2147    i.__ARM_common_switch8  cmsis_os2.o
    0x00002c82   0x00002c82   0x00000002   PAD
    0x00002c84   0x00002c84   0x0000002c   Code   RO         3878    i.__ARM_fpclassify  m_ps.l(fpclassify.o)
    0x00002cb0   0x00002cb0   0x000000c0   Code   RO            9    i.__sti___8_main_cpp_982d444f  main.o
    0x00002d70   0x00002d70   0x0000000e   Code   RO         3710    i._is_digit         c_p.l(__printf_wp.o)
    0x00002d7e   0x00002d7e   0x00000018   Code   RO         1326    i._mutex_acquire    clib_arm.o
    0x00002d96   0x00002d96   0x00000002   PAD
    0x00002d98   0x00002d98   0x0000002c   Code   RO         1327    i._mutex_free       clib_arm.o
    0x00002dc4   0x00002dc4   0x00000058   Code   RO         1328    i._mutex_initialize  clib_arm.o
    0x00002e1c   0x00002e1c   0x0000001a   Code   RO         1329    i._mutex_release    clib_arm.o
    0x00002e36   0x00002e36   0x00000002   Code   RO         1330    i._platform_post_stackheap_init  clib_arm.o
    0x00002e38   0x00002e38   0x00000104   Code   RO           10    i.main              main.o
    0x00002f3c   0x00002f3c   0x00000012   Code   RO         1331    i.os_kernel_is_active  clib_arm.o
    0x00002f4e   0x00002f4e   0x00000002   PAD
    0x00002f50   0x00002f50   0x00000074   Code   RO         3040    i.prvAddCurrentTaskToDelayedList  tasks.o
    0x00002fc4   0x00002fc4   0x00000094   Code   RO         3041    i.prvAddNewTaskToReadyList  tasks.o
    0x00003058   0x00003058   0x00000048   Code   RO         3424    i.prvCheckForValidListAndQueue  timers.o
    0x000030a0   0x000030a0   0x0000003c   Code   RO         3042    i.prvCheckTasksWaitingTermination  tasks.o
    0x000030dc   0x000030dc   0x00000024   Code   RO         2646    i.prvCopyDataFromQueue  queue.o
    0x00003100   0x00003100   0x00000070   Code   RO         2647    i.prvCopyDataToQueue  queue.o
    0x00003170   0x00003170   0x0000002e   Code   RO         3043    i.prvDeleteTCB      tasks.o
    0x0000319e   0x0000319e   0x00000014   Code   RO         2648    i.prvGetDisinheritPriorityAfterTimeout  queue.o
    0x000031b2   0x000031b2   0x00000002   PAD
    0x000031b4   0x000031b4   0x00000024   Code   RO         3425    i.prvGetNextExpireTime  timers.o
    0x000031d8   0x000031d8   0x0000004c   Code   RO         2504    i.prvHeapInit       heap_4.o
    0x00003224   0x00003224   0x00000018   Code   RO         3044    i.prvIdleTask       tasks.o
    0x0000323c   0x0000323c   0x0000001a   Code   RO         2649    i.prvInitialiseMutex  queue.o
    0x00003256   0x00003256   0x00000022   Code   RO         2650    i.prvInitialiseNewQueue  queue.o
    0x00003278   0x00003278   0x0000009c   Code   RO         3045    i.prvInitialiseNewTask  tasks.o
    0x00003314   0x00003314   0x00000054   Code   RO         3046    i.prvInitialiseTaskLists  tasks.o
    0x00003368   0x00003368   0x00000054   Code   RO         2505    i.prvInsertBlockIntoFreeList  heap_4.o
    0x000033bc   0x000033bc   0x00000040   Code   RO         3427    i.prvInsertTimerInActiveList  timers.o
    0x000033fc   0x000033fc   0x0000001c   Code   RO         2651    i.prvIsQueueEmpty   queue.o
    0x00003418   0x00003418   0x0000001e   Code   RO         2652    i.prvIsQueueFull    queue.o
    0x00003436   0x00003436   0x00000002   PAD
    0x00003438   0x00003438   0x00000040   Code   RO         3428    i.prvProcessExpiredTimer  timers.o
    0x00003478   0x00003478   0x000000ec   Code   RO         3429    i.prvProcessReceivedCommands  timers.o
    0x00003564   0x00003564   0x00000064   Code   RO         3430    i.prvProcessTimerOrBlockTask  timers.o
    0x000035c8   0x000035c8   0x00000028   Code   RO         3431    i.prvReloadTimer    timers.o
    0x000035f0   0x000035f0   0x00000020   Code   RO         3048    i.prvResetNextTaskUnblockTime  tasks.o
    0x00003610   0x00003610   0x0000002c   Code   RO         3432    i.prvSampleTimeNow  timers.o
    0x0000363c   0x0000363c   0x0000002c   Code   RO         3433    i.prvSwitchTimerLists  timers.o
    0x00003668   0x00003668   0x00000014   Code   RO         2569    i.prvTaskExitError  port.o
    0x0000367c   0x0000367c   0x00000014   Code   RO         3434    i.prvTimerTask      timers.o
    0x00003690   0x00003690   0x00000070   Code   RO         2653    i.prvUnlockQueue    queue.o
    0x00003700   0x00003700   0x000000cc   Code   RO         2506    i.pvPortMalloc      heap_4.o
    0x000037cc   0x000037cc   0x00000018   Code   RO         3051    i.pvTaskIncrementMutexHeldCount  tasks.o
    0x000037e4   0x000037e4   0x00000020   Code   RO         2570    i.pxPortInitialiseStack  port.o
    0x00003804   0x00003804   0x00000026   Code   RO         2460    i.uxListRemove      list.o
    0x0000382a   0x0000382a   0x00000002   PAD
    0x0000382c   0x0000382c   0x00000014   Code   RO         1737    i.vApplicationGetIdleTaskMemory  cmsis_os2.o
    0x00003840   0x00003840   0x00000014   Code   RO         1738    i.vApplicationGetTimerTaskMemory  cmsis_os2.o
    0x00003854   0x00003854   0x00000004   Code   RO         1739    i.vApplicationStackOverflowHook  cmsis_os2.o
    0x00003858   0x00003858   0x00000016   Code   RO         2461    i.vListInitialise   list.o
    0x0000386e   0x0000386e   0x00000006   Code   RO         2462    i.vListInitialiseItem  list.o
    0x00003874   0x00003874   0x00000030   Code   RO         2463    i.vListInsert       list.o
    0x000038a4   0x000038a4   0x00000018   Code   RO         2464    i.vListInsertEnd    list.o
    0x000038bc   0x000038bc   0x00000018   Code   RO         2572    i.vPortEnterCritical  port.o
    0x000038d4   0x000038d4   0x0000001c   Code   RO         2573    i.vPortExitCritical  port.o
    0x000038f0   0x000038f0   0x00000048   Code   RO         2507    i.vPortFree         heap_4.o
    0x00003938   0x00003938   0x00000028   Code   RO         2574    i.vPortSetupTimerInterrupt  port.o
    0x00003960   0x00003960   0x00000018   Code   RO         2575    i.vPortYield        port.o
    0x00003978   0x00003978   0x00000018   Code   RO         2659    i.vQueueDelete      queue.o
    0x00003990   0x00003990   0x00000046   Code   RO         2661    i.vQueueWaitForMessageRestricted  queue.o
    0x000039d6   0x000039d6   0x00000002   PAD
    0x000039d8   0x000039d8   0x00000034   Code   RO         3061    i.vTaskDelay        tasks.o
    0x00003a0c   0x00003a0c   0x00000080   Code   RO         3062    i.vTaskDelete       tasks.o
    0x00003a8c   0x00003a8c   0x00000010   Code   RO         3066    i.vTaskInternalSetTimeOutState  tasks.o
    0x00003a9c   0x00003a9c   0x0000000c   Code   RO         3067    i.vTaskMissedYield  tasks.o
    0x00003aa8   0x00003aa8   0x00000024   Code   RO         3068    i.vTaskPlaceOnEventList  tasks.o
    0x00003acc   0x00003acc   0x00000048   Code   RO         3069    i.vTaskPlaceOnEventListRestricted  tasks.o
    0x00003b14   0x00003b14   0x00000090   Code   RO         3071    i.vTaskPriorityDisinheritAfterTimeout  tasks.o
    0x00003ba4   0x00003ba4   0x00000078   Code   RO         3077    i.vTaskStartScheduler  tasks.o
    0x00003c1c   0x00003c1c   0x00000010   Code   RO         3079    i.vTaskSuspendAll   tasks.o
    0x00003c2c   0x00003c2c   0x00000084   Code   RO         3080    i.vTaskSwitchContext  tasks.o
    0x00003cb0   0x00003cb0   0x00000030   Code   RO         2576    i.xPortStartScheduler  port.o
    0x00003ce0   0x00003ce0   0x00000024   Code   RO         2577    i.xPortSysTickHandler  port.o
    0x00003d04   0x00003d04   0x00000020   Code   RO         2662    i.xQueueCreateCountingSemaphore  queue.o
    0x00003d24   0x00003d24   0x00000018   Code   RO         2664    i.xQueueCreateMutex  queue.o
    0x00003d3c   0x00003d3c   0x0000001c   Code   RO         2665    i.xQueueCreateMutexStatic  queue.o
    0x00003d58   0x00003d58   0x0000004e   Code   RO         2666    i.xQueueGenericCreate  queue.o
    0x00003da6   0x00003da6   0x0000003e   Code   RO         2667    i.xQueueGenericCreateStatic  queue.o
    0x00003de4   0x00003de4   0x0000008e   Code   RO         2668    i.xQueueGenericReset  queue.o
    0x00003e72   0x00003e72   0x0000011c   Code   RO         2669    i.xQueueGenericSend  queue.o
    0x00003f8e   0x00003f8e   0x0000009a   Code   RO         2670    i.xQueueGenericSendFromISR  queue.o
    0x00004028   0x00004028   0x0000007e   Code   RO         2673    i.xQueueGiveFromISR  queue.o
    0x000040a6   0x000040a6   0x00000108   Code   RO         2679    i.xQueueReceive     queue.o
    0x000041ae   0x000041ae   0x00000084   Code   RO         2680    i.xQueueReceiveFromISR  queue.o
    0x00004232   0x00004232   0x0000013e   Code   RO         2681    i.xQueueSemaphoreTake  queue.o
    0x00004370   0x00004370   0x00000064   Code   RO         3082    i.xTaskCheckForTimeOut  tasks.o
    0x000043d4   0x000043d4   0x00000060   Code   RO         3083    i.xTaskCreate       tasks.o
    0x00004434   0x00004434   0x00000046   Code   RO         3084    i.xTaskCreateStatic  tasks.o
    0x0000447a   0x0000447a   0x00000002   PAD
    0x0000447c   0x0000447c   0x00000020   Code   RO         3091    i.xTaskGetSchedulerState  tasks.o
    0x0000449c   0x0000449c   0x0000000c   Code   RO         3092    i.xTaskGetTickCount  tasks.o
    0x000044a8   0x000044a8   0x00000114   Code   RO         3094    i.xTaskIncrementTick  tasks.o
    0x000045bc   0x000045bc   0x00000084   Code   RO         3095    i.xTaskPriorityDisinherit  tasks.o
    0x00004640   0x00004640   0x00000098   Code   RO         3096    i.xTaskPriorityInherit  tasks.o
    0x000046d8   0x000046d8   0x000000cc   Code   RO         3097    i.xTaskRemoveFromEventList  tasks.o
    0x000047a4   0x000047a4   0x00000104   Code   RO         3098    i.xTaskResumeAll    tasks.o
    0x000048a8   0x000048a8   0x00000060   Code   RO         3443    i.xTimerCreateTimerTask  timers.o
    0x00004908   0x00004908   0x0000002c   Code   RO         3750    locale$$code        c_p.l(lc_ctype_c.o)
    0x00004934   0x00004934   0x0000002c   Code   RO         3859    locale$$code        c_p.l(lc_numeric_c.o)
    0x00004960   0x00004960   0x00000010   Code   RO         3797    x$fpl$printf1       fz_ps.l(printf1.o)
    0x00004970   0x00004970   0x00000000   Code   RO         3877    x$fpl$usenofp       fz_ps.l(usenofp.o)
    0x00004970   0x00004970   0x00000008   Data   RO         3669    .constdata          c_p.l(_printf_wctomb.o)
    0x00004978   0x00004978   0x00000028   Data   RO         3698    .constdata          c_p.l(_printf_hex_int_ll_ptr.o)
    0x000049a0   0x000049a0   0x00000011   Data   RO         3718    .constdata          c_p.l(__printf_flags_ss_wp.o)
    0x000049b1   0x000049b1   0x00000003   PAD
    0x000049b4   0x000049b4   0x00000094   Data   RO         3852    .constdata          c_p.l(bigflt0.o)
    0x00004a48   0x00004a48   0x00000020   Data   RO         3954    Region$$Table       anon$$obj.o
    0x00004a68   0x00004a68   0x00000110   Data   RO         3749    locale$$data        c_p.l(lc_ctype_c.o)
    0x00004b78   0x00004b78   0x0000001c   Data   RO         3858    locale$$data        c_p.l(lc_numeric_c.o)
    0x00004b94   0x00004b94   0x00000004   Data   RO           23    .init_array         main.o
    0x00004b98   0x00004b94   0x00000000   Data   RO         3635    .init_array         c_p.l(init_aeabi.o)


    Execution Region RW_IRAM1 (Exec base: 0x20000000, Load base: 0x00004b98, Size: 0x00006060, Max: 0x00008000, ABSOLUTE, COMPRESSED[0x00000224])

    Exec Addr    Load Addr    Size         Type   Attr      Idx    E Section Name        Object

    0x20000000   COMPRESSED   0x0000024c   Data   RW           20    .data               main.o
    0x2000024c   COMPRESSED   0x00000200   Data   RW         1225    .data               api.o
    0x2000044c   COMPRESSED   0x00000004   Data   RW         2278    .data               system_saml21g18b.o
    0x20000450   COMPRESSED   0x00000020   Data   RW         2513    .data               heap_4.o
    0x20000470   COMPRESSED   0x00000004   Data   RW         2578    .data               port.o
    0x20000474   COMPRESSED   0x00000040   Data   RW         3101    .data               tasks.o
    0x200004b4   COMPRESSED   0x00000014   Data   RW         3452    .data               timers.o
    0x200004c8        -       0x00000320   Zero   RW           19    .bss                main.o
    0x200007e8        -       0x00000100   Zero   RW         1146    .bss                sercom.o
    0x200008e8        -       0x00000394   Zero   RW         1332    .bss                clib_arm.o
    0x20000c7c        -       0x000003f8   Zero   RW         1740    .bss                cmsis_os2.o
    0x20001074        -       0x00004000   Zero   RW         2512    .bss                heap_4.o
    0x20005074        -       0x000004c4   Zero   RW         3100    .bss                tasks.o
    0x20005538        -       0x000000c8   Zero   RW         3451    .bss                timers.o
    0x20005600        -       0x00000060   Zero   RW         3800    .bss                c_p.l(libspace.o)
    0x20005660        -       0x00000500   Zero   RW         2268    HEAP                startup_saml21g18b.o
    0x20005b60        -       0x00000500   Zero   RW         2267    STACK               startup_saml21g18b.o


==============================================================================

Image component sizes


      Code (inc. data)   RO Data    RW Data    ZI Data      Debug   Object Name

       510         34          0        512          0       5388   api.o
        44         12          0          0          0        501   bluetooth.o
       202         12          0          0        916      38188   clib_arm.o
        94         12          0          0       1016      19019   cmsis_os2.o
         0          0          0          0          0      11932   event_groups.o
       472        110          0          0          0       3783   gsm_usart.o
       436         26          0         32      16384       4371   heap_4.o
       138          0          0          0          0       3454   list.o
      1492        336          4        588        800     139158   main.o
       374         54          0          4          0       7399   port.o
      2136          0          0          0          0      23045   queue.o
         2          0          0          0          0        368   rtc.o
         0          0          0          0          0     117235   sendingdata.o
       468         66          0          0        256       3136   sercom.o
        56         26        176          0       2560        664   startup_saml21g18b.o
        16          8          0          4          0        715   system_saml21g18b.o
       452         84          0          0          0       7886   system_setup.o
      2752        196          0         64       1220      31975   tasks.o
       816         70          0         20        200      11780   timers.o

    ----------------------------------------------------------------------
     10478       1046        212       1224      23352     429997   Object Totals
         0          0         32          0          0          0   (incl. Generated)
        18          0          0          0          0          0   (incl. Padding)

    ----------------------------------------------------------------------

      Code (inc. data)   RO Data    RW Data    ZI Data      Debug   Library Member Name

        64         10          0          0          0         84   __0sscanf.o
        96          0          0          0          0          0   __dclz77c.o
         8          0          0          0          0         68   __main.o
       392          6         17          0          0         76   __printf_flags_ss_wp.o
        14          0          0          0          0         60   __printf_wp.o
         0          0          0          0          0          0   __rtentry.o
        20          0          0          0          0          0   __rtentry2.o
         6          0          0          0          0          0   __rtentry4.o
        60          8          0          0          0          0   __scatter.o
        28          0          0          0          0          0   __scatter_zi.o
        30          0          0          0          0         60   _chval.o
        10          0          0          0          0          0   _printf_a.o
        10          0          0          0          0          0   _printf_c.o
        46          0          0          0          0        100   _printf_char.o
        48          6          0          0          0         88   _printf_char_common.o
        38          0          0          0          0         60   _printf_charcount.o
        10          0          0          0          0          0   _printf_d.o
       108         18          0          0          0         76   _printf_dec.o
        10          0          0          0          0          0   _printf_e.o
        10          0          0          0          0          0   _printf_f.o
      1048         14          0          0          0        176   _printf_fp_dec.o
       136         16          0          0          0         76   _printf_fp_infnan.o
        10          0          0          0          0          0   _printf_g.o
       152          4         40          0          0        148   _printf_hex_int_ll_ptr.o
        10          0          0          0          0          0   _printf_i.o
       176          0          0          0          0         84   _printf_intcommon.o
        10          0          0          0          0          0   _printf_l.o
        10          0          0          0          0          0   _printf_lc.o
        10          0          0          0          0          0   _printf_ll.o
        10          0          0          0          0          0   _printf_lld.o
        10          0          0          0          0          0   _printf_lli.o
        10          0          0          0          0          0   _printf_llo.o
        10          0          0          0          0          0   _printf_llu.o
        10          0          0          0          0          0   _printf_llx.o
       112         18          0          0          0         76   _printf_longlong_dec.o
        10          0          0          0          0          0   _printf_ls.o
        10          0          0          0          0          0   _printf_n.o
        10          0          0          0          0          0   _printf_o.o
       112         10          0          0          0        112   _printf_oct_int_ll.o
        10          0          0          0          0          0   _printf_p.o
        78          0          0          0          0        100   _printf_pad.o
         2          0          0          0          0          0   _printf_percent.o
         4          0          0          0          0          0   _printf_percent_end.o
        10          0          0          0          0          0   _printf_s.o
        82          0          0          0          0         72   _printf_str.o
        36          0          0          0          0         76   _printf_truncate.o
        10          0          0          0          0          0   _printf_u.o
        46          0          0          0          0        100   _printf_wchar.o
       188          6          8          0          0         80   _printf_wctomb.o
        10          0          0          0          0          0   _printf_x.o
       916         16          0          0          0         84   _scanf.o
       330          0          0          0          0         84   _scanf_int.o
       232          0          0          0          0         84   _scanf_str.o
        68          0          0          0          0         76   _sgetc.o
        10          0          0          0          0         60   _sputc.o
        64          0          0          0          0         72   _wcrtomb.o
        18          0          0          0          0         68   aeabi_memset.o
       346          0          0          0          0         92   aeabi_sdiv.o
       216          6        148          0          0         80   bigflt0.o
      1456         30          0          0          0        336   btod.o
        36          4          0          0          0         68   c89vsprintf.o
        16          0          0          0          0         68   exit.o
         6          0          0          0          0        136   heapauxi.o
         0          0          0          0          0          0   indicate_semi.o
        36         10          0          0          0         72   init_aeabi.o
        18          0          0          0          0         68   isspace.o
        44         10        272          0          0         76   lc_ctype_c.o
        44         10         28          0          0         76   lc_numeric_c.o
         2          0          0          0          0          0   libinit.o
        34          0          0          0          0          0   libinit2.o
         2          0          0          0          0          0   libshutdown.o
         2          0          0          0          0          0   libshutdown2.o
         8          4          0          0         96         68   libspace.o
       122          0          0          0          0         72   lludiv10.o
        16          4          0          0          0         76   rt_ctype_table.o
        10          0          0          0          0         76   rt_locale_twolibspace.o
        64          0          0          0          0        108   rt_memclr.o
       186          0          0          0          0        144   rt_memcpy.o
         2          0          0          0          0          0   rtexit.o
        10          0          0          0          0          0   rtexit2.o
        40          0          0          0          0         60   rtudiv10.o
        48          8          0          0          0         84   scanf_char.o
       136          4          0          0          0         72   strcmp.o
        68          6          0          0          0         72   strlen.o
        40          0          0          0          0         72   strstr.o
        12          4          0          0          0         60   sys_exit.o
        62          0          0          0          0         80   sys_stackheap_outer.o
         2          0          0          0          0         68   use_no_semi.o
        16          4          0          0          0         76   printf1.o
         0          0          0          0          0          0   usenofp.o
        44          4          0          0          0         60   fpclassify.o

    ----------------------------------------------------------------------
      8146        240        516          0         96       4620   Library Totals
        14          0          3          0          0          0   (incl. Padding)

    ----------------------------------------------------------------------

      Code (inc. data)   RO Data    RW Data    ZI Data      Debug   Library Name

      8072        232        513          0         96       4484   c_p.l
        16          4          0          0          0         76   fz_ps.l
        44          4          0          0          0         60   m_ps.l

    ----------------------------------------------------------------------
      8146        240        516          0         96       4620   Library Totals

    ----------------------------------------------------------------------

==============================================================================


      Code (inc. data)   RO Data    RW Data    ZI Data      Debug   

     18624       1286        728       1224      23448     427293   Grand Totals
     18624       1286        728        548      23448     427293   ELF Image Totals (compressed)
     18624       1286        728        548          0          0   ROM Totals

==============================================================================

    Total RO  Size (Code + RO Data)                19352 (  18.90kB)
    Total RW  Size (RW Data + ZI Data)             24672 (  24.09kB)
    Total ROM Size (Code + RO Data + RW Data)      19900 (  19.43kB)

==============================================================================

