Component: ARM Compiler 5.06 update 6 (build 750) Tool: armlink [4d35ed]

==============================================================================

Section Cross References

    main.o(i.SERCOM0_Handler) refers to queue.o(i.xQueueGenericSendFromISR) for xQueueGenericSendFromISR
    main.o(i.SERCOM0_Handler) refers to main.o(.data) for .data
    main.o(i.SERCOM1_Handler) refers to main.o(i._Z12verifyPackettPht) for verifyPacket(unsigned short, unsigned char*, unsigned short)
    main.o(i.SERCOM1_Handler) refers to queue.o(i.xQueueGiveFromISR) for xQueueGiveFromISR
    main.o(i.SERCOM1_Handler) refers to queue.o(i.xQueueReceiveFromISR) for xQueueReceiveFromISR
    main.o(i.SERCOM1_Handler) refers to main.o(.data) for .data
    main.o(i.SERCOM1_Handler) refers to main.o(.bss) for .bss
    main.o(i.SERCOM2_Handler) refers to strstr.o(.text) for strstr
    main.o(i.SERCOM2_Handler) refers to queue.o(i.xQueueReceiveFromISR) for xQueueReceiveFromISR
    main.o(i.SERCOM2_Handler) refers to queue.o(i.xQueueGiveFromISR) for xQueueGiveFromISR
    main.o(i.SERCOM2_Handler) refers to gsm_usart.o(i._Z11clearBufferPc) for clearBuffer(char*)
    main.o(i.SERCOM2_Handler) refers to main.o(.bss) for .bss
    main.o(i.SERCOM2_Handler) refers to main.o(.data) for .data
    main.o(i._Z10setupParsePv) refers to api.o(i._ZN13Smartmesh_API8mgr_initEv) for Smartmesh_API::mgr_init()
    main.o(i._Z10setupParsePv) refers to queue.o(i.xQueueSemaphoreTake) for xQueueSemaphoreTake
    main.o(i._Z10setupParsePv) refers to tasks.o(i.xTaskCreate) for xTaskCreate
    main.o(i._Z10setupParsePv) refers to main.o(.bss) for .bss
    main.o(i._Z10setupParsePv) refers to main.o(.data) for .data
    main.o(i._Z10setupParsePv) refers to main.o(i._Z18parseSmartmeshDataPv) for parseSmartmeshData(void*)
    main.o(i._Z12verifyPackettPht) refers to main.o(.data) for .data
    main.o(i._Z18parseSmartmeshDataPv) refers to queue.o(i.xQueueSemaphoreTake) for xQueueSemaphoreTake
    main.o(i._Z18parseSmartmeshDataPv) refers to queue.o(i.xQueueGenericSend) for xQueueGenericSend
    main.o(i._Z18parseSmartmeshDataPv) refers to main.o(i.__ARM_common_switch8) for __ARM_common_switch8
    main.o(i._Z18parseSmartmeshDataPv) refers to api.o(i._ZN13Smartmesh_API9subscribeEjj) for Smartmesh_API::subscribe(unsigned, unsigned)
    main.o(i._Z18parseSmartmeshDataPv) refers to api.o(i._ZN13Smartmesh_API8mgr_initEv) for Smartmesh_API::mgr_init()
    main.o(i._Z18parseSmartmeshDataPv) refers to api.o(i._ZN13Smartmesh_API21parseDataNotificationEP10data_notifPh) for Smartmesh_API::parseDataNotification(data_notif*, unsigned char*)
    main.o(i._Z18parseSmartmeshDataPv) refers to main.o(t._ZNKSt6vectorI1SSaIS0_EE4sizeEv) for std::vector<S, std::allocator<S>>::size() const
    main.o(i._Z18parseSmartmeshDataPv) refers to main.o(t._ZNSaI1SE9constructEPS_RKS_) for std::allocator<S>::construct(S*, const S&)
    main.o(i._Z18parseSmartmeshDataPv) refers to main.o(t._ZNSt6vectorI1SSaIS0_EE13_C_insert_auxEPS0_RKS0_) for std::vector<S, std::allocator<S>>::_C_insert_aux(S*, const S&)
    main.o(i._Z18parseSmartmeshDataPv) refers to sendingdata.o(i._Z9tcp_writePhi) for tcp_write(unsigned char*, int)
    main.o(i._Z18parseSmartmeshDataPv) refers to sercom.o(i._ZN4UART7_printfEPKcz) for UART::_printf(const char*, ...)
    main.o(i._Z18parseSmartmeshDataPv) refers to sercom.o(i._ZN4UART10send_arrayEPhh) for UART::send_array(unsigned char*, unsigned char)
    main.o(i._Z18parseSmartmeshDataPv) refers to tasks.o(i.vTaskDelay) for vTaskDelay
    main.o(i._Z18parseSmartmeshDataPv) refers to api.o(i._ZN13Smartmesh_API12resetManagerEv) for Smartmesh_API::resetManager()
    main.o(i._Z18parseSmartmeshDataPv) refers to tasks.o(i.vTaskDelete) for vTaskDelete
    main.o(i._Z18parseSmartmeshDataPv) refers to main.o(.data) for .data
    main.o(i._Z18parseSmartmeshDataPv) refers to main.o(.bss) for .bss
    main.o(i.__sti___8_main_cpp_30c642f8) refers to aeabi_atexit.o(.text) for __aeabi_atexit
    main.o(i.__sti___8_main_cpp_30c642f8) refers to sercom.o(i._ZN4UARTC1EP18sercom_registers_ti) for UART::UART(sercom_registers_t*, int)
    main.o(i.__sti___8_main_cpp_30c642f8) refers to api.o(i._ZN13Smartmesh_APIC1EP4UART) for Smartmesh_API::Smartmesh_API(UART*)
    main.o(i.__sti___8_main_cpp_30c642f8) refers to queue.o(i.xQueueGenericCreate) for xQueueGenericCreate
    main.o(i.__sti___8_main_cpp_30c642f8) refers to queue.o(i.xQueueCreateCountingSemaphore) for xQueueCreateCountingSemaphore
    main.o(i.__sti___8_main_cpp_30c642f8) refers to main.o(.bss) for .bss
    main.o(i.__sti___8_main_cpp_30c642f8) refers to main.o(t._ZNSt6vectorI1SSaIS0_EED1Ev) for std::vector<S, std::allocator<S>>::~vector()
    main.o(i.__sti___8_main_cpp_30c642f8) refers to main.o(.data) for .data
    main.o(i.main) refers to system_setup.o(i._Z12setup_systemv) for setup_system()
    main.o(i.main) refers to tasks.o(i.xTaskCreate) for xTaskCreate
[...]
    std::messages<char>::do_get(int, int, int, const std::basic_string<char, std::char_traits<char>, std::allocator<char>>&) const 0x00008c1d   Thumb Code   132  rwstdexcept.o(t._ZNKSt8messagesIcE6do_getEiiiRKSs)
    std::messages<char>::do_open(const std::basic_string<char, std::char_traits<char>, std::allocator<char>>&, const std::locale&) const 0x00008ca9   Thumb Code    10  rwstdexcept.o(t._ZNKSt8messagesIcE7do_openERKSsRKSt6locale)
    std::allocator<S>::construct(S*, const S&) 0x00008cb3   Thumb Code    18  main.o(t._ZNSaI1SE9constructEPS_RKS_)
    std::basic_string<char, std::char_traits<char>, std::allocator<char>>::_C_allocate(unsigned, unsigned, unsigned) 0x00008cc5   Thumb Code    50  locale.o(t._ZNSs11_C_allocateEjjj)
    std::basic_string<char, std::char_traits<char>, std::allocator<char>>::replace(unsigned, unsigned, const char*, unsigned) 0x00008cf7   Thumb Code    24  locale.o(t._ZNSs7replaceEjjPKcj)
    std::basic_string<char, std::char_traits<char>, std::allocator<char>>::replace(unsigned, unsigned, const char*, unsigned, unsigned, unsigned) 0x00008d11   Thumb Code   374  char.o(t._ZNSs7replaceEjjPKcjjj)
    std::basic_string<char, std::char_traits<char>, std::allocator<char>>::_C_getRep(unsigned, unsigned) 0x00008e91   Thumb Code   118  char.o(t._ZNSs9_C_getRepEjj)
    std::basic_string<char, std::char_traits<char>, std::allocator<char>>::_C_unlink() 0x00008f11   Thumb Code    66  char.o(t._ZNSs9_C_unlinkEv)
    std::basic_string<char, std::char_traits<char>, std::allocator<char>>::basic_string(const char*, const std::allocator<char>&) 0x00008f59   Thumb Code    52  locale.o(t._ZNSsC1EPKcRKSaIcE)
    std::basic_string<char, std::char_traits<char>, std::allocator<char>>::basic_string__sub_object(const char*, const std::allocator<char>&) 0x00008f59   Thumb Code     0  locale.o(t._ZNSsC1EPKcRKSaIcE)
    std::basic_string<char, std::char_traits<char>, std::allocator<char>>::basic_string(const std::allocator<char>&) 0x00008f91   Thumb Code    12  locale.o(t._ZNSsC1ERKSaIcE)
    std::basic_string<char, std::char_traits<char>, std::allocator<char>>::basic_string__sub_object(const std::allocator<char>&) 0x00008f91   Thumb Code     0  locale.o(t._ZNSsC1ERKSaIcE)
    std::basic_string<char, std::char_traits<char>, std::allocator<char>>::basic_string(const std::basic_string<char, std::char_traits<char>, std::allocator<char>>&) 0x00008fa1   Thumb Code    60  char.o(t._ZNSsC1ERKSs)
    std::basic_string<char, std::char_traits<char>, std::allocator<char>>::basic_string__sub_object(const std::basic_string<char, std::char_traits<char>, std::allocator<char>>&) 0x00008fa1   Thumb Code     0  char.o(t._ZNSsC1ERKSs)
    std::basic_string<char, std::char_traits<char>, std::allocator<char>>::~basic_string() 0x00008fdd   Thumb Code    12  char.o(t._ZNSsD1Ev)
    std::basic_string<char, std::char_traits<char>, std::allocator<char>>::~basic_string__sub_object() 0x00008fdd   Thumb Code     0  char.o(t._ZNSsD1Ev)
    std::basic_string<char, std::char_traits<char>, std::allocator<char>>::operator =(const char*) 0x00008fe9   Thumb Code    74  locale.o(t._ZNSsaSEPKc)
    std::basic_string<char, std::char_traits<char>, std::allocator<char>>::operator =(const std::basic_string<char, std::char_traits<char>, std::allocator<char>>&) 0x00009039   Thumb Code    60  locale.o(t._ZNSsaSERKSs)
    std::vector<S, std::allocator<S>>::_C_insert_aux(S*, const S&) 0x00009075   Thumb Code   218  main.o(t._ZNSt6vectorI1SSaIS0_EE13_C_insert_auxEPS0_RKS0_)
    std::vector<S, std::allocator<S>>::~vector() 0x0000914f   Thumb Code    36  main.o(t._ZNSt6vectorI1SSaIS0_EED1Ev)
    std::vector<S, std::allocator<S>>::~vector__sub_object() 0x0000914f   Thumb Code     0  main.o(t._ZNSt6vectorI1SSaIS0_EED1Ev)
    T2 std::uninitialized_copy<S*, S*, std::allocator<S>>(T1, T1, T2, T3&) 0x00009173   Thumb Code    34  main.o(t._ZSt18uninitialized_copyIP1SS1_SaIS0_EET0_T_S4_S3_RT1_)
    const T1& std::max<unsigned>(const T1&, const T1&) 0x00009195   Thumb Code    12  char.o(t._ZSt3maxIjERKT_S2_S2_)
    __aeabi_cdcmpeq                          0x000091a1   Thumb Code     0  deqf.o(x$fpl$deqf)
    _dcmpeq                                  0x000091a1   Thumb Code    94  deqf.o(x$fpl$deqf)
    __aeabi_cdrcmple                         0x00009205   Thumb Code     0  drlef.o(x$fpl$drleqf)
    _drcmple                                 0x00009205   Thumb Code   100  drlef.o(x$fpl$drleqf)
    _printf_fp_dec                           0x0000926d   Thumb Code    16  printf1.o(x$fpl$printf1)
    _printf_fp_hex                           0x0000927d   Thumb Code    16  printf2.o(x$fpl$printf2)
    _scanf_real                              0x0000928d   Thumb Code    16  scanf1.o(x$fpl$scanf1)
    _scanf_hex_real                          0x0000929d   Thumb Code    16  scanf2.o(x$fpl$scanf2)
    _scanf_infnan                            0x000092ad   Thumb Code    16  scanf2.o(x$fpl$scanf2)
    __I$use$fp                               0x000092bc   Number         0  usenofp.o(x$fpl$usenofp)
    std::ctype<char>::_C_classic_table       0x0000935c   Data         512  char.o(.constdata)
    __stdin_name                             0x0000955c   Data           4  sys_io.o(.constdata)
    __stdout_name                            0x00009560   Data           4  sys_io.o(.constdata)
    __stderr_name                            0x00009564   Data           4  sys_io.o(.constdata)
    vtable for std::locale::facet            0x00009624   Data          20  rwstdexcept.o(.constdata__ZTVNSt6locale5facetE)
    vtable for std::ctype_byname<char>       0x00009638   Data          52  char.o(.constdata__ZTVSt12ctype_bynameIcE)
    vtable for std::__rw_exception           0x0000966c   Data          20  rwstdexcept.o(.constdata__ZTVSt14__rw_exception)
    vtable for std::ctype<char>              0x00009680   Data          52  char.o(.constdata__ZTVSt5ctypeIcE)
    vtable for std::messages<char>           0x000096b4   Data          32  rwstdexcept.o(.constdata__ZTVSt8messagesIcE)
    vtable for std::exception                0x000096d4   Data          20  exception_dtor.o(.constdata__ZTVSt9exception)
    __rw::__rw_locale_imp::_C_category_name(int) const::string 0x000096e8   Data           1  locale.o(.constdata__ZZNK4__rw15__rw_locale_imp16_C_category_nameEiEs)
    std::basic_string<char, std::char_traits<char>, std::allocator<char>>::replace(unsigned, unsigned, const char*, unsigned, unsigned, unsigned)::string 0x000096e9   Data           1  char.o(.constdata__ZZNSs7replaceEjjPKcjjjEs)
    std::basic_string<char, std::char_traits<char>, std::allocator<char>>::_C_getRep(unsigned, unsigned)::string 0x000096ea   Data           1  char.o(.constdata__ZZNSs9_C_getRepEjjEs)
    std::messages<char>::messages(unsigned)::string 0x000096eb   Data           2  rwstdexcept.o(.constdata__ZZNSt8messagesIcEC1EjEs)
    Region$$Table$$Base                      0x00009a3c   Number         0  anon$$obj.o(Region$$Table)
    Region$$Table$$Limit                     0x00009a5c   Number         0  anon$$obj.o(Region$$Table)
    __aeabi_HUGE_VAL                         0x00009a5c   Data           0  fpconst.o(c$$dinf)
    __aeabi_HUGE_VALL                        0x00009a5c   Data           0  fpconst.o(c$$dinf)
    __aeabi_INFINITY                         0x00009a5c   Data           0  fpconst.o(c$$dinf)
    __dInf                                   0x00009a5c   Data           0  fpconst.o(c$$dinf)
    __huge_val                               0x00009a5c   Data           0  fpconst.o(c$$dinf)
    __dbl_max                                0x00009a64   Data           0  fpconst.o(c$$dmax)
    __ctype                                  0x00009a79   Data           0  lc_ctype_c.o(locale$$data)
    __lcnull_start                           0x00009ba4   Data           4  null_locale.o(locale$$data)
    SHT$$INIT_ARRAY$$Base                    0x00009ba8   Number         0  main.o(.init_array)
    SHT$$INIT_ARRAY$$Limit                   0x00009bb8   Number         0  rwcats.o(.init_array)
    startFlag                                0x20000000   Data           1  main.o(.data)
    connectedToManager                       0x20000001   Data           1  main.o(.data)
    length                                   0x20000002   Data           1  main.o(.data)
    responseLength                           0x20000003   Data           1  main.o(.data)
    responseLengthCopy                       0x20000004   Data           1  main.o(.data)
    bluetoothData                            0x20000008   Data           4  main.o(.data)
    gsmData                                  0x2000000c   Data           4  main.o(.data)
    dma_in_use                               0x20000010   Data           4  main.o(.data)
    apiInUse                                 0x20000014   Data           4  main.o(.data)
    gsm_in_use                               0x20000018   Data           4  main.o(.data)
    bluetoothInUse                           0x2000001c   Data           4  main.o(.data)
    dataRecieved                             0x20000020   Data           4  main.o(.data)
    gsmDataRecieved                          0x20000024   Data           4  main.o(.data)
    getNetworkInfo                           0x20000028   Data           4  main.o(.data)
    getNetworkConfig                         0x2000002c   Data           4  main.o(.data)
    getMoteInfo                              0x20000030   Data           4  main.o(.data)
    moteConfigWasGotFromID                   0x20000034   Data           4  main.o(.data)
    api_usart                                0x20000038   Data           8  main.o(.data)
    bluetooth                                0x20000040   Data           8  main.o(.data)
    gsm_usart                                0x20000048   Data           8  main.o(.data)
    gsmReady                                 0x20000250   Data           1  main.o(.data)
    at_cmd_type                              0x20000251   Data           1  main.o(.data)
    SystemCoreClock                          0x20000454   Data           4  system_saml21g18b.o(.data)
    pxCurrentTCB                             0x2000047c   Data           4  tasks.o(.data)
    uxTopUsedPriority                        0x200004ac   Data           4  tasks.o(.data)
    __aeabi_stdin                            0x200004d0   Data           4  stdio_streams.o(.data)
    __aeabi_stdout                           0x200004d4   Data           4  stdio_streams.o(.data)
    __aeabi_stderr                           0x200004d8   Data           4  stdio_streams.o(.data)
    std::ctype<char>::id                     0x200004f4   Data           4  char.o(.data)
    std::ctype<wchar_t>::id                  0x200004f8   Data           4  char.o(.data)
    std::locale::_C_classic                  0x20000504   Data           4  locale.o(.data)
    std::locale::_C_native                   0x20000508   Data           4  locale.o(.data)
    std::locale::_C_global                   0x2000050c   Data           4  locale.o(.data)
    std::codecvt<char, char, std::__mbstate_t>::id 0x20000510   Data           4  locale.o(.data)
    std::codecvt<wchar_t, char, std::__mbstate_t>::id 0x20000514   Data           4  locale.o(.data)
    __rw_throw_proc                          0x20000518   Data           4  rwthrowproc_noex.o(.data)
    _stream_list_lock                        0x2000051c   Data           4  streamlock.o(.data)
    std::locale::id::_C_init() const::_C_id_gen 0x20000528   Data           4  locale.o(.data__ZZNKSt6locale2id7_C_initEvE9_C_id_gen)
    guard variable for std::__rw_get_cats()::__open_cats 0x2000052c   Data           4  messages.o(.data__ZZSt13__rw_get_catsvE11__open_cats)
    std::__rw_get_cats()::__open_cats        0x20000530   Data           8  messages.o(.data__ZZSt13__rw_get_catsvE11__open_cats)
    txbuffer                                 0x20000538   Data         130  main.o(.bss)
    smartmeshData                            0x200005ba   Data         130  main.o(.bss)
    mac_addresses                            0x2000063c   Data          12  main.o(.bss)
    responseGsmBuffer                        0x20000648   Data         200  main.o(.bss)
    txGsmBuffer                              0x20000710   Data         200  main.o(.bss)
    api                                      0x200007d8   Data         144  main.o(.bss)
    __stdin                                  0x20005580   Data          84  stdio_streams.o(.bss)
    __stdout                                 0x200055d4   Data          84  stdio_streams.o(.bss)
    __stderr                                 0x20005628   Data          84  stdio_streams.o(.bss)
    __libspace_start                         0x20005698   Data          96  libspace.o(.bss)
    __temporary_stack_top$libspace           0x200056f8   Data           0  libspace.o(.bss)
    std::basic_string<char, std::char_traits<char>, std::allocator<char>>::__nullref 0x20005724   Data          16  vendor.o(.bss__ZNSs9__nullrefE)



==============================================================================

Memory Map of the image

  Image Entry point : 0x000000b1

  Load Region LR_IROM1 (Base: 0x00000000, Size: 0x0000a0f0, Max: 0x00040000, ABSOLUTE, COMPRESSED[0x00009dfc])

    Execution Region ER_IROM1 (Exec base: 0x00000000, Load base: 0x00000000, Size: 0x00009bb8, Max: 0x00040000, ABSOLUTE)

    Exec Addr    Load Addr    Size         Type   Attr      Idx    E Section Name        Object

    0x00000000   0x00000000   0x000000b0   Data   RO         3070    RESET               startup_saml21g18b.o
    0x000000b0   0x000000b0   0x00000008   Code   RO         4501  * !!!main             c_p.l(__main.o)
    0x000000b8   0x000000b8   0x0000003c   Code   RO         6249    !!!scatter          c_p.l(__scatter.o)
    0x000000f4   0x000000f4   0x0000001c   Code   RO         6251    !!handler_zi        c_p.l(__scatter_zi.o)
    0x00000110   0x00000110   0x00000002   Code   RO         4794    .ARM.Collect$$_printf_percent$$00000000  c_p.l(_printf_percent.o)
    0x00000112   0x00000112   0x0000000a   Code   RO         4783    .ARM.Collect$$_printf_percent$$00000001  c_p.l(_printf_n.o)
    0x0000011c   0x0000011c   0x0000000a   Code   RO         4785    .ARM.Collect$$_printf_percent$$00000002  c_p.l(_printf_p.o)
    0x00000126   0x00000126   0x0000000a   Code   RO         4790    .ARM.Collect$$_printf_percent$$00000003  c_p.l(_printf_f.o)
    0x00000130   0x00000130   0x0000000a   Code   RO         4791    .ARM.Collect$$_printf_percent$$00000004  c_p.l(_printf_e.o)
    0x0000013a   0x0000013a   0x0000000a   Code   RO         4792    .ARM.Collect$$_printf_percent$$00000005  c_p.l(_printf_g.o)
    0x00000144   0x00000144   0x0000000a   Code   RO         4793    .ARM.Collect$$_printf_percent$$00000006  c_p.l(_printf_a.o)
    0x0000014e   0x0000014e   0x0000000a   Code   RO         4798    .ARM.Collect$$_printf_percent$$00000007  c_p.l(_printf_ll.o)
    0x00000158   0x00000158   0x0000000a   Code   RO         4787    .ARM.Collect$$_printf_percent$$00000008  c_p.l(_printf_i.o)
    0x00000162   0x00000162   0x0000000a   Code   RO         4788    .ARM.Collect$$_printf_percent$$00000009  c_p.l(_printf_d.o)
    0x0000016c   0x0000016c   0x0000000a   Code   RO         4789    .ARM.Collect$$_printf_percent$$0000000A  c_p.l(_printf_u.o)
    0x00000176   0x00000176   0x0000000a   Code   RO         4786    .ARM.Collect$$_printf_percent$$0000000B  c_p.l(_printf_o.o)
    0x00000180   0x00000180   0x0000000a   Code   RO         4784    .ARM.Collect$$_printf_percent$$0000000C  c_p.l(_printf_x.o)
    0x0000018a   0x0000018a   0x0000000a   Code   RO         4795    .ARM.Collect$$_printf_percent$$0000000D  c_p.l(_printf_lli.o)
    0x00000194   0x00000194   0x0000000a   Code   RO         4796    .ARM.Collect$$_printf_percent$$0000000E  c_p.l(_printf_lld.o)
    0x0000019e   0x0000019e   0x0000000a   Code   RO         4797    .ARM.Collect$$_printf_percent$$0000000F  c_p.l(_printf_llu.o)
    0x000001a8   0x000001a8   0x0000000a   Code   RO         4802    .ARM.Collect$$_printf_percent$$00000010  c_p.l(_printf_llo.o)
    0x000001b2   0x000001b2   0x0000000a   Code   RO         4803    .ARM.Collect$$_printf_percent$$00000011  c_p.l(_printf_llx.o)
    0x000001bc   0x000001bc   0x0000000a   Code   RO         4799    .ARM.Collect$$_printf_percent$$00000012  c_p.l(_printf_l.o)
    0x000001c6   0x000001c6   0x0000000a   Code   RO         4781    .ARM.Collect$$_printf_percent$$00000013  c_p.l(_printf_c.o)
    0x000001d0   0x000001d0   0x0000000a   Code   RO         4782    .ARM.Collect$$_printf_percent$$00000014  c_p.l(_printf_s.o)
    0x000001da   0x000001da   0x0000000a   Code   RO         4800    .ARM.Collect$$_printf_percent$$00000015  c_p.l(_printf_lc.o)
    0x000001e4   0x000001e4   0x0000000a   Code   RO         4801    .ARM.Collect$$_printf_percent$$00000016  c_p.l(_printf_ls.o)
    0x000001ee   0x000001ee   0x00000004   Code   RO         5205    .ARM.Collect$$_printf_percent$$00000017  c_p.l(_printf_percent_end.o)
    0x000001f2   0x000001f2   0x00000002   Code   RO         5907    .ARM.Collect$$libinit$$00000000  c_p.l(libinit.o)
    0x000001f4   0x000001f4   0x00000000   Code   RO         4831    .ARM.Collect$$libinit$$00000002  c_p.l(libinit2.o)
    0x000001f4   0x000001f4   0x00000000   Code   RO         4833    .ARM.Collect$$libinit$$00000004  c_p.l(libinit2.o)
    0x000001f4   0x000001f4   0x00000008   Code   RO         4834    .ARM.Collect$$libinit$$00000005  c_p.l(libinit2.o)
    0x000001fc   0x000001fc   0x00000000   Code   RO         4836    .ARM.Collect$$libinit$$0000000A  c_p.l(libinit2.o)
    0x000001fc   0x000001fc   0x00000000   Code   RO         4838    .ARM.Collect$$libinit$$0000000C  c_p.l(libinit2.o)
    0x000001fc   0x000001fc   0x00000000   Code   RO         4840    .ARM.Collect$$libinit$$0000000E  c_p.l(libinit2.o)
    0x000001fc   0x000001fc   0x00000006   Code   RO         4841    .ARM.Collect$$libinit$$0000000F  c_p.l(libinit2.o)
    0x00000202   0x00000202   0x00000000   Code   RO         4843    .ARM.Collect$$libinit$$00000011  c_p.l(libinit2.o)
    0x00000202   0x00000202   0x0000000c   Code   RO         4844    .ARM.Collect$$libinit$$00000012  c_p.l(libinit2.o)
    0x0000020e   0x0000020e   0x00000000   Code   RO         4845    .ARM.Collect$$libinit$$00000013  c_p.l(libinit2.o)
    0x0000020e   0x0000020e   0x00000000   Code   RO         4847    .ARM.Collect$$libinit$$00000015  c_p.l(libinit2.o)
    0x0000020e   0x0000020e   0x0000000a   Code   RO         4848    .ARM.Collect$$libinit$$00000016  c_p.l(libinit2.o)
    0x00000218   0x00000218   0x00000000   Code   RO         4849    .ARM.Collect$$libinit$$00000017  c_p.l(libinit2.o)
    0x00000218   0x00000218   0x00000000   Code   RO         4851    .ARM.Collect$$libinit$$00000019  c_p.l(libinit2.o)
    0x00000218   0x00000218   0x00000000   Code   RO         4853    .ARM.Collect$$libinit$$0000001B  c_p.l(libinit2.o)
    0x00000218   0x00000218   0x00000000   Code   RO         4855    .ARM.Collect$$libinit$$0000001D  c_p.l(libinit2.o)
    0x00000218   0x00000218   0x00000000   Code   RO         4857    .ARM.Collect$$libinit$$0000001F  c_p.l(libinit2.o)
    0x00000218   0x00000218   0x00000000   Code   RO         4859    .ARM.Collect$$libinit$$00000021  c_p.l(libinit2.o)
    0x00000218   0x00000218   0x00000000   Code   RO         4861    .ARM.Collect$$libinit$$00000023  c_p.l(libinit2.o)
    0x00000218   0x00000218   0x00000004   Code   RO         4862    .ARM.Collect$$libinit$$00000024  c_p.l(libinit2.o)
    0x0000021c   0x0000021c   0x00000000   Code   RO         4863    .ARM.Collect$$libinit$$00000025  c_p.l(libinit2.o)
    0x0000021c   0x0000021c   0x00000000   Code   RO         4867    .ARM.Collect$$libinit$$0000002C  c_p.l(libinit2.o)
    0x0000021c   0x0000021c   0x00000000   Code   RO         4869    .ARM.Collect$$libinit$$0000002E  c_p.l(libinit2.o)
    0x0000021c   0x0000021c   0x00000000   Code   RO         4871    .ARM.Collect$$libinit$$00000030  c_p.l(libinit2.o)
    0x0000021c   0x0000021c   0x00000004   Code   RO         4872    .ARM.Collect$$libinit$$00000031  c_p.l(libinit2.o)
    0x00000220   0x00000220   0x00000000   Code   RO         4873    .ARM.Collect$$libinit$$00000032  c_p.l(libinit2.o)
    0x00000220   0x00000220   0x00000002   Code   RO         4874    .ARM.Collect$$libinit$$00000033  c_p.l(libinit2.o)
    0x00000222   0x00000222   0x00000002   Code   RO         6190    .ARM.Collect$$libshutdown$$00000000  c_p.l(libshutdown.o)
    0x00000224   0x00000224   0x00000006   Code   RO         5249    .ARM.Collect$$libshutdown$$00000001  c_p.l(libshutdown2.o)
    0x0000022a   0x0000022a   0x00000000   Code   RO         5250    .ARM.Collect$$libshutdown$$00000002  c_p.l(libshutdown2.o)
    0x0000022a   0x0000022a   0x00000004   Code   RO         5251    .ARM.Collect$$libshutdown$$00000003  c_p.l(libshutdown2.o)
    0x0000022e   0x0000022e   0x00000000   Code   RO         5252    .ARM.Collect$$libshutdown$$00000004  c_p.l(libshutdown2.o)
    0x0000022e   0x0000022e   0x00000000   Code   RO         5255    .ARM.Collect$$libshutdown$$00000007  c_p.l(libshutdown2.o)
    0x0000022e   0x0000022e   0x00000000   Code   RO         5258    .ARM.Collect$$libshutdown$$0000000A  c_p.l(libshutdown2.o)
    0x0000022e   0x0000022e   0x00000000   Code   RO         5260    .ARM.Collect$$libshutdown$$0000000C  c_p.l(libshutdown2.o)
    0x0000022e   0x0000022e   0x00000004   Code   RO         5261    .ARM.Collect$$libshutdown$$0000000D  c_p.l(libshutdown2.o)
    0x00000232   0x00000232   0x00000000   Code   RO         5263    .ARM.Collect$$libshutdown$$0000000F  c_p.l(libshutdown2.o)
    0x00000232   0x00000232   0x00000002   Code   RO         5264    .ARM.Collect$$libshutdown$$00000010  c_p.l(libshutdown2.o)
    0x00000234   0x00000234   0x00000000   Code   RO         4665    .ARM.Collect$$rtentry$$00000000  c_p.l(__rtentry.o)
    0x00000234   0x00000234   0x00000000   Code   RO         5156    .ARM.Collect$$rtentry$$00000002  c_p.l(__rtentry2.o)
    0x00000234   0x00000234   0x00000006   Code   RO         5168    .ARM.Collect$$rtentry$$00000004  c_p.l(__rtentry4.o)
    0x0000023a   0x0000023a   0x00000008   Code   RO         5157    .ARM.Collect$$rtentry$$00000008  c_p.l(__rtentry2.o)
    0x00000242   0x00000242   0x00000004   Code   RO         5159    .ARM.Collect$$rtentry$$0000000A  c_p.l(__rtentry2.o)
    0x00000246   0x00000246   0x00000000   Code   RO         5161    .ARM.Collect$$rtentry$$0000000C  c_p.l(__rtentry2.o)
    0x00000246   0x00000246   0x00000008   Code   RO         5162    .ARM.Collect$$rtentry$$0000000D  c_p.l(__rtentry2.o)
    0x0000024e   0x0000024e   0x00000002   Code   RO         6047    .ARM.Collect$$rtexit$$00000000  c_p.l(rtexit.o)
    0x00000250   0x00000250   0x00000000   Code   RO         6122    .ARM.Collect$$rtexit$$00000002  c_p.l(rtexit2.o)
    0x00000250   0x00000250   0x00000004   Code   RO         6123    .ARM.Collect$$rtexit$$00000003  c_p.l(rtexit2.o)
    0x00000254   0x00000254   0x00000006   Code   RO         6124    .ARM.Collect$$rtexit$$00000004  c_p.l(rtexit2.o)
    0x0000025a   0x0000025a   0x00000002   PAD
    0x0000025c   0x0000025c   0x00000078   Code   RO         3362    .emb_text           port.o
    0x000002d4   0x000002d4   0x00000038   Code   RO         4485    .emb_text           c_p.l(rt_memcpy.o)
    0x0000030c   0x0000030c   0x00000000   Code   RO         5182    .emb_text           c_p.l(maybetermalloc2.o)
    0x0000030c   0x0000030c   0x00000038   Code   RO         3071    .text               startup_saml21g18b.o
    0x00000344   0x00000344   0x00000010   Code   RO         4395    .text               c_p.l(rt_ctype_table.o)
    0x00000354   0x00000354   0x0000009a   Code   RO         4405    .text               c_p.l(h1_alloc_mt.o)
    0x000003ee   0x000003ee   0x00000074   Code   RO         4407    .text               c_p.l(h1_free_mt.o)
    0x00000462   0x00000462   0x00000002   PAD
    0x00000464   0x00000464   0x00000024   Code   RO         4459    .text               c_p.l(c89vsprintf.o)
    0x00000488   0x00000488   0x00000040   Code   RO         4465    .text               c_p.l(__0sscanf.o)
    0x000004c8   0x000004c8   0x0000014a   Code   RO         4467    .text               c_p.l(_scanf_int.o)
    0x00000612   0x00000612   0x000000e8   Code   RO         4469    .text               c_p.l(_scanf_str.o)
    0x000006fa   0x000006fa   0x0000002a   Code   RO         4474    .text               c_p.l(aeabi_atexit.o)
    0x00000724   0x00000724   0x00000028   Code   RO         4479    .text               c_p.l(strstr.o)
    0x0000074c   0x0000074c   0x00000044   Code   RO         4481    .text               c_p.l(strlen.o)
    0x00000790   0x00000790   0x00000082   Code   RO         4486    .text               c_p.l(rt_memcpy.o)
    0x00000812   0x00000812   0x00000012   Code   RO         4491    .text               c_p.l(aeabi_memset.o)
    0x00000824   0x00000824   0x00000040   Code   RO         4493    .text               c_p.l(rt_memclr.o)
    0x00000864   0x00000864   0x0000015a   Code   RO         4495    .text               c_p.l(aeabi_sdiv.o)
    0x000009be   0x000009be   0x00000006   Code   RO         4499    .text               c_p.l(heapauxi.o)
    0x000009c4   0x000009c4   0x00000024   Code   RO         4506    .text               c_p.l(init_aeabi.o)
    0x000009e8   0x000009e8   0x0000000a   Code   RO         4675    .text               c_p.l(rt_heap_descriptor_twolibspace.o)
    0x000009f2   0x000009f2   0x0000000a   Code   RO         4682    .text               c_p.l(rt_locale_twolibspace.o)
    0x000009fc   0x000009fc   0x0000000a   Code   RO         4689    .text               c_p.l(rt_ddtor_pointer_addr_twolibspace.o)
    0x00000a06   0x00000a06   0x00000004   Code   RO         4691    .text               c_p.l(hguard.o)
    0x00000a0a   0x00000a0a   0x00000088   Code   RO         4693    .text               c_p.l(init_alloc.o)
    0x00000a92   0x00000a92   0x00000016   Code   RO         4699    .text               c_p.l(h1_init_mt.o)
    0x00000aa8   0x00000aa8   0x0000004e   Code   RO         4713    .text               c_p.l(_printf_pad.o)
    0x00000af6   0x00000af6   0x00000024   Code   RO         4715    .text               c_p.l(_printf_truncate.o)
    0x00000b1a   0x00000b1a   0x00000052   Code   RO         4717    .text               c_p.l(_printf_str.o)
    0x00000b6c   0x00000b6c   0x0000006c   Code   RO         4719    .text               c_p.l(_printf_dec.o)
    0x00000bd8   0x00000bd8   0x00000026   Code   RO         4721    .text               c_p.l(_printf_charcount.o)
    0x00000bfe   0x00000bfe   0x00000002   PAD
    0x00000c00   0x00000c00   0x00000030   Code   RO         4723    .text               c_p.l(_printf_char_common.o)
    0x00000c30   0x00000c30   0x0000000a   Code   RO         4725    .text               c_p.l(_sputc.o)
    0x00000c3a   0x00000c3a   0x00000002   PAD
    0x00000c3c   0x00000c3c   0x000000bc   Code   RO         4729    .text               c_p.l(_printf_wctomb.o)
    0x00000cf8   0x00000cf8   0x00000070   Code   RO         4732    .text               c_p.l(_printf_longlong_dec.o)
    0x00000d68   0x00000d68   0x00000070   Code   RO         4738    .text               c_p.l(_printf_oct_int_ll.o)
    0x00000dd8   0x00000dd8   0x00000098   Code   RO         4758    .text               c_p.l(_printf_hex_int_ll_ptr.o)
    0x00000e70   0x00000e70   0x00000188   Code   RO         4778    .text               c_p.l(__printf_flags_ss_wp.o)
    0x00000ff8   0x00000ff8   0x0000001e   Code   RO         4804    .text               c_p.l(_chval.o)
    0x00001016   0x00001016   0x00000002   PAD
    0x00001018   0x00001018   0x00000030   Code   RO         4806    .text               c_p.l(scanf_char.o)
    0x00001048   0x00001048   0x00000044   Code   RO         4808    .text               c_p.l(_sgetc.o)
    0x0000108c   0x0000108c   0x00000014   Code   RO         4819    .text               c_p.l(abort.o)
    0x000010a0   0x000010a0   0x00000042   Code   RO         4821    .text               c_p.l(cxa_finalize.o)
    0x000010e2   0x000010e2   0x00000096   Code   RO         4826    .text               c_p.l(rt_memmove.o)
    0x00001178   0x00001178   0x0000000c   Code   RO         5144    .text               c_p.l(sys_wrch.o)
    0x00001184   0x00001184   0x0000000c   Code   RO         5150    .text               c_p.l(sys_exit.o)
    0x00001190   0x00001190   0x00000008   Code   RO         5152    .text               c_p.l(libspace.o)
    0x00001198   0x00001198   0x0000000a   Code   RO         5177    .text               c_p.l(rt_new_handler_addr_twolibspace.o)
    0x000011a2   0x000011a2   0x00000036   Code   RO         5185    .text               c_p.l(h1_extend_mt.o)
    0x000011d8   0x000011d8   0x0000007a   Code   RO         5187    .text               c_p.l(lludiv10.o)
    0x00001252   0x00001252   0x00000012   Code   RO         5189    .text               c_p.l(isspace.o)
    0x00001264   0x00001264   0x00000016   Code   RO         5191    .text               c_p.l(fprintf.o)
    0x0000127a   0x0000127a   0x00000002   PAD
    0x0000127c   0x0000127c   0x00000038   Code   RO         5193    .text               c_p.l(vsnprintf.o)
    0x000012b4   0x000012b4   0x000000b0   Code   RO         5195    .text               c_p.l(_printf_intcommon.o)
    0x00001364   0x00001364   0x00000418   Code   RO         5197    .text               c_p.l(_printf_fp_dec.o)
    0x0000177c   0x0000177c   0x0000002e   Code   RO         5201    .text               c_p.l(_printf_char.o)
    0x000017aa   0x000017aa   0x0000002e   Code   RO         5203    .text               c_p.l(_printf_wchar.o)
    0x000017d8   0x000017d8   0x00000040   Code   RO         5206    .text               c_p.l(sscanf.o)
    0x00001818   0x00001818   0x00000380   Code   RO         5208    .text               c_p.l(_scanf.o)
    0x00001b98   0x00001b98   0x000001cc   Code   RO         5222    .text               c_p.l(initio_locked.o)
    0x00001d64   0x00001d64   0x00000040   Code   RO         5224    .text               c_p.l(_wcrtomb.o)
    0x00001da4   0x00001da4   0x0000000c   Code   RO         5226    .text               c_p.l(defsig_abrt_outer.o)
    0x00001db0   0x00001db0   0x0000000c   Code   RO         5230    .text               c_p.l(defsig_rtmem_outer.o)
    0x00001dbc   0x00001dbc   0x0000004c   Code   RO         5234    .text               c_p.l(strcpy.o)
    0x00001e08   0x00001e08   0x00000016   Code   RO         5236    .text               c_p.l(strrchr.o)
    0x00001e1e   0x00001e1e   0x00000018   Code   RO         5238    .text               c_p.l(strcat.o)
    0x00001e36   0x00001e36   0x00000002   PAD
    0x00001e38   0x00001e38   0x00000088   Code   RO         5240    .text               c_p.l(strcmp.o)
    0x00001ec0   0x00001ec0   0x00000028   Code   RO         5242    .text               c_p.l(rtudiv10.o)
    0x00001ee8   0x00001ee8   0x00000008   Code   RO         5758    .text               cpprt_p.l(arm_newhandler_noexceptions.o)
    0x00001ef0   0x00001ef0   0x0000000c   Code   RO         5787    .text               cpprt_p.l(aeabi_vec_delete_noexceptions.o)
    0x00001efc   0x00001efc   0x0000001c   Code   RO         5793    .text               cpprt_p.l(arm_exceptions_terminate.o)
    0x00001f18   0x00001f18   0x00000054   Code   RO         5803    .text               cpprt_p.l(arm_exceptions_globs.o)
    0x00001f6c   0x00001f6c   0x00000066   Code   RO         5811    .text               c_p.l(sys_io.o)
    0x00001fd2   0x00001fd2   0x00000002   Code   RO         5816    .text               c_p.l(use_no_semi.o)
    0x00001fd4   0x00001fd4   0x00000000   Code   RO         5818    .text               c_p.l(indicate_semi.o)
    0x00001fd4   0x00001fd4   0x0000003e   Code   RO         5819    .text               c_p.l(sys_stackheap_outer.o)
    0x00002012   0x00002012   0x0000000a   Code   RO         5829    .text               c_p.l(rt_eh_globals_addr_twolibspace.o)
    0x0000201c   0x0000201c   0x0000000e   Code   RO         5831    .text               c_p.l(term_alloc.o)
    0x0000202a   0x0000202a   0x00000010   Code   RO         5833    .text               c_p.l(_snputc.o)
    0x0000203a   0x0000203a   0x00000002   PAD
    0x0000203c   0x0000203c   0x00000088   Code   RO         5835    .text               c_p.l(_printf_fp_infnan.o)
    0x000020c4   0x000020c4   0x0000014a   Code   RO         5837    .text               c_p.l(_scanf_longlong.o)
    0x0000220e   0x0000220e   0x0000011e   Code   RO         5839    .text               c_p.l(_scanf_mbtowc.o)
    0x0000232c   0x0000232c   0x000000e6   Code   RO         5841    .text               c_p.l(_scanf_wctomb.o)
    0x00002412   0x00002412   0x000000d0   Code   RO         5843    .text               c_p.l(_scanf_wstr.o)
    0x000024e2   0x000024e2   0x00000002   PAD
    0x000024e4   0x000024e4   0x000000d8   Code   RO         5845    .text               c_p.l(bigflt0.o)
    0x000025bc   0x000025bc   0x00000580   Code   RO         5848    .text               c_p.l(btod.o)
    0x00002b3c   0x00002b3c   0x000001f0   Code   RO         5850    .text               c_p.l(flsbuf.o)
    0x00002d2c   0x00002d2c   0x0000004c   Code   RO         5857    .text               c_p.l(fclose.o)
    0x00002d78   0x00002d78   0x0000006c   Code   RO         5859    .text               c_p.l(setvbuf_locked.o)
    0x00002de4   0x00002de4   0x00000140   Code   RO         5861    .text               c_p.l(fopen_locked.o)
    0x00002f24   0x00002f24   0x00000014   Code   RO         5863    .text               c_p.l(locale.o)
    0x00002f38   0x00002f38   0x00000010   Code   RO         5878    .text               c_p.l(exit.o)
    0x00002f48   0x00002f48   0x0000000c   Code   RO         5880    .text               c_p.l(defsig_exit.o)
    0x00002f54   0x00002f54   0x00000030   Code   RO         5882    .text               c_p.l(defsig_abrt_inner.o)
    0x00002f84   0x00002f84   0x0000000c   Code   RO         5888    .text               c_p.l(defsig_rtred_outer.o)
    0x00002f90   0x00002f90   0x00000050   Code   RO         5892    .text               c_p.l(defsig_rtmem_inner.o)
    0x00002fe0   0x00002fe0   0x0000000c   Code   RO         5898    .text               c_p.l(memcpy.o)
    0x00002fec   0x00002fec   0x00000042   Code   RO         6023    .text               cpprt_p.l(arm_exceptions_mem.o)
    0x0000302e   0x0000302e   0x00000008   Code   RO         6054    .text               c_p.l(rt_errno_addr_twolibspace.o)
    0x00003036   0x00003036   0x0000000a   Code   RO         6058    .text               c_p.l(h1_final_mt.o)
    0x00003040   0x00003040   0x00000030   Code   RO         6060    .text               c_p.l(llmul.o)
    0x00003070   0x00003070   0x000002d8   Code   RO         6068    .text               c_p.l(_printf_fp_hex.o)
    0x00003348   0x00003348   0x0000003c   Code   RO         6071    .text               c_p.l(_printf_char_file_locked.o)
    0x00003384   0x00003384   0x00000520   Code   RO         6073    .text               c_p.l(scanf_fp.o)
    0x000038a4   0x000038a4   0x00000020   Code   RO         6077    .text               c_p.l(_scanf_wcharmap.o)
    0x000038c4   0x000038c4   0x000000f4   Code   RO         6079    .text               c_p.l(fseek.o)
    0x000039b8   0x000039b8   0x000000f0   Code   RO         6081    .text               c_p.l(stdio.o)
    0x00003aa8   0x00003aa8   0x000001c4   Code   RO         6089    .text               c_p.l(locale_r.o)
    0x00003c6c   0x00003c6c   0x0000003c   Code   RO         6091    .text               c_p.l(_mbrtowc.o)
    0x00003ca8   0x00003ca8   0x00000034   Code   RO         6100    .text               c_p.l(defsig_general.o)
    0x00003cdc   0x00003cdc   0x00000034   Code   RO         6104    .text               c_p.l(defsig_rtred_inner.o)
    0x00003d10   0x00003d10   0x00000002   Code   RO         6108    .text               cpprt_p.l(arm_rethrow_noexceptions.o)
    0x00003d12   0x00003d12   0x00000022   Code   RO         6114    .text               cpprt_p.l(aeabi_vec_dtor_noexceptions.o)
    0x00003d34   0x00003d34   0x00000042   Code   RO         6134    .text               c_p.l(ftell.o)
    0x00003d76   0x00003d76   0x00000002   PAD
    0x00003d78   0x00003d78   0x00000090   Code   RO         6152    .text               fz_ps.l(dcmpin.o)
    0x00003e08   0x00003e08   0x00000016   Code   RO         6170    .text               c_p.l(_rserrno.o)
    0x00003e1e   0x00003e1e   0x00000002   PAD
    0x00003e20   0x00003e20   0x00000334   Code   RO         6172    .text               c_p.l(scanf_hexfp.o)
    0x00004154   0x00004154   0x0000013c   Code   RO         6174    .text               c_p.l(scanf_infnan.o)
    0x00004290   0x00004290   0x00000018   Code   RO         6191    .text               cpprt_p.l(ARM_vec_cleanup_noexceptions.o)
    0x000042a8   0x000042a8   0x0000002e   Code   RO         6194    .text               fz_ps.l(cmpret.o)
    0x000042d6   0x000042d6   0x00000002   PAD
    0x000042d8   0x000042d8   0x0000007c   Code   RO         6196    .text               fz_ps.l(d2f.o)
    0x00004354   0x00004354   0x00000014   Code   RO         6198    .text               fz_ps.l(dnan2.o)
    0x00004368   0x00004368   0x00000020   Code   RO         6206    .text               c_p.l(llshl.o)
    0x00004388   0x00004388   0x00000060   Code   RO         6208    .text               fz_ps.l(dscalbn.o)
    0x000043e8   0x000043e8   0x0000005e   Code   RO         6210    .text               fz_ps.l(retnan.o)
    0x00004446   0x00004446   0x00000060   Code   RO         6247    .text               c_p.l(__dclz77c.o)
    0x000044a6   0x000044a6   0x00000014   Code   RO         5519    i.<Func5>           cpp_ps.l(locale.o)
    0x000044ba   0x000044ba   0x00000002   PAD
    0x000044bc   0x000044bc   0x00000030   Code   RO            3    i.SERCOM0_Handler   main.o
    0x000044ec   0x000044ec   0x00000114   Code   RO            4    i.SERCOM1_Handler   main.o
    0x00004600   0x00004600   0x000000b0   Code   RO            5    i.SERCOM2_Handler   main.o
    0x000046b0   0x000046b0   0x00000002   Code   RO         3363    i.SVC_Handler       port.o
    0x000046b2   0x000046b2   0x00000002   PAD
    0x000046b4   0x000046b4   0x00000018   Code   RO         2479    i.SysTick_Handler   cmsis_os2.o
    0x000046cc   0x000046cc   0x00000010   Code   RO         3078    i.SystemInit        system_saml21g18b.o
    0x000046dc   0x000046dc   0x00000040   Code   RO            6    i._Z10setupParsePv  main.o
    0x0000471c   0x0000471c   0x00000040   Code   RO         1045    i._Z11at_send_cmdPKc15AT_COMMAND_TYPE  gsm_usart.o
    0x0000475c   0x0000475c   0x00000018   Code   RO         1046    i._Z11clearBufferPc  gsm_usart.o
    0x00004774   0x00004774   0x000000e8   Code   RO         1047    i._Z12parseGSMDataPv  gsm_usart.o
    0x0000485c   0x0000485c   0x000001c4   Code   RO          676    i._Z12setup_systemv  system_setup.o
    0x00004a20   0x00004a20   0x0000003c   Code   RO            7    i._Z12verifyPackettPht  main.o
    0x00004a5c   0x00004a5c   0x00000040   Code   RO         1048    i._Z13setupGsmParsePv  gsm_usart.o
    0x00004a9c   0x00004a9c   0x00000304   Code   RO          797    i._Z14bluetoothParsePv  bluetooth.o
    0x00004da0   0x00004da0   0x00000098   Code   RO         1049    i._Z16isValidIPAddressPKc  gsm_usart.o
    0x00004e38   0x00004e38   0x000002f4   Code   RO            8    i._Z18parseSmartmeshDataPv  main.o
    0x0000512c   0x0000512c   0x00000020   Code   RO         5910    i._Z7catgetsPN4__rw8__rw_catEiiPKc  cpp_ps.l(rwcats.o)
    0x0000514c   0x0000514c   0x00000022   Code   RO         5911    i._Z7catopenPKci    cpp_ps.l(rwcats.o)
    0x0000516e   0x0000516e   0x00000002   PAD
    0x00005170   0x00005170   0x000000a0   Code   RO          914    i._Z8gsm_initv      sendingdata.o
    0x00005210   0x00005210   0x0000002c   Code   RO          915    i._Z8sendDataPv     sendingdata.o
    0x0000523c   0x0000523c   0x00000002   Code   RO         1135    i._Z9setup_rtcv     rtc.o
    0x0000523e   0x0000523e   0x00000002   PAD
    0x00005240   0x00005240   0x000001a4   Code   RO          918    i._Z9tcp_writePhi   sendingdata.o
    0x000053e4   0x000053e4   0x0000003c   Code   RO         1327    i._ZN13Smartmesh_API10setJoinKeyEPh  api.o
    0x00005420   0x00005420   0x0000003c   Code   RO         1328    i._ZN13Smartmesh_API11getMoteInfoEPh  api.o
    0x0000545c   0x0000545c   0x00000022   Code   RO         1329    i._ZN13Smartmesh_API11init_packetEhh  api.o
    0x0000547e   0x0000547e   0x00000002   PAD
    0x00005480   0x00005480   0x00000030   Code   RO         1330    i._ZN13Smartmesh_API12checksumDataEtPht  api.o
    0x000054b0   0x000054b0   0x00000034   Code   RO         1331    i._ZN13Smartmesh_API12resetManagerEv  api.o
    0x000054e4   0x000054e4   0x00000034   Code   RO         1332    i._ZN13Smartmesh_API12verifyPacketEtPht  api.o
    0x00005518   0x00005518   0x00000030   Code   RO         1333    i._ZN13Smartmesh_API14getNetworkInfoEv  api.o
    0x00005548   0x00005548   0x00000048   Code   RO         1334    i._ZN13Smartmesh_API15clearStatisticsEv  api.o
    0x00005590   0x00005590   0x00000030   Code   RO         1336    i._ZN13Smartmesh_API16getNetworkConfigEv  api.o
    0x000055c0   0x000055c0   0x000000a4   Code   RO         1338    i._ZN13Smartmesh_API16parseNetworkInfoEP12network_infoPh  api.o
    0x00005664   0x00005664   0x00000074   Code   RO         1339    i._ZN13Smartmesh_API16setNetworkConfigEPh  api.o
    0x000056d8   0x000056d8   0x0000006e   Code   RO         1341    i._ZN13Smartmesh_API18parseNetworkConfigEP14network_configPh  api.o
    0x00005746   0x00005746   0x00000002   PAD
    0x00005748   0x00005748   0x0000008c   Code   RO         1343    i._ZN13Smartmesh_API21parseDataNotificationEP10data_notifPh  api.o
    0x000057d4   0x000057d4   0x00000038   Code   RO         1344    i._ZN13Smartmesh_API23getMoteConfigFromMoteIdEt  api.o
    0x0000580c   0x0000580c   0x00000058   Code   RO         1345    i._ZN13Smartmesh_API8mgr_initEv  api.o
    0x00005864   0x00005864   0x0000005c   Code   RO         1347    i._ZN13Smartmesh_API9subscribeEjj  api.o
    0x000058c0   0x000058c0   0x00000028   Code   RO         1348    i._ZN13Smartmesh_APIC1EP4UART  api.o
    0x000058e8   0x000058e8   0x00000056   Code   RO         4875    i._ZN37_INTERNAL_15_rwstdexcept_cpp_8697b68a4__rw13__rw_vfmatstrEPcjPKcSt9__va_list  cpp_ps.l(rwstdexcept.o)
    0x0000593e   0x0000593e   0x00000002   PAD
    0x00005940   0x00005940   0x0000014c   Code   RO         4876    i._ZN37_INTERNAL_15_rwstdexcept_cpp_8697b68a4__rw13__rw_vfmatstrEPcjiSt9__va_list  cpp_ps.l(rwstdexcept.o)
    0x00005a8c   0x00005a8c   0x00000058   Code   RO         1267    i._ZN4UART10send_arrayEPhh  sercom.o
    0x00005ae4   0x00005ae4   0x0000007c   Code   RO         1268    i._ZN4UART7_printfEPKcz  sercom.o
    0x00005b60   0x00005b60   0x000000fc   Code   RO         1269    i._ZN4UARTC1EP18sercom_registers_ti  sercom.o
    0x00005c5c   0x00005c5c   0x00000060   Code   RO         4878    i._ZN4__rw10__rw_throwEiz  cpp_ps.l(rwstdexcept.o)
    0x00005cbc   0x00005cbc   0x00000022   Code   RO         4509    i._ZN4__rw13__rw_allocateEji  cpp_ps.l(rwalloc.o)
    0x00005cde   0x00005cde   0x00000008   Code   RO         4510    i._ZN4__rw15__rw_deallocateEPvji  cpp_ps.l(rwalloc.o)
    0x00005ce6   0x00005ce6   0x00000002   Code   RO         5466    i._ZN4__rw15__rw_facet_base12_C_initfacetERKSt6locale  cpp_ps.l(char.o)
    0x00005ce8   0x00005ce8   0x000000f4   Code   RO         5622    i._ZN4__rw15__rw_locale_impC1EPKcjj  cpp_ps.l(locale.o)
    0x00005ddc   0x00005ddc   0x0000001a   Code   RO         5660    i._ZN4__rw15__rw_locale_impD1Ev  cpp_ps.l(locale.o)
    0x00005df6   0x00005df6   0x00000038   Code   RO         5520    i._ZN4__rw21__rw_use_c_lib_localeC1EPKci  cpp_ps.l(locale.o)
    0x00005e2e   0x00005e2e   0x0000001a   Code   RO         5436    i._ZN4__rw21__rw_use_c_lib_localeD1Ev  cpp_ps.l(char.o)
    0x00005e48   0x00005e48   0x00000098   Code   RO         5934    i._ZN4__rw25__rw_throw_exception_noexEiPc  cpp_ps.l(rwthrowproc_impl_noex.o)
    0x00005ee0   0x00005ee0   0x00000034   Code   RO         5914    i._ZN4__rw9__catfindEPNS_8__rw_catE  cpp_ps.l(rwcats.o)
    0x00005f14   0x00005f14   0x00000004   Code   RO         4998    i._ZNKSt14__rw_exception4whatEv  cpp_ps.l(rwstdexcept.o)
    0x00005f18   0x00005f18   0x0000006e   Code   RO         5703    i._ZNKSt18__rw_messages_base11_C_cat_openERKSsRKSt6locale  cpp_ps.l(messages.o)
    0x00005f86   0x00005f86   0x0000001e   Code   RO         5706    i._ZNKSt18__rw_messages_base13_C_get_localeEi  cpp_ps.l(messages.o)
    0x00005fa4   0x00005fa4   0x00000036   Code   RO         5707    i._ZNKSt18__rw_messages_base14_C_get_messageEiii  cpp_ps.l(messages.o)
    0x00005fda   0x00005fda   0x0000000e   Code   RO         5406    i._ZNKSt5ctypeIcE2isENSt10ctype_base4maskEc  cpp_ps.l(char.o)
    0x00005fe8   0x00005fe8   0x00000108   Code   RO         5525    i._ZNKSt6locale13_C_make_facetERKNS_2idEbiPFPN4__rw15__rw_facet_baseEiPKcjE  cpp_ps.l(locale.o)
    0x000060f0   0x000060f0   0x00000080   Code   RO         5527    i._ZNKSt6locale16_C_install_facetEPN4__rw15__rw_facet_baseERKNS_2idE  cpp_ps.l(locale.o)
    0x00006170   0x00006170   0x00000034   Code   RO         5528    i._ZNKSt6locale4nameEv  cpp_ps.l(locale.o)
    0x000061a4   0x000061a4   0x0000000c   Code   RO         5381    i._ZNSt11char_traitsIcE4copyEPcPKcj  cpp_ps.l(char.o)
    0x000061b0   0x000061b0   0x000000c8   Code   RO         5269    i._ZNSt12ctype_bynameIcE17_C_get_mask_tableEPKc  cpp_ps.l(char.o)
    0x00006278   0x00006278   0x00000130   Code   RO         5271    i._ZNSt12ctype_bynameIcEC1EPKcj  cpp_ps.l(char.o)
    0x000063a8   0x000063a8   0x0000000c   Code   RO         5513    i._ZNSt12ctype_bynameIcED0Ev  cpp_ps.l(char.o)
    0x000063b4   0x000063b4   0x00000008   Code   RO         5510    i._ZNSt12ctype_bynameIcED1Ev  cpp_ps.l(char.o)
    0x000063bc   0x000063bc   0x00000088   Code   RO         4881    i._ZNSt14__rw_exception10_C_vformatEiSt9__va_list  cpp_ps.l(rwstdexcept.o)
    0x00006444   0x00006444   0x00000014   Code   RO         4948    i._ZNSt14__rw_exceptionC1Ev  cpp_ps.l(rwstdexcept.o)
    0x00006458   0x00006458   0x0000001c   Code   RO         4992    i._ZNSt14__rw_exceptionD1Ev  cpp_ps.l(rwstdexcept.o)
    0x00006474   0x00006474   0x00000008   Code   RO         4945    i._ZNSt18__rw_messages_baseD1Ev  cpp_ps.l(rwstdexcept.o)
    0x0000647c   0x0000647c   0x0000001a   Code   RO         5743    i._ZNSt18__rw_open_cat_dataC1Ev  cpp_ps.l(messages.o)
    0x00006496   0x00006496   0x0000000c   Code   RO         5740    i._ZNSt18__rw_open_cat_dataD1Ev  cpp_ps.l(messages.o)
    0x000064a2   0x000064a2   0x00000012   Code   RO         5746    i._ZNSt18__rw_open_cat_dataaSERKS_  cpp_ps.l(messages.o)
    0x000064b4   0x000064b4   0x0000010a   Code   RO         5273    i._ZNSt5ctypeIcE12_C_initfacetERKSt6locale  cpp_ps.l(char.o)
    0x000065be   0x000065be   0x00000002   PAD
    0x000065c0   0x000065c0   0x00000124   Code   RO         5275    i._ZNSt5ctypeIcEC1EPKNSt10ctype_base4maskEbj  cpp_ps.l(char.o)
    0x000066e4   0x000066e4   0x0000000c   Code   RO         5409    i._ZNSt5ctypeIcED0Ev  cpp_ps.l(char.o)
    0x000066f0   0x000066f0   0x0000002c   Code   RO         5339    i._ZNSt5ctypeIcED1Ev  cpp_ps.l(char.o)
    0x0000671c   0x0000671c   0x0000000c   Code   RO         4989    i._ZNSt6locale5facetD0Ev  cpp_ps.l(rwstdexcept.o)
    0x00006728   0x00006728   0x00000088   Code   RO         5531    i._ZNSt6locale7_C_initEv  cpp_ps.l(locale.o)
    0x000067b0   0x000067b0   0x00000048   Code   RO         5533    i._ZNSt6locale7classicEv  cpp_ps.l(locale.o)
    0x000067f8   0x000067f8   0x00000024   Code   RO         5669    i._ZNSt6localeC1EPN4__rw15__rw_locale_impE  cpp_ps.l(locale.o)
    0x0000681c   0x0000681c   0x0000000c   Code   RO         5749    i._ZNSt6localeC1ERKS_  cpp_ps.l(messages.o)
    0x00006828   0x00006828   0x00000024   Code   RO         4941    i._ZNSt6localeC1Ev  cpp_ps.l(rwstdexcept.o)
    0x0000684c   0x0000684c   0x00000024   Code   RO         5638    i._ZNSt6localeD1Ev  cpp_ps.l(locale.o)
    0x00006870   0x00006870   0x00000034   Code   RO         5541    i._ZNSt6localeaSERKS_  cpp_ps.l(locale.o)
    0x000068a4   0x000068a4   0x0000000c   Code   RO         4963    i._ZNSt8messagesIcED0Ev  cpp_ps.l(rwstdexcept.o)
    0x000068b0   0x000068b0   0x00000010   Code   RO         4932    i._ZNSt8messagesIcED1Ev  cpp_ps.l(rwstdexcept.o)
    0x000068c0   0x000068c0   0x0000000c   Code   RO         5764    i._ZNSt9exceptionC1Ev  cpprt_p.l(exception_ctor.o)
    0x000068cc   0x000068cc   0x00000040   Code   RO         5724    i._ZSt13__rw_get_catsv  cpp_ps.l(messages.o)
    0x0000690c   0x0000690c   0x00000008   Code   RO         5755    i._ZdaPv            cpprt_p.l(array_del.o)
    0x00006914   0x00006914   0x00000008   Code   RO         5001    i._ZdlPv            cpprt_p.l(delete.o)
    0x0000691c   0x0000691c   0x00000008   Code   RO         4661    i._Znaj             cpprt_p.l(array_new.o)
    0x00006924   0x00006924   0x00000028   Code   RO         5004    i._Znwj             cpprt_p.l(new.o)
    0x0000694c   0x0000694c   0x000000a2   Code   RO         6146    i.__ARM_array_new_general  cpprt_p.l(array_new_general.o)
    0x000069ee   0x000069ee   0x00000030   Code   RO         2088    i.__ARM_common_ll_muluu  uecc.o
    0x00006a1e   0x00006a1e   0x0000001a   Code   RO          102    i.__ARM_common_switch8  main.o
    0x00006a38   0x00006a38   0x0000002c   Code   RO         6044    i.__ARM_fpclassify  m_ps.l(fpclassify.o)
    0x00006a64   0x00006a64   0x00000012   Code   RO         6017    i.__aeabi_vec_dtor_cookie  cpprt_p.l(aeabi_vec_dtor_cookie.o)
    0x00006a76   0x00006a76   0x00000014   Code   RO         6014    i.__aeabi_vec_new_cookie  cpprt_p.l(aeabi_vec_new_cookie.o)
    0x00006a8a   0x00006a8a   0x00000012   Code   RO         6002    i.__cxa_guard_acquire  cpprt_p.l(cxa_guard_acquire.o)
    0x00006a9c   0x00006a9c   0x00000018   Code   RO         6111    i.__cxa_vec_new     cpprt_p.l(cxa_vec_new.o)
    0x00006ab4   0x00006ab4   0x00000014   Code   RO         6228    i.__mathlib_dbl_overflow  m_ps.l(dunder.o)
    0x00006ac8   0x00006ac8   0x00000014   Code   RO         6230    i.__mathlib_dbl_underflow  m_ps.l(dunder.o)
    0x00006adc   0x00006adc   0x00000010   Code   RO         6164    i.__mathlib_narrow  m_ps.l(narrow.o)
    0x00006aec   0x00006aec   0x000000c8   Code   RO         6165    i.__mathlib_tofloat  m_ps.l(narrow.o)
    0x00006bb4   0x00006bb4   0x00000010   Code   RO         5542    i.__sti___10_locale_cpp_ff99fc7b  cpp_ps.l(locale.o)
    0x00006bc4   0x00006bc4   0x0000003c   Code   RO         5915    i.__sti___10_rwcats_cpp_64e8068e  cpp_ps.l(rwcats.o)
    0x00006c00   0x00006c00   0x00000010   Code   RO         5277    i.__sti___8_char_cpp_a3dc957a  cpp_ps.l(char.o)
    0x00006c10   0x00006c10   0x000000f4   Code   RO            9    i.__sti___8_main_cpp_30c642f8  main.o
    0x00006d04   0x00006d04   0x00000014   Code   RO         6213    i.__support_ldexp   m_ps.l(ldexp.o)
    0x00006d18   0x00006d18   0x00000050   Code   RO         2147    i.__user_perthread_libspace  clib_arm.o
    0x00006d68   0x00006d68   0x0000000e   Code   RO         4771    i._is_digit         c_p.l(__printf_wp.o)
    0x00006d76   0x00006d76   0x00000018   Code   RO         2148    i._mutex_acquire    clib_arm.o
    0x00006d8e   0x00006d8e   0x00000002   PAD
    0x00006d90   0x00006d90   0x0000002c   Code   RO         2149    i._mutex_free       clib_arm.o
    0x00006dbc   0x00006dbc   0x00000058   Code   RO         2150    i._mutex_initialize  clib_arm.o
    0x00006e14   0x00006e14   0x0000001a   Code   RO         2151    i._mutex_release    clib_arm.o
    0x00006e2e   0x00006e2e   0x00000002   Code   RO         2152    i._platform_post_stackheap_init  clib_arm.o
    0x00006e30   0x00006e30   0x0000001e   Code   RO         5213    i.fputc             c_p.l(fputc.o)
    0x00006e4e   0x00006e4e   0x00000002   PAD
    0x00006e50   0x00006e50   0x00000058   Code   RO         6203    i.frexp             m_ps.l(frexp.o)
    0x00006ea8   0x00006ea8   0x00000070   Code   RO         6214    i.ldexp             m_ps.l(ldexp.o)
    0x00006f18   0x00006f18   0x00000134   Code   RO           10    i.main              main.o
    0x0000704c   0x0000704c   0x00000012   Code   RO         2153    i.os_kernel_is_active  clib_arm.o
    0x0000705e   0x0000705e   0x00000002   PAD
    0x00007060   0x00007060   0x00000074   Code   RO         3835    i.prvAddCurrentTaskToDelayedList  tasks.o
    0x000070d4   0x000070d4   0x00000094   Code   RO         3836    i.prvAddNewTaskToReadyList  tasks.o
    0x00007168   0x00007168   0x00000048   Code   RO         4219    i.prvCheckForValidListAndQueue  timers.o
    0x000071b0   0x000071b0   0x0000003c   Code   RO         3837    i.prvCheckTasksWaitingTermination  tasks.o
    0x000071ec   0x000071ec   0x00000024   Code   RO         3441    i.prvCopyDataFromQueue  queue.o
    0x00007210   0x00007210   0x00000070   Code   RO         3442    i.prvCopyDataToQueue  queue.o
    0x00007280   0x00007280   0x0000002e   Code   RO         3838    i.prvDeleteTCB      tasks.o
    0x000072ae   0x000072ae   0x00000014   Code   RO         3443    i.prvGetDisinheritPriorityAfterTimeout  queue.o
    0x000072c2   0x000072c2   0x00000002   PAD
    0x000072c4   0x000072c4   0x00000024   Code   RO         4220    i.prvGetNextExpireTime  timers.o
    0x000072e8   0x000072e8   0x0000004c   Code   RO         3299    i.prvHeapInit       heap_4.o
    0x00007334   0x00007334   0x00000018   Code   RO         3839    i.prvIdleTask       tasks.o
    0x0000734c   0x0000734c   0x0000001a   Code   RO         3444    i.prvInitialiseMutex  queue.o
    0x00007366   0x00007366   0x00000022   Code   RO         3445    i.prvInitialiseNewQueue  queue.o
    0x00007388   0x00007388   0x0000009c   Code   RO         3840    i.prvInitialiseNewTask  tasks.o
    0x00007424   0x00007424   0x00000054   Code   RO         3841    i.prvInitialiseTaskLists  tasks.o
    0x00007478   0x00007478   0x00000054   Code   RO         3300    i.prvInsertBlockIntoFreeList  heap_4.o
    0x000074cc   0x000074cc   0x00000040   Code   RO         4222    i.prvInsertTimerInActiveList  timers.o
    0x0000750c   0x0000750c   0x0000001c   Code   RO         3446    i.prvIsQueueEmpty   queue.o
    0x00007528   0x00007528   0x0000001e   Code   RO         3447    i.prvIsQueueFull    queue.o
    0x00007546   0x00007546   0x00000002   PAD
    0x00007548   0x00007548   0x00000040   Code   RO         4223    i.prvProcessExpiredTimer  timers.o
    0x00007588   0x00007588   0x000000ec   Code   RO         4224    i.prvProcessReceivedCommands  timers.o
    0x00007674   0x00007674   0x00000064   Code   RO         4225    i.prvProcessTimerOrBlockTask  timers.o
    0x000076d8   0x000076d8   0x00000028   Code   RO         4226    i.prvReloadTimer    timers.o
    0x00007700   0x00007700   0x00000020   Code   RO         3843    i.prvResetNextTaskUnblockTime  tasks.o
    0x00007720   0x00007720   0x0000002c   Code   RO         4227    i.prvSampleTimeNow  timers.o
    0x0000774c   0x0000774c   0x0000002c   Code   RO         4228    i.prvSwitchTimerLists  timers.o
    0x00007778   0x00007778   0x00000014   Code   RO         3364    i.prvTaskExitError  port.o
    0x0000778c   0x0000778c   0x00000014   Code   RO         4229    i.prvTimerTask      timers.o
    0x000077a0   0x000077a0   0x00000070   Code   RO         3448    i.prvUnlockQueue    queue.o
    0x00007810   0x00007810   0x000000cc   Code   RO         3301    i.pvPortMalloc      heap_4.o
    0x000078dc   0x000078dc   0x00000018   Code   RO         3846    i.pvTaskIncrementMutexHeldCount  tasks.o
    0x000078f4   0x000078f4   0x00000020   Code   RO         3365    i.pxPortInitialiseStack  port.o
    0x00007914   0x00007914   0x00000026   Code   RO         3255    i.uxListRemove      list.o
    0x0000793a   0x0000793a   0x00000002   PAD
    0x0000793c   0x0000793c   0x00000014   Code   RO         2552    i.vApplicationGetIdleTaskMemory  cmsis_os2.o
    0x00007950   0x00007950   0x00000014   Code   RO         2553    i.vApplicationGetTimerTaskMemory  cmsis_os2.o
    0x00007964   0x00007964   0x00000004   Code   RO         2554    i.vApplicationStackOverflowHook  cmsis_os2.o
    0x00007968   0x00007968   0x00000016   Code   RO         3256    i.vListInitialise   list.o
    0x0000797e   0x0000797e   0x00000006   Code   RO         3257    i.vListInitialiseItem  list.o
    0x00007984   0x00007984   0x00000030   Code   RO         3258    i.vListInsert       list.o
    0x000079b4   0x000079b4   0x00000018   Code   RO         3259    i.vListInsertEnd    list.o
    0x000079cc   0x000079cc   0x00000018   Code   RO         3367    i.vPortEnterCritical  port.o
    0x000079e4   0x000079e4   0x0000001c   Code   RO         3368    i.vPortExitCritical  port.o
    0x00007a00   0x00007a00   0x00000048   Code   RO         3302    i.vPortFree         heap_4.o
    0x00007a48   0x00007a48   0x00000028   Code   RO         3369    i.vPortSetupTimerInterrupt  port.o
    0x00007a70   0x00007a70   0x00000018   Code   RO         3370    i.vPortYield        port.o
    0x00007a88   0x00007a88   0x00000018   Code   RO         3454    i.vQueueDelete      queue.o
    0x00007aa0   0x00007aa0   0x00000046   Code   RO         3456    i.vQueueWaitForMessageRestricted  queue.o
    0x00007ae6   0x00007ae6   0x00000002   PAD
    0x00007ae8   0x00007ae8   0x00000034   Code   RO         3856    i.vTaskDelay        tasks.o
    0x00007b1c   0x00007b1c   0x00000080   Code   RO         3857    i.vTaskDelete       tasks.o
    0x00007b9c   0x00007b9c   0x00000010   Code   RO         3861    i.vTaskInternalSetTimeOutState  tasks.o
    0x00007bac   0x00007bac   0x0000000c   Code   RO         3862    i.vTaskMissedYield  tasks.o
    0x00007bb8   0x00007bb8   0x00000024   Code   RO         3863    i.vTaskPlaceOnEventList  tasks.o
    0x00007bdc   0x00007bdc   0x00000048   Code   RO         3864    i.vTaskPlaceOnEventListRestricted  tasks.o
    0x00007c24   0x00007c24   0x00000090   Code   RO         3866    i.vTaskPriorityDisinheritAfterTimeout  tasks.o
    0x00007cb4   0x00007cb4   0x00000078   Code   RO         3872    i.vTaskStartScheduler  tasks.o
    0x00007d2c   0x00007d2c   0x00000010   Code   RO         3874    i.vTaskSuspendAll   tasks.o
    0x00007d3c   0x00007d3c   0x00000084   Code   RO         3875    i.vTaskSwitchContext  tasks.o
    0x00007dc0   0x00007dc0   0x00000030   Code   RO         3371    i.xPortStartScheduler  port.o
    0x00007df0   0x00007df0   0x00000024   Code   RO         3372    i.xPortSysTickHandler  port.o
    0x00007e14   0x00007e14   0x00000020   Code   RO         3457    i.xQueueCreateCountingSemaphore  queue.o
    0x00007e34   0x00007e34   0x00000018   Code   RO         3459    i.xQueueCreateMutex  queue.o
    0x00007e4c   0x00007e4c   0x0000001c   Code   RO         3460    i.xQueueCreateMutexStatic  queue.o
    0x00007e68   0x00007e68   0x0000004e   Code   RO         3461    i.xQueueGenericCreate  queue.o
    0x00007eb6   0x00007eb6   0x0000003e   Code   RO         3462    i.xQueueGenericCreateStatic  queue.o
    0x00007ef4   0x00007ef4   0x0000008e   Code   RO         3463    i.xQueueGenericReset  queue.o
    0x00007f82   0x00007f82   0x0000011c   Code   RO         3464    i.xQueueGenericSend  queue.o
    0x0000809e   0x0000809e   0x0000009a   Code   RO         3465    i.xQueueGenericSendFromISR  queue.o
    0x00008138   0x00008138   0x0000007e   Code   RO         3468    i.xQueueGiveFromISR  queue.o
    0x000081b6   0x000081b6   0x00000108   Code   RO         3474    i.xQueueReceive     queue.o
    0x000082be   0x000082be   0x00000084   Code   RO         3475    i.xQueueReceiveFromISR  queue.o
    0x00008342   0x00008342   0x0000013e   Code   RO         3476    i.xQueueSemaphoreTake  queue.o
    0x00008480   0x00008480   0x00000064   Code   RO         3877    i.xTaskCheckForTimeOut  tasks.o
    0x000084e4   0x000084e4   0x00000060   Code   RO         3878    i.xTaskCreate       tasks.o
    0x00008544   0x00008544   0x00000046   Code   RO         3879    i.xTaskCreateStatic  tasks.o
    0x0000858a   0x0000858a   0x00000002   PAD
    0x0000858c   0x0000858c   0x0000000c   Code   RO         3885    i.xTaskGetCurrentTaskHandle  tasks.o
    0x00008598   0x00008598   0x00000020   Code   RO         3886    i.xTaskGetSchedulerState  tasks.o
    0x000085b8   0x000085b8   0x0000000c   Code   RO         3887    i.xTaskGetTickCount  tasks.o
    0x000085c4   0x000085c4   0x00000114   Code   RO         3889    i.xTaskIncrementTick  tasks.o
    0x000086d8   0x000086d8   0x00000084   Code   RO         3890    i.xTaskPriorityDisinherit  tasks.o
    0x0000875c   0x0000875c   0x00000098   Code   RO         3891    i.xTaskPriorityInherit  tasks.o
    0x000087f4   0x000087f4   0x000000cc   Code   RO         3892    i.xTaskRemoveFromEventList  tasks.o
    0x000088c0   0x000088c0   0x00000104   Code   RO         3893    i.xTaskResumeAll    tasks.o
    0x000089c4   0x000089c4   0x00000060   Code   RO         4238    i.xTimerCreateTimerTask  timers.o
    0x00008a24   0x00008a24   0x0000002c   Code   RO         4817    locale$$code        c_p.l(lc_ctype_c.o)
    0x00008a50   0x00008a50   0x0000002c   Code   RO         5876    locale$$code        c_p.l(lc_numeric_c.o)
    0x00008a7c   0x00008a7c   0x00000014   Code   RO         5390    t._ZN4__rw12__string_refIcSt11char_traitsIcESaIcEE10_C_inc_refEv  cpp_ps.l(char.o)
    0x00008a90   0x00008a90   0x00000048   Code   RO         4954    t._ZN4__rw16__rw_facet_makerISt5ctypeIcEE13_C_maker_funcEiPKcj  cpp_ps.l(rwstdexcept.o)
    0x00008ad8   0x00008ad8   0x00000054   Code   RO         5641    t._ZN4__rw18__rw_locale_vectorIPNS_15__rw_facet_baseEE6resizeEjRKS2_  cpp_ps.l(locale.o)
    0x00008b2c   0x00008b2c   0x0000000e   Code   RO         5653    t._ZN4__rw18__rw_locale_vectorIPNS_15__rw_facet_baseEED1Ev  cpp_ps.l(locale.o)
    0x00008b3a   0x00008b3a   0x00000008   Code   RO         5666    t._ZN4__rw18__rw_locale_vectorIPNS_15__rw_facet_baseEEixEj  cpp_ps.l(locale.o)
    0x00008b42   0x00008b42   0x0000000e   Code   RO         5931    t._ZN4__rw18__rw_locale_vectorIPNS_8__rw_catEED1Ev  cpp_ps.l(rwcats.o)
    0x00008b50   0x00008b50   0x00000014   Code   RO         5656    t._ZN4__rw18__rw_locale_vectorISsED1Ev  cpp_ps.l(locale.o)
    0x00008b64   0x00008b64   0x00000008   Code   RO         5663    t._ZN4__rw18__rw_locale_vectorISsEixEj  cpp_ps.l(locale.o)
    0x00008b6c   0x00008b6c   0x00000090   Code   RO         5730    t._ZN4__rw18__rw_locale_vectorISt18__rw_open_cat_dataE6resizeEj  cpp_ps.l(messages.o)
    0x00008bfc   0x00008bfc   0x00000014   Code   RO         5736    t._ZN4__rw18__rw_locale_vectorISt18__rw_open_cat_dataED1Ev  cpp_ps.l(messages.o)
    0x00008c10   0x00008c10   0x0000000a   Code   RO           78    t._ZNKSt6vectorI1SSaIS0_EE4sizeEv  main.o
    0x00008c1a   0x00008c1a   0x00000002   PAD
    0x00008c1c   0x00008c1c   0x0000008c   Code   RO         4926    t._ZNKSt8messagesIcE6do_getEiiiRKSs  cpp_ps.l(rwstdexcept.o)
    0x00008ca8   0x00008ca8   0x0000000a   Code   RO         4951    t._ZNKSt8messagesIcE7do_openERKSsRKSt6locale  cpp_ps.l(rwstdexcept.o)
    0x00008cb2   0x00008cb2   0x00000012   Code   RO           84    t._ZNSaI1SE9constructEPS_RKS_  main.o
    0x00008cc4   0x00008cc4   0x00000032   Code   RO         5610    t._ZNSs11_C_allocateEjjj  cpp_ps.l(locale.o)
    0x00008cf6   0x00008cf6   0x00000018   Code   RO         5650    t._ZNSs7replaceEjjPKcj  cpp_ps.l(locale.o)
    0x00008d0e   0x00008d0e   0x00000002   PAD
    0x00008d10   0x00008d10   0x00000180   Code   RO         5330    t._ZNSs7replaceEjjPKcjjj  cpp_ps.l(char.o)
    0x00008e90   0x00008e90   0x00000080   Code   RO         5318    t._ZNSs9_C_getRepEjj  cpp_ps.l(char.o)
    0x00008f10   0x00008f10   0x00000048   Code   RO         5327    t._ZNSs9_C_unlinkEv  cpp_ps.l(char.o)
    0x00008f58   0x00008f58   0x00000038   Code   RO         5613    t._ZNSsC1EPKcRKSaIcE  cpp_ps.l(locale.o)
    0x00008f90   0x00008f90   0x00000010   Code   RO         5647    t._ZNSsC1ERKSaIcE   cpp_ps.l(locale.o)
    0x00008fa0   0x00008fa0   0x0000003c   Code   RO         5321    t._ZNSsC1ERKSs      cpp_ps.l(char.o)
    0x00008fdc   0x00008fdc   0x0000000c   Code   RO         5399    t._ZNSsD1Ev         cpp_ps.l(char.o)
    0x00008fe8   0x00008fe8   0x00000050   Code   RO         5619    t._ZNSsaSEPKc       cpp_ps.l(locale.o)
    0x00009038   0x00009038   0x0000003c   Code   RO         5616    t._ZNSsaSERKSs      cpp_ps.l(locale.o)
    0x00009074   0x00009074   0x000000da   Code   RO           72    t._ZNSt6vectorI1SSaIS0_EE13_C_insert_auxEPS0_RKS0_  main.o
    0x0000914e   0x0000914e   0x00000024   Code   RO           96    t._ZNSt6vectorI1SSaIS0_EED1Ev  main.o
    0x00009172   0x00009172   0x00000022   Code   RO           90    t._ZSt18uninitialized_copyIP1SS1_SaIS0_EET0_T_S4_S3_RT1_  main.o
    0x00009194   0x00009194   0x0000000c   Code   RO         5393    t._ZSt3maxIjERKT_S2_S2_  cpp_ps.l(char.o)
    0x000091a0   0x000091a0   0x00000064   Code   RO         6117    x$fpl$deqf          fz_ps.l(deqf.o)
    0x00009204   0x00009204   0x00000068   Code   RO         6200    x$fpl$drleqf        fz_ps.l(drlef.o)
    0x0000926c   0x0000926c   0x00000010   Code   RO         5142    x$fpl$printf1       fz_ps.l(printf1.o)
    0x0000927c   0x0000927c   0x00000010   Code   RO         6035    x$fpl$printf2       fz_ps.l(printf2.o)
    0x0000928c   0x0000928c   0x00000010   Code   RO         6041    x$fpl$scanf1        fz_ps.l(scanf1.o)
    0x0000929c   0x0000929c   0x00000020   Code   RO         6158    x$fpl$scanf2        fz_ps.l(scanf2.o)
    0x000092bc   0x000092bc   0x00000000   Code   RO         6043    x$fpl$usenofp       fz_ps.l(usenofp.o)
    0x000092bc   0x000092bc   0x00000008   Data   RO         4730    .constdata          c_p.l(_printf_wctomb.o)
    0x000092c4   0x000092c4   0x00000028   Data   RO         4759    .constdata          c_p.l(_printf_hex_int_ll_ptr.o)
    0x000092ec   0x000092ec   0x00000011   Data   RO         4779    .constdata          c_p.l(__printf_flags_ss_wp.o)
    0x000092fd   0x000092fd   0x00000003   PAD
    0x00009300   0x00009300   0x0000005c   Data   RO         4901    .constdata          cpp_ps.l(rwstdexcept.o)
    0x0000935c   0x0000935c   0x00000200   Data   RO         5297    .constdata          cpp_ps.l(char.o)
    0x0000955c   0x0000955c   0x00000004   Data   RO         5812    .constdata          c_p.l(sys_io.o)
    0x00009560   0x00009560   0x00000004   Data   RO         5813    .constdata          c_p.l(sys_io.o)
    0x00009564   0x00009564   0x00000004   Data   RO         5814    .constdata          c_p.l(sys_io.o)
    0x00009568   0x00009568   0x00000094   Data   RO         5846    .constdata          c_p.l(bigflt0.o)
    0x000095fc   0x000095fc   0x00000026   Data   RO         6069    .constdata          c_p.l(_printf_fp_hex.o)
    0x00009622   0x00009622   0x00000002   PAD
    0x00009624   0x00009624   0x00000014   Data   RO         4977    .constdata__ZTVNSt6locale5facetE  cpp_ps.l(rwstdexcept.o)
    0x00009638   0x00009638   0x00000034   Data   RO         5477    .constdata__ZTVSt12ctype_bynameIcE  cpp_ps.l(char.o)
    0x0000966c   0x0000966c   0x00000014   Data   RO         4979    .constdata__ZTVSt14__rw_exception  cpp_ps.l(rwstdexcept.o)
    0x00009680   0x00009680   0x00000034   Data   RO         5308    .constdata__ZTVSt5ctypeIcE  cpp_ps.l(char.o)
    0x000096b4   0x000096b4   0x00000020   Data   RO         4914    .constdata__ZTVSt8messagesIcE  cpp_ps.l(rwstdexcept.o)
    0x000096d4   0x000096d4   0x00000014   Data   RO         5774    .constdata__ZTVSt9exception  cpprt_p.l(exception_dtor.o)
    0x000096e8   0x000096e8   0x00000001   Data   RO         5607    .constdata__ZZNK4__rw15__rw_locale_imp16_C_category_nameEiEs  cpp_ps.l(locale.o)
    0x000096e9   0x000096e9   0x00000001   Data   RO         5316    .constdata__ZZNSs7replaceEjjPKcjjjEs  cpp_ps.l(char.o)
    0x000096ea   0x000096ea   0x00000001   Data   RO         5317    .constdata__ZZNSs9_C_getRepEjjEs  cpp_ps.l(char.o)
    0x000096eb   0x000096eb   0x00000002   Data   RO         4915    .constdata__ZZNSt8messagesIcEC1EjEs  cpp_ps.l(rwstdexcept.o)
    0x000096ed   0x000096ed   0x00000003   PAD
    0x000096f0   0x000096f0   0x000000d7   Data   RO          925    .conststring        sendingdata.o
    0x000097c7   0x000097c7   0x00000001   PAD
    0x000097c8   0x000097c8   0x00000272   Data   RO         4902    .conststring        cpp_ps.l(rwstdexcept.o)
    0x00009a3a   0x00009a3a   0x00000002   PAD
    0x00009a3c   0x00009a3c   0x00000020   Data   RO         6246    Region$$Table       anon$$obj.o
    0x00009a5c   0x00009a5c   0x00000008   Data   RO         6154    c$$dinf             fz_ps.l(fpconst.o)
    0x00009a64   0x00009a64   0x00000008   Data   RO         6157    c$$dmax             fz_ps.l(fpconst.o)
    0x00009a6c   0x00009a6c   0x00000110   Data   RO         4816    locale$$data        c_p.l(lc_ctype_c.o)
    0x00009b7c   0x00009b7c   0x0000001c   Data   RO         5875    locale$$data        c_p.l(lc_numeric_c.o)
    0x00009b98   0x00009b98   0x00000010   Data   RO         6140    locale$$data        c_p.l(null_locale.o)
    0x00009ba8   0x00009ba8   0x00000004   Data   RO           23    .init_array         main.o
    0x00009bac   0x00009ba8   0x00000000   Data   RO         4504    .init_array         c_p.l(init_aeabi.o)
    0x00009bac   0x00009ba8   0x00000004   Data   RO         5299    .init_array         cpp_ps.l(char.o)
    0x00009bb0   0x00009ba8   0x00000004   Data   RO         5590    .init_array         cpp_ps.l(locale.o)
    0x00009bb4   0x00009ba8   0x00000004   Data   RO         5925    .init_array         cpp_ps.l(rwcats.o)


    Execution Region RW_IRAM1 (Exec base: 0x20000000, Load base: 0x00009bb8, Size: 0x00006138, Max: 0x00008000, ABSOLUTE, COMPRESSED[0x00000244])

    Exec Addr    Load Addr    Size         Type   Attr      Idx    E Section Name        Object

    0x20000000   COMPRESSED   0x00000250   Data   RW           20    .data               main.o
    0x20000250   COMPRESSED   0x00000001   Data   RW           21    .data               main.o
    0x20000251   COMPRESSED   0x00000001   Data   RW           22    .data               main.o
    0x20000252   COMPRESSED   0x00000200   Data   RW         1372    .data               api.o
    0x20000452   COMPRESSED   0x00000002   PAD
    0x20000454   COMPRESSED   0x00000004   Data   RW         3079    .data               system_saml21g18b.o
    0x20000458   COMPRESSED   0x00000020   Data   RW         3308    .data               heap_4.o
    0x20000478   COMPRESSED   0x00000004   Data   RW         3373    .data               port.o
    0x2000047c   COMPRESSED   0x00000040   Data   RW         3896    .data               tasks.o
    0x200004bc   COMPRESSED   0x00000014   Data   RW         4247    .data               timers.o
    0x200004d0   COMPRESSED   0x00000004   Data   RW         4813    .data               c_p.l(stdio_streams.o)
    0x200004d4   COMPRESSED   0x00000004   Data   RW         4814    .data               c_p.l(stdio_streams.o)
    0x200004d8   COMPRESSED   0x00000004   Data   RW         4815    .data               c_p.l(stdio_streams.o)
    0x200004dc   COMPRESSED   0x00000017   Data   RW         4903    .data               cpp_ps.l(rwstdexcept.o)
    0x200004f3   COMPRESSED   0x00000001   PAD
    0x200004f4   COMPRESSED   0x00000008   Data   RW         5298    .data               cpp_ps.l(char.o)
    0x200004fc   COMPRESSED   0x0000001c   Data   RW         5589    .data               cpp_ps.l(locale.o)
    0x20000518   COMPRESSED   0x00000004   Data   RW         5754    .data               cpp_ps.l(rwthrowproc_noex.o)
    0x2000051c   COMPRESSED   0x00000004   Data   RW         5854    .data               c_p.l(streamlock.o)
    0x20000520   COMPRESSED   0x00000008   Data   RW         5924    .data               cpp_ps.l(rwcats.o)
    0x20000528   COMPRESSED   0x00000004   Data   RW         5696    .data__ZZNKSt6locale2id7_C_initEvE9_C_id_gen  cpp_ps.l(locale.o)
    0x2000052c   COMPRESSED   0x0000000c   Data   RW         5752    .data__ZZSt13__rw_get_catsvE11__open_cats  cpp_ps.l(messages.o)
    0x20000538        -       0x00000330   Zero   RW           19    .bss                main.o
    0x20000868        -       0x00000394   Zero   RW         2154    .bss                clib_arm.o
    0x20000bfc        -       0x000003f8   Zero   RW         2555    .bss                cmsis_os2.o
    0x20000ff4        -       0x00004000   Zero   RW         3307    .bss                heap_4.o
    0x20004ff4        -       0x000004c4   Zero   RW         3895    .bss                tasks.o
    0x200054b8        -       0x000000c8   Zero   RW         4246    .bss                timers.o
    0x20005580        -       0x00000054   Zero   RW         4810    .bss                c_p.l(stdio_streams.o)
    0x200055d4        -       0x00000054   Zero   RW         4811    .bss                c_p.l(stdio_streams.o)
    0x20005628        -       0x00000054   Zero   RW         4812    .bss                c_p.l(stdio_streams.o)
    0x2000567c   COMPRESSED   0x00000004   PAD
    0x20005680        -       0x00000018   Zero   RW         4900    .bss                cpp_ps.l(rwstdexcept.o)
    0x20005698        -       0x00000060   Zero   RW         5153    .bss                c_p.l(libspace.o)
    0x200056f8        -       0x0000002a   Zero   RW         5864    .bss                c_p.l(locale.o)
    0x20005722   COMPRESSED   0x00000002   PAD
    0x20005724        -       0x00000010   Zero   RW         5998    .bss__ZNSs9__nullrefE  cpp_ps.l(vendor.o)
    0x20005734   COMPRESSED   0x00000004   PAD
    0x20005738        -       0x00000500   Zero   RW         3069    HEAP                startup_saml21g18b.o
    0x20005c38        -       0x00000500   Zero   RW         3068    STACK               startup_saml21g18b.o


==============================================================================

Image component sizes


      Code (inc. data)   RO Data    RW Data    ZI Data      Debug   Object Name

      1280         78          0        512          0      10160   api.o
       772         78          0          0          0       7210   bluetooth.o
         0          0          0          0          0       5032   byte_order.o
       282         20          0          0        916      34056   clib_arm.o
        68         12          0          0       1016      18595   cmsis_os2.o
         0          0          0          0          0      10468   event_groups.o
       536        108          0          0          0       4880   gsm_usart.o
       436         26          0         32      16384       4395   heap_4.o
       138          0          0          0          0       3474   list.o
      2274        254          4        594        816     156306   main.o
         0          0          0          0          0        392   mainrlp.o
       374         54          0          4          0       7451   port.o
      2136          0          0          0          0      23153   queue.o
         0          0          0          0          0       1472   rlp.o
         2          0          0          0          0     116656   rtc.o
       624        258        215          0          0       2766   sendingdata.o
       464         62          0          0          0       4079   sercom.o
        56         26        176          0       2560        656   startup_saml21g18b.o
        16          8          0          4          0        703   system_saml21g18b.o
       452         84          0          0          0       7866   system_setup.o
      2764        202          0         64       1220      32675   tasks.o
       816         70          0         20        200      11828   timers.o
        48          0          0          0          0         76   uecc.o

    ----------------------------------------------------------------------
     13562       1340        428       1232      23112     464349   Object Totals
         0          0         32          0          0          0   (incl. Generated)
        24          0          1          2          0          0   (incl. Padding)

    ----------------------------------------------------------------------

      Code (inc. data)   RO Data    RW Data    ZI Data      Debug   Library Member Name

        64         10          0          0          0         84   __0sscanf.o
        96          0          0          0          0          0   __dclz77c.o
         8          0          0          0          0         68   __main.o
       392          6         17          0          0         76   __printf_flags_ss_wp.o
        14          0          0          0          0         60   __printf_wp.o
         0          0          0          0          0          0   __rtentry.o
        20          0          0          0          0          0   __rtentry2.o
         6          0          0          0          0          0   __rtentry4.o
        60          8          0          0          0          0   __scatter.o
        28          0          0          0          0          0   __scatter_zi.o
        30          0          0          0          0         60   _chval.o
        60          0          0          0          0         72   _mbrtowc.o
        10          0          0          0          0          0   _printf_a.o
        10          0          0          0          0          0   _printf_c.o
        46          0          0          0          0        100   _printf_char.o
        48          6          0          0          0         88   _printf_char_common.o
        60          6          0          0          0         76   _printf_char_file_locked.o
        38          0          0          0          0         60   _printf_charcount.o
        10          0          0          0          0          0   _printf_d.o
       108         18          0          0          0         76   _printf_dec.o
        10          0          0          0          0          0   _printf_e.o
        10          0          0          0          0          0   _printf_f.o
      1048         14          0          0          0        176   _printf_fp_dec.o
       728         10         38          0          0         84   _printf_fp_hex.o
       136         16          0          0          0         76   _printf_fp_infnan.o
        10          0          0          0          0          0   _printf_g.o
       152          4         40          0          0        148   _printf_hex_int_ll_ptr.o
        10          0          0          0          0          0   _printf_i.o
       176          0          0          0          0         84   _printf_intcommon.o
        10          0          0          0          0          0   _printf_l.o
        10          0          0          0          0          0   _printf_lc.o
        10          0          0          0          0          0   _printf_ll.o
        10          0          0          0          0          0   _printf_lld.o
        10          0          0          0          0          0   _printf_lli.o
        10          0          0          0          0          0   _printf_llo.o
        10          0          0          0          0          0   _printf_llu.o
        10          0          0          0          0          0   _printf_llx.o
       112         18          0          0          0         76   _printf_longlong_dec.o
        10          0          0          0          0          0   _printf_ls.o
        10          0          0          0          0          0   _printf_n.o
        10          0          0          0          0          0   _printf_o.o
       112         10          0          0          0        112   _printf_oct_int_ll.o
        10          0          0          0          0          0   _printf_p.o
        78          0          0          0          0        100   _printf_pad.o
         2          0          0          0          0          0   _printf_percent.o
         4          0          0          0          0          0   _printf_percent_end.o
        10          0          0          0          0          0   _printf_s.o
        82          0          0          0          0         72   _printf_str.o
        36          0          0          0          0         76   _printf_truncate.o
        10          0          0          0          0          0   _printf_u.o
        46          0          0          0          0        100   _printf_wchar.o
       188          6          8          0          0         80   _printf_wctomb.o
        10          0          0          0          0          0   _printf_x.o
        22          0          0          0          0         92   _rserrno.o
       896         16          0          0          0         84   _scanf.o
       330          0          0          0          0         84   _scanf_int.o
       330          0          0          0          0         84   _scanf_longlong.o
       286          0          0          0          0         84   _scanf_mbtowc.o
       232          0          0          0          0         84   _scanf_str.o
        32          0          0          0          0         68   _scanf_wcharmap.o
       230          0          0          0          0         84   _scanf_wctomb.o
       208          0          0          0          0         84   _scanf_wstr.o
        68          0          0          0          0         76   _sgetc.o
        16          0          0          0          0         60   _snputc.o
        10          0          0          0          0         60   _sputc.o
        64          0          0          0          0         72   _wcrtomb.o
        20          0          0          0          0         68   abort.o
        42          0          0          0          0         76   aeabi_atexit.o
        18          0          0          0          0         68   aeabi_memset.o
       346          0          0          0          0         92   aeabi_sdiv.o
       216          6        148          0          0         80   bigflt0.o
      1408         30          0          0          0        260   btod.o
        36          4          0          0          0         68   c89vsprintf.o
        66          0          0          0          0         76   cxa_finalize.o
        48         34          0          0          0         68   defsig_abrt_inner.o
        12          0          0          0          0         68   defsig_abrt_outer.o
        12          0          0          0          0         68   defsig_exit.o
        52          0          0          0          0         72   defsig_general.o
        80         58          0          0          0         68   defsig_rtmem_inner.o
        12          0          0          0          0         68   defsig_rtmem_outer.o
        52         38          0          0          0         68   defsig_rtred_inner.o
        12          0          0          0          0         68   defsig_rtred_outer.o
        16          0          0          0          0         68   exit.o
        76          4          0          0          0         76   fclose.o
       496         10          0          0          0         76   flsbuf.o
       320         12          0          0          0        148   fopen_locked.o
        22          0          0          0          0         84   fprintf.o
        30          0          0          0          0         68   fputc.o
       244          4          0          0          0         76   fseek.o
        66          0          0          0          0         68   ftell.o
       154          0          0          0          0        116   h1_alloc_mt.o
        54          0          0          0          0         72   h1_extend_mt.o
        10          0          0          0          0         68   h1_final_mt.o
       116          0          0          0          0        100   h1_free_mt.o
        22          0          0          0          0         84   h1_init_mt.o
         6          0          0          0          0        136   heapauxi.o
         4          0          0          0          0        120   hguard.o
         0          0          0          0          0          0   indicate_semi.o
        36         10          0          0          0         72   init_aeabi.o
       136          0          0          0          0        160   init_alloc.o
       460         50          0          0          0        100   initio_locked.o
        18          0          0          0          0         68   isspace.o
        44         10        272          0          0         76   lc_ctype_c.o
        44         10         28          0          0         76   lc_numeric_c.o
         2          0          0          0          0          0   libinit.o
        46          0          0          0          0          0   libinit2.o
         2          0          0          0          0          0   libshutdown.o
        16          0          0          0          0          0   libshutdown2.o
         8          4          0          0         96         68   libspace.o
        48          0          0          0          0         72   llmul.o
        32          0          0          0          0         68   llshl.o
       122          0          0          0          0         72   lludiv10.o
        20          6          0          0         42         68   locale.o
       452         10          0          0          0        160   locale_r.o
         0          0          0          0          0          0   maybetermalloc2.o
        12          0          0          0          0         68   memcpy.o
         0          0         16          0          0          0   null_locale.o
        16          4          0          0          0         76   rt_ctype_table.o
        10          0          0          0          0         76   rt_ddtor_pointer_addr_twolibspace.o
        10          0          0          0          0         76   rt_eh_globals_addr_twolibspace.o
         8          0          0          0          0         76   rt_errno_addr_twolibspace.o
        10          0          0          0          0         76   rt_heap_descriptor_twolibspace.o
        10          0          0          0          0         76   rt_locale_twolibspace.o
        64          0          0          0          0        108   rt_memclr.o
       186          0          0          0          0        144   rt_memcpy.o
       150          0          0          0          0        104   rt_memmove.o
        10          0          0          0          0         76   rt_new_handler_addr_twolibspace.o
         2          0          0          0          0          0   rtexit.o
        10          0          0          0          0          0   rtexit2.o
        40          0          0          0          0         60   rtudiv10.o
        48          8          0          0          0         84   scanf_char.o
      1312         24          0          0          0        124   scanf_fp.o
       820         14          0          0          0         84   scanf_hexfp.o
       316         16          0          0          0         84   scanf_infnan.o
       108          4          0          0          0         80   setvbuf_locked.o
        64         10          0          0          0         84   sscanf.o
       240          8          0          0          0        144   stdio.o
         0          0          0         12        252          0   stdio_streams.o
        24          0          0          0          0         60   strcat.o
       136          4          0          0          0         72   strcmp.o
        76          6          0          0          0         72   strcpy.o
         0          0          0          4          0          0   streamlock.o
        68          6          0          0          0         72   strlen.o
        22          0          0          0          0         60   strrchr.o
        40          0          0          0          0         72   strstr.o
        12          4          0          0          0         60   sys_exit.o
       102          0         12          0          0        232   sys_io.o
        62          0          0          0          0         80   sys_stackheap_outer.o
        12          0          0          0          0         68   sys_wrch.o
        14          0          0          0          0         68   term_alloc.o
         2          0          0          0          0         68   use_no_semi.o
        56          6          0          0          0         72   vsnprintf.o
      1896         74        622          8          0       1384   char.o
      1558         92          5         32          0       1700   locale.o
       490         36          0         12          0        700   messages.o
        42          0          0          0          0        136   rwalloc.o
       192         22          4          8          0        352   rwcats.o
      1008         74        792         23         24       1100   rwstdexcept.o
       152         92          0          0          0         64   rwthrowproc_impl_noex.o
         0          0          0          4          0          0   rwthrowproc_noex.o
         0          0          0          0         16          0   vendor.o
        24          0          0          0          0         76   ARM_vec_cleanup_noexceptions.o
        12          0          0          0          0         68   aeabi_vec_delete_noexceptions.o
        18          0          0          0          0         68   aeabi_vec_dtor_cookie.o
        34          0          0          0          0         76   aeabi_vec_dtor_noexceptions.o
        20          0          0          0          0         72   aeabi_vec_new_cookie.o
        84         12          0          0          0         96   arm_exceptions_globs.o
        66          0          0          0          0        100   arm_exceptions_mem.o
        28          0          0          0          0         68   arm_exceptions_terminate.o
         8          0          0          0          0         68   arm_newhandler_noexceptions.o
         2          0          0          0          0         60   arm_rethrow_noexceptions.o
         8          0          0          0          0         68   array_del.o
         8          0          0          0          0         68   array_new.o
       162          0          0          0          0         84   array_new_general.o
        18          0          0          0          0         60   cxa_guard_acquire.o
        24          6          0          0          0         76   cxa_vec_new.o
         8          0          0          0          0         68   delete.o
        12          6          0          0          0         60   exception_ctor.o
         0          0         20          0          0          0   exception_dtor.o
        40          4          0          0          0         68   new.o
        46          0          0          0          0         60   cmpret.o
       124          4          0          0          0         72   d2f.o
       144          4          0          0          0         76   dcmpin.o
       100          4          0          0          0         92   deqf.o
        20          6          0          0          0         68   dnan2.o
       104          4          0          0          0        104   drlef.o
        96         12          0          0          0         72   dscalbn.o
         0          0         16          0          0          0   fpconst.o
        16          4          0          0          0         76   printf1.o
        16          4          0          0          0         76   printf2.o
        94          0          0          0          0         68   retnan.o
        16          4          0          0          0         76   scanf1.o
        32          8          0          0          0        100   scanf2.o
         0          0          0          0          0          0   usenofp.o
        40         10          0          0          0        136   dunder.o
        44          4          0          0          0         60   fpclassify.o
        88         16          0          0          0         72   frexp.o
       132          0          0          0          0        140   ldexp.o
       216         10          0          0          0        144   narrow.o

    ----------------------------------------------------------------------
     23826       1074       2048        104        440      17764   Library Totals
        36          0         10          1         10          0   (incl. Padding)

    ----------------------------------------------------------------------

      Code (inc. data)   RO Data    RW Data    ZI Data      Debug   Library Name

     16548        562        579         16        390       9532   c_p.l
      5338        390       1423         87         40       5436   cpp_ps.l
       576         28         20          0          0       1304   cpprt_p.l
       808         54         16          0          0        940   fz_ps.l
       520         40          0          0          0        552   m_ps.l

    ----------------------------------------------------------------------
     23826       1074       2048        104        440      17764   Library Totals

    ----------------------------------------------------------------------

==============================================================================


      Code (inc. data)   RO Data    RW Data    ZI Data      Debug   

     37388       2414       2476       1336      23552     466129   Grand Totals
     37388       2414       2476        580      23552     466129   ELF Image Totals (compressed)
     37388       2414       2476        580          0          0   ROM Totals

==============================================================================

    Total RO  Size (Code + RO Data)                39864 (  38.93kB)
    Total RW  Size (RW Data + ZI Data)             24888 (  24.30kB)
    Total ROM Size (Code + RO Data + RW Data)      40444 (  39.50kB)

==============================================================================

