Component: ARM Compiler 5.06 update 6 (build 750) Tool: armlink [4d35ed]

==============================================================================

Section Cross References

    main.o(i.SERCOM0_Handler) refers to queue.o(i.xQueueGenericSendFromISR) for xQueueGenericSendFromISR
    main.o(i.SERCOM0_Handler) refers to main.o(.data) for .data
    main.o(i.SERCOM1_Handler) refers to main.o(i._Z12verifyPackettPht) for verifyPacket(unsigned short, unsigned char*, unsigned short)
    main.o(i.SERCOM1_Handler) refers to queue.o(i.xQueueGiveFromISR) for xQueueGiveFromISR
    main.o(i.SERCOM1_Handler) refers to queue.o(i.xQueueReceiveFromISR) for xQueueReceiveFromISR
    main.o(i.SERCOM1_Handler) refers to main.o(.data) for .data
    main.o(i.SERCOM1_Handler) refers to main.o(.bss) for .bss
    main.o(i.SERCOM2_Handler) refers to strstr.o(.text) for strstr
    main.o(i.SERCOM2_Handler) refers to queue.o(i.xQueueReceiveFromISR) for xQueueReceiveFromISR
    main.o(i.SERCOM2_Handler) refers to queue.o(i.xQueueGiveFromISR) for xQueueGiveFromISR
    main.o(i.SERCOM2_Handler) refers to gsm_usart.o(i._Z11clearBufferPc) for clearBuffer(char*)
    main.o(i.SERCOM2_Handler) refers to main.o(.bss) for .bss
    main.o(i.SERCOM2_Handler) refers to main.o(.data) for .data
    main.o(i._Z10setupParsePv) refers to tasks.o(i.vTaskDelay) for vTaskDelay
    main.o(i._Z10setupParsePv) refers to api.o(i._ZN13Smartmesh_API8mgr_initEv) for Smartmesh_API::mgr_init()
    main.o(i._Z10setupParsePv) refers to queue.o(i.xQueueSemaphoreTake) for xQueueSemaphoreTake
    main.o(i._Z10setupParsePv) refers to tasks.o(i.xTaskCreate) for xTaskCreate
    main.o(i._Z10setupParsePv) refers to main.o(.bss) for .bss
    main.o(i._Z10setupParsePv) refers to main.o(.data) for .data
    main.o(i._Z10setupParsePv) refers to main.o(i._Z18parseSmartmeshDataPv) for parseSmartmeshData(void*)
    main.o(i._Z12verifyPackettPht) refers to main.o(.data) for .data
    main.o(i._Z18parseSmartmeshDataPv) refers to queue.o(i.xQueueSemaphoreTake) for xQueueSemaphoreTake
    main.o(i._Z18parseSmartmeshDataPv) refers to queue.o(i.xQueueGenericSend) for xQueueGenericSend
    main.o(i._Z18parseSmartmeshDataPv) refers to main.o(i.__ARM_common_switch8) for __ARM_common_switch8
    main.o(i._Z18parseSmartmeshDataPv) refers to api.o(i._ZN13Smartmesh_API9subscribeEjj) for Smartmesh_API::subscribe(unsigned, unsigned)
    main.o(i._Z18parseSmartmeshDataPv) refers to api.o(i._ZN13Smartmesh_API8mgr_initEv) for Smartmesh_API::mgr_init()
    main.o(i._Z18parseSmartmeshDataPv) refers to api.o(i._ZN13Smartmesh_API21parseDataNotificationEP10data_notifPh) for Smartmesh_API::parseDataNotification(data_notif*, unsigned char*)
    main.o(i._Z18parseSmartmeshDataPv) refers to aeabi_sdiv.o(.text) for __aeabi_idivmod
    main.o(i._Z18parseSmartmeshDataPv) refers to sendingdata.o(i._Z16send_to_firebasePhS_i) for send_to_firebase(unsigned char*, unsigned char*, int)
    main.o(i._Z18parseSmartmeshDataPv) refers to sercom.o(i._ZN4UART7_printfEPKcz) for UART::_printf(const char*, ...)
    main.o(i._Z18parseSmartmeshDataPv) refers to sercom.o(i._ZN4UART10send_arrayEPhh) for UART::send_array(unsigned char*, unsigned char)
    main.o(i._Z18parseSmartmeshDataPv) refers to tasks.o(i.vTaskDelete) for vTaskDelete
    main.o(i._Z18parseSmartmeshDataPv) refers to tasks.o(i.vTaskDelay) for vTaskDelay
    main.o(i._Z18parseSmartmeshDataPv) refers to api.o(i._ZN13Smartmesh_API12resetManagerEv) for Smartmesh_API::resetManager()
    main.o(i._Z18parseSmartmeshDataPv) refers to main.o(.data) for .data
    main.o(i._Z18parseSmartmeshDataPv) refers to main.o(.bss) for .bss
    main.o(i.__sti___8_main_cpp_30c642f8) refers to sercom.o(i._ZN4UARTC1EP18sercom_registers_ti) for UART::UART(sercom_registers_t*, int)
    main.o(i.__sti___8_main_cpp_30c642f8) refers to api.o(i._ZN13Smartmesh_APIC1EP4UART) for Smartmesh_API::Smartmesh_API(UART*)
    main.o(i.__sti___8_main_cpp_30c642f8) refers to queue.o(i.xQueueGenericCreate) for xQueueGenericCreate
    main.o(i.__sti___8_main_cpp_30c642f8) refers to queue.o(i.xQueueCreateCountingSemaphore) for xQueueCreateCountingSemaphore
    main.o(i.__sti___8_main_cpp_30c642f8) refers to main.o(.data) for .data
    main.o(i.__sti___8_main_cpp_30c642f8) refers to main.o(.bss) for .bss
    main.o(i.main) refers to system_setup.o(i._Z12setup_systemv) for setup_system()
    main.o(i.main) refers to sercom.o(i._ZN4UARTC1EP18sercom_registers_ti) for UART::UART(sercom_registers_t*, int)
    main.o(i.main) refers to rt_memcpy.o(.emb_text) for __aeabi_memcpy4
    main.o(i.main) refers to api.o(i._ZN13Smartmesh_APIC1EP4UART) for Smartmesh_API::Smartmesh_API(UART*)
    main.o(i.main) refers to queue.o(i.xQueueGenericSend) for xQueueGenericSend
    main.o(i.main) refers to tasks.o(i.xTaskCreate) for xTaskCreate
    main.o(i.main) refers to tasks.o(i.vTaskStartScheduler) for vTaskStartScheduler
    main.o(i.main) refers to main.o(.data) for .data
[...]
    __rt_lib_init                            0x000001f3   Thumb Code     0  libinit.o(.ARM.Collect$$libinit$$00000000)
    __rt_lib_init_fp_1                       0x000001f5   Thumb Code     0  libinit2.o(.ARM.Collect$$libinit$$00000002)
    __rt_lib_init_heap_2                     0x000001f5   Thumb Code     0  libinit2.o(.ARM.Collect$$libinit$$00000005)
    __rt_lib_init_preinit_1                  0x000001f5   Thumb Code     0  libinit2.o(.ARM.Collect$$libinit$$00000004)
    __rt_lib_init_heap_1                     0x000001fd   Thumb Code     0  libinit2.o(.ARM.Collect$$libinit$$0000000A)
    __rt_lib_init_lc_common                  0x000001fd   Thumb Code     0  libinit2.o(.ARM.Collect$$libinit$$0000000F)
    __rt_lib_init_rand_1                     0x000001fd   Thumb Code     0  libinit2.o(.ARM.Collect$$libinit$$0000000E)
    __rt_lib_init_user_alloc_1               0x000001fd   Thumb Code     0  libinit2.o(.ARM.Collect$$libinit$$0000000C)
    __rt_lib_init_lc_collate_1               0x00000203   Thumb Code     0  libinit2.o(.ARM.Collect$$libinit$$00000011)
    __rt_lib_init_lc_ctype_2                 0x00000203   Thumb Code     0  libinit2.o(.ARM.Collect$$libinit$$00000012)
    __rt_lib_init_lc_ctype_1                 0x0000020f   Thumb Code     0  libinit2.o(.ARM.Collect$$libinit$$00000013)
    __rt_lib_init_lc_monetary_1              0x0000020f   Thumb Code     0  libinit2.o(.ARM.Collect$$libinit$$00000015)
    __rt_lib_init_lc_numeric_2               0x0000020f   Thumb Code     0  libinit2.o(.ARM.Collect$$libinit$$00000016)
    __rt_lib_init_alloca_1                   0x00000219   Thumb Code     0  libinit2.o(.ARM.Collect$$libinit$$0000002E)
    __rt_lib_init_argv_1                     0x00000219   Thumb Code     0  libinit2.o(.ARM.Collect$$libinit$$0000002C)
    __rt_lib_init_atexit_1                   0x00000219   Thumb Code     0  libinit2.o(.ARM.Collect$$libinit$$0000001B)
    __rt_lib_init_clock_1                    0x00000219   Thumb Code     0  libinit2.o(.ARM.Collect$$libinit$$00000021)
    __rt_lib_init_cpp_2                      0x00000219   Thumb Code     0  libinit2.o(.ARM.Collect$$libinit$$00000031)
    __rt_lib_init_exceptions_1               0x00000219   Thumb Code     0  libinit2.o(.ARM.Collect$$libinit$$00000030)
    __rt_lib_init_fp_trap_1                  0x00000219   Thumb Code     0  libinit2.o(.ARM.Collect$$libinit$$0000001F)
    __rt_lib_init_getenv_1                   0x00000219   Thumb Code     0  libinit2.o(.ARM.Collect$$libinit$$00000023)
    __rt_lib_init_lc_numeric_1               0x00000219   Thumb Code     0  libinit2.o(.ARM.Collect$$libinit$$00000017)
    __rt_lib_init_lc_time_1                  0x00000219   Thumb Code     0  libinit2.o(.ARM.Collect$$libinit$$00000019)
    __rt_lib_init_signal_1                   0x00000219   Thumb Code     0  libinit2.o(.ARM.Collect$$libinit$$0000001D)
    __rt_lib_init_stdio_1                    0x00000219   Thumb Code     0  libinit2.o(.ARM.Collect$$libinit$$00000025)
    __rt_lib_init_cpp_1                      0x0000021d   Thumb Code     0  libinit2.o(.ARM.Collect$$libinit$$00000032)
    __rt_lib_init_return                     0x0000021d   Thumb Code     0  libinit2.o(.ARM.Collect$$libinit$$00000033)
    __rt_lib_shutdown                        0x0000021f   Thumb Code     0  libshutdown.o(.ARM.Collect$$libshutdown$$00000000)
    __rt_lib_shutdown_cpp_1                  0x00000221   Thumb Code     0  libshutdown2.o(.ARM.Collect$$libshutdown$$00000002)
    __rt_lib_shutdown_fp_trap_1              0x00000221   Thumb Code     0  libshutdown2.o(.ARM.Collect$$libshutdown$$00000007)
    __rt_lib_shutdown_heap_2                 0x00000221   Thumb Code     0  libshutdown2.o(.ARM.Collect$$libshutdown$$0000000D)
    __rt_lib_shutdown_signal_1               0x00000221   Thumb Code     0  libshutdown2.o(.ARM.Collect$$libshutdown$$0000000A)
    __rt_lib_shutdown_stdio_1                0x00000221   Thumb Code     0  libshutdown2.o(.ARM.Collect$$libshutdown$$00000004)
    __rt_lib_shutdown_user_alloc_1           0x00000221   Thumb Code     0  libshutdown2.o(.ARM.Collect$$libshutdown$$0000000C)
    __rt_lib_shutdown_heap_1                 0x00000225   Thumb Code     0  libshutdown2.o(.ARM.Collect$$libshutdown$$0000000F)
    __rt_lib_shutdown_return                 0x00000225   Thumb Code     0  libshutdown2.o(.ARM.Collect$$libshutdown$$00000010)
    __rt_entry                               0x00000227   Thumb Code     0  __rtentry.o(.ARM.Collect$$rtentry$$00000000)
    __rt_entry_presh_1                       0x00000227   Thumb Code     0  __rtentry2.o(.ARM.Collect$$rtentry$$00000002)
    __rt_entry_sh                            0x00000227   Thumb Code     0  __rtentry4.o(.ARM.Collect$$rtentry$$00000004)
    __rt_entry_postsh_1                      0x0000022d   Thumb Code     0  __rtentry2.o(.ARM.Collect$$rtentry$$00000008)
    __rt_entry_li                            0x00000235   Thumb Code     0  __rtentry2.o(.ARM.Collect$$rtentry$$0000000A)
    __rt_entry_main                          0x00000239   Thumb Code     0  __rtentry2.o(.ARM.Collect$$rtentry$$0000000D)
    __rt_entry_postli_1                      0x00000239   Thumb Code     0  __rtentry2.o(.ARM.Collect$$rtentry$$0000000C)
    __rt_exit                                0x00000241   Thumb Code     0  rtexit.o(.ARM.Collect$$rtexit$$00000000)
    __rt_exit_ls                             0x00000243   Thumb Code     0  rtexit2.o(.ARM.Collect$$rtexit$$00000003)
    __rt_exit_prels_1                        0x00000243   Thumb Code     0  rtexit2.o(.ARM.Collect$$rtexit$$00000002)
    __rt_exit_exit                           0x00000247   Thumb Code     0  rtexit2.o(.ARM.Collect$$rtexit$$00000004)
    __asm___6_port_c_39a90d8d__prvPortStartFirstTask 0x0000024d   Thumb Code    36  port.o(.emb_text)
    ulSetInterruptMaskFromISR                0x00000275   Thumb Code     8  port.o(.emb_text)
    vClearInterruptMaskFromISR               0x0000027d   Thumb Code     6  port.o(.emb_text)
    PendSV_Handler                           0x00000283   Thumb Code    62  port.o(.emb_text)
    __aeabi_memcpy4                          0x000002c5   Thumb Code    56  rt_memcpy.o(.emb_text)
    __aeabi_memcpy8                          0x000002c5   Thumb Code     0  rt_memcpy.o(.emb_text)
    Reset_Handler                            0x000002fd   Thumb Code     8  startup_saml21g18b.o(.text)
    _maybe_terminate_alloc                   0x000002fd   Thumb Code     0  maybetermalloc2.o(.emb_text)
    NonMaskableInt_Handler                   0x00000305   Thumb Code     2  startup_saml21g18b.o(.text)
    HardFault_Handler                        0x00000307   Thumb Code     2  startup_saml21g18b.o(.text)
    AC_Handler                               0x0000030f   Thumb Code     0  startup_saml21g18b.o(.text)
    ADC_Handler                              0x0000030f   Thumb Code     0  startup_saml21g18b.o(.text)
    AES_Handler                              0x0000030f   Thumb Code     0  startup_saml21g18b.o(.text)
    DAC_Handler                              0x0000030f   Thumb Code     0  startup_saml21g18b.o(.text)
    DMAC_Handler                             0x0000030f   Thumb Code     0  startup_saml21g18b.o(.text)
    EIC_Handler                              0x0000030f   Thumb Code     0  startup_saml21g18b.o(.text)
    EVSYS_Handler                            0x0000030f   Thumb Code     0  startup_saml21g18b.o(.text)
    NVMCTRL_Handler                          0x0000030f   Thumb Code     0  startup_saml21g18b.o(.text)
    PTC_Handler                              0x0000030f   Thumb Code     0  startup_saml21g18b.o(.text)
    RTC_Handler                              0x0000030f   Thumb Code     0  startup_saml21g18b.o(.text)
    SERCOM3_Handler                          0x0000030f   Thumb Code     0  startup_saml21g18b.o(.text)
    SERCOM4_Handler                          0x0000030f   Thumb Code     0  startup_saml21g18b.o(.text)
    SERCOM5_Handler                          0x0000030f   Thumb Code     0  startup_saml21g18b.o(.text)
    SYSTEM_Handler                           0x0000030f   Thumb Code     0  startup_saml21g18b.o(.text)
    TC0_Handler                              0x0000030f   Thumb Code     0  startup_saml21g18b.o(.text)
    TC1_Handler                              0x0000030f   Thumb Code     0  startup_saml21g18b.o(.text)
    TC4_Handler                              0x0000030f   Thumb Code     0  startup_saml21g18b.o(.text)
    TCC0_Handler                             0x0000030f   Thumb Code     0  startup_saml21g18b.o(.text)
    TCC1_Handler                             0x0000030f   Thumb Code     0  startup_saml21g18b.o(.text)
    TCC2_Handler                             0x0000030f   Thumb Code     0  startup_saml21g18b.o(.text)
    TRNG_Handler                             0x0000030f   Thumb Code     0  startup_saml21g18b.o(.text)
    USB_Handler                              0x0000030f   Thumb Code     0  startup_saml21g18b.o(.text)
    WDT_Handler                              0x0000030f   Thumb Code     0  startup_saml21g18b.o(.text)
    __user_initial_stackheap                 0x00000311   Thumb Code     0  startup_saml21g18b.o(.text)
    __rt_ctype_table                         0x00000335   Thumb Code    16  rt_ctype_table.o(.text)
    _malloc_internal                         0x0000034d   Thumb Code   126  h1_alloc_mt.o(.text)
    malloc                                   0x000003cb   Thumb Code    20  h1_alloc_mt.o(.text)
    _free_internal                           0x000003df   Thumb Code    96  h1_free_mt.o(.text)
    free                                     0x0000043f   Thumb Code    20  h1_free_mt.o(.text)
    __c89vsprintf                            0x00000455   Thumb Code    32  c89vsprintf.o(.text)
    __0sscanf                                0x00000479   Thumb Code    54  __0sscanf.o(.text)
    _scanf_int                               0x000004b9   Thumb Code   330  _scanf_int.o(.text)
    _scanf_string                            0x00000603   Thumb Code   232  _scanf_str.o(.text)
    abort                                    0x000006eb   Thumb Code    20  abort.o(.text)
    strstr                                   0x000006ff   Thumb Code    40  strstr.o(.text)
    strlen                                   0x00000729   Thumb Code    62  strlen.o(.text)
    __aeabi_memcpy                           0x0000076d   Thumb Code   130  rt_memcpy.o(.text)
    __rt_memcpy                              0x0000076d   Thumb Code     0  rt_memcpy.o(.text)
    __aeabi_memset                           0x000007ef   Thumb Code    18  aeabi_memset.o(.text)
    _memset_w                                0x00000801   Thumb Code    26  rt_memclr.o(.text)
    _memset                                  0x0000081b   Thumb Code    30  rt_memclr.o(.text)
    __aeabi_memclr                           0x00000839   Thumb Code     4  rt_memclr.o(.text)
    __rt_memclr                              0x00000839   Thumb Code     0  rt_memclr.o(.text)
    __aeabi_memclr4                          0x0000083d   Thumb Code     0  rt_memclr.o(.text)
    __aeabi_memclr8                          0x0000083d   Thumb Code     0  rt_memclr.o(.text)
    __rt_memclr_w                            0x0000083d   Thumb Code     4  rt_memclr.o(.text)
    __aeabi_uread4                           0x00000841   Thumb Code    34  uread4.o(.text)
    __rt_uread4                              0x00000841   Thumb Code     0  uread4.o(.text)
    __aeabi_uidiv                            0x00000863   Thumb Code     0  aeabi_sdiv.o(.text)
    __aeabi_uidivmod                         0x00000863   Thumb Code    20  aeabi_sdiv.o(.text)
    __aeabi_idiv                             0x00000877   Thumb Code     0  aeabi_sdiv.o(.text)
    __aeabi_idivmod                          0x00000877   Thumb Code   326  aeabi_sdiv.o(.text)
    __use_two_region_memory                  0x000009bd   Thumb Code     2  heapauxi.o(.text)
    __rt_heap_escrow                         0x000009bf   Thumb Code     2  heapauxi.o(.text)
    __rt_heap_expand                         0x000009c1   Thumb Code     2  heapauxi.o(.text)
    __cpp_initialize__aeabi_                 0x000009c5   Thumb Code    26  init_aeabi.o(.text)
    __aeabi_f2iz                             0x000009e9   Thumb Code     0  ffixi.o(.text)
    _ffix                                    0x000009e9   Thumb Code    76  ffixi.o(.text)
    __aeabi_i2f_normalise                    0x00000a35   Thumb Code    72  fflti.o(.text)
    __aeabi_i2f                              0x00000a7d   Thumb Code    16  fflti.o(.text)
    _fflt                                    0x00000a7d   Thumb Code     0  fflti.o(.text)
    __aeabi_ui2f                             0x00000a8d   Thumb Code     6  fflti.o(.text)
    _ffltu                                   0x00000a8d   Thumb Code     0  fflti.o(.text)
    _sys_exit                                0x00000a95   Thumb Code     8  sys_exit.o(.text)
    __rt_heap_descriptor                     0x00000aa1   Thumb Code    10  rt_heap_descriptor_twolibspace.o(.text)
    __rt_locale                              0x00000aab   Thumb Code    10  rt_locale_twolibspace.o(.text)
    __use_no_heap                            0x00000ab5   Thumb Code     2  hguard.o(.text)
    __heap$guard                             0x00000ab7   Thumb Code     2  hguard.o(.text)
    _terminate_user_alloc                    0x00000ab9   Thumb Code     2  init_alloc.o(.text)
    _init_user_alloc                         0x00000abb   Thumb Code     2  init_alloc.o(.text)
    __Heap_Full                              0x00000abd   Thumb Code    32  init_alloc.o(.text)
    __Heap_Broken                            0x00000add   Thumb Code    10  init_alloc.o(.text)
    _init_alloc                              0x00000ae7   Thumb Code    90  init_alloc.o(.text)
    __Heap_Initialize                        0x00000b41   Thumb Code    18  h1_init_mt.o(.text)
    __Heap_DescSize                          0x00000b53   Thumb Code     4  h1_init_mt.o(.text)
    __read_errno                             0x00000b57   Thumb Code    10  _rserrno.o(.text)
    __set_errno                              0x00000b61   Thumb Code    12  _rserrno.o(.text)
    _printf_pre_padding                      0x00000b6d   Thumb Code    44  _printf_pad.o(.text)
    _printf_post_padding                     0x00000b99   Thumb Code    34  _printf_pad.o(.text)
    _printf_truncate_signed                  0x00000bbb   Thumb Code    18  _printf_truncate.o(.text)
    _printf_truncate_unsigned                0x00000bcd   Thumb Code    18  _printf_truncate.o(.text)
    _printf_str                              0x00000bdf   Thumb Code    82  _printf_str.o(.text)
    _printf_int_dec                          0x00000c31   Thumb Code    90  _printf_dec.o(.text)
    _printf_charcount                        0x00000c9d   Thumb Code    38  _printf_charcount.o(.text)
    _printf_char_common                      0x00000ccf   Thumb Code    32  _printf_char_common.o(.text)
    _sputc                                   0x00000cf5   Thumb Code    10  _sputc.o(.text)
    _printf_wctomb                           0x00000d01   Thumb Code   182  _printf_wctomb.o(.text)
    _printf_longlong_dec                     0x00000dbd   Thumb Code    94  _printf_longlong_dec.o(.text)
    _printf_longlong_oct                     0x00000e2d   Thumb Code    68  _printf_oct_int_ll.o(.text)
    _printf_int_oct                          0x00000e71   Thumb Code    24  _printf_oct_int_ll.o(.text)
    _printf_ll_oct                           0x00000e89   Thumb Code    10  _printf_oct_int_ll.o(.text)
    _printf_longlong_hex                     0x00000e9d   Thumb Code    88  _printf_hex_int_ll_ptr.o(.text)
    _printf_int_hex                          0x00000ef5   Thumb Code    28  _printf_hex_int_ll_ptr.o(.text)
    _printf_ll_hex                           0x00000f11   Thumb Code    10  _printf_hex_int_ll_ptr.o(.text)
    _printf_hex_ptr                          0x00000f1b   Thumb Code    22  _printf_hex_int_ll_ptr.o(.text)
    __printf                                 0x00000f35   Thumb Code   386  __printf_flags_ss_wp.o(.text)
    _chval                                   0x000010bd   Thumb Code    30  _chval.o(.text)
    __vfscanf_char                           0x000010e9   Thumb Code    28  scanf_char.o(.text)
    _sgetc                                   0x0000110d   Thumb Code    32  _sgetc.o(.text)
    _sbackspace                              0x0000112d   Thumb Code    36  _sgetc.o(.text)
    __rt_SIGABRT                             0x00001151   Thumb Code    12  defsig_abrt_outer.o(.text)
    __aeabi_fdiv                             0x0000115d   Thumb Code     0  fdiv.o(.text)
    _fdiv                                    0x0000115d   Thumb Code   334  fdiv.o(.text)
    _frdiv                                   0x000012ab   Thumb Code     8  fdiv.o(.text)
    __ARM_scalbnf                            0x000012bd   Thumb Code    64  fscalbn.o(.text)
    __user_libspace                          0x00001301   Thumb Code     8  libspace.o(.text)
    __user_perproc_libspace                  0x00001301   Thumb Code     0  libspace.o(.text)
    __I$use$semihosting                      0x00001309   Thumb Code     0  use_no_semi.o(.text)
    __use_no_semihosting_swi                 0x00001309   Thumb Code     2  use_no_semi.o(.text)
    __rt_new_handler_addr                    0x0000130b   Thumb Code    10  rt_new_handler_addr_twolibspace.o(.text)
    __semihosting_library_function           0x0000130b   Thumb Code     0  indicate_semi.o(.text)
    __aeabi_errno_addr                       0x00001315   Thumb Code     8  rt_errno_addr_twolibspace.o(.text)
    __errno$twolibspace                      0x00001315   Thumb Code     0  rt_errno_addr_twolibspace.o(.text)
    __rt_errno_addr$twolibspace              0x00001315   Thumb Code     0  rt_errno_addr_twolibspace.o(.text)
    __Heap_ProvideMemory                     0x0000131d   Thumb Code    54  h1_extend_mt.o(.text)
    _ll_udiv10                               0x00001353   Thumb Code   122  lludiv10.o(.text)
    isspace                                  0x000013cd   Thumb Code    18  isspace.o(.text)
    _printf_int_common                       0x000013df   Thumb Code   176  _printf_intcommon.o(.text)
    __lib_sel_fp_printf                      0x00001491   Thumb Code     2  _printf_fp_dec.o(.text)
    _printf_fp_dec_real                      0x0000162f   Thumb Code   620  _printf_fp_dec.o(.text)
    _printf_cs_common                        0x000018a9   Thumb Code    22  _printf_char.o(.text)
    _printf_char                             0x000018bf   Thumb Code    16  _printf_char.o(.text)
    _printf_string                           0x000018cf   Thumb Code     8  _printf_char.o(.text)
    _printf_lcs_common                       0x000018d7   Thumb Code    22  _printf_wchar.o(.text)
    _printf_wchar                            0x000018ed   Thumb Code    16  _printf_wchar.o(.text)
    _printf_wstring                          0x000018fd   Thumb Code     8  _printf_wchar.o(.text)
    __vfscanf                                0x00001905   Thumb Code   880  _scanf.o(.text)
    _wcrtomb                                 0x00001c85   Thumb Code    64  _wcrtomb.o(.text)
    __sig_exit                               0x00001cc5   Thumb Code    12  defsig_exit.o(.text)
    __rt_SIGABRT_inner                       0x00001cd1   Thumb Code    14  defsig_abrt_inner.o(.text)
    __rt_SIGRTMEM                            0x00001d01   Thumb Code    12  defsig_rtmem_outer.o(.text)
    strcmp                                   0x00001d0d   Thumb Code   132  strcmp.o(.text)
    __rt_udiv10                              0x00001d95   Thumb Code    40  rtudiv10.o(.text)
    __default_new_handler()                  0x00001dbd   Thumb Code     8  arm_newhandler_noexceptions.o(.text)
    __user_setup_stackheap                   0x00001dc5   Thumb Code    62  sys_stackheap_outer.o(.text)
    _terminate_alloc                         0x00001e03   Thumb Code    14  term_alloc.o(.text)
    _printf_fp_infnan                        0x00001e11   Thumb Code   120  _printf_fp_infnan.o(.text)
    _btod_etento                             0x00001e99   Thumb Code   210  bigflt0.o(.text)
    _btod_d2e                                0x00001f71   Thumb Code    64  btod.o(.text)
    _btod_emul                               0x000023a5   Thumb Code    28  btod.o(.text)
    _btod_emuld                              0x000023c1   Thumb Code   144  btod.o(.text)
    _btod_ediv                               0x00002451   Thumb Code    26  btod.o(.text)
    _btod_edivd                              0x0000246b   Thumb Code   124  btod.o(.text)
    exit                                     0x000024f1   Thumb Code    16  exit.o(.text)
    __default_signal_display                 0x00002501   Thumb Code    52  defsig_general.o(.text)
    __rt_SIGRTMEM_inner                      0x00002535   Thumb Code    22  defsig_rtmem_inner.o(.text)
    std::terminate()                         0x00002585   Thumb Code    28  arm_exceptions_terminate.o(.text)
    _ttywrch                                 0x000025a1   Thumb Code    12  sys_wrch.o(.text)
    __Heap_Finalize                          0x000025ad   Thumb Code    10  h1_final_mt.o(.text)
    __cxa_get_globals                        0x000025bf   Thumb Code    66  arm_exceptions_globs.o(.text)
    __rt_eh_globals_addr                     0x0000260d   Thumb Code    10  rt_eh_globals_addr_twolibspace.o(.text)
    __ARM_exceptions_buffer_init             0x00002617   Thumb Code    18  arm_exceptions_mem.o(.text)
    __ARM_exceptions_buffer_allocate         0x00002629   Thumb Code    26  arm_exceptions_mem.o(.text)
    __ARM_exceptions_buffer_free             0x00002643   Thumb Code    22  arm_exceptions_mem.o(.text)
    __decompress                             0x00002659   Thumb Code     0  __dclz77c.o(.text)
    __decompress2                            0x00002659   Thumb Code    96  __dclz77c.o(.text)
    SERCOM0_Handler                          0x000026b9   Thumb Code    36  main.o(i.SERCOM0_Handler)
    SERCOM1_Handler                          0x000026e9   Thumb Code   236  main.o(i.SERCOM1_Handler)
    SERCOM2_Handler                          0x000027f1   Thumb Code   146  main.o(i.SERCOM2_Handler)
    SVC_Handler                              0x000028a1   Thumb Code     2  port.o(i.SVC_Handler)
    SysTick_Handler                          0x000028a5   Thumb Code    20  cmsis_os2.o(i.SysTick_Handler)
    SystemInit                               0x000028bd   Thumb Code     8  system_saml21g18b.o(i.SystemInit)
    setupParse(void*)                        0x000028cd   Thumb Code    48  main.o(i._Z10setupParsePv)
    at_send_cmd(const char*, AT_COMMAND_TYPE) 0x00002919   Thumb Code    64  gsm_usart.o(i._Z11at_send_cmdPKc15AT_COMMAND_TYPE)
    clearBuffer(char*)                       0x00002975   Thumb Code    18  gsm_usart.o(i._Z11clearBufferPc)
    parseGSMData(void*)                      0x0000298d   Thumb Code   172  gsm_usart.o(i._Z12parseGSMDataPv)
    setup_system()                           0x00002a61   Thumb Code   388  system_setup.o(i._Z12setup_systemv)
    verifyPacket(unsigned short, unsigned char*, unsigned short) 0x00002c41   Thumb Code    50  main.o(i._Z12verifyPackettPht)
    setupGsmParse(void*)                     0x00002c7d   Thumb Code    38  gsm_usart.o(i._Z13setupGsmParsePv)
    bluetoothParse(void*)                    0x00002cbd   Thumb Code   626  bluetooth.o(i._Z14bluetoothParsePv)
    isValidIPAddress(const char*)            0x00002f7d   Thumb Code   120  gsm_usart.o(i._Z16isValidIPAddressPKc)
    send_to_firebase(unsigned char*, unsigned char*, int) 0x00003009   Thumb Code   464  sendingdata.o(i._Z16send_to_firebasePhS_i)
    parseSmartmeshData(void*)                0x00003325   Thumb Code   638  main.o(i._Z18parseSmartmeshDataPv)
    int_to_ascii_base10(int, int)            0x000035c9   Thumb Code    76  sendingdata.o(i._Z19int_to_ascii_base10ii)
    gsm_init()                               0x00003615   Thumb Code    60  sendingdata.o(i._Z8gsm_initv)
    sendData(void*)                          0x000036b5   Thumb Code    80  sendingdata.o(i._Z8sendDataPv)
    Smartmesh_API::setJoinKey(unsigned char*) 0x00003715   Thumb Code    52  api.o(i._ZN13Smartmesh_API10setJoinKeyEPh)
    Smartmesh_API::getMoteInfo(unsigned char*) 0x0000374d   Thumb Code    52  api.o(i._ZN13Smartmesh_API11getMoteInfoEPh)
    Smartmesh_API::init_packet(unsigned char, unsigned char) 0x00003785   Thumb Code    34  api.o(i._ZN13Smartmesh_API11init_packetEhh)
    Smartmesh_API::checksumData(unsigned short, unsigned char*, unsigned short) 0x000037a9   Thumb Code    42  api.o(i._ZN13Smartmesh_API12checksumDataEtPht)
    Smartmesh_API::resetManager()            0x000037d9   Thumb Code    46  api.o(i._ZN13Smartmesh_API12resetManagerEv)
    Smartmesh_API::verifyPacket(unsigned short, unsigned char*, unsigned short) 0x0000380d   Thumb Code    40  api.o(i._ZN13Smartmesh_API12verifyPacketEtPht)
    Smartmesh_API::getNetworkInfo()          0x0000383d   Thumb Code    40  api.o(i._ZN13Smartmesh_API14getNetworkInfoEv)
    Smartmesh_API::clearStatistics()         0x00003869   Thumb Code    66  api.o(i._ZN13Smartmesh_API15clearStatisticsEv)
    Smartmesh_API::getNetworkConfig()        0x000038b1   Thumb Code    40  api.o(i._ZN13Smartmesh_API16getNetworkConfigEv)
    Smartmesh_API::parseNetworkInfo(network_info*, unsigned char*) 0x000038dd   Thumb Code   154  api.o(i._ZN13Smartmesh_API16parseNetworkInfoEP12network_infoPh)
    Smartmesh_API::setNetworkConfig(unsigned char*) 0x0000397d   Thumb Code   108  api.o(i._ZN13Smartmesh_API16setNetworkConfigEPh)
    Smartmesh_API::parseNetworkConfig(network_config*, unsigned char*) 0x000039ed   Thumb Code   108  api.o(i._ZN13Smartmesh_API18parseNetworkConfigEP14network_configPh)
    Smartmesh_API::parseDataNotification(data_notif*, unsigned char*) 0x00003a59   Thumb Code   128  api.o(i._ZN13Smartmesh_API21parseDataNotificationEP10data_notifPh)
    Smartmesh_API::getMoteConfigFromMoteId(unsigned short) 0x00003add   Thumb Code    48  api.o(i._ZN13Smartmesh_API23getMoteConfigFromMoteIdEt)
    Smartmesh_API::mgr_init()                0x00003b11   Thumb Code    60  api.o(i._ZN13Smartmesh_API8mgr_initEv)
    Smartmesh_API::subscribe(unsigned, unsigned) 0x00003b51   Thumb Code    88  api.o(i._ZN13Smartmesh_API9subscribeEjj)
    Smartmesh_API::Smartmesh_API(UART*)      0x00003bad   Thumb Code    40  api.o(i._ZN13Smartmesh_APIC1EP4UART)
    Smartmesh_API::Smartmesh_API__sub_object(UART*) 0x00003bad   Thumb Code     0  api.o(i._ZN13Smartmesh_APIC1EP4UART)
    RTC::set_timestamp(timestamp)            0x00003bd5   Thumb Code    66  rtc.o(i._ZN3RTC13set_timestampE9timestamp)
    RTC::get_string_timestamp()              0x00003c1d   Thumb Code   186  rtc.o(i._ZN3RTC20get_string_timestampEv)
    RTC::get_timestamp_from_reg()            0x00003cdd   Thumb Code    62  rtc.o(i._ZN3RTC22get_timestamp_from_regEv)
    RTC::RTC()                               0x00003d21   Thumb Code    12  rtc.o(i._ZN3RTCC1Ev)
    RTC::RTC__sub_object()                   0x00003d21   Thumb Code     0  rtc.o(i._ZN3RTCC1Ev)
    UART::send_array(unsigned char*, unsigned char) 0x00003d35   Thumb Code    76  sercom.o(i._ZN4UART10send_arrayEPhh)
    UART::_printf(const char*, ...)          0x00003d8d   Thumb Code   104  sercom.o(i._ZN4UART7_printfEPKcz)
    UART::UART(sercom_registers_t*, int)     0x00003e01   Thumb Code   214  sercom.o(i._ZN4UARTC1EP18sercom_registers_ti)
    UART::UART__sub_object(sercom_registers_t*, int) 0x00003e01   Thumb Code     0  sercom.o(i._ZN4UARTC1EP18sercom_registers_ti)
    operator delete (void*)                  0x00003efd   Thumb Code     8  delete.o(i._ZdlPv)
    operator new[] (unsigned)                0x00003f05   Thumb Code     8  array_new.o(i._Znaj)
    operator new(unsigned)                   0x00003f0d   Thumb Code    36  new.o(i._Znwj)
    __ARM_common_ll_muluu                    0x00003f35   Thumb Code    48  uecc.o(i.__ARM_common_ll_muluu)
    __ARM_common_switch8                     0x00003f65   Thumb Code    26  main.o(i.__ARM_common_switch8)
    __ARM_fpclassify                         0x00003f81   Thumb Code    40  fpclassify.o(i.__ARM_fpclassify)
    __mathlib_flt_divzero                    0x00003fad   Thumb Code    14  funder.o(i.__mathlib_flt_divzero)
    __mathlib_flt_infnan                     0x00003fbb   Thumb Code    10  funder.o(i.__mathlib_flt_infnan)
    __mathlib_flt_invalid                    0x00003fc5   Thumb Code    12  funder.o(i.__mathlib_flt_invalid)
    __user_perthread_libspace                0x000040d1   Thumb Code    58  clib_arm.o(i.__user_perthread_libspace)
    _is_digit                                0x00004115   Thumb Code    14  __printf_wp.o(i._is_digit)
    _mutex_acquire                           0x00004123   Thumb Code    24  clib_arm.o(i._mutex_acquire)
    _mutex_free                              0x0000413d   Thumb Code    40  clib_arm.o(i._mutex_free)
    _mutex_initialize                        0x00004169   Thumb Code    76  clib_arm.o(i._mutex_initialize)
    _mutex_release                           0x000041bd   Thumb Code    26  clib_arm.o(i._mutex_release)
    _platform_post_stackheap_init            0x000041d7   Thumb Code     2  clib_arm.o(i._platform_post_stackheap_init)
    log10f                                   0x000041d9   Thumb Code   368  log10f.o(i.log10f)
    main                                     0x0000437d   Thumb Code   230  main.o(i.main)
    pvPortMalloc                             0x00004bdd   Thumb Code   190  heap_4.o(i.pvPortMalloc)
    pvTaskIncrementMutexHeldCount            0x00004ca1   Thumb Code    20  tasks.o(i.pvTaskIncrementMutexHeldCount)
    pxPortInitialiseStack                    0x00004cb9   Thumb Code    28  port.o(i.pxPortInitialiseStack)
    uxListRemove                             0x00004cd9   Thumb Code    38  list.o(i.uxListRemove)
    vApplicationGetIdleTaskMemory            0x00004d01   Thumb Code    16  cmsis_os2.o(i.vApplicationGetIdleTaskMemory)
    vApplicationGetTimerTaskMemory           0x00004d15   Thumb Code    16  cmsis_os2.o(i.vApplicationGetTimerTaskMemory)
    vApplicationStackOverflowHook            0x00004d29   Thumb Code     4  cmsis_os2.o(i.vApplicationStackOverflowHook)
    vListInitialise                          0x00004d2d   Thumb Code    22  list.o(i.vListInitialise)
    vListInitialiseItem                      0x00004d43   Thumb Code     6  list.o(i.vListInitialiseItem)
    vListInsert                              0x00004d49   Thumb Code    48  list.o(i.vListInsert)
    vListInsertEnd                           0x00004d79   Thumb Code    24  list.o(i.vListInsertEnd)
    vPortEnterCritical                       0x00004d91   Thumb Code    20  port.o(i.vPortEnterCritical)
    vPortExitCritical                        0x00004da9   Thumb Code    22  port.o(i.vPortExitCritical)
    vPortFree                                0x00004dc5   Thumb Code    68  heap_4.o(i.vPortFree)
    vPortSetupTimerInterrupt                 0x00004e0d   Thumb Code    32  port.o(i.vPortSetupTimerInterrupt)
    vPortYield                               0x00004e35   Thumb Code    18  port.o(i.vPortYield)
    vQueueDelete                             0x00004e4d   Thumb Code    24  queue.o(i.vQueueDelete)
    vQueueWaitForMessageRestricted           0x00004e65   Thumb Code    68  queue.o(i.vQueueWaitForMessageRestricted)
    vTaskDelay                               0x00004ea9   Thumb Code    44  tasks.o(i.vTaskDelay)
    vTaskDelete                              0x00004ed9   Thumb Code   118  tasks.o(i.vTaskDelete)
    vTaskInternalSetTimeOutState             0x00004f59   Thumb Code    12  tasks.o(i.vTaskInternalSetTimeOutState)
    vTaskMissedYield                         0x00004f69   Thumb Code     8  tasks.o(i.vTaskMissedYield)
    vTaskPlaceOnEventList                    0x00004f75   Thumb Code    32  tasks.o(i.vTaskPlaceOnEventList)
    vTaskPlaceOnEventListRestricted          0x00004f99   Thumb Code    68  tasks.o(i.vTaskPlaceOnEventListRestricted)
    vTaskPriorityDisinheritAfterTimeout      0x00004fe1   Thumb Code   134  tasks.o(i.vTaskPriorityDisinheritAfterTimeout)
    vTaskStartScheduler                      0x00005071   Thumb Code    92  tasks.o(i.vTaskStartScheduler)
    vTaskSuspendAll                          0x000050dd   Thumb Code    10  tasks.o(i.vTaskSuspendAll)
    vTaskSwitchContext                       0x000050ed   Thumb Code   118  tasks.o(i.vTaskSwitchContext)
    xPortStartScheduler                      0x00005171   Thumb Code    40  port.o(i.xPortStartScheduler)
    xPortSysTickHandler                      0x000051a1   Thumb Code    32  port.o(i.xPortSysTickHandler)
    xQueueCreateCountingSemaphore            0x000051c5   Thumb Code    32  queue.o(i.xQueueCreateCountingSemaphore)
    xQueueCreateMutex                        0x000051e5   Thumb Code    22  queue.o(i.xQueueCreateMutex)
    xQueueCreateMutexStatic                  0x000051fb   Thumb Code    26  queue.o(i.xQueueCreateMutexStatic)
    xQueueGenericCreate                      0x00005215   Thumb Code    74  queue.o(i.xQueueGenericCreate)
    xQueueGenericCreateStatic                0x0000525f   Thumb Code    56  queue.o(i.xQueueGenericCreateStatic)
    xQueueGenericReset                       0x00005297   Thumb Code   134  queue.o(i.xQueueGenericReset)
    xQueueGenericSend                        0x0000531d   Thumb Code   286  queue.o(i.xQueueGenericSend)
    xQueueGenericSendFromISR                 0x0000543b   Thumb Code   150  queue.o(i.xQueueGenericSendFromISR)
    xQueueGiveFromISR                        0x000054d1   Thumb Code   124  queue.o(i.xQueueGiveFromISR)
    xQueueReceive                            0x0000554d   Thumb Code   260  queue.o(i.xQueueReceive)
    xQueueReceiveFromISR                     0x00005651   Thumb Code   128  queue.o(i.xQueueReceiveFromISR)
    xQueueSemaphoreTake                      0x000056d1   Thumb Code   322  queue.o(i.xQueueSemaphoreTake)
    xTaskCheckForTimeOut                     0x00005815   Thumb Code    92  tasks.o(i.xTaskCheckForTimeOut)
    xTaskCreate                              0x00005875   Thumb Code    82  tasks.o(i.xTaskCreate)
    xTaskCreateStatic                        0x000058c7   Thumb Code    68  tasks.o(i.xTaskCreateStatic)
    xTaskGetCurrentTaskHandle                0x0000590d   Thumb Code     6  tasks.o(i.xTaskGetCurrentTaskHandle)
    xTaskGetSchedulerState                   0x00005919   Thumb Code    26  tasks.o(i.xTaskGetSchedulerState)
    xTaskGetTickCount                        0x00005939   Thumb Code     6  tasks.o(i.xTaskGetTickCount)
    xTaskIncrementTick                       0x00005945   Thumb Code   274  tasks.o(i.xTaskIncrementTick)
    xTaskPriorityDisinherit                  0x00005a61   Thumb Code   122  tasks.o(i.xTaskPriorityDisinherit)
    xTaskPriorityInherit                     0x00005ae5   Thumb Code   140  tasks.o(i.xTaskPriorityInherit)
    xTaskRemoveFromEventList                 0x00005b79   Thumb Code   188  tasks.o(i.xTaskRemoveFromEventList)
    xTaskResumeAll                           0x00005c41   Thumb Code   244  tasks.o(i.xTaskResumeAll)
    xTimerCreateTimerTask                    0x00005d41   Thumb Code    72  timers.o(i.xTimerCreateTimerTask)
    _get_lc_ctype                            0x00005d99   Thumb Code    44  lc_ctype_c.o(locale$$code)
    _get_lc_numeric                          0x00005dc5   Thumb Code    44  lc_numeric_c.o(locale$$code)
    __aeabi_fadd                             0x00005df1   Thumb Code     0  faddsub.o(x$fpl$fadd)
    _fadd                                    0x00005df1   Thumb Code   134  faddsub.o(x$fpl$fadd)
    __aeabi_fmul                             0x00005e7d   Thumb Code     0  fmul.o(x$fpl$fmul)
    _fmul                                    0x00005e7d   Thumb Code   172  fmul.o(x$fpl$fmul)
    __aeabi_fsub                             0x00005f2d   Thumb Code     0  faddsub.o(x$fpl$fsub)
    _fsub                                    0x00005f2d   Thumb Code   204  faddsub.o(x$fpl$fsub)
    _printf_fp_dec                           0x00005ffd   Thumb Code    16  printf1.o(x$fpl$printf1)
    __I$use$fp                               0x0000600c   Number         0  usenofp.o(x$fpl$usenofp)
    Region$$Table$$Base                      0x0000616c   Number         0  anon$$obj.o(Region$$Table)
    Region$$Table$$Limit                     0x0000618c   Number         0  anon$$obj.o(Region$$Table)
    __ctype                                  0x00006199   Data           0  lc_ctype_c.o(locale$$data)
    SHT$$INIT_ARRAY$$Base                    0x000062b8   Number         0  main.o(.init_array)
    SHT$$INIT_ARRAY$$Limit                   0x000062c4   Number         0  init_aeabi.o(.init_array)
    startFlag                                0x20000000   Data           1  main.o(.data)
    connectedToManager                       0x20000001   Data           1  main.o(.data)
    length                                   0x20000002   Data           1  main.o(.data)
    responseLength                           0x20000003   Data           1  main.o(.data)
    responseLengthCopy                       0x20000004   Data           1  main.o(.data)
    macsAdded                                0x20000008   Data           4  main.o(.data)
    slow                                     0x2000000c   Data           4  main.o(.data)
    bluetoothData                            0x20000010   Data           4  main.o(.data)
    gsmData                                  0x20000014   Data           4  main.o(.data)
    dma_in_use                               0x20000018   Data           4  main.o(.data)
    apiInUse                                 0x2000001c   Data           4  main.o(.data)
    gsm_in_use                               0x20000020   Data           4  main.o(.data)
    bluetoothInUse                           0x20000024   Data           4  main.o(.data)
    dataRecieved                             0x20000028   Data           4  main.o(.data)
    gsmDataRecieved                          0x2000002c   Data           4  main.o(.data)
    getNetworkInfo                           0x20000030   Data           4  main.o(.data)
    getNetworkConfig                         0x20000034   Data           4  main.o(.data)
    getMoteInfo                              0x20000038   Data           4  main.o(.data)
    moteConfigWasGotFromID                   0x2000003c   Data           4  main.o(.data)
    api_usart                                0x20000040   Data           8  main.o(.data)
    bluetooth                                0x20000048   Data           8  main.o(.data)
    gsm_usart                                0x20000050   Data           8  main.o(.data)
    gsmReady                                 0x20000258   Data           1  main.o(.data)
    at_cmd_type                              0x20000259   Data           1  main.o(.data)
    rtc                                      0x2000025a   Data           8  system_setup.o(.data)
    sendingData                              0x20000464   Data           4  sendingdata.o(.data)
    isError                                  0x20000468   Data           1  gsm_usart.o(.data)
    SystemCoreClock                          0x2000066c   Data           4  system_saml21g18b.o(.data)
    pxCurrentTCB                             0x20000694   Data           4  tasks.o(.data)
    uxTopUsedPriority                        0x200006c4   Data           4  tasks.o(.data)
    txbuffer                                 0x200006e8   Data         130  main.o(.bss)
    smartmeshData                            0x2000076a   Data         130  main.o(.bss)
    mac_addresses                            0x200007ec   Data          80  main.o(.bss)
    responseGsmBuffer                        0x2000083c   Data         200  main.o(.bss)
    txGsmBuffer                              0x20000904   Data         200  main.o(.bss)
    api                                      0x200009cc   Data         144  main.o(.bss)
    __libspace_start                         0x20007534   Data          96  libspace.o(.bss)
    __temporary_stack_top$libspace           0x20007594   Data           0  libspace.o(.bss)



==============================================================================

Memory Map of the image

  Image Entry point : 0x000000b1

  Load Region LR_IROM1 (Base: 0x00000000, Size: 0x000069ac, Max: 0x00040000, ABSOLUTE, COMPRESSED[0x000064f4])

    Execution Region ER_IROM1 (Exec base: 0x00000000, Load base: 0x00000000, Size: 0x000062c4, Max: 0x00040000, ABSOLUTE)

    Exec Addr    Load Addr    Size         Type   Attr      Idx    E Section Name        Object

    0x00000000   0x00000000   0x000000b0   Data   RO         3056    RESET               startup_saml21g18b.o
    0x000000b0   0x000000b0   0x00000008   Code   RO         4452  * !!!main             c_p.l(__main.o)
    0x000000b8   0x000000b8   0x0000003c   Code   RO         5150    !!!scatter          c_p.l(__scatter.o)
    0x000000f4   0x000000f4   0x0000001c   Code   RO         5152    !!handler_zi        c_p.l(__scatter_zi.o)
    0x00000110   0x00000110   0x00000002   Code   RO         4610    .ARM.Collect$$_printf_percent$$00000000  c_p.l(_printf_percent.o)
    0x00000112   0x00000112   0x0000000a   Code   RO         4599    .ARM.Collect$$_printf_percent$$00000001  c_p.l(_printf_n.o)
    0x0000011c   0x0000011c   0x0000000a   Code   RO         4601    .ARM.Collect$$_printf_percent$$00000002  c_p.l(_printf_p.o)
    0x00000126   0x00000126   0x0000000a   Code   RO         4606    .ARM.Collect$$_printf_percent$$00000003  c_p.l(_printf_f.o)
    0x00000130   0x00000130   0x0000000a   Code   RO         4607    .ARM.Collect$$_printf_percent$$00000004  c_p.l(_printf_e.o)
    0x0000013a   0x0000013a   0x0000000a   Code   RO         4608    .ARM.Collect$$_printf_percent$$00000005  c_p.l(_printf_g.o)
    0x00000144   0x00000144   0x0000000a   Code   RO         4609    .ARM.Collect$$_printf_percent$$00000006  c_p.l(_printf_a.o)
    0x0000014e   0x0000014e   0x0000000a   Code   RO         4614    .ARM.Collect$$_printf_percent$$00000007  c_p.l(_printf_ll.o)
    0x00000158   0x00000158   0x0000000a   Code   RO         4603    .ARM.Collect$$_printf_percent$$00000008  c_p.l(_printf_i.o)
    0x00000162   0x00000162   0x0000000a   Code   RO         4604    .ARM.Collect$$_printf_percent$$00000009  c_p.l(_printf_d.o)
    0x0000016c   0x0000016c   0x0000000a   Code   RO         4605    .ARM.Collect$$_printf_percent$$0000000A  c_p.l(_printf_u.o)
    0x00000176   0x00000176   0x0000000a   Code   RO         4602    .ARM.Collect$$_printf_percent$$0000000B  c_p.l(_printf_o.o)
    0x00000180   0x00000180   0x0000000a   Code   RO         4600    .ARM.Collect$$_printf_percent$$0000000C  c_p.l(_printf_x.o)
    0x0000018a   0x0000018a   0x0000000a   Code   RO         4611    .ARM.Collect$$_printf_percent$$0000000D  c_p.l(_printf_lli.o)
    0x00000194   0x00000194   0x0000000a   Code   RO         4612    .ARM.Collect$$_printf_percent$$0000000E  c_p.l(_printf_lld.o)
    0x0000019e   0x0000019e   0x0000000a   Code   RO         4613    .ARM.Collect$$_printf_percent$$0000000F  c_p.l(_printf_llu.o)
    0x000001a8   0x000001a8   0x0000000a   Code   RO         4618    .ARM.Collect$$_printf_percent$$00000010  c_p.l(_printf_llo.o)
    0x000001b2   0x000001b2   0x0000000a   Code   RO         4619    .ARM.Collect$$_printf_percent$$00000011  c_p.l(_printf_llx.o)
    0x000001bc   0x000001bc   0x0000000a   Code   RO         4615    .ARM.Collect$$_printf_percent$$00000012  c_p.l(_printf_l.o)
    0x000001c6   0x000001c6   0x0000000a   Code   RO         4597    .ARM.Collect$$_printf_percent$$00000013  c_p.l(_printf_c.o)
    0x000001d0   0x000001d0   0x0000000a   Code   RO         4598    .ARM.Collect$$_printf_percent$$00000014  c_p.l(_printf_s.o)
    0x000001da   0x000001da   0x0000000a   Code   RO         4616    .ARM.Collect$$_printf_percent$$00000015  c_p.l(_printf_lc.o)
    0x000001e4   0x000001e4   0x0000000a   Code   RO         4617    .ARM.Collect$$_printf_percent$$00000016  c_p.l(_printf_ls.o)
    0x000001ee   0x000001ee   0x00000004   Code   RO         4799    .ARM.Collect$$_printf_percent$$00000017  c_p.l(_printf_percent_end.o)
    0x000001f2   0x000001f2   0x00000002   Code   RO         5018    .ARM.Collect$$libinit$$00000000  c_p.l(libinit.o)
    0x000001f4   0x000001f4   0x00000000   Code   RO         4642    .ARM.Collect$$libinit$$00000002  c_p.l(libinit2.o)
    0x000001f4   0x000001f4   0x00000000   Code   RO         4644    .ARM.Collect$$libinit$$00000004  c_p.l(libinit2.o)
    0x000001f4   0x000001f4   0x00000008   Code   RO         4645    .ARM.Collect$$libinit$$00000005  c_p.l(libinit2.o)
    0x000001fc   0x000001fc   0x00000000   Code   RO         4647    .ARM.Collect$$libinit$$0000000A  c_p.l(libinit2.o)
    0x000001fc   0x000001fc   0x00000000   Code   RO         4649    .ARM.Collect$$libinit$$0000000C  c_p.l(libinit2.o)
    0x000001fc   0x000001fc   0x00000000   Code   RO         4651    .ARM.Collect$$libinit$$0000000E  c_p.l(libinit2.o)
    0x000001fc   0x000001fc   0x00000006   Code   RO         4652    .ARM.Collect$$libinit$$0000000F  c_p.l(libinit2.o)
    0x00000202   0x00000202   0x00000000   Code   RO         4654    .ARM.Collect$$libinit$$00000011  c_p.l(libinit2.o)
    0x00000202   0x00000202   0x0000000c   Code   RO         4655    .ARM.Collect$$libinit$$00000012  c_p.l(libinit2.o)
    0x0000020e   0x0000020e   0x00000000   Code   RO         4656    .ARM.Collect$$libinit$$00000013  c_p.l(libinit2.o)
    0x0000020e   0x0000020e   0x00000000   Code   RO         4658    .ARM.Collect$$libinit$$00000015  c_p.l(libinit2.o)
    0x0000020e   0x0000020e   0x0000000a   Code   RO         4659    .ARM.Collect$$libinit$$00000016  c_p.l(libinit2.o)
    0x00000218   0x00000218   0x00000000   Code   RO         4660    .ARM.Collect$$libinit$$00000017  c_p.l(libinit2.o)
    0x00000218   0x00000218   0x00000000   Code   RO         4662    .ARM.Collect$$libinit$$00000019  c_p.l(libinit2.o)
    0x00000218   0x00000218   0x00000000   Code   RO         4664    .ARM.Collect$$libinit$$0000001B  c_p.l(libinit2.o)
    0x00000218   0x00000218   0x00000000   Code   RO         4666    .ARM.Collect$$libinit$$0000001D  c_p.l(libinit2.o)
    0x00000218   0x00000218   0x00000000   Code   RO         4668    .ARM.Collect$$libinit$$0000001F  c_p.l(libinit2.o)
    0x00000218   0x00000218   0x00000000   Code   RO         4670    .ARM.Collect$$libinit$$00000021  c_p.l(libinit2.o)
    0x00000218   0x00000218   0x00000000   Code   RO         4672    .ARM.Collect$$libinit$$00000023  c_p.l(libinit2.o)
    0x00000218   0x00000218   0x00000000   Code   RO         4674    .ARM.Collect$$libinit$$00000025  c_p.l(libinit2.o)
    0x00000218   0x00000218   0x00000000   Code   RO         4678    .ARM.Collect$$libinit$$0000002C  c_p.l(libinit2.o)
    0x00000218   0x00000218   0x00000000   Code   RO         4680    .ARM.Collect$$libinit$$0000002E  c_p.l(libinit2.o)
    0x00000218   0x00000218   0x00000000   Code   RO         4682    .ARM.Collect$$libinit$$00000030  c_p.l(libinit2.o)
    0x00000218   0x00000218   0x00000004   Code   RO         4683    .ARM.Collect$$libinit$$00000031  c_p.l(libinit2.o)
    0x0000021c   0x0000021c   0x00000000   Code   RO         4684    .ARM.Collect$$libinit$$00000032  c_p.l(libinit2.o)
    0x0000021c   0x0000021c   0x00000002   Code   RO         4685    .ARM.Collect$$libinit$$00000033  c_p.l(libinit2.o)
    0x0000021e   0x0000021e   0x00000002   Code   RO         5145    .ARM.Collect$$libshutdown$$00000000  c_p.l(libshutdown.o)
    0x00000220   0x00000220   0x00000000   Code   RO         5020    .ARM.Collect$$libshutdown$$00000002  c_p.l(libshutdown2.o)
    0x00000220   0x00000220   0x00000000   Code   RO         5022    .ARM.Collect$$libshutdown$$00000004  c_p.l(libshutdown2.o)
    0x00000220   0x00000220   0x00000000   Code   RO         5025    .ARM.Collect$$libshutdown$$00000007  c_p.l(libshutdown2.o)
    0x00000220   0x00000220   0x00000000   Code   RO         5028    .ARM.Collect$$libshutdown$$0000000A  c_p.l(libshutdown2.o)
    0x00000220   0x00000220   0x00000000   Code   RO         5030    .ARM.Collect$$libshutdown$$0000000C  c_p.l(libshutdown2.o)
    0x00000220   0x00000220   0x00000004   Code   RO         5031    .ARM.Collect$$libshutdown$$0000000D  c_p.l(libshutdown2.o)
    0x00000224   0x00000224   0x00000000   Code   RO         5033    .ARM.Collect$$libshutdown$$0000000F  c_p.l(libshutdown2.o)
    0x00000224   0x00000224   0x00000002   Code   RO         5034    .ARM.Collect$$libshutdown$$00000010  c_p.l(libshutdown2.o)
    0x00000226   0x00000226   0x00000000   Code   RO         4486    .ARM.Collect$$rtentry$$00000000  c_p.l(__rtentry.o)
    0x00000226   0x00000226   0x00000000   Code   RO         4745    .ARM.Collect$$rtentry$$00000002  c_p.l(__rtentry2.o)
    0x00000226   0x00000226   0x00000006   Code   RO         4757    .ARM.Collect$$rtentry$$00000004  c_p.l(__rtentry4.o)
    0x0000022c   0x0000022c   0x00000008   Code   RO         4746    .ARM.Collect$$rtentry$$00000008  c_p.l(__rtentry2.o)
    0x00000234   0x00000234   0x00000004   Code   RO         4748    .ARM.Collect$$rtentry$$0000000A  c_p.l(__rtentry2.o)
    0x00000238   0x00000238   0x00000000   Code   RO         4750    .ARM.Collect$$rtentry$$0000000C  c_p.l(__rtentry2.o)
    0x00000238   0x00000238   0x00000008   Code   RO         4751    .ARM.Collect$$rtentry$$0000000D  c_p.l(__rtentry2.o)
    0x00000240   0x00000240   0x00000002   Code   RO         5070    .ARM.Collect$$rtexit$$00000000  c_p.l(rtexit.o)
    0x00000242   0x00000242   0x00000000   Code   RO         5107    .ARM.Collect$$rtexit$$00000002  c_p.l(rtexit2.o)
    0x00000242   0x00000242   0x00000004   Code   RO         5108    .ARM.Collect$$rtexit$$00000003  c_p.l(rtexit2.o)
    0x00000246   0x00000246   0x00000006   Code   RO         5109    .ARM.Collect$$rtexit$$00000004  c_p.l(rtexit2.o)
    0x0000024c   0x0000024c   0x00000078   Code   RO         3348    .emb_text           port.o
    0x000002c4   0x000002c4   0x00000038   Code   RO         4434    .emb_text           c_p.l(rt_memcpy.o)
    0x000002fc   0x000002fc   0x00000000   Code   RO         4780    .emb_text           c_p.l(maybetermalloc2.o)
    0x000002fc   0x000002fc   0x00000038   Code   RO         3057    .text               startup_saml21g18b.o
    0x00000334   0x00000334   0x00000010   Code   RO         4350    .text               c_p.l(rt_ctype_table.o)
    0x00000344   0x00000344   0x0000009a   Code   RO         4360    .text               c_p.l(h1_alloc_mt.o)
    0x000003de   0x000003de   0x00000074   Code   RO         4362    .text               c_p.l(h1_free_mt.o)
    0x00000452   0x00000452   0x00000002   PAD
    0x00000454   0x00000454   0x00000024   Code   RO         4414    .text               c_p.l(c89vsprintf.o)
    0x00000478   0x00000478   0x00000040   Code   RO         4420    .text               c_p.l(__0sscanf.o)
    0x000004b8   0x000004b8   0x0000014a   Code   RO         4422    .text               c_p.l(_scanf_int.o)
    0x00000602   0x00000602   0x000000e8   Code   RO         4424    .text               c_p.l(_scanf_str.o)
    0x000006ea   0x000006ea   0x00000014   Code   RO         4426    .text               c_p.l(abort.o)
    0x000006fe   0x000006fe   0x00000028   Code   RO         4428    .text               c_p.l(strstr.o)
    0x00000726   0x00000726   0x00000002   PAD
    0x00000728   0x00000728   0x00000044   Code   RO         4430    .text               c_p.l(strlen.o)
    0x0000076c   0x0000076c   0x00000082   Code   RO         4435    .text               c_p.l(rt_memcpy.o)
    0x000007ee   0x000007ee   0x00000012   Code   RO         4440    .text               c_p.l(aeabi_memset.o)
    0x00000800   0x00000800   0x00000040   Code   RO         4442    .text               c_p.l(rt_memclr.o)
    0x00000840   0x00000840   0x00000022   Code   RO         4444    .text               c_p.l(uread4.o)
    0x00000862   0x00000862   0x0000015a   Code   RO         4446    .text               c_p.l(aeabi_sdiv.o)
    0x000009bc   0x000009bc   0x00000006   Code   RO         4450    .text               c_p.l(heapauxi.o)
    0x000009c2   0x000009c2   0x00000002   PAD
    0x000009c4   0x000009c4   0x00000024   Code   RO         4457    .text               c_p.l(init_aeabi.o)
    0x000009e8   0x000009e8   0x0000004c   Code   RO         4470    .text               fz_ps.l(ffixi.o)
    0x00000a34   0x00000a34   0x0000005e   Code   RO         4472    .text               fz_ps.l(fflti.o)
    0x00000a92   0x00000a92   0x00000002   PAD
    0x00000a94   0x00000a94   0x0000000c   Code   RO         4484    .text               c_p.l(sys_exit.o)
    0x00000aa0   0x00000aa0   0x0000000a   Code   RO         4496    .text               c_p.l(rt_heap_descriptor_twolibspace.o)
    0x00000aaa   0x00000aaa   0x0000000a   Code   RO         4503    .text               c_p.l(rt_locale_twolibspace.o)
    0x00000ab4   0x00000ab4   0x00000004   Code   RO         4505    .text               c_p.l(hguard.o)
    0x00000ab8   0x00000ab8   0x00000088   Code   RO         4507    .text               c_p.l(init_alloc.o)
    0x00000b40   0x00000b40   0x00000016   Code   RO         4513    .text               c_p.l(h1_init_mt.o)
    0x00000b56   0x00000b56   0x00000016   Code   RO         4525    .text               c_p.l(_rserrno.o)
    0x00000b6c   0x00000b6c   0x0000004e   Code   RO         4529    .text               c_p.l(_printf_pad.o)
    0x00000bba   0x00000bba   0x00000024   Code   RO         4531    .text               c_p.l(_printf_truncate.o)
    0x00000bde   0x00000bde   0x00000052   Code   RO         4533    .text               c_p.l(_printf_str.o)
    0x00000c30   0x00000c30   0x0000006c   Code   RO         4535    .text               c_p.l(_printf_dec.o)
    0x00000c9c   0x00000c9c   0x00000026   Code   RO         4537    .text               c_p.l(_printf_charcount.o)
    0x00000cc2   0x00000cc2   0x00000002   PAD
    0x00000cc4   0x00000cc4   0x00000030   Code   RO         4539    .text               c_p.l(_printf_char_common.o)
    0x00000cf4   0x00000cf4   0x0000000a   Code   RO         4541    .text               c_p.l(_sputc.o)
    0x00000cfe   0x00000cfe   0x00000002   PAD
    0x00000d00   0x00000d00   0x000000bc   Code   RO         4545    .text               c_p.l(_printf_wctomb.o)
    0x00000dbc   0x00000dbc   0x00000070   Code   RO         4548    .text               c_p.l(_printf_longlong_dec.o)
    0x00000e2c   0x00000e2c   0x00000070   Code   RO         4554    .text               c_p.l(_printf_oct_int_ll.o)
    0x00000e9c   0x00000e9c   0x00000098   Code   RO         4574    .text               c_p.l(_printf_hex_int_ll_ptr.o)
    0x00000f34   0x00000f34   0x00000188   Code   RO         4594    .text               c_p.l(__printf_flags_ss_wp.o)
    0x000010bc   0x000010bc   0x0000001e   Code   RO         4620    .text               c_p.l(_chval.o)
    0x000010da   0x000010da   0x00000002   PAD
    0x000010dc   0x000010dc   0x00000030   Code   RO         4622    .text               c_p.l(scanf_char.o)
    0x0000110c   0x0000110c   0x00000044   Code   RO         4624    .text               c_p.l(_sgetc.o)
    0x00001150   0x00001150   0x0000000c   Code   RO         4635    .text               c_p.l(defsig_abrt_outer.o)
    0x0000115c   0x0000115c   0x00000160   Code   RO         4712    .text               fz_ps.l(fdiv.o)
    0x000012bc   0x000012bc   0x00000044   Code   RO         4717    .text               fz_ps.l(fscalbn.o)
    0x00001300   0x00001300   0x00000008   Code   RO         4738    .text               c_p.l(libspace.o)
    0x00001308   0x00001308   0x00000002   Code   RO         4741    .text               c_p.l(use_no_semi.o)
    0x0000130a   0x0000130a   0x00000000   Code   RO         4743    .text               c_p.l(indicate_semi.o)
    0x0000130a   0x0000130a   0x0000000a   Code   RO         4768    .text               c_p.l(rt_new_handler_addr_twolibspace.o)
    0x00001314   0x00001314   0x00000008   Code   RO         4775    .text               c_p.l(rt_errno_addr_twolibspace.o)
    0x0000131c   0x0000131c   0x00000036   Code   RO         4783    .text               c_p.l(h1_extend_mt.o)
    0x00001352   0x00001352   0x0000007a   Code   RO         4785    .text               c_p.l(lludiv10.o)
    0x000013cc   0x000013cc   0x00000012   Code   RO         4787    .text               c_p.l(isspace.o)
    0x000013de   0x000013de   0x000000b0   Code   RO         4789    .text               c_p.l(_printf_intcommon.o)
    0x0000148e   0x0000148e   0x00000002   PAD
    0x00001490   0x00001490   0x00000418   Code   RO         4791    .text               c_p.l(_printf_fp_dec.o)
    0x000018a8   0x000018a8   0x0000002e   Code   RO         4795    .text               c_p.l(_printf_char.o)
    0x000018d6   0x000018d6   0x0000002e   Code   RO         4797    .text               c_p.l(_printf_wchar.o)
    0x00001904   0x00001904   0x00000380   Code   RO         4800    .text               c_p.l(_scanf.o)
    0x00001c84   0x00001c84   0x00000040   Code   RO         4816    .text               c_p.l(_wcrtomb.o)
    0x00001cc4   0x00001cc4   0x0000000c   Code   RO         4818    .text               c_p.l(defsig_exit.o)
    0x00001cd0   0x00001cd0   0x00000030   Code   RO         4820    .text               c_p.l(defsig_abrt_inner.o)
    0x00001d00   0x00001d00   0x0000000c   Code   RO         4822    .text               c_p.l(defsig_rtmem_outer.o)
    0x00001d0c   0x00001d0c   0x00000088   Code   RO         4826    .text               c_p.l(strcmp.o)
    0x00001d94   0x00001d94   0x00000028   Code   RO         4828    .text               c_p.l(rtudiv10.o)
    0x00001dbc   0x00001dbc   0x00000008   Code   RO         4835    .text               cpprt_p.l(arm_newhandler_noexceptions.o)
    0x00001dc4   0x00001dc4   0x0000003e   Code   RO         4967    .text               c_p.l(sys_stackheap_outer.o)
    0x00001e02   0x00001e02   0x0000000e   Code   RO         4970    .text               c_p.l(term_alloc.o)
    0x00001e10   0x00001e10   0x00000088   Code   RO         4972    .text               c_p.l(_printf_fp_infnan.o)
    0x00001e98   0x00001e98   0x000000d8   Code   RO         4974    .text               c_p.l(bigflt0.o)
    0x00001f70   0x00001f70   0x00000580   Code   RO         4977    .text               c_p.l(btod.o)
    0x000024f0   0x000024f0   0x00000010   Code   RO         4995    .text               c_p.l(exit.o)
    0x00002500   0x00002500   0x00000034   Code   RO         4999    .text               c_p.l(defsig_general.o)
    0x00002534   0x00002534   0x00000050   Code   RO         5009    .text               c_p.l(defsig_rtmem_inner.o)
    0x00002584   0x00002584   0x0000001c   Code   RO         5050    .text               cpprt_p.l(arm_exceptions_terminate.o)
    0x000025a0   0x000025a0   0x0000000c   Code   RO         5067    .text               c_p.l(sys_wrch.o)
    0x000025ac   0x000025ac   0x0000000a   Code   RO         5074    .text               c_p.l(h1_final_mt.o)
    0x000025b6   0x000025b6   0x00000002   PAD
    0x000025b8   0x000025b8   0x00000054   Code   RO         5103    .text               cpprt_p.l(arm_exceptions_globs.o)
    0x0000260c   0x0000260c   0x0000000a   Code   RO         5118    .text               c_p.l(rt_eh_globals_addr_twolibspace.o)
    0x00002616   0x00002616   0x00000042   Code   RO         5140    .text               cpprt_p.l(arm_exceptions_mem.o)
    0x00002658   0x00002658   0x00000060   Code   RO         5148    .text               c_p.l(__dclz77c.o)
    0x000026b8   0x000026b8   0x00000030   Code   RO            3    i.SERCOM0_Handler   main.o
    0x000026e8   0x000026e8   0x00000108   Code   RO            4    i.SERCOM1_Handler   main.o
    0x000027f0   0x000027f0   0x000000b0   Code   RO            5    i.SERCOM2_Handler   main.o
    0x000028a0   0x000028a0   0x00000002   Code   RO         3349    i.SVC_Handler       port.o
    0x000028a2   0x000028a2   0x00000002   PAD
    0x000028a4   0x000028a4   0x00000018   Code   RO         2469    i.SysTick_Handler   cmsis_os2.o
    0x000028bc   0x000028bc   0x00000010   Code   RO         3064    i.SystemInit        system_saml21g18b.o
    0x000028cc   0x000028cc   0x0000004c   Code   RO            6    i._Z10setupParsePv  main.o
    0x00002918   0x00002918   0x0000005c   Code   RO          973    i._Z11at_send_cmdPKc15AT_COMMAND_TYPE  gsm_usart.o
    0x00002974   0x00002974   0x00000018   Code   RO          974    i._Z11clearBufferPc  gsm_usart.o
    0x0000298c   0x0000298c   0x000000d4   Code   RO          975    i._Z12parseGSMDataPv  gsm_usart.o
    0x00002a60   0x00002a60   0x000001e0   Code   RO          586    i._Z12setup_systemv  system_setup.o
    0x00002c40   0x00002c40   0x0000003c   Code   RO            7    i._Z12verifyPackettPht  main.o
    0x00002c7c   0x00002c7c   0x00000040   Code   RO          976    i._Z13setupGsmParsePv  gsm_usart.o
    0x00002cbc   0x00002cbc   0x000002c0   Code   RO          707    i._Z14bluetoothParsePv  bluetooth.o
    0x00002f7c   0x00002f7c   0x0000008c   Code   RO          977    i._Z16isValidIPAddressPKc  gsm_usart.o
    0x00003008   0x00003008   0x0000031c   Code   RO          823    i._Z16send_to_firebasePhS_i  sendingdata.o
    0x00003324   0x00003324   0x000002a4   Code   RO            8    i._Z18parseSmartmeshDataPv  main.o
    0x000035c8   0x000035c8   0x0000004c   Code   RO          824    i._Z19int_to_ascii_base10ii  sendingdata.o
    0x00003614   0x00003614   0x000000a0   Code   RO          825    i._Z8gsm_initv      sendingdata.o
    0x000036b4   0x000036b4   0x00000060   Code   RO          826    i._Z8sendDataPv     sendingdata.o
    0x00003714   0x00003714   0x00000038   Code   RO         1339    i._ZN13Smartmesh_API10setJoinKeyEPh  api.o
    0x0000374c   0x0000374c   0x00000038   Code   RO         1340    i._ZN13Smartmesh_API11getMoteInfoEPh  api.o
    0x00003784   0x00003784   0x00000022   Code   RO         1341    i._ZN13Smartmesh_API11init_packetEhh  api.o
    0x000037a6   0x000037a6   0x00000002   PAD
    0x000037a8   0x000037a8   0x00000030   Code   RO         1342    i._ZN13Smartmesh_API12checksumDataEtPht  api.o
    0x000037d8   0x000037d8   0x00000034   Code   RO         1343    i._ZN13Smartmesh_API12resetManagerEv  api.o
    0x0000380c   0x0000380c   0x00000030   Code   RO         1344    i._ZN13Smartmesh_API12verifyPacketEtPht  api.o
    0x0000383c   0x0000383c   0x0000002c   Code   RO         1345    i._ZN13Smartmesh_API14getNetworkInfoEv  api.o
    0x00003868   0x00003868   0x00000048   Code   RO         1346    i._ZN13Smartmesh_API15clearStatisticsEv  api.o
    0x000038b0   0x000038b0   0x0000002c   Code   RO         1348    i._ZN13Smartmesh_API16getNetworkConfigEv  api.o
    0x000038dc   0x000038dc   0x000000a0   Code   RO         1350    i._ZN13Smartmesh_API16parseNetworkInfoEP12network_infoPh  api.o
    0x0000397c   0x0000397c   0x00000070   Code   RO         1351    i._ZN13Smartmesh_API16setNetworkConfigEPh  api.o
    0x000039ec   0x000039ec   0x0000006c   Code   RO         1353    i._ZN13Smartmesh_API18parseNetworkConfigEP14network_configPh  api.o
    0x00003a58   0x00003a58   0x00000084   Code   RO         1355    i._ZN13Smartmesh_API21parseDataNotificationEP10data_notifPh  api.o
    0x00003adc   0x00003adc   0x00000034   Code   RO         1356    i._ZN13Smartmesh_API23getMoteConfigFromMoteIdEt  api.o
    0x00003b10   0x00003b10   0x00000040   Code   RO         1357    i._ZN13Smartmesh_API8mgr_initEv  api.o
    0x00003b50   0x00003b50   0x0000005c   Code   RO         1359    i._ZN13Smartmesh_API9subscribeEjj  api.o
    0x00003bac   0x00003bac   0x00000028   Code   RO         1360    i._ZN13Smartmesh_APIC1EP4UART  api.o
    0x00003bd4   0x00003bd4   0x00000048   Code   RO         1079    i._ZN3RTC13set_timestampE9timestamp  rtc.o
    0x00003c1c   0x00003c1c   0x000000c0   Code   RO         1080    i._ZN3RTC20get_string_timestampEv  rtc.o
    0x00003cdc   0x00003cdc   0x00000044   Code   RO         1081    i._ZN3RTC22get_timestamp_from_regEv  rtc.o
    0x00003d20   0x00003d20   0x00000014   Code   RO         1082    i._ZN3RTCC1Ev       rtc.o
    0x00003d34   0x00003d34   0x00000058   Code   RO         1125    i._ZN4UART10send_arrayEPhh  sercom.o
    0x00003d8c   0x00003d8c   0x00000074   Code   RO         1126    i._ZN4UART7_printfEPKcz  sercom.o
    0x00003e00   0x00003e00   0x000000fc   Code   RO         1127    i._ZN4UARTC1EP18sercom_registers_ti  sercom.o
    0x00003efc   0x00003efc   0x00000008   Code   RO         4467    i._ZdlPv            cpprt_p.l(delete.o)
    0x00003f04   0x00003f04   0x00000008   Code   RO         4463    i._Znaj             cpprt_p.l(array_new.o)
    0x00003f0c   0x00003f0c   0x00000028   Code   RO         4686    i._Znwj             cpprt_p.l(new.o)
    0x00003f34   0x00003f34   0x00000030   Code   RO         2079    i.__ARM_common_ll_muluu  uecc.o
    0x00003f64   0x00003f64   0x0000001a   Code   RO           72    i.__ARM_common_switch8  main.o
    0x00003f7e   0x00003f7e   0x00000002   PAD
    0x00003f80   0x00003f80   0x0000002c   Code   RO         5065    i.__ARM_fpclassify  m_ps.l(fpclassify.o)
    0x00003fac   0x00003fac   0x0000000e   Code   RO         4722    i.__mathlib_flt_divzero  m_ps.l(funder.o)
    0x00003fba   0x00003fba   0x0000000a   Code   RO         4723    i.__mathlib_flt_infnan  m_ps.l(funder.o)
    0x00003fc4   0x00003fc4   0x0000000c   Code   RO         4725    i.__mathlib_flt_invalid  m_ps.l(funder.o)
    0x00003fd0   0x00003fd0   0x00000018   Code   RO          830    i.__sti___15_SendingData_cpp_d0cef15d  sendingdata.o
    0x00003fe8   0x00003fe8   0x00000010   Code   RO          588    i.__sti___16_system_setup_cpp_rtc  system_setup.o
    0x00003ff8   0x00003ff8   0x000000d8   Code   RO            9    i.__sti___8_main_cpp_30c642f8  main.o
    0x000040d0   0x000040d0   0x00000044   Code   RO         2138    i.__user_perthread_libspace  clib_arm.o
    0x00004114   0x00004114   0x0000000e   Code   RO         4587    i._is_digit         c_p.l(__printf_wp.o)
    0x00004122   0x00004122   0x00000018   Code   RO         2139    i._mutex_acquire    clib_arm.o
    0x0000413a   0x0000413a   0x00000002   PAD
    0x0000413c   0x0000413c   0x0000002c   Code   RO         2140    i._mutex_free       clib_arm.o
    0x00004168   0x00004168   0x00000054   Code   RO         2141    i._mutex_initialize  clib_arm.o
    0x000041bc   0x000041bc   0x0000001a   Code   RO         2142    i._mutex_release    clib_arm.o
    0x000041d6   0x000041d6   0x00000002   Code   RO         2143    i._platform_post_stackheap_init  clib_arm.o
    0x000041d8   0x000041d8   0x000001a4   Code   RO         4475    i.log10f            m_ps.l(log10f.o)
    0x0000437c   0x0000437c   0x00000138   Code   RO           10    i.main              main.o
    0x000044b4   0x000044b4   0x00000012   Code   RO         2144    i.os_kernel_is_active  clib_arm.o
    0x000044c6   0x000044c6   0x00000002   PAD
    0x000044c8   0x000044c8   0x00000074   Code   RO         3811    i.prvAddCurrentTaskToDelayedList  tasks.o
    0x0000453c   0x0000453c   0x000000d4   Code   RO         3812    i.prvAddNewTaskToReadyList  tasks.o
    0x00004610   0x00004610   0x00000048   Code   RO         4184    i.prvCheckForValidListAndQueue  timers.o
    0x00004658   0x00004658   0x00000026   Code   RO         3427    i.prvCopyDataFromQueue  queue.o
    0x0000467e   0x0000467e   0x00000070   Code   RO         3428    i.prvCopyDataToQueue  queue.o
    0x000046ee   0x000046ee   0x00000026   Code   RO         3813    i.prvDeleteTCB      tasks.o
    0x00004714   0x00004714   0x00000048   Code   RO         3285    i.prvHeapInit       heap_4.o
    0x0000475c   0x0000475c   0x0000004c   Code   RO         3814    i.prvIdleTask       tasks.o
    0x000047a8   0x000047a8   0x00000018   Code   RO         3429    i.prvInitialiseMutex  queue.o
    0x000047c0   0x000047c0   0x00000022   Code   RO         3430    i.prvInitialiseNewQueue  queue.o
    0x000047e2   0x000047e2   0x00000096   Code   RO         3815    i.prvInitialiseNewTask  tasks.o
    0x00004878   0x00004878   0x0000004c   Code   RO         3286    i.prvInsertBlockIntoFreeList  heap_4.o
    0x000048c4   0x000048c4   0x00000038   Code   RO         4186    i.prvInsertTimerInActiveList  timers.o
    0x000048fc   0x000048fc   0x0000001c   Code   RO         3431    i.prvIsQueueEmpty   queue.o
    0x00004918   0x00004918   0x0000003c   Code   RO         4187    i.prvProcessExpiredTimer  timers.o
    0x00004954   0x00004954   0x000000ec   Code   RO         4188    i.prvProcessReceivedCommands  timers.o
    0x00004a40   0x00004a40   0x00000060   Code   RO         4189    i.prvProcessTimerOrBlockTask  timers.o
    0x00004aa0   0x00004aa0   0x00000028   Code   RO         4190    i.prvReloadTimer    timers.o
    0x00004ac8   0x00004ac8   0x00000020   Code   RO         3817    i.prvResetNextTaskUnblockTime  tasks.o
    0x00004ae8   0x00004ae8   0x00000044   Code   RO         4191    i.prvSampleTimeNow  timers.o
    0x00004b2c   0x00004b2c   0x00000014   Code   RO         3350    i.prvTaskExitError  port.o
    0x00004b40   0x00004b40   0x0000002c   Code   RO         4192    i.prvTimerTask      timers.o
    0x00004b6c   0x00004b6c   0x00000070   Code   RO         3432    i.prvUnlockQueue    queue.o
    0x00004bdc   0x00004bdc   0x000000c4   Code   RO         3287    i.pvPortMalloc      heap_4.o
    0x00004ca0   0x00004ca0   0x00000018   Code   RO         3820    i.pvTaskIncrementMutexHeldCount  tasks.o
    0x00004cb8   0x00004cb8   0x00000020   Code   RO         3351    i.pxPortInitialiseStack  port.o
    0x00004cd8   0x00004cd8   0x00000026   Code   RO         3241    i.uxListRemove      list.o
    0x00004cfe   0x00004cfe   0x00000002   PAD
    0x00004d00   0x00004d00   0x00000014   Code   RO         2542    i.vApplicationGetIdleTaskMemory  cmsis_os2.o
    0x00004d14   0x00004d14   0x00000014   Code   RO         2543    i.vApplicationGetTimerTaskMemory  cmsis_os2.o
    0x00004d28   0x00004d28   0x00000004   Code   RO         2544    i.vApplicationStackOverflowHook  cmsis_os2.o
    0x00004d2c   0x00004d2c   0x00000016   Code   RO         3242    i.vListInitialise   list.o
    0x00004d42   0x00004d42   0x00000006   Code   RO         3243    i.vListInitialiseItem  list.o
    0x00004d48   0x00004d48   0x00000030   Code   RO         3244    i.vListInsert       list.o
    0x00004d78   0x00004d78   0x00000018   Code   RO         3245    i.vListInsertEnd    list.o
    0x00004d90   0x00004d90   0x00000018   Code   RO         3353    i.vPortEnterCritical  port.o
    0x00004da8   0x00004da8   0x0000001c   Code   RO         3354    i.vPortExitCritical  port.o
    0x00004dc4   0x00004dc4   0x00000048   Code   RO         3288    i.vPortFree         heap_4.o
    0x00004e0c   0x00004e0c   0x00000028   Code   RO         3355    i.vPortSetupTimerInterrupt  port.o
    0x00004e34   0x00004e34   0x00000018   Code   RO         3356    i.vPortYield        port.o
    0x00004e4c   0x00004e4c   0x00000018   Code   RO         3438    i.vQueueDelete      queue.o
    0x00004e64   0x00004e64   0x00000044   Code   RO         3440    i.vQueueWaitForMessageRestricted  queue.o
    0x00004ea8   0x00004ea8   0x00000030   Code   RO         3830    i.vTaskDelay        tasks.o
    0x00004ed8   0x00004ed8   0x00000080   Code   RO         3831    i.vTaskDelete       tasks.o
    0x00004f58   0x00004f58   0x00000010   Code   RO         3835    i.vTaskInternalSetTimeOutState  tasks.o
    0x00004f68   0x00004f68   0x0000000c   Code   RO         3836    i.vTaskMissedYield  tasks.o
    0x00004f74   0x00004f74   0x00000024   Code   RO         3837    i.vTaskPlaceOnEventList  tasks.o
    0x00004f98   0x00004f98   0x00000048   Code   RO         3838    i.vTaskPlaceOnEventListRestricted  tasks.o
    0x00004fe0   0x00004fe0   0x00000090   Code   RO         3840    i.vTaskPriorityDisinheritAfterTimeout  tasks.o
    0x00005070   0x00005070   0x0000006c   Code   RO         3846    i.vTaskStartScheduler  tasks.o
    0x000050dc   0x000050dc   0x00000010   Code   RO         3848    i.vTaskSuspendAll   tasks.o
    0x000050ec   0x000050ec   0x00000084   Code   RO         3849    i.vTaskSwitchContext  tasks.o
    0x00005170   0x00005170   0x00000030   Code   RO         3357    i.xPortStartScheduler  port.o
    0x000051a0   0x000051a0   0x00000024   Code   RO         3358    i.xPortSysTickHandler  port.o
    0x000051c4   0x000051c4   0x00000020   Code   RO         3441    i.xQueueCreateCountingSemaphore  queue.o
    0x000051e4   0x000051e4   0x00000016   Code   RO         3443    i.xQueueCreateMutex  queue.o
    0x000051fa   0x000051fa   0x0000001a   Code   RO         3444    i.xQueueCreateMutexStatic  queue.o
    0x00005214   0x00005214   0x0000004a   Code   RO         3445    i.xQueueGenericCreate  queue.o
    0x0000525e   0x0000525e   0x00000038   Code   RO         3446    i.xQueueGenericCreateStatic  queue.o
    0x00005296   0x00005296   0x00000086   Code   RO         3447    i.xQueueGenericReset  queue.o
    0x0000531c   0x0000531c   0x0000011e   Code   RO         3448    i.xQueueGenericSend  queue.o
    0x0000543a   0x0000543a   0x00000096   Code   RO         3449    i.xQueueGenericSendFromISR  queue.o
    0x000054d0   0x000054d0   0x0000007c   Code   RO         3452    i.xQueueGiveFromISR  queue.o
    0x0000554c   0x0000554c   0x00000104   Code   RO         3458    i.xQueueReceive     queue.o
    0x00005650   0x00005650   0x00000080   Code   RO         3459    i.xQueueReceiveFromISR  queue.o
    0x000056d0   0x000056d0   0x00000142   Code   RO         3460    i.xQueueSemaphoreTake  queue.o
    0x00005812   0x00005812   0x00000002   PAD
    0x00005814   0x00005814   0x00000060   Code   RO         3851    i.xTaskCheckForTimeOut  tasks.o
    0x00005874   0x00005874   0x00000052   Code   RO         3852    i.xTaskCreate       tasks.o
    0x000058c6   0x000058c6   0x00000044   Code   RO         3853    i.xTaskCreateStatic  tasks.o
    0x0000590a   0x0000590a   0x00000002   PAD
    0x0000590c   0x0000590c   0x0000000c   Code   RO         3859    i.xTaskGetCurrentTaskHandle  tasks.o
    0x00005918   0x00005918   0x00000020   Code   RO         3860    i.xTaskGetSchedulerState  tasks.o
    0x00005938   0x00005938   0x0000000c   Code   RO         3861    i.xTaskGetTickCount  tasks.o
    0x00005944   0x00005944   0x0000011c   Code   RO         3863    i.xTaskIncrementTick  tasks.o
    0x00005a60   0x00005a60   0x00000084   Code   RO         3864    i.xTaskPriorityDisinherit  tasks.o
    0x00005ae4   0x00005ae4   0x00000094   Code   RO         3865    i.xTaskPriorityInherit  tasks.o
    0x00005b78   0x00005b78   0x000000c8   Code   RO         3866    i.xTaskRemoveFromEventList  tasks.o
    0x00005c40   0x00005c40   0x00000100   Code   RO         3867    i.xTaskResumeAll    tasks.o
    0x00005d40   0x00005d40   0x00000058   Code   RO         4201    i.xTimerCreateTimerTask  timers.o
    0x00005d98   0x00005d98   0x0000002c   Code   RO         4633    locale$$code        c_p.l(lc_ctype_c.o)
    0x00005dc4   0x00005dc4   0x0000002c   Code   RO         4993    locale$$code        c_p.l(lc_numeric_c.o)
    0x00005df0   0x00005df0   0x0000008c   Code   RO         4706    x$fpl$fadd          fz_ps.l(faddsub.o)
    0x00005e7c   0x00005e7c   0x000000b0   Code   RO         4715    x$fpl$fmul          fz_ps.l(fmul.o)
    0x00005f2c   0x00005f2c   0x000000d0   Code   RO         4708    x$fpl$fsub          fz_ps.l(faddsub.o)
    0x00005ffc   0x00005ffc   0x00000010   Code   RO         4719    x$fpl$printf1       fz_ps.l(printf1.o)
    0x0000600c   0x0000600c   0x00000000   Code   RO         4721    x$fpl$usenofp       fz_ps.l(usenofp.o)
    0x0000600c   0x0000600c   0x00000008   Data   RO          592    .constdata          system_setup.o
    0x00006014   0x00006014   0x00000040   Data   RO         4476    .constdata          m_ps.l(log10f.o)
    0x00006054   0x00006054   0x00000008   Data   RO         4546    .constdata          c_p.l(_printf_wctomb.o)
    0x0000605c   0x0000605c   0x00000028   Data   RO         4575    .constdata          c_p.l(_printf_hex_int_ll_ptr.o)
    0x00006084   0x00006084   0x00000011   Data   RO         4595    .constdata          c_p.l(__printf_flags_ss_wp.o)
    0x00006095   0x00006095   0x00000040   Data   RO         4713    .constdata          fz_ps.l(fdiv.o)
    0x000060d5   0x000060d5   0x00000003   PAD
    0x000060d8   0x000060d8   0x00000094   Data   RO         4975    .constdata          c_p.l(bigflt0.o)
    0x0000616c   0x0000616c   0x00000020   Data   RO         5146    Region$$Table       anon$$obj.o
    0x0000618c   0x0000618c   0x00000110   Data   RO         4632    locale$$data        c_p.l(lc_ctype_c.o)
    0x0000629c   0x0000629c   0x0000001c   Data   RO         4992    locale$$data        c_p.l(lc_numeric_c.o)
    0x000062b8   0x000062b8   0x00000004   Data   RO           23    .init_array         main.o
    0x000062bc   0x000062b8   0x00000004   Data   RO          594    .init_array         system_setup.o
    0x000062c0   0x000062b8   0x00000004   Data   RO          841    .init_array         sendingdata.o
    0x000062c4   0x000062b8   0x00000000   Data   RO         4455    .init_array         c_p.l(init_aeabi.o)


    Execution Region RW_IRAM1 (Exec base: 0x20000000, Load base: 0x000062c4, Size: 0x00007f98, Max: 0x00008000, ABSOLUTE, COMPRESSED[0x00000230])

    Exec Addr    Load Addr    Size         Type   Attr      Idx    E Section Name        Object

    0x20000000   COMPRESSED   0x00000258   Data   RW           20    .data               main.o
    0x20000258   COMPRESSED   0x00000001   Data   RW           21    .data               main.o
    0x20000259   COMPRESSED   0x00000001   Data   RW           22    .data               main.o
    0x2000025a   COMPRESSED   0x00000208   Data   RW          593    .data               system_setup.o
    0x20000462   COMPRESSED   0x00000002   PAD
    0x20000464   COMPRESSED   0x00000004   Data   RW          840    .data               sendingdata.o
    0x20000468   COMPRESSED   0x00000001   Data   RW          992    .data               gsm_usart.o
    0x20000469   COMPRESSED   0x00000001   PAD
    0x2000046a   COMPRESSED   0x00000200   Data   RW         1384    .data               api.o
    0x2000066a   COMPRESSED   0x00000002   PAD
    0x2000066c   COMPRESSED   0x00000004   Data   RW         3065    .data               system_saml21g18b.o
    0x20000670   COMPRESSED   0x00000020   Data   RW         3294    .data               heap_4.o
    0x20000690   COMPRESSED   0x00000004   Data   RW         3359    .data               port.o
    0x20000694   COMPRESSED   0x00000040   Data   RW         3870    .data               tasks.o
    0x200006d4   COMPRESSED   0x00000014   Data   RW         4210    .data               timers.o
    0x200006e8        -       0x00000374   Zero   RW           19    .bss                main.o
    0x20000a5c        -       0x00000394   Zero   RW         2145    .bss                clib_arm.o
    0x20000df0        -       0x000003f8   Zero   RW         2545    .bss                cmsis_os2.o
    0x200011e8        -       0x00005dc0   Zero   RW         3293    .bss                heap_4.o
    0x20006fa8        -       0x000004c4   Zero   RW         3869    .bss                tasks.o
    0x2000746c        -       0x000000c8   Zero   RW         4209    .bss                timers.o
    0x20007534        -       0x00000060   Zero   RW         4739    .bss                c_p.l(libspace.o)
    0x20007594   COMPRESSED   0x00000004   PAD
    0x20007598        -       0x00000500   Zero   RW         3055    HEAP                startup_saml21g18b.o
    0x20007a98        -       0x00000500   Zero   RW         3054    STACK               startup_saml21g18b.o


==============================================================================

Image component sizes


      Code (inc. data)   RO Data    RW Data    ZI Data      Debug   Object Name

      1214         68          0        512          0      10016   api.o
       704         78          0          0          0       7214   bluetooth.o
         0          0          0          0          0       5032   byte_order.o
       266         22          0          0        916      34000   clib_arm.o
        68         12          0          0       1016      18739   cmsis_os2.o
         0          0          0          0          0      10468   event_groups.o
       532        120          0          1          0       5153   gsm_usart.o
       416         28          0         32      24000       4355   heap_4.o
       138          0          0          0          0       3458   list.o
      1854        254          4        602        884     141704   main.o
         0          0          0          0          0        392   mainrlp.o
       374         56          0          4          0       7455   port.o
      2054          0          0          0          0      22425   queue.o
         0          0          0          0          0       1472   rlp.o
       352         26          0          0          0       2936   rtc.o
      1152        454          4          4          0       5251   sendingdata.o
       456         62          0          0          0     120283   sercom.o
        56         26        176          0       2560        656   startup_saml21g18b.o
        16          8          0          4          0        703   system_saml21g18b.o
       496         98         12        520          0       8848   system_setup.o
      2682        196          0         64       1220      31481   tasks.o
       760         66          0         20        200      11124   timers.o
        48          0          0          0          0         76   uecc.o

    ----------------------------------------------------------------------
     13654       1574        228       1768      30796     453241   Object Totals
         0          0         32          0          0          0   (incl. Generated)
        16          0          0          5          0          0   (incl. Padding)

    ----------------------------------------------------------------------

      Code (inc. data)   RO Data    RW Data    ZI Data      Debug   Library Member Name

        64         10          0          0          0         84   __0sscanf.o
        96          0          0          0          0          0   __dclz77c.o
         8          0          0          0          0         68   __main.o
       392          6         17          0          0         76   __printf_flags_ss_wp.o
        14          0          0          0          0         60   __printf_wp.o
         0          0          0          0          0          0   __rtentry.o
        20          0          0          0          0          0   __rtentry2.o
         6          0          0          0          0          0   __rtentry4.o
        60          8          0          0          0          0   __scatter.o
        28          0          0          0          0          0   __scatter_zi.o
        30          0          0          0          0         60   _chval.o
        10          0          0          0          0          0   _printf_a.o
        10          0          0          0          0          0   _printf_c.o
        46          0          0          0          0        100   _printf_char.o
        48          6          0          0          0         88   _printf_char_common.o
        38          0          0          0          0         60   _printf_charcount.o
        10          0          0          0          0          0   _printf_d.o
       108         18          0          0          0         76   _printf_dec.o
        10          0          0          0          0          0   _printf_e.o
        10          0          0          0          0          0   _printf_f.o
      1048         14          0          0          0        176   _printf_fp_dec.o
       136         16          0          0          0         76   _printf_fp_infnan.o
        10          0          0          0          0          0   _printf_g.o
       152          4         40          0          0        148   _printf_hex_int_ll_ptr.o
        10          0          0          0          0          0   _printf_i.o
       176          0          0          0          0         84   _printf_intcommon.o
        10          0          0          0          0          0   _printf_l.o
        10          0          0          0          0          0   _printf_lc.o
        10          0          0          0          0          0   _printf_ll.o
        10          0          0          0          0          0   _printf_lld.o
        10          0          0          0          0          0   _printf_lli.o
        10          0          0          0          0          0   _printf_llo.o
        10          0          0          0          0          0   _printf_llu.o
        10          0          0          0          0          0   _printf_llx.o
       112         18          0          0          0         76   _printf_longlong_dec.o
        10          0          0          0          0          0   _printf_ls.o
        10          0          0          0          0          0   _printf_n.o
        10          0          0          0          0          0   _printf_o.o
       112         10          0          0          0        112   _printf_oct_int_ll.o
        10          0          0          0          0          0   _printf_p.o
        78          0          0          0          0        100   _printf_pad.o
         2          0          0          0          0          0   _printf_percent.o
         4          0          0          0          0          0   _printf_percent_end.o
        10          0          0          0          0          0   _printf_s.o
        82          0          0          0          0         72   _printf_str.o
        36          0          0          0          0         76   _printf_truncate.o
        10          0          0          0          0          0   _printf_u.o
        46          0          0          0          0        100   _printf_wchar.o
       188          6          8          0          0         80   _printf_wctomb.o
        10          0          0          0          0          0   _printf_x.o
        22          0          0          0          0         92   _rserrno.o
       896         16          0          0          0         84   _scanf.o
       330          0          0          0          0         84   _scanf_int.o
       232          0          0          0          0         84   _scanf_str.o
        68          0          0          0          0         76   _sgetc.o
        10          0          0          0          0         60   _sputc.o
        64          0          0          0          0         72   _wcrtomb.o
        20          0          0          0          0         68   abort.o
        18          0          0          0          0         68   aeabi_memset.o
       346          0          0          0          0         92   aeabi_sdiv.o
       216          6        148          0          0         80   bigflt0.o
      1408         30          0          0          0        260   btod.o
        36          4          0          0          0         68   c89vsprintf.o
        48         34          0          0          0         68   defsig_abrt_inner.o
        12          0          0          0          0         68   defsig_abrt_outer.o
        12          0          0          0          0         68   defsig_exit.o
        52          0          0          0          0         72   defsig_general.o
        80         58          0          0          0         68   defsig_rtmem_inner.o
        12          0          0          0          0         68   defsig_rtmem_outer.o
        16          0          0          0          0         68   exit.o
       154          0          0          0          0        116   h1_alloc_mt.o
        54          0          0          0          0         72   h1_extend_mt.o
        10          0          0          0          0         68   h1_final_mt.o
       116          0          0          0          0        100   h1_free_mt.o
        22          0          0          0          0         84   h1_init_mt.o
         6          0          0          0          0        136   heapauxi.o
         4          0          0          0          0        120   hguard.o
         0          0          0          0          0          0   indicate_semi.o
        36         10          0          0          0         72   init_aeabi.o
       136          0          0          0          0        160   init_alloc.o
        18          0          0          0          0         68   isspace.o
        44         10        272          0          0         76   lc_ctype_c.o
        44         10         28          0          0         76   lc_numeric_c.o
         2          0          0          0          0          0   libinit.o
        42          0          0          0          0          0   libinit2.o
         2          0          0          0          0          0   libshutdown.o
         6          0          0          0          0          0   libshutdown2.o
         8          4          0          0         96         68   libspace.o
       122          0          0          0          0         72   lludiv10.o
         0          0          0          0          0          0   maybetermalloc2.o
        16          4          0          0          0         76   rt_ctype_table.o
        10          0          0          0          0         76   rt_eh_globals_addr_twolibspace.o
         8          0          0          0          0         76   rt_errno_addr_twolibspace.o
        10          0          0          0          0         76   rt_heap_descriptor_twolibspace.o
        10          0          0          0          0         76   rt_locale_twolibspace.o
        64          0          0          0          0        108   rt_memclr.o
       186          0          0          0          0        144   rt_memcpy.o
        10          0          0          0          0         76   rt_new_handler_addr_twolibspace.o
         2          0          0          0          0          0   rtexit.o
        10          0          0          0          0          0   rtexit2.o
        40          0          0          0          0         60   rtudiv10.o
        48          8          0          0          0         84   scanf_char.o
       136          4          0          0          0         72   strcmp.o
        68          6          0          0          0         72   strlen.o
        40          0          0          0          0         72   strstr.o
        12          4          0          0          0         60   sys_exit.o
        62          0          0          0          0         80   sys_stackheap_outer.o
        12          0          0          0          0         68   sys_wrch.o
        14          0          0          0          0         68   term_alloc.o
        34          0          0          0          0         60   uread4.o
         2          0          0          0          0         68   use_no_semi.o
        84         12          0          0          0         96   arm_exceptions_globs.o
        66          0          0          0          0        100   arm_exceptions_mem.o
        28          0          0          0          0         68   arm_exceptions_terminate.o
         8          0          0          0          0         68   arm_newhandler_noexceptions.o
         8          0          0          0          0         68   array_new.o
         8          0          0          0          0         68   delete.o
        40          4          0          0          0         68   new.o
       348          8          0          0          0        160   faddsub.o
       352         10         64          0          0         92   fdiv.o
        76          0          0          0          0         68   ffixi.o
        94          0          0          0          0         92   fflti.o
       176          4          0          0          0         80   fmul.o
        68          4          0          0          0         68   fscalbn.o
        16          4          0          0          0         76   printf1.o
         0          0          0          0          0          0   usenofp.o
        44          4          0          0          0         60   fpclassify.o
        36          0          0          0          0        204   funder.o
       420         52         64          0          0         76   log10f.o

    ----------------------------------------------------------------------
     10758        426        644          0        100       7712   Library Totals
        18          0          3          0          4          0   (incl. Padding)

    ----------------------------------------------------------------------

      Code (inc. data)   RO Data    RW Data    ZI Data      Debug   Library Name

      8868        324        513          0         96       6200   c_p.l
       242         16          0          0          0        536   cpprt_p.l
      1130         30         64          0          0        636   fz_ps.l
       500         56         64          0          0        340   m_ps.l

    ----------------------------------------------------------------------
     10758        426        644          0        100       7712   Library Totals

    ----------------------------------------------------------------------

==============================================================================


      Code (inc. data)   RO Data    RW Data    ZI Data      Debug   

     24412       2000        872       1768      30896     451065   Grand Totals
     24412       2000        872        560      30896     451065   ELF Image Totals (compressed)
     24412       2000        872        560          0          0   ROM Totals

==============================================================================

    Total RO  Size (Code + RO Data)                25284 (  24.69kB)
    Total RW  Size (RW Data + ZI Data)             32664 (  31.90kB)
    Total ROM Size (Code + RO Data + RW Data)      25844 (  25.24kB)

==============================================================================

