Component: ARM Compiler 5.06 update 7 (build 960) Tool: armlink [4d3601]

==============================================================================

Section Cross References

    main.o(i.SERCOM0_Handler) refers to queue.o(i.xQueueGenericSendFromISR) for xQueueGenericSendFromISR
    main.o(i.SERCOM0_Handler) refers to main.o(.data) for .data
    main.o(i.SERCOM1_Handler) refers to main.o(i._Z12verifyPackettPht) for verifyPacket(unsigned short, unsigned char*, unsigned short)
    main.o(i.SERCOM1_Handler) refers to queue.o(i.xQueueReceiveFromISR) for xQueueReceiveFromISR
    main.o(i.SERCOM1_Handler) refers to queue.o(i.xQueueGiveFromISR) for xQueueGiveFromISR
    main.o(i.SERCOM1_Handler) refers to main.o(.data) for .data
    main.o(i.SERCOM1_Handler) refers to main.o(.bss) for .bss
    main.o(i.SERCOM2_Handler) refers to strstr.o(.text) for strstr
    main.o(i.SERCOM2_Handler) refers to queue.o(i.xQueueReceiveFromISR) for xQueueReceiveFromISR
    main.o(i.SERCOM2_Handler) refers to queue.o(i.xQueueGiveFromISR) for xQueueGiveFromISR
    main.o(i.SERCOM2_Handler) refers to gsm_usart.o(i._Z11clearBufferPc) for clearBuffer(char*)
    main.o(i.SERCOM2_Handler) refers to main.o(.bss) for .bss
    main.o(i.SERCOM2_Handler) refers to main.o(.data) for .data
    main.o(i._Z10setupParsePv) refers to queue.o(i.xQueueSemaphoreTake) for xQueueSemaphoreTake
    main.o(i._Z10setupParsePv) refers to tasks.o(i.xTaskCreate) for xTaskCreate
    main.o(i._Z10setupParsePv) refers to main.o(.data) for .data
    main.o(i._Z10setupParsePv) refers to main.o(i._Z18parseSmartmeshDataPv) for parseSmartmeshData(void*)
    main.o(i._Z12verifyPackettPht) refers to main.o(.data) for .data
    main.o(i._Z18parseSmartmeshDataPv) refers to queue.o(i.xQueueSemaphoreTake) for xQueueSemaphoreTake
    main.o(i._Z18parseSmartmeshDataPv) refers to queue.o(i.xQueueGenericSend) for xQueueGenericSend
    main.o(i._Z18parseSmartmeshDataPv) refers to sercom.o(i._ZN4UART7_printfEPKcz) for UART::_printf(const char*, ...)
    main.o(i._Z18parseSmartmeshDataPv) refers to api.o(i._ZN13Smartmesh_API9subscribeEjj) for Smartmesh_API::subscribe(unsigned, unsigned)
    main.o(i._Z18parseSmartmeshDataPv) refers to api.o(i._ZN13Smartmesh_API8mgr_initEv) for Smartmesh_API::mgr_init()
    main.o(i._Z18parseSmartmeshDataPv) refers to api.o(i._ZN13Smartmesh_API12resetManagerEv) for Smartmesh_API::resetManager()
    main.o(i._Z18parseSmartmeshDataPv) refers to api.o(i._ZN13Smartmesh_API16parseNetworkInfoEP12network_infoPh) for Smartmesh_API::parseNetworkInfo(network_info*, unsigned char*)
    main.o(i._Z18parseSmartmeshDataPv) refers to tasks.o(i.vTaskDelete) for vTaskDelete
    main.o(i._Z18parseSmartmeshDataPv) refers to main.o(.data) for .data
    main.o(i._Z18parseSmartmeshDataPv) refers to main.o(.bss) for .bss
    main.o(i.__sti___8_main_cpp_982d444f) refers to sercom.o(i._ZN4UARTC1EP18sercom_registers_ti) for UART::UART(sercom_registers_t*, int)
    main.o(i.__sti___8_main_cpp_982d444f) refers to api.o(i._ZN13Smartmesh_APIC1EP4UART) for Smartmesh_API::Smartmesh_API(UART*)
    main.o(i.__sti___8_main_cpp_982d444f) refers to queue.o(i.xQueueGenericCreate) for xQueueGenericCreate
    main.o(i.__sti___8_main_cpp_982d444f) refers to queue.o(i.xQueueCreateCountingSemaphore) for xQueueCreateCountingSemaphore
    main.o(i.__sti___8_main_cpp_982d444f) refers to main.o(.data) for .data
    main.o(i.__sti___8_main_cpp_982d444f) refers to main.o(.bss) for .bss
    main.o(i.main) refers to system_setup.o(i._Z12setup_systemv) for setup_system()
    main.o(i.main) refers to tasks.o(i.xTaskCreate) for xTaskCreate
    main.o(i.main) refers to sercom.o(i._ZN4UARTC1EP18sercom_registers_ti) for UART::UART(sercom_registers_t*, int)
    main.o(i.main) refers to rt_memcpy.o(.emb_text) for __aeabi_memcpy4
    main.o(i.main) refers to api.o(i._ZN13Smartmesh_APIC1EP4UART) for Smartmesh_API::Smartmesh_API(UART*)
    main.o(i.main) refers to queue.o(i.xQueueGenericSend) for xQueueGenericSend
    main.o(i.main) refers to tasks.o(i.vTaskStartScheduler) for vTaskStartScheduler
    main.o(i.main) refers to gsm_usart.o(i._Z13setupGsmParsePv) for setupGsmParse(void*)
    main.o(i.main) refers to main.o(i._Z10setupParsePv) for setupParse(void*)
    main.o(i.main) refers to sendingdata.o(i._Z8sendDataPv) for sendData(void*)
    main.o(i.main) refers to bluetooth.o(i._Z14bluetoothParsePv) for bluetoothParse(void*)
    main.o(i.main) refers to main.o(.data) for .data
    main.o(i.main) refers to main.o(.bss) for .bss
    main.o(.ARM.exidx) refers to main.o(i._Z12verifyPackettPht) for i._Z12verifyPackettPht
    main.o(.ARM.exidx) refers to main.o(i._Z18parseSmartmeshDataPv) for i._Z18parseSmartmeshDataPv
    main.o(.ARM.exidx) refers to main.o(i._Z10setupParsePv) for i._Z10setupParsePv
    main.o(.ARM.exidx) refers to main.o(i.main) for i.main
    main.o(.ARM.exidx) refers to main.o(i.SERCOM1_Handler) for i.SERCOM1_Handler
[...]
    i.vTaskStartScheduler                    0x00003cbc   Section        0  tasks.o(i.vTaskStartScheduler)
    i.vTaskSuspendAll                        0x00003d34   Section        0  tasks.o(i.vTaskSuspendAll)
    i.vTaskSwitchContext                     0x00003d44   Section        0  tasks.o(i.vTaskSwitchContext)
    i.xPortStartScheduler                    0x00003dc8   Section        0  port.o(i.xPortStartScheduler)
    i.xPortSysTickHandler                    0x00003df8   Section        0  port.o(i.xPortSysTickHandler)
    i.xQueueCreateCountingSemaphore          0x00003e1c   Section        0  queue.o(i.xQueueCreateCountingSemaphore)
    i.xQueueCreateMutex                      0x00003e3c   Section        0  queue.o(i.xQueueCreateMutex)
    i.xQueueCreateMutexStatic                0x00003e54   Section        0  queue.o(i.xQueueCreateMutexStatic)
    i.xQueueGenericCreate                    0x00003e70   Section        0  queue.o(i.xQueueGenericCreate)
    i.xQueueGenericCreateStatic              0x00003ebe   Section        0  queue.o(i.xQueueGenericCreateStatic)
    i.xQueueGenericReset                     0x00003efc   Section        0  queue.o(i.xQueueGenericReset)
    i.xQueueGenericSend                      0x00003f8a   Section        0  queue.o(i.xQueueGenericSend)
    i.xQueueGenericSendFromISR               0x000040a6   Section        0  queue.o(i.xQueueGenericSendFromISR)
    i.xQueueGiveFromISR                      0x00004140   Section        0  queue.o(i.xQueueGiveFromISR)
    i.xQueueReceive                          0x000041be   Section        0  queue.o(i.xQueueReceive)
    i.xQueueReceiveFromISR                   0x000042c6   Section        0  queue.o(i.xQueueReceiveFromISR)
    i.xQueueSemaphoreTake                    0x0000434a   Section        0  queue.o(i.xQueueSemaphoreTake)
    i.xTaskCheckForTimeOut                   0x00004488   Section        0  tasks.o(i.xTaskCheckForTimeOut)
    i.xTaskCreate                            0x000044ec   Section        0  tasks.o(i.xTaskCreate)
    i.xTaskCreateStatic                      0x0000454c   Section        0  tasks.o(i.xTaskCreateStatic)
    i.xTaskGetSchedulerState                 0x00004594   Section        0  tasks.o(i.xTaskGetSchedulerState)
    i.xTaskGetTickCount                      0x000045b4   Section        0  tasks.o(i.xTaskGetTickCount)
    i.xTaskIncrementTick                     0x000045c0   Section        0  tasks.o(i.xTaskIncrementTick)
    i.xTaskPriorityDisinherit                0x000046d4   Section        0  tasks.o(i.xTaskPriorityDisinherit)
    i.xTaskPriorityInherit                   0x00004758   Section        0  tasks.o(i.xTaskPriorityInherit)
    i.xTaskRemoveFromEventList               0x000047f0   Section        0  tasks.o(i.xTaskRemoveFromEventList)
    i.xTaskResumeAll                         0x000048bc   Section        0  tasks.o(i.xTaskResumeAll)
    i.xTimerCreateTimerTask                  0x000049c0   Section        0  timers.o(i.xTimerCreateTimerTask)
    locale$$code                             0x00004a20   Section       44  lc_ctype_c.o(locale$$code)
    locale$$code                             0x00004a4c   Section       44  lc_numeric_c.o(locale$$code)
    x$fpl$printf1                            0x00004a78   Section       16  printf1.o(x$fpl$printf1)
    .constdata                               0x00004a88   Section        8  _printf_wctomb.o(.constdata)
    x$fpl$usenofp                            0x00004a88   Section        0  usenofp.o(x$fpl$usenofp)
    initial_mbstate                          0x00004a88   Data           8  _printf_wctomb.o(.constdata)
    .constdata                               0x00004a90   Section       40  _printf_hex_int_ll_ptr.o(.constdata)
    uc_hextab                                0x00004a90   Data          20  _printf_hex_int_ll_ptr.o(.constdata)
    lc_hextab                                0x00004aa4   Data          20  _printf_hex_int_ll_ptr.o(.constdata)
    .constdata                               0x00004ab8   Section       17  __printf_flags_ss_wp.o(.constdata)
    maptable                                 0x00004ab8   Data          17  __printf_flags_ss_wp.o(.constdata)
    .constdata                               0x00004acc   Section      148  bigflt0.o(.constdata)
    tenpwrs_x                                0x00004acc   Data          60  bigflt0.o(.constdata)
    tenpwrs_i                                0x00004b08   Data          64  bigflt0.o(.constdata)
    .conststring                             0x00004b60   Section       85  sendingdata.o(.conststring)
    locale$$data                             0x00004bd8   Section      272  lc_ctype_c.o(locale$$data)
    __lcctype_c_name                         0x00004bdc   Data           2  lc_ctype_c.o(locale$$data)
    __lcctype_c_start                        0x00004be4   Data           0  lc_ctype_c.o(locale$$data)
    locale$$data                             0x00004ce8   Section       28  lc_numeric_c.o(locale$$data)
    __lcctype_c_end                          0x00004ce8   Data           0  lc_ctype_c.o(locale$$data)
    __lcnum_c_name                           0x00004cec   Data           2  lc_numeric_c.o(locale$$data)
    __lcnum_c_start                          0x00004cf4   Data           0  lc_numeric_c.o(locale$$data)
    __lcnum_c_point                          0x00004d00   Data           0  lc_numeric_c.o(locale$$data)
    __lcnum_c_thousands                      0x00004d02   Data           0  lc_numeric_c.o(locale$$data)
    __lcnum_c_grouping                       0x00004d03   Data           0  lc_numeric_c.o(locale$$data)
    .init_array                              0x00004d04   Section        4  main.o(.init_array)
    __lcnum_c_end                            0x00004d04   Data           0  lc_numeric_c.o(locale$$data)
    .init_array                              0x00004d08   Section        0  init_aeabi.o(.init_array)
    .data                                    0x20000000   Section      584  main.o(.data)
    fcstab                                   0x20000048   Data         512  main.o(.data)
    .data                                    0x20000248   Section        1  main.o(.data)
    .data                                    0x20000249   Section        1  main.o(.data)
    .data                                    0x2000024a   Section      512  api.o(.data)
    fcstab                                   0x2000024a   Data         512  api.o(.data)
    .data                                    0x2000044c   Section        4  system_saml21g18b.o(.data)
    .data                                    0x20000450   Section       32  heap_4.o(.data)
    pxEnd                                    0x20000450   Data           4  heap_4.o(.data)
    xFreeBytesRemaining                      0x20000454   Data           4  heap_4.o(.data)
    xMinimumEverFreeBytesRemaining           0x20000458   Data           4  heap_4.o(.data)
    xNumberOfSuccessfulAllocations           0x2000045c   Data           4  heap_4.o(.data)
    xNumberOfSuccessfulFrees                 0x20000460   Data           4  heap_4.o(.data)
    xBlockAllocatedBit                       0x20000464   Data           4  heap_4.o(.data)
    xStart                                   0x20000468   Data           8  heap_4.o(.data)
    .data                                    0x20000470   Section        4  port.o(.data)
    uxCriticalNesting                        0x20000470   Data           4  port.o(.data)
    .data                                    0x20000474   Section       64  tasks.o(.data)
    uxDeletedTasksWaitingCleanUp             0x20000478   Data           4  tasks.o(.data)
    uxCurrentNumberOfTasks                   0x2000047c   Data           4  tasks.o(.data)
    xTickCount                               0x20000480   Data           4  tasks.o(.data)
    uxTopReadyPriority                       0x20000484   Data           4  tasks.o(.data)
    xSchedulerRunning                        0x20000488   Data           4  tasks.o(.data)
    xPendedTicks                             0x2000048c   Data           4  tasks.o(.data)
    xYieldPending                            0x20000490   Data           4  tasks.o(.data)
    xNumOfOverflows                          0x20000494   Data           4  tasks.o(.data)
    uxTaskNumber                             0x20000498   Data           4  tasks.o(.data)
    xNextTaskUnblockTime                     0x2000049c   Data           4  tasks.o(.data)
    xIdleTaskHandle                          0x200004a0   Data           4  tasks.o(.data)
    uxSchedulerSuspended                     0x200004a8   Data           4  tasks.o(.data)
    pxDelayedTaskList                        0x200004ac   Data           4  tasks.o(.data)
    pxOverflowDelayedTaskList                0x200004b0   Data           4  tasks.o(.data)
    .data                                    0x200004b4   Section       20  timers.o(.data)
    xTimerQueue                              0x200004b4   Data           4  timers.o(.data)
    xTimerTaskHandle                         0x200004b8   Data           4  timers.o(.data)
    xLastTime                                0x200004bc   Data           4  timers.o(.data)
    pxCurrentTimerList                       0x200004c0   Data           4  timers.o(.data)
    pxOverflowTimerList                      0x200004c4   Data           4  timers.o(.data)
    .bss                                     0x200004c8   Section      800  main.o(.bss)
    .bss                                     0x200007e8   Section      256  sercom.o(.bss)
    buffer                                   0x200007e8   Data         256  sercom.o(.bss)
    .bss                                     0x200008e8   Section      916  clib_arm.o(.bss)
    os_libspace                              0x200008e8   Data         480  clib_arm.o(.bss)
    os_libspace_id                           0x20000ac8   Data          16  clib_arm.o(.bss)
    clib_mutex_cb                            0x20000ad8   Data         400  clib_arm.o(.bss)
    clib_mutex_id                            0x20000c68   Data          20  clib_arm.o(.bss)
    .bss                                     0x20000c7c   Section     1016  cmsis_os2.o(.bss)
    Idle_TCB                                 0x20000c7c   Data          92  cmsis_os2.o(.bss)
    Idle_Stack                               0x20000cd8   Data         512  cmsis_os2.o(.bss)
    Timer_TCB                                0x20000ed8   Data          92  cmsis_os2.o(.bss)
    Timer_Stack                              0x20000f34   Data         320  cmsis_os2.o(.bss)
    .bss                                     0x20001074   Section    16384  heap_4.o(.bss)
    ucHeap                                   0x20001074   Data       16384  heap_4.o(.bss)
    .bss                                     0x20005074   Section     1220  tasks.o(.bss)
    pxReadyTasksLists                        0x20005074   Data        1120  tasks.o(.bss)
    xDelayedTaskList1                        0x200054d4   Data          20  tasks.o(.bss)
    xDelayedTaskList2                        0x200054e8   Data          20  tasks.o(.bss)
    xPendingReadyList                        0x200054fc   Data          20  tasks.o(.bss)
    xTasksWaitingTermination                 0x20005510   Data          20  tasks.o(.bss)
    xSuspendedTaskList                       0x20005524   Data          20  tasks.o(.bss)
    .bss                                     0x20005538   Section      200  timers.o(.bss)
    xStaticTimerQueue                        0x20005538   Data          80  timers.o(.bss)
    ucStaticTimerQueueStorage                0x20005588   Data          80  timers.o(.bss)
    xActiveTimerList1                        0x200055d8   Data          20  timers.o(.bss)
    xActiveTimerList2                        0x200055ec   Data          20  timers.o(.bss)
    .bss                                     0x20005600   Section       96  libspace.o(.bss)
    HEAP                                     0x20005660   Section     1280  startup_saml21g18b.o(HEAP)
    Heap_Mem                                 0x20005660   Data        1280  startup_saml21g18b.o(HEAP)
    STACK                                    0x20005b60   Section     1280  startup_saml21g18b.o(STACK)
    Stack_Mem                                0x20005b60   Data        1280  startup_saml21g18b.o(STACK)
    __initial_sp                             0x20006060   Data           0  startup_saml21g18b.o(STACK)

    Global Symbols

    Symbol Name                              Value     Ov Type        Size  Object(Section)

    BuildAttributes$$THM_ISAv3M$S$PE$A:L22$X:L11$S22$IEEE1$IW$USESV6$~STKCKD$USESV7$~SHL$OTIME$ROPI$IEEEJ$EBA8$UX$STANDARDLIB$REQ8$PRES8$EABIv2 0x00000000   Number         0  anon$$obj.o ABSOLUTE
    __ARM_use_no_argv                        0x00000000   Number         0  main.o ABSOLUTE
    __Vectors                                0x00000000   Data           4  startup_saml21g18b.o(RESET)
    _printf_flags                            0x00000000   Number         0  printf_stubs.o ABSOLUTE
    _printf_return_value                     0x00000000   Number         0  printf_stubs.o ABSOLUTE
    _printf_sizespec                         0x00000000   Number         0  printf_stubs.o ABSOLUTE
    _printf_widthprec                        0x00000000   Number         0  printf_stubs.o ABSOLUTE
    __ARM_exceptions_init                     - Undefined Weak Reference
    __alloca_initialize                       - Undefined Weak Reference
    __arm_fini_                               - Undefined Weak Reference
    __arm_preinit_                            - Undefined Weak Reference
    __cxa_finalize                            - Undefined Weak Reference
    __sigvec_lookup                           - Undefined Weak Reference
    _atexit_init                              - Undefined Weak Reference
    _call_atexit_fns                          - Undefined Weak Reference
    _clock_init                               - Undefined Weak Reference
    _fp_trap_init                             - Undefined Weak Reference
    _fp_trap_shutdown                         - Undefined Weak Reference
    _get_lc_collate                           - Undefined Weak Reference
    _get_lc_monetary                          - Undefined Weak Reference
    _get_lc_time                              - Undefined Weak Reference
    _getenv_init                              - Undefined Weak Reference
    _handle_redirection                       - Undefined Weak Reference
    _init_alloc                               - Undefined Weak Reference
    _init_user_alloc                          - Undefined Weak Reference
    _initio                                   - Undefined Weak Reference
    _printf_fp_hex                            - Undefined Weak Reference
    _printf_mbtowc                            - Undefined Weak Reference
    _printf_wc                                - Undefined Weak Reference
    _rand_init                                - Undefined Weak Reference
    _scanf_longlong                           - Undefined Weak Reference
    _scanf_mbtowc                             - Undefined Weak Reference
    _scanf_real                               - Undefined Weak Reference
    _scanf_wctomb                             - Undefined Weak Reference
    _scanf_wstring                            - Undefined Weak Reference
    _signal_finish                            - Undefined Weak Reference
    _signal_init                              - Undefined Weak Reference
    _terminate_alloc                          - Undefined Weak Reference
    _terminate_user_alloc                     - Undefined Weak Reference
    _terminateio                              - Undefined Weak Reference
    __Vectors_End                            0x000000b0   Data           0  startup_saml21g18b.o(RESET)
    __Vectors_Size                           0x000000b0   Number         0  startup_saml21g18b.o ABSOLUTE
    __main                                   0x000000b1   Thumb Code     8  __main.o(!!!main)
    __scatterload                            0x000000b9   Thumb Code     0  __scatter.o(!!!scatter)
    __scatterload_rt2                        0x000000b9   Thumb Code    52  __scatter.o(!!!scatter)
    __scatterload_rt2_thumb_only             0x000000b9   Thumb Code     0  __scatter.o(!!!scatter)
    __scatterload_null                       0x000000c9   Thumb Code     0  __scatter.o(!!!scatter)
    __scatterload_zeroinit                   0x000000f5   Thumb Code    28  __scatter_zi.o(!!handler_zi)
    _printf_percent                          0x00000111   Thumb Code     0  _printf_percent.o(.ARM.Collect$$_printf_percent$$00000000)
    _printf_n                                0x00000113   Thumb Code     0  _printf_n.o(.ARM.Collect$$_printf_percent$$00000001)
    _printf_p                                0x0000011d   Thumb Code     0  _printf_p.o(.ARM.Collect$$_printf_percent$$00000002)
    _printf_f                                0x00000127   Thumb Code     0  _printf_f.o(.ARM.Collect$$_printf_percent$$00000003)
    _printf_e                                0x00000131   Thumb Code     0  _printf_e.o(.ARM.Collect$$_printf_percent$$00000004)
    _printf_g                                0x0000013b   Thumb Code     0  _printf_g.o(.ARM.Collect$$_printf_percent$$00000005)
    _printf_a                                0x00000145   Thumb Code     0  _printf_a.o(.ARM.Collect$$_printf_percent$$00000006)
    _printf_ll                               0x0000014f   Thumb Code     0  _printf_ll.o(.ARM.Collect$$_printf_percent$$00000007)
    _printf_i                                0x00000159   Thumb Code     0  _printf_i.o(.ARM.Collect$$_printf_percent$$00000008)
    _printf_d                                0x00000163   Thumb Code     0  _printf_d.o(.ARM.Collect$$_printf_percent$$00000009)
    _printf_u                                0x0000016d   Thumb Code     0  _printf_u.o(.ARM.Collect$$_printf_percent$$0000000A)
    _printf_o                                0x00000177   Thumb Code     0  _printf_o.o(.ARM.Collect$$_printf_percent$$0000000B)
    _printf_x                                0x00000181   Thumb Code     0  _printf_x.o(.ARM.Collect$$_printf_percent$$0000000C)
    _printf_lli                              0x0000018b   Thumb Code     0  _printf_lli.o(.ARM.Collect$$_printf_percent$$0000000D)
    _printf_lld                              0x00000195   Thumb Code     0  _printf_lld.o(.ARM.Collect$$_printf_percent$$0000000E)
    _printf_llu                              0x0000019f   Thumb Code     0  _printf_llu.o(.ARM.Collect$$_printf_percent$$0000000F)
    _printf_llo                              0x000001a9   Thumb Code     0  _printf_llo.o(.ARM.Collect$$_printf_percent$$00000010)
    _printf_llx                              0x000001b3   Thumb Code     0  _printf_llx.o(.ARM.Collect$$_printf_percent$$00000011)
    _printf_l                                0x000001bd   Thumb Code     0  _printf_l.o(.ARM.Collect$$_printf_percent$$00000012)
    _printf_c                                0x000001c7   Thumb Code     0  _printf_c.o(.ARM.Collect$$_printf_percent$$00000013)
    _printf_s                                0x000001d1   Thumb Code     0  _printf_s.o(.ARM.Collect$$_printf_percent$$00000014)
    _printf_lc                               0x000001db   Thumb Code     0  _printf_lc.o(.ARM.Collect$$_printf_percent$$00000015)
    _printf_ls                               0x000001e5   Thumb Code     0  _printf_ls.o(.ARM.Collect$$_printf_percent$$00000016)
    _printf_percent_end                      0x000001ef   Thumb Code     0  _printf_percent_end.o(.ARM.Collect$$_printf_percent$$00000017)
    __rt_lib_init                            0x000001f3   Thumb Code     0  libinit.o(.ARM.Collect$$libinit$$00000000)
    __rt_lib_init_fp_1                       0x000001f5   Thumb Code     0  libinit2.o(.ARM.Collect$$libinit$$00000002)
    __rt_lib_init_heap_1                     0x000001f5   Thumb Code     0  libinit2.o(.ARM.Collect$$libinit$$0000000A)
    __rt_lib_init_lc_common                  0x000001f5   Thumb Code     0  libinit2.o(.ARM.Collect$$libinit$$0000000F)
    __rt_lib_init_preinit_1                  0x000001f5   Thumb Code     0  libinit2.o(.ARM.Collect$$libinit$$00000004)
    __rt_lib_init_rand_1                     0x000001f5   Thumb Code     0  libinit2.o(.ARM.Collect$$libinit$$0000000E)
    __rt_lib_init_user_alloc_1               0x000001f5   Thumb Code     0  libinit2.o(.ARM.Collect$$libinit$$0000000C)
    __rt_lib_init_lc_collate_1               0x000001fb   Thumb Code     0  libinit2.o(.ARM.Collect$$libinit$$00000011)
    __rt_lib_init_lc_ctype_2                 0x000001fb   Thumb Code     0  libinit2.o(.ARM.Collect$$libinit$$00000012)
    __rt_lib_init_lc_ctype_1                 0x00000207   Thumb Code     0  libinit2.o(.ARM.Collect$$libinit$$00000013)
    __rt_lib_init_lc_monetary_1              0x00000207   Thumb Code     0  libinit2.o(.ARM.Collect$$libinit$$00000015)
    __rt_lib_init_lc_numeric_2               0x00000207   Thumb Code     0  libinit2.o(.ARM.Collect$$libinit$$00000016)
    __rt_lib_init_alloca_1                   0x00000211   Thumb Code     0  libinit2.o(.ARM.Collect$$libinit$$0000002E)
    __rt_lib_init_argv_1                     0x00000211   Thumb Code     0  libinit2.o(.ARM.Collect$$libinit$$0000002C)
    __rt_lib_init_atexit_1                   0x00000211   Thumb Code     0  libinit2.o(.ARM.Collect$$libinit$$0000001B)
    __rt_lib_init_clock_1                    0x00000211   Thumb Code     0  libinit2.o(.ARM.Collect$$libinit$$00000021)
    __rt_lib_init_cpp_2                      0x00000211   Thumb Code     0  libinit2.o(.ARM.Collect$$libinit$$00000031)
    __rt_lib_init_exceptions_1               0x00000211   Thumb Code     0  libinit2.o(.ARM.Collect$$libinit$$00000030)
    __rt_lib_init_fp_trap_1                  0x00000211   Thumb Code     0  libinit2.o(.ARM.Collect$$libinit$$0000001F)
    __rt_lib_init_getenv_1                   0x00000211   Thumb Code     0  libinit2.o(.ARM.Collect$$libinit$$00000023)
    __rt_lib_init_lc_numeric_1               0x00000211   Thumb Code     0  libinit2.o(.ARM.Collect$$libinit$$00000017)
    __rt_lib_init_lc_time_1                  0x00000211   Thumb Code     0  libinit2.o(.ARM.Collect$$libinit$$00000019)
    __rt_lib_init_signal_1                   0x00000211   Thumb Code     0  libinit2.o(.ARM.Collect$$libinit$$0000001D)
    __rt_lib_init_stdio_1                    0x00000211   Thumb Code     0  libinit2.o(.ARM.Collect$$libinit$$00000025)
    __rt_lib_init_cpp_1                      0x00000215   Thumb Code     0  libinit2.o(.ARM.Collect$$libinit$$00000032)
    __rt_lib_init_return                     0x00000215   Thumb Code     0  libinit2.o(.ARM.Collect$$libinit$$00000033)
    __rt_lib_shutdown                        0x00000217   Thumb Code     0  libshutdown.o(.ARM.Collect$$libshutdown$$00000000)
    __rt_lib_shutdown_cpp_1                  0x00000219   Thumb Code     0  libshutdown2.o(.ARM.Collect$$libshutdown$$00000004)
    __rt_lib_shutdown_fini_1                 0x00000219   Thumb Code     0  libshutdown2.o(.ARM.Collect$$libshutdown$$00000002)
    __rt_lib_shutdown_fp_trap_1              0x00000219   Thumb Code     0  libshutdown2.o(.ARM.Collect$$libshutdown$$00000009)
    __rt_lib_shutdown_heap_1                 0x00000219   Thumb Code     0  libshutdown2.o(.ARM.Collect$$libshutdown$$00000011)
    __rt_lib_shutdown_return                 0x00000219   Thumb Code     0  libshutdown2.o(.ARM.Collect$$libshutdown$$00000012)
    __rt_lib_shutdown_signal_1               0x00000219   Thumb Code     0  libshutdown2.o(.ARM.Collect$$libshutdown$$0000000C)
    __rt_lib_shutdown_stdio_1                0x00000219   Thumb Code     0  libshutdown2.o(.ARM.Collect$$libshutdown$$00000006)
    __rt_lib_shutdown_user_alloc_1           0x00000219   Thumb Code     0  libshutdown2.o(.ARM.Collect$$libshutdown$$0000000E)
    __rt_entry                               0x0000021b   Thumb Code     0  __rtentry.o(.ARM.Collect$$rtentry$$00000000)
    __rt_entry_presh_1                       0x0000021b   Thumb Code     0  __rtentry2.o(.ARM.Collect$$rtentry$$00000002)
    __rt_entry_sh                            0x0000021b   Thumb Code     0  __rtentry4.o(.ARM.Collect$$rtentry$$00000004)
    __rt_entry_postsh_1                      0x00000221   Thumb Code     0  __rtentry2.o(.ARM.Collect$$rtentry$$00000008)
    __rt_entry_li                            0x00000229   Thumb Code     0  __rtentry2.o(.ARM.Collect$$rtentry$$0000000A)
    __rt_entry_main                          0x0000022d   Thumb Code     0  __rtentry2.o(.ARM.Collect$$rtentry$$0000000D)
    __rt_entry_postli_1                      0x0000022d   Thumb Code     0  __rtentry2.o(.ARM.Collect$$rtentry$$0000000C)
    __rt_exit                                0x00000235   Thumb Code     0  rtexit.o(.ARM.Collect$$rtexit$$00000000)
    __rt_exit_ls                             0x00000237   Thumb Code     0  rtexit2.o(.ARM.Collect$$rtexit$$00000003)
    __rt_exit_prels_1                        0x00000237   Thumb Code     0  rtexit2.o(.ARM.Collect$$rtexit$$00000002)
    __rt_exit_exit                           0x0000023b   Thumb Code     0  rtexit2.o(.ARM.Collect$$rtexit$$00000004)
    __asm___6_port_c_39a90d8d__prvPortStartFirstTask 0x00000241   Thumb Code    36  port.o(.emb_text)
    ulSetInterruptMaskFromISR                0x00000269   Thumb Code     8  port.o(.emb_text)
    vClearInterruptMaskFromISR               0x00000271   Thumb Code     6  port.o(.emb_text)
    PendSV_Handler                           0x00000277   Thumb Code    62  port.o(.emb_text)
    __aeabi_memcpy4                          0x000002b9   Thumb Code    56  rt_memcpy.o(.emb_text)
    __aeabi_memcpy8                          0x000002b9   Thumb Code     0  rt_memcpy.o(.emb_text)
    Reset_Handler                            0x000002f1   Thumb Code     8  startup_saml21g18b.o(.text)
    NonMaskableInt_Handler                   0x000002f9   Thumb Code     2  startup_saml21g18b.o(.text)
    HardFault_Handler                        0x000002fb   Thumb Code     2  startup_saml21g18b.o(.text)
    AC_Handler                               0x00000303   Thumb Code     0  startup_saml21g18b.o(.text)
    ADC_Handler                              0x00000303   Thumb Code     0  startup_saml21g18b.o(.text)
    AES_Handler                              0x00000303   Thumb Code     0  startup_saml21g18b.o(.text)
    DAC_Handler                              0x00000303   Thumb Code     0  startup_saml21g18b.o(.text)
    DMAC_Handler                             0x00000303   Thumb Code     0  startup_saml21g18b.o(.text)
    EIC_Handler                              0x00000303   Thumb Code     0  startup_saml21g18b.o(.text)
    EVSYS_Handler                            0x00000303   Thumb Code     0  startup_saml21g18b.o(.text)
    NVMCTRL_Handler                          0x00000303   Thumb Code     0  startup_saml21g18b.o(.text)
    PTC_Handler                              0x00000303   Thumb Code     0  startup_saml21g18b.o(.text)
    RTC_Handler                              0x00000303   Thumb Code     0  startup_saml21g18b.o(.text)
    SERCOM3_Handler                          0x00000303   Thumb Code     0  startup_saml21g18b.o(.text)
    SERCOM4_Handler                          0x00000303   Thumb Code     0  startup_saml21g18b.o(.text)
    SERCOM5_Handler                          0x00000303   Thumb Code     0  startup_saml21g18b.o(.text)
    SYSTEM_Handler                           0x00000303   Thumb Code     0  startup_saml21g18b.o(.text)
    TC0_Handler                              0x00000303   Thumb Code     0  startup_saml21g18b.o(.text)
    TC1_Handler                              0x00000303   Thumb Code     0  startup_saml21g18b.o(.text)
    TC4_Handler                              0x00000303   Thumb Code     0  startup_saml21g18b.o(.text)
    TCC0_Handler                             0x00000303   Thumb Code     0  startup_saml21g18b.o(.text)
    TCC1_Handler                             0x00000303   Thumb Code     0  startup_saml21g18b.o(.text)
    TCC2_Handler                             0x00000303   Thumb Code     0  startup_saml21g18b.o(.text)
    TRNG_Handler                             0x00000303   Thumb Code     0  startup_saml21g18b.o(.text)
    USB_Handler                              0x00000303   Thumb Code     0  startup_saml21g18b.o(.text)
    WDT_Handler                              0x00000303   Thumb Code     0  startup_saml21g18b.o(.text)
    __user_initial_stackheap                 0x00000305   Thumb Code     0  startup_saml21g18b.o(.text)
    __rt_ctype_table                         0x00000329   Thumb Code    16  rt_ctype_table.o(.text)
    __c89vsprintf                            0x00000339   Thumb Code    32  c89vsprintf.o(.text)
    __0sscanf                                0x0000035d   Thumb Code    54  __0sscanf.o(.text)
    _scanf_int                               0x0000039d   Thumb Code   330  _scanf_int.o(.text)
    _scanf_string                            0x000004e7   Thumb Code   232  _scanf_str.o(.text)
    strstr                                   0x000005cf   Thumb Code    40  strstr.o(.text)
    strlen                                   0x000005f9   Thumb Code    62  strlen.o(.text)
    __aeabi_memcpy                           0x0000063d   Thumb Code   130  rt_memcpy.o(.text)
    __rt_memcpy                              0x0000063d   Thumb Code     0  rt_memcpy.o(.text)
    __aeabi_memset                           0x000006bf   Thumb Code    18  aeabi_memset.o(.text)
    _memset_w                                0x000006d1   Thumb Code    26  rt_memclr.o(.text)
    _memset                                  0x000006eb   Thumb Code    30  rt_memclr.o(.text)
    __aeabi_memclr                           0x00000709   Thumb Code     4  rt_memclr.o(.text)
    __rt_memclr                              0x00000709   Thumb Code     0  rt_memclr.o(.text)
    __aeabi_memclr4                          0x0000070d   Thumb Code     0  rt_memclr.o(.text)
    __aeabi_memclr8                          0x0000070d   Thumb Code     0  rt_memclr.o(.text)
    __rt_memclr_w                            0x0000070d   Thumb Code     4  rt_memclr.o(.text)
    __aeabi_uidiv                            0x00000711   Thumb Code     0  aeabi_sdiv.o(.text)
    __aeabi_uidivmod                         0x00000711   Thumb Code    20  aeabi_sdiv.o(.text)
    __aeabi_idiv                             0x00000725   Thumb Code     0  aeabi_sdiv.o(.text)
    __aeabi_idivmod                          0x00000725   Thumb Code   326  aeabi_sdiv.o(.text)
    __use_two_region_memory                  0x0000086b   Thumb Code     2  heapauxi.o(.text)
    __rt_heap_escrow$2region                 0x0000086d   Thumb Code     2  heapauxi.o(.text)
    __rt_heap_expand$2region                 0x0000086f   Thumb Code     2  heapauxi.o(.text)
    __cpp_initialize__aeabi_                 0x00000871   Thumb Code    26  init_aeabi.o(.text)
    __rt_locale                              0x00000895   Thumb Code    10  rt_locale_twolibspace.o(.text)
    _printf_pre_padding                      0x0000089f   Thumb Code    44  _printf_pad.o(.text)
    _printf_post_padding                     0x000008cb   Thumb Code    34  _printf_pad.o(.text)
    _printf_truncate_signed                  0x000008ed   Thumb Code    18  _printf_truncate.o(.text)
    _printf_truncate_unsigned                0x000008ff   Thumb Code    18  _printf_truncate.o(.text)
    _printf_str                              0x00000911   Thumb Code    82  _printf_str.o(.text)
    _printf_int_dec                          0x00000965   Thumb Code    90  _printf_dec.o(.text)
    _printf_charcount                        0x000009d1   Thumb Code    38  _printf_charcount.o(.text)
    _printf_char_common                      0x00000a03   Thumb Code    32  _printf_char_common.o(.text)
    _sputc                                   0x00000a29   Thumb Code    10  _sputc.o(.text)
    _printf_wctomb                           0x00000a35   Thumb Code   182  _printf_wctomb.o(.text)
    _printf_longlong_dec                     0x00000af1   Thumb Code    94  _printf_longlong_dec.o(.text)
    _printf_longlong_oct                     0x00000b61   Thumb Code    68  _printf_oct_int_ll.o(.text)
    _printf_int_oct                          0x00000ba5   Thumb Code    24  _printf_oct_int_ll.o(.text)
    _printf_ll_oct                           0x00000bbd   Thumb Code    10  _printf_oct_int_ll.o(.text)
    _printf_longlong_hex                     0x00000bd1   Thumb Code    88  _printf_hex_int_ll_ptr.o(.text)
    _printf_int_hex                          0x00000c29   Thumb Code    28  _printf_hex_int_ll_ptr.o(.text)
    _printf_ll_hex                           0x00000c45   Thumb Code    10  _printf_hex_int_ll_ptr.o(.text)
    _printf_hex_ptr                          0x00000c4f   Thumb Code    22  _printf_hex_int_ll_ptr.o(.text)
    __printf                                 0x00000c69   Thumb Code   386  __printf_flags_ss_wp.o(.text)
    _chval                                   0x00000df1   Thumb Code    30  _chval.o(.text)
    __vfscanf_char                           0x00000e1d   Thumb Code    28  scanf_char.o(.text)
    _sgetc                                   0x00000e41   Thumb Code    32  _sgetc.o(.text)
    _sbackspace                              0x00000e61   Thumb Code    36  _sgetc.o(.text)
    __user_libspace                          0x00000e85   Thumb Code     8  libspace.o(.text)
    __user_perproc_libspace                  0x00000e85   Thumb Code     0  libspace.o(.text)
    _ll_udiv10                               0x00000e8d   Thumb Code   122  lludiv10.o(.text)
    isspace                                  0x00000f07   Thumb Code    18  isspace.o(.text)
    _printf_int_common                       0x00000f19   Thumb Code   176  _printf_intcommon.o(.text)
    __lib_sel_fp_printf                      0x00000fc9   Thumb Code     2  _printf_fp_dec.o(.text)
    _printf_fp_dec_real                      0x00001167   Thumb Code   620  _printf_fp_dec.o(.text)
    _printf_cs_common                        0x000013e1   Thumb Code    22  _printf_char.o(.text)
    _printf_char                             0x000013f7   Thumb Code    16  _printf_char.o(.text)
    _printf_string                           0x00001407   Thumb Code     8  _printf_char.o(.text)
    _printf_lcs_common                       0x0000140f   Thumb Code    22  _printf_wchar.o(.text)
    _printf_wchar                            0x00001425   Thumb Code    16  _printf_wchar.o(.text)
    _printf_wstring                          0x00001435   Thumb Code     8  _printf_wchar.o(.text)
    __vfscanf                                0x0000143d   Thumb Code   900  _scanf.o(.text)
    _wcrtomb                                 0x000017d1   Thumb Code    64  _wcrtomb.o(.text)
    strcmp                                   0x00001811   Thumb Code   132  strcmp.o(.text)
    __rt_udiv10                              0x00001899   Thumb Code    40  rtudiv10.o(.text)
    __user_setup_stackheap                   0x000018c1   Thumb Code    62  sys_stackheap_outer.o(.text)
    _printf_fp_infnan                        0x00001901   Thumb Code   120  _printf_fp_infnan.o(.text)
    _btod_etento                             0x00001989   Thumb Code   210  bigflt0.o(.text)
    _btod_d2e                                0x00001a61   Thumb Code    64  btod.o(.text)
    _btod_emul                               0x00001e95   Thumb Code    28  btod.o(.text)
    _btod_emuld                              0x00001eb1   Thumb Code   144  btod.o(.text)
    _btod_ediv                               0x00001f41   Thumb Code    26  btod.o(.text)
    _btod_edivd                              0x00001f5b   Thumb Code   124  btod.o(.text)
    exit                                     0x00001fe1   Thumb Code    16  exit.o(.text)
    _sys_exit                                0x00001ff1   Thumb Code     8  sys_exit.o(.text)
    __I$use$semihosting                      0x00001ffd   Thumb Code     0  use_no_semi.o(.text)
    __use_no_semihosting_swi                 0x00001ffd   Thumb Code     2  use_no_semi.o(.text)
    __decompress                             0x00001fff   Thumb Code     0  __dclz77c.o(.text)
    __decompress2                            0x00001fff   Thumb Code    96  __dclz77c.o(.text)
    __semihosting_library_function           0x00001fff   Thumb Code     0  indicate_semi.o(.text)
    SERCOM0_Handler                          0x00002061   Thumb Code    36  main.o(i.SERCOM0_Handler)
    SERCOM1_Handler                          0x00002091   Thumb Code   222  main.o(i.SERCOM1_Handler)
    SERCOM2_Handler                          0x0000218d   Thumb Code   148  main.o(i.SERCOM2_Handler)
    SVC_Handler                              0x0000223d   Thumb Code     2  port.o(i.SVC_Handler)
    SysTick_Handler                          0x00002241   Thumb Code    20  cmsis_os2.o(i.SysTick_Handler)
    SystemInit                               0x00002259   Thumb Code     8  system_saml21g18b.o(i.SystemInit)
    setupParse(void*)                        0x00002269   Thumb Code    38  main.o(i._Z10setupParsePv)
    at_send_cmd(const char*, AT_COMMAND_TYPE) 0x000022a1   Thumb Code    46  gsm_usart.o(i._Z11at_send_cmdPKc15AT_COMMAND_TYPE)
    clearBuffer(char*)                       0x000022e1   Thumb Code    18  gsm_usart.o(i._Z11clearBufferPc)
    parseGSMData(void*)                      0x000022f9   Thumb Code   248  gsm_usart.o(i._Z12parseGSMDataPv)
    setup_system()                           0x00002431   Thumb Code   368  system_setup.o(i._Z12setup_systemv)
    verifyPacket(unsigned short, unsigned char*, unsigned short) 0x000025f5   Thumb Code    40  main.o(i._Z12verifyPackettPht)
    setupGsmParse(void*)                     0x00002625   Thumb Code    38  gsm_usart.o(i._Z13setupGsmParsePv)
    bluetoothParse(void*)                    0x00002665   Thumb Code    32  bluetooth.o(i._Z14bluetoothParsePv)
    isValidIPAddress(const char*)            0x00002691   Thumb Code   118  gsm_usart.o(i._Z16isValidIPAddressPKc)
    parseSmartmeshData(void*)                0x0000271d   Thumb Code   242  main.o(i._Z18parseSmartmeshDataPv)
    sendData(void*)                          0x00002879   Thumb Code     8  sendingdata.o(i._Z8sendDataPv)
    setup_rtc()                              0x00002881   Thumb Code     2  rtc.o(i._Z9setup_rtcv)
    tcp_write()                              0x00002885   Thumb Code    68  sendingdata.o(i._Z9tcp_writev)
    Smartmesh_API::init_packet(unsigned char, unsigned char) 0x0000294d   Thumb Code    34  api.o(i._ZN13Smartmesh_API11init_packetEhh)
    Smartmesh_API::checksumData(unsigned short, unsigned char*, unsigned short) 0x00002971   Thumb Code    44  api.o(i._ZN13Smartmesh_API12checksumDataEtPht)
    Smartmesh_API::resetManager()            0x000029a1   Thumb Code    48  api.o(i._ZN13Smartmesh_API12resetManagerEv)
    Smartmesh_API::verifyPacket(unsigned short, unsigned char*, unsigned short) 0x000029d5   Thumb Code    42  api.o(i._ZN13Smartmesh_API12verifyPacketEtPht)
    Smartmesh_API::parseNetworkInfo(network_info*, unsigned char*) 0x00002a09   Thumb Code   178  api.o(i._ZN13Smartmesh_API16parseNetworkInfoEP12network_infoPh)
    Smartmesh_API::mgr_init()                0x00002ac1   Thumb Code    54  api.o(i._ZN13Smartmesh_API8mgr_initEv)
    Smartmesh_API::subscribe(unsigned, unsigned) 0x00002afd   Thumb Code    64  api.o(i._ZN13Smartmesh_API9subscribeEjj)
    Smartmesh_API::Smartmesh_API(UART*)      0x00002b41   Thumb Code    12  api.o(i._ZN13Smartmesh_APIC1EP4UART)
    Smartmesh_API::Smartmesh_API__sub_object(UART*) 0x00002b41   Thumb Code     0  api.o(i._ZN13Smartmesh_APIC1EP4UART)
    UART::send_array(unsigned char*, unsigned char) 0x00002b4d   Thumb Code    76  sercom.o(i._ZN4UART10send_arrayEPhh)
    UART::_printf(const char*, ...)          0x00002ba5   Thumb Code   112  sercom.o(i._ZN4UART7_printfEPKcz)
    UART::UART(sercom_registers_t*, int)     0x00002c25   Thumb Code   214  sercom.o(i._ZN4UARTC1EP18sercom_registers_ti)
    UART::UART__sub_object(sercom_registers_t*, int) 0x00002c25   Thumb Code     0  sercom.o(i._ZN4UARTC1EP18sercom_registers_ti)
    __ARM_common_ll_muluu                    0x00002d21   Thumb Code    48  btod.o(i.__ARM_common_ll_muluu)
    __ARM_common_switch8                     0x00002d51   Thumb Code    26  cmsis_os2.o(i.__ARM_common_switch8)
    __ARM_fpclassify                         0x00002d6d   Thumb Code    40  fpclassify.o(i.__ARM_fpclassify)
    _is_digit                                0x00002e59   Thumb Code    14  __printf_wp.o(i._is_digit)
    _mutex_acquire                           0x00002e67   Thumb Code    24  clib_arm.o(i._mutex_acquire)
    _mutex_free                              0x00002e81   Thumb Code    40  clib_arm.o(i._mutex_free)
    _mutex_initialize                        0x00002ead   Thumb Code    80  clib_arm.o(i._mutex_initialize)
    _mutex_release                           0x00002f05   Thumb Code    26  clib_arm.o(i._mutex_release)
    _platform_post_stackheap_init            0x00002f1f   Thumb Code     2  clib_arm.o(i._platform_post_stackheap_init)
    isdigit                                  0x00002f21   Thumb Code    24  gsm_usart.o(i.isdigit)
    main                                     0x00002f39   Thumb Code   210  main.o(i.main)
    pvPortMalloc                             0x00003819   Thumb Code   198  heap_4.o(i.pvPortMalloc)
    pvTaskIncrementMutexHeldCount            0x000038e5   Thumb Code    20  tasks.o(i.pvTaskIncrementMutexHeldCount)
    pxPortInitialiseStack                    0x000038fd   Thumb Code    26  port.o(i.pxPortInitialiseStack)
    uxListRemove                             0x0000391d   Thumb Code    38  list.o(i.uxListRemove)
    vApplicationGetIdleTaskMemory            0x00003945   Thumb Code    16  cmsis_os2.o(i.vApplicationGetIdleTaskMemory)
    vApplicationGetTimerTaskMemory           0x00003959   Thumb Code    16  cmsis_os2.o(i.vApplicationGetTimerTaskMemory)
    vApplicationStackOverflowHook            0x0000396d   Thumb Code     4  cmsis_os2.o(i.vApplicationStackOverflowHook)
    vListInitialise                          0x00003971   Thumb Code    22  list.o(i.vListInitialise)
    vListInitialiseItem                      0x00003987   Thumb Code     6  list.o(i.vListInitialiseItem)
    vListInsert                              0x0000398d   Thumb Code    48  list.o(i.vListInsert)
    vListInsertEnd                           0x000039bd   Thumb Code    24  list.o(i.vListInsertEnd)
    vPortEnterCritical                       0x000039d5   Thumb Code    20  port.o(i.vPortEnterCritical)
    vPortExitCritical                        0x000039ed   Thumb Code    24  port.o(i.vPortExitCritical)
    vPortFree                                0x00003a09   Thumb Code    68  heap_4.o(i.vPortFree)
    vPortSetupTimerInterrupt                 0x00003a51   Thumb Code    32  port.o(i.vPortSetupTimerInterrupt)
    vPortYield                               0x00003a79   Thumb Code    18  port.o(i.vPortYield)
    vQueueDelete                             0x00003a91   Thumb Code    24  queue.o(i.vQueueDelete)
    vQueueWaitForMessageRestricted           0x00003aa9   Thumb Code    70  queue.o(i.vQueueWaitForMessageRestricted)
    vTaskDelay                               0x00003af1   Thumb Code    48  tasks.o(i.vTaskDelay)
    vTaskDelete                              0x00003b25   Thumb Code   118  tasks.o(i.vTaskDelete)
    vTaskInternalSetTimeOutState             0x00003ba5   Thumb Code    12  tasks.o(i.vTaskInternalSetTimeOutState)
    vTaskMissedYield                         0x00003bb5   Thumb Code     8  tasks.o(i.vTaskMissedYield)
    vTaskPlaceOnEventList                    0x00003bc1   Thumb Code    32  tasks.o(i.vTaskPlaceOnEventList)
    vTaskPlaceOnEventListRestricted          0x00003be5   Thumb Code    68  tasks.o(i.vTaskPlaceOnEventListRestricted)
    vTaskPriorityDisinheritAfterTimeout      0x00003c2d   Thumb Code   136  tasks.o(i.vTaskPriorityDisinheritAfterTimeout)
    vTaskStartScheduler                      0x00003cbd   Thumb Code   102  tasks.o(i.vTaskStartScheduler)
    vTaskSuspendAll                          0x00003d35   Thumb Code    10  tasks.o(i.vTaskSuspendAll)
    vTaskSwitchContext                       0x00003d45   Thumb Code   120  tasks.o(i.vTaskSwitchContext)
    xPortStartScheduler                      0x00003dc9   Thumb Code    40  port.o(i.xPortStartScheduler)
    xPortSysTickHandler                      0x00003df9   Thumb Code    32  port.o(i.xPortSysTickHandler)
    xQueueCreateCountingSemaphore            0x00003e1d   Thumb Code    32  queue.o(i.xQueueCreateCountingSemaphore)
    xQueueCreateMutex                        0x00003e3d   Thumb Code    24  queue.o(i.xQueueCreateMutex)
    xQueueCreateMutexStatic                  0x00003e55   Thumb Code    28  queue.o(i.xQueueCreateMutexStatic)
    xQueueGenericCreate                      0x00003e71   Thumb Code    78  queue.o(i.xQueueGenericCreate)
    xQueueGenericCreateStatic                0x00003ebf   Thumb Code    62  queue.o(i.xQueueGenericCreateStatic)
    xQueueGenericReset                       0x00003efd   Thumb Code   142  queue.o(i.xQueueGenericReset)
    xQueueGenericSend                        0x00003f8b   Thumb Code   284  queue.o(i.xQueueGenericSend)
    xQueueGenericSendFromISR                 0x000040a7   Thumb Code   154  queue.o(i.xQueueGenericSendFromISR)
    xQueueGiveFromISR                        0x00004141   Thumb Code   126  queue.o(i.xQueueGiveFromISR)
    xQueueReceive                            0x000041bf   Thumb Code   264  queue.o(i.xQueueReceive)
    xQueueReceiveFromISR                     0x000042c7   Thumb Code   132  queue.o(i.xQueueReceiveFromISR)
    xQueueSemaphoreTake                      0x0000434b   Thumb Code   318  queue.o(i.xQueueSemaphoreTake)
    xTaskCheckForTimeOut                     0x00004489   Thumb Code    96  tasks.o(i.xTaskCheckForTimeOut)
    xTaskCreate                              0x000044ed   Thumb Code    96  tasks.o(i.xTaskCreate)
    xTaskCreateStatic                        0x0000454d   Thumb Code    70  tasks.o(i.xTaskCreateStatic)
    xTaskGetSchedulerState                   0x00004595   Thumb Code    26  tasks.o(i.xTaskGetSchedulerState)
    xTaskGetTickCount                        0x000045b5   Thumb Code     6  tasks.o(i.xTaskGetTickCount)
    xTaskIncrementTick                       0x000045c1   Thumb Code   266  tasks.o(i.xTaskIncrementTick)
    xTaskPriorityDisinherit                  0x000046d5   Thumb Code   122  tasks.o(i.xTaskPriorityDisinherit)
    xTaskPriorityInherit                     0x00004759   Thumb Code   142  tasks.o(i.xTaskPriorityInherit)
    xTaskRemoveFromEventList                 0x000047f1   Thumb Code   190  tasks.o(i.xTaskRemoveFromEventList)
    xTaskResumeAll                           0x000048bd   Thumb Code   248  tasks.o(i.xTaskResumeAll)
    xTimerCreateTimerTask                    0x000049c1   Thumb Code    80  timers.o(i.xTimerCreateTimerTask)
    _get_lc_ctype                            0x00004a21   Thumb Code    44  lc_ctype_c.o(locale$$code)
    _get_lc_numeric                          0x00004a4d   Thumb Code    44  lc_numeric_c.o(locale$$code)
    _printf_fp_dec                           0x00004a79   Thumb Code    16  printf1.o(x$fpl$printf1)
    __I$use$fp                               0x00004a88   Number         0  usenofp.o(x$fpl$usenofp)
    Region$$Table$$Base                      0x00004bb8   Number         0  anon$$obj.o(Region$$Table)
    Region$$Table$$Limit                     0x00004bd8   Number         0  anon$$obj.o(Region$$Table)
    __ctype                                  0x00004be5   Data           0  lc_ctype_c.o(locale$$data)
    SHT$$INIT_ARRAY$$Base                    0x00004d04   Number         0  main.o(.init_array)
    SHT$$INIT_ARRAY$$Limit                   0x00004d08   Number         0  init_aeabi.o(.init_array)
    startFlag                                0x20000000   Data           1  main.o(.data)
    connectedToManager                       0x20000001   Data           1  main.o(.data)
    length                                   0x20000002   Data           1  main.o(.data)
    responseLength                           0x20000003   Data           1  main.o(.data)
    responseLengthCopy                       0x20000004   Data           1  main.o(.data)
    bluetoothData                            0x20000008   Data           4  main.o(.data)
    gsmData                                  0x2000000c   Data           4  main.o(.data)
    dma_in_use                               0x20000010   Data           4  main.o(.data)
    bluetoothInUse                           0x20000014   Data           4  main.o(.data)
    gsm_in_use                               0x20000018   Data           4  main.o(.data)
    dataRecieved                             0x2000001c   Data           4  main.o(.data)
    gsmDataRecieved                          0x20000020   Data           4  main.o(.data)
    getNetworkInfo                           0x20000024   Data           4  main.o(.data)
    getNetworkConfig                         0x20000028   Data           4  main.o(.data)
    moteConfigWasGotFromID                   0x2000002c   Data           4  main.o(.data)
    api_usart                                0x20000030   Data           8  main.o(.data)
    bluetooth                                0x20000038   Data           8  main.o(.data)
    gsm_usart                                0x20000040   Data           8  main.o(.data)
    at_cmd_type                              0x20000248   Data           1  main.o(.data)
    gsmReady                                 0x20000249   Data           1  main.o(.data)
    SystemCoreClock                          0x2000044c   Data           4  system_saml21g18b.o(.data)
    pxCurrentTCB                             0x20000474   Data           4  tasks.o(.data)
    uxTopUsedPriority                        0x200004a4   Data           4  tasks.o(.data)
    txbuffer                                 0x200004c8   Data         130  main.o(.bss)
    smartmeshData                            0x2000054a   Data         130  main.o(.bss)
    responseGsmBuffer                        0x200005cc   Data         200  main.o(.bss)
    txGsmBuffer                              0x20000694   Data         200  main.o(.bss)
    api                                      0x2000075c   Data         140  main.o(.bss)
    __libspace_start                         0x20005600   Data          96  libspace.o(.bss)
    __temporary_stack_top$libspace           0x20005660   Data           0  libspace.o(.bss)



==============================================================================

Memory Map of the image

  Image Entry point : 0x000000b1

  Load Region LR_IROM1 (Base: 0x00000000, Size: 0x000051d0, Max: 0x00040000, ABSOLUTE, COMPRESSED[0x00004f30])

    Execution Region ER_IROM1 (Exec base: 0x00000000, Load base: 0x00000000, Size: 0x00004d08, Max: 0x00040000, ABSOLUTE)

    Exec Addr    Load Addr    Size         Type   Attr      Idx    E Section Name        Object

    0x00000000   0x00000000   0x000000b0   Data   RO         2280    RESET               startup_saml21g18b.o
    0x000000b0   0x000000b0   0x00000008   Code   RO         3643  * !!!main             c_p.l(__main.o)
    0x000000b8   0x000000b8   0x0000003c   Code   RO         3969    !!!scatter          c_p.l(__scatter.o)
    0x000000f4   0x000000f4   0x0000001c   Code   RO         3971    !!handler_zi        c_p.l(__scatter_zi.o)
    0x00000110   0x00000110   0x00000002   Code   RO         3744    .ARM.Collect$$_printf_percent$$00000000  c_p.l(_printf_percent.o)
    0x00000112   0x00000112   0x0000000a   Code   RO         3733    .ARM.Collect$$_printf_percent$$00000001  c_p.l(_printf_n.o)
    0x0000011c   0x0000011c   0x0000000a   Code   RO         3735    .ARM.Collect$$_printf_percent$$00000002  c_p.l(_printf_p.o)
    0x00000126   0x00000126   0x0000000a   Code   RO         3740    .ARM.Collect$$_printf_percent$$00000003  c_p.l(_printf_f.o)
    0x00000130   0x00000130   0x0000000a   Code   RO         3741    .ARM.Collect$$_printf_percent$$00000004  c_p.l(_printf_e.o)
    0x0000013a   0x0000013a   0x0000000a   Code   RO         3742    .ARM.Collect$$_printf_percent$$00000005  c_p.l(_printf_g.o)
    0x00000144   0x00000144   0x0000000a   Code   RO         3743    .ARM.Collect$$_printf_percent$$00000006  c_p.l(_printf_a.o)
    0x0000014e   0x0000014e   0x0000000a   Code   RO         3748    .ARM.Collect$$_printf_percent$$00000007  c_p.l(_printf_ll.o)
    0x00000158   0x00000158   0x0000000a   Code   RO         3737    .ARM.Collect$$_printf_percent$$00000008  c_p.l(_printf_i.o)
    0x00000162   0x00000162   0x0000000a   Code   RO         3738    .ARM.Collect$$_printf_percent$$00000009  c_p.l(_printf_d.o)
    0x0000016c   0x0000016c   0x0000000a   Code   RO         3739    .ARM.Collect$$_printf_percent$$0000000A  c_p.l(_printf_u.o)
    0x00000176   0x00000176   0x0000000a   Code   RO         3736    .ARM.Collect$$_printf_percent$$0000000B  c_p.l(_printf_o.o)
    0x00000180   0x00000180   0x0000000a   Code   RO         3734    .ARM.Collect$$_printf_percent$$0000000C  c_p.l(_printf_x.o)
    0x0000018a   0x0000018a   0x0000000a   Code   RO         3745    .ARM.Collect$$_printf_percent$$0000000D  c_p.l(_printf_lli.o)
    0x00000194   0x00000194   0x0000000a   Code   RO         3746    .ARM.Collect$$_printf_percent$$0000000E  c_p.l(_printf_lld.o)
    0x0000019e   0x0000019e   0x0000000a   Code   RO         3747    .ARM.Collect$$_printf_percent$$0000000F  c_p.l(_printf_llu.o)
    0x000001a8   0x000001a8   0x0000000a   Code   RO         3752    .ARM.Collect$$_printf_percent$$00000010  c_p.l(_printf_llo.o)
    0x000001b2   0x000001b2   0x0000000a   Code   RO         3753    .ARM.Collect$$_printf_percent$$00000011  c_p.l(_printf_llx.o)
    0x000001bc   0x000001bc   0x0000000a   Code   RO         3749    .ARM.Collect$$_printf_percent$$00000012  c_p.l(_printf_l.o)
    0x000001c6   0x000001c6   0x0000000a   Code   RO         3731    .ARM.Collect$$_printf_percent$$00000013  c_p.l(_printf_c.o)
    0x000001d0   0x000001d0   0x0000000a   Code   RO         3732    .ARM.Collect$$_printf_percent$$00000014  c_p.l(_printf_s.o)
    0x000001da   0x000001da   0x0000000a   Code   RO         3750    .ARM.Collect$$_printf_percent$$00000015  c_p.l(_printf_lc.o)
    0x000001e4   0x000001e4   0x0000000a   Code   RO         3751    .ARM.Collect$$_printf_percent$$00000016  c_p.l(_printf_ls.o)
    0x000001ee   0x000001ee   0x00000004   Code   RO         3844    .ARM.Collect$$_printf_percent$$00000017  c_p.l(_printf_percent_end.o)
    0x000001f2   0x000001f2   0x00000002   Code   RO         3885    .ARM.Collect$$libinit$$00000000  c_p.l(libinit.o)
    0x000001f4   0x000001f4   0x00000000   Code   RO         3764    .ARM.Collect$$libinit$$00000002  c_p.l(libinit2.o)
    0x000001f4   0x000001f4   0x00000000   Code   RO         3766    .ARM.Collect$$libinit$$00000004  c_p.l(libinit2.o)
    0x000001f4   0x000001f4   0x00000000   Code   RO         3769    .ARM.Collect$$libinit$$0000000A  c_p.l(libinit2.o)
    0x000001f4   0x000001f4   0x00000000   Code   RO         3771    .ARM.Collect$$libinit$$0000000C  c_p.l(libinit2.o)
    0x000001f4   0x000001f4   0x00000000   Code   RO         3773    .ARM.Collect$$libinit$$0000000E  c_p.l(libinit2.o)
    0x000001f4   0x000001f4   0x00000006   Code   RO         3774    .ARM.Collect$$libinit$$0000000F  c_p.l(libinit2.o)
    0x000001fa   0x000001fa   0x00000000   Code   RO         3776    .ARM.Collect$$libinit$$00000011  c_p.l(libinit2.o)
    0x000001fa   0x000001fa   0x0000000c   Code   RO         3777    .ARM.Collect$$libinit$$00000012  c_p.l(libinit2.o)
    0x00000206   0x00000206   0x00000000   Code   RO         3778    .ARM.Collect$$libinit$$00000013  c_p.l(libinit2.o)
    0x00000206   0x00000206   0x00000000   Code   RO         3780    .ARM.Collect$$libinit$$00000015  c_p.l(libinit2.o)
    0x00000206   0x00000206   0x0000000a   Code   RO         3781    .ARM.Collect$$libinit$$00000016  c_p.l(libinit2.o)
    0x00000210   0x00000210   0x00000000   Code   RO         3782    .ARM.Collect$$libinit$$00000017  c_p.l(libinit2.o)
    0x00000210   0x00000210   0x00000000   Code   RO         3784    .ARM.Collect$$libinit$$00000019  c_p.l(libinit2.o)
    0x00000210   0x00000210   0x00000000   Code   RO         3786    .ARM.Collect$$libinit$$0000001B  c_p.l(libinit2.o)
    0x00000210   0x00000210   0x00000000   Code   RO         3788    .ARM.Collect$$libinit$$0000001D  c_p.l(libinit2.o)
    0x00000210   0x00000210   0x00000000   Code   RO         3790    .ARM.Collect$$libinit$$0000001F  c_p.l(libinit2.o)
    0x00000210   0x00000210   0x00000000   Code   RO         3792    .ARM.Collect$$libinit$$00000021  c_p.l(libinit2.o)
    0x00000210   0x00000210   0x00000000   Code   RO         3794    .ARM.Collect$$libinit$$00000023  c_p.l(libinit2.o)
    0x00000210   0x00000210   0x00000000   Code   RO         3796    .ARM.Collect$$libinit$$00000025  c_p.l(libinit2.o)
    0x00000210   0x00000210   0x00000000   Code   RO         3800    .ARM.Collect$$libinit$$0000002C  c_p.l(libinit2.o)
    0x00000210   0x00000210   0x00000000   Code   RO         3802    .ARM.Collect$$libinit$$0000002E  c_p.l(libinit2.o)
    0x00000210   0x00000210   0x00000000   Code   RO         3804    .ARM.Collect$$libinit$$00000030  c_p.l(libinit2.o)
    0x00000210   0x00000210   0x00000004   Code   RO         3805    .ARM.Collect$$libinit$$00000031  c_p.l(libinit2.o)
    0x00000214   0x00000214   0x00000000   Code   RO         3806    .ARM.Collect$$libinit$$00000032  c_p.l(libinit2.o)
    0x00000214   0x00000214   0x00000002   Code   RO         3807    .ARM.Collect$$libinit$$00000033  c_p.l(libinit2.o)
    0x00000216   0x00000216   0x00000002   Code   RO         3932    .ARM.Collect$$libshutdown$$00000000  c_p.l(libshutdown.o)
    0x00000218   0x00000218   0x00000000   Code   RO         3948    .ARM.Collect$$libshutdown$$00000002  c_p.l(libshutdown2.o)
    0x00000218   0x00000218   0x00000000   Code   RO         3950    .ARM.Collect$$libshutdown$$00000004  c_p.l(libshutdown2.o)
    0x00000218   0x00000218   0x00000000   Code   RO         3952    .ARM.Collect$$libshutdown$$00000006  c_p.l(libshutdown2.o)
    0x00000218   0x00000218   0x00000000   Code   RO         3955    .ARM.Collect$$libshutdown$$00000009  c_p.l(libshutdown2.o)
    0x00000218   0x00000218   0x00000000   Code   RO         3958    .ARM.Collect$$libshutdown$$0000000C  c_p.l(libshutdown2.o)
    0x00000218   0x00000218   0x00000000   Code   RO         3960    .ARM.Collect$$libshutdown$$0000000E  c_p.l(libshutdown2.o)
    0x00000218   0x00000218   0x00000000   Code   RO         3963    .ARM.Collect$$libshutdown$$00000011  c_p.l(libshutdown2.o)
    0x00000218   0x00000218   0x00000002   Code   RO         3964    .ARM.Collect$$libshutdown$$00000012  c_p.l(libshutdown2.o)
    0x0000021a   0x0000021a   0x00000000   Code   RO         3651    .ARM.Collect$$rtentry$$00000000  c_p.l(__rtentry.o)
    0x0000021a   0x0000021a   0x00000000   Code   RO         3814    .ARM.Collect$$rtentry$$00000002  c_p.l(__rtentry2.o)
    0x0000021a   0x0000021a   0x00000006   Code   RO         3826    .ARM.Collect$$rtentry$$00000004  c_p.l(__rtentry4.o)
    0x00000220   0x00000220   0x00000008   Code   RO         3815    .ARM.Collect$$rtentry$$00000008  c_p.l(__rtentry2.o)
    0x00000228   0x00000228   0x00000004   Code   RO         3817    .ARM.Collect$$rtentry$$0000000A  c_p.l(__rtentry2.o)
    0x0000022c   0x0000022c   0x00000000   Code   RO         3819    .ARM.Collect$$rtentry$$0000000C  c_p.l(__rtentry2.o)
    0x0000022c   0x0000022c   0x00000008   Code   RO         3820    .ARM.Collect$$rtentry$$0000000D  c_p.l(__rtentry2.o)
    0x00000234   0x00000234   0x00000002   Code   RO         3894    .ARM.Collect$$rtexit$$00000000  c_p.l(rtexit.o)
    0x00000236   0x00000236   0x00000000   Code   RO         3914    .ARM.Collect$$rtexit$$00000002  c_p.l(rtexit2.o)
    0x00000236   0x00000236   0x00000004   Code   RO         3915    .ARM.Collect$$rtexit$$00000003  c_p.l(rtexit2.o)
    0x0000023a   0x0000023a   0x00000006   Code   RO         3916    .ARM.Collect$$rtexit$$00000004  c_p.l(rtexit2.o)
    0x00000240   0x00000240   0x00000078   Code   RO         2578    .emb_text           port.o
    0x000002b8   0x000002b8   0x00000038   Code   RO         3627    .emb_text           c_p.l(rt_memcpy.o)
    0x000002f0   0x000002f0   0x00000038   Code   RO         2281    .text               startup_saml21g18b.o
    0x00000328   0x00000328   0x00000010   Code   RO         3611    .text               c_p.l(rt_ctype_table.o)
    0x00000338   0x00000338   0x00000024   Code   RO         3613    .text               c_p.l(c89vsprintf.o)
    0x0000035c   0x0000035c   0x00000040   Code   RO         3615    .text               c_p.l(__0sscanf.o)
    0x0000039c   0x0000039c   0x0000014a   Code   RO         3617    .text               c_p.l(_scanf_int.o)
    0x000004e6   0x000004e6   0x000000e8   Code   RO         3619    .text               c_p.l(_scanf_str.o)
    0x000005ce   0x000005ce   0x00000028   Code   RO         3621    .text               c_p.l(strstr.o)
    0x000005f6   0x000005f6   0x00000002   PAD
    0x000005f8   0x000005f8   0x00000044   Code   RO         3623    .text               c_p.l(strlen.o)
    0x0000063c   0x0000063c   0x00000082   Code   RO         3628    .text               c_p.l(rt_memcpy.o)
    0x000006be   0x000006be   0x00000012   Code   RO         3633    .text               c_p.l(aeabi_memset.o)
    0x000006d0   0x000006d0   0x00000040   Code   RO         3635    .text               c_p.l(rt_memclr.o)
    0x00000710   0x00000710   0x0000015a   Code   RO         3637    .text               c_p.l(aeabi_sdiv.o)
    0x0000086a   0x0000086a   0x00000006   Code   RO         3641    .text               c_p.l(heapauxi.o)
    0x00000870   0x00000870   0x00000024   Code   RO         3648    .text               c_p.l(init_aeabi.o)
    0x00000894   0x00000894   0x0000000a   Code   RO         3661    .text               c_p.l(rt_locale_twolibspace.o)
    0x0000089e   0x0000089e   0x0000004e   Code   RO         3665    .text               c_p.l(_printf_pad.o)
    0x000008ec   0x000008ec   0x00000024   Code   RO         3667    .text               c_p.l(_printf_truncate.o)
    0x00000910   0x00000910   0x00000052   Code   RO         3669    .text               c_p.l(_printf_str.o)
    0x00000962   0x00000962   0x00000002   PAD
    0x00000964   0x00000964   0x0000006c   Code   RO         3671    .text               c_p.l(_printf_dec.o)
    0x000009d0   0x000009d0   0x00000026   Code   RO         3673    .text               c_p.l(_printf_charcount.o)
    0x000009f6   0x000009f6   0x00000002   PAD
    0x000009f8   0x000009f8   0x00000030   Code   RO         3675    .text               c_p.l(_printf_char_common.o)
    0x00000a28   0x00000a28   0x0000000a   Code   RO         3677    .text               c_p.l(_sputc.o)
    0x00000a32   0x00000a32   0x00000002   PAD
    0x00000a34   0x00000a34   0x000000bc   Code   RO         3679    .text               c_p.l(_printf_wctomb.o)
    0x00000af0   0x00000af0   0x00000070   Code   RO         3682    .text               c_p.l(_printf_longlong_dec.o)
    0x00000b60   0x00000b60   0x00000070   Code   RO         3688    .text               c_p.l(_printf_oct_int_ll.o)
    0x00000bd0   0x00000bd0   0x00000098   Code   RO         3708    .text               c_p.l(_printf_hex_int_ll_ptr.o)
    0x00000c68   0x00000c68   0x00000188   Code   RO         3728    .text               c_p.l(__printf_flags_ss_wp.o)
    0x00000df0   0x00000df0   0x0000001e   Code   RO         3754    .text               c_p.l(_chval.o)
    0x00000e0e   0x00000e0e   0x00000002   PAD
    0x00000e10   0x00000e10   0x00000030   Code   RO         3756    .text               c_p.l(scanf_char.o)
    0x00000e40   0x00000e40   0x00000044   Code   RO         3758    .text               c_p.l(_sgetc.o)
    0x00000e84   0x00000e84   0x00000008   Code   RO         3810    .text               c_p.l(libspace.o)
    0x00000e8c   0x00000e8c   0x0000007a   Code   RO         3830    .text               c_p.l(lludiv10.o)
    0x00000f06   0x00000f06   0x00000012   Code   RO         3832    .text               c_p.l(isspace.o)
    0x00000f18   0x00000f18   0x000000b0   Code   RO         3834    .text               c_p.l(_printf_intcommon.o)
    0x00000fc8   0x00000fc8   0x00000418   Code   RO         3836    .text               c_p.l(_printf_fp_dec.o)
    0x000013e0   0x000013e0   0x0000002e   Code   RO         3840    .text               c_p.l(_printf_char.o)
    0x0000140e   0x0000140e   0x0000002e   Code   RO         3842    .text               c_p.l(_printf_wchar.o)
    0x0000143c   0x0000143c   0x00000394   Code   RO         3845    .text               c_p.l(_scanf.o)
    0x000017d0   0x000017d0   0x00000040   Code   RO         3847    .text               c_p.l(_wcrtomb.o)
    0x00001810   0x00001810   0x00000088   Code   RO         3849    .text               c_p.l(strcmp.o)
    0x00001898   0x00001898   0x00000028   Code   RO         3851    .text               c_p.l(rtudiv10.o)
    0x000018c0   0x000018c0   0x0000003e   Code   RO         3857    .text               c_p.l(sys_stackheap_outer.o)
    0x000018fe   0x000018fe   0x00000002   PAD
    0x00001900   0x00001900   0x00000088   Code   RO         3860    .text               c_p.l(_printf_fp_infnan.o)
    0x00001988   0x00001988   0x000000d8   Code   RO         3862    .text               c_p.l(bigflt0.o)
    0x00001a60   0x00001a60   0x00000580   Code   RO         3865    .text               c_p.l(btod.o)
    0x00001fe0   0x00001fe0   0x00000010   Code   RO         3872    .text               c_p.l(exit.o)
    0x00001ff0   0x00001ff0   0x0000000c   Code   RO         3908    .text               c_p.l(sys_exit.o)
    0x00001ffc   0x00001ffc   0x00000002   Code   RO         3910    .text               c_p.l(use_no_semi.o)
    0x00001ffe   0x00001ffe   0x00000000   Code   RO         3912    .text               c_p.l(indicate_semi.o)
    0x00001ffe   0x00001ffe   0x00000060   Code   RO         3967    .text               c_p.l(__dclz77c.o)
    0x0000205e   0x0000205e   0x00000002   PAD
    0x00002060   0x00002060   0x00000030   Code   RO            3    i.SERCOM0_Handler   main.o
    0x00002090   0x00002090   0x000000fc   Code   RO            4    i.SERCOM1_Handler   main.o
    0x0000218c   0x0000218c   0x000000b0   Code   RO            5    i.SERCOM2_Handler   main.o
    0x0000223c   0x0000223c   0x00000002   Code   RO         2579    i.SVC_Handler       port.o
    0x0000223e   0x0000223e   0x00000002   PAD
    0x00002240   0x00002240   0x00000018   Code   RO         1681    i.SysTick_Handler   cmsis_os2.o
    0x00002258   0x00002258   0x00000010   Code   RO         2288    i.SystemInit        system_saml21g18b.o
    0x00002268   0x00002268   0x00000038   Code   RO            6    i._Z10setupParsePv  main.o
    0x000022a0   0x000022a0   0x00000040   Code   RO          912    i._Z11at_send_cmdPKc15AT_COMMAND_TYPE  gsm_usart.o
    0x000022e0   0x000022e0   0x00000018   Code   RO          913    i._Z11clearBufferPc  gsm_usart.o
    0x000022f8   0x000022f8   0x00000138   Code   RO          914    i._Z12parseGSMDataPv  gsm_usart.o
    0x00002430   0x00002430   0x000001c4   Code   RO          556    i._Z12setup_systemv  system_setup.o
    0x000025f4   0x000025f4   0x00000030   Code   RO            7    i._Z12verifyPackettPht  main.o
    0x00002624   0x00002624   0x00000040   Code   RO          915    i._Z13setupGsmParsePv  gsm_usart.o
    0x00002664   0x00002664   0x0000002c   Code   RO          671    i._Z14bluetoothParsePv  bluetooth.o
    0x00002690   0x00002690   0x0000008c   Code   RO          916    i._Z16isValidIPAddressPKc  gsm_usart.o
    0x0000271c   0x0000271c   0x0000015c   Code   RO            8    i._Z18parseSmartmeshDataPv  main.o
    0x00002878   0x00002878   0x00000008   Code   RO          788    i._Z8sendDataPv     sendingdata.o
    0x00002880   0x00002880   0x00000002   Code   RO         1008    i._Z9setup_rtcv     rtc.o
    0x00002882   0x00002882   0x00000002   PAD
    0x00002884   0x00002884   0x000000c8   Code   RO          791    i._Z9tcp_writev     sendingdata.o
    0x0000294c   0x0000294c   0x00000022   Code   RO         1203    i._ZN13Smartmesh_API11init_packetEhh  api.o
    0x0000296e   0x0000296e   0x00000002   PAD
    0x00002970   0x00002970   0x00000030   Code   RO         1204    i._ZN13Smartmesh_API12checksumDataEtPht  api.o
    0x000029a0   0x000029a0   0x00000034   Code   RO         1205    i._ZN13Smartmesh_API12resetManagerEv  api.o
    0x000029d4   0x000029d4   0x00000034   Code   RO         1206    i._ZN13Smartmesh_API12verifyPacketEtPht  api.o
    0x00002a08   0x00002a08   0x000000b8   Code   RO         1212    i._ZN13Smartmesh_API16parseNetworkInfoEP12network_infoPh  api.o
    0x00002ac0   0x00002ac0   0x0000003c   Code   RO         1217    i._ZN13Smartmesh_API8mgr_initEv  api.o
    0x00002afc   0x00002afc   0x00000044   Code   RO         1219    i._ZN13Smartmesh_API9subscribeEjj  api.o
    0x00002b40   0x00002b40   0x0000000c   Code   RO         1220    i._ZN13Smartmesh_APIC1EP4UART  api.o
    0x00002b4c   0x00002b4c   0x00000058   Code   RO         1140    i._ZN4UART10send_arrayEPhh  sercom.o
    0x00002ba4   0x00002ba4   0x00000080   Code   RO         1141    i._ZN4UART7_printfEPKcz  sercom.o
    0x00002c24   0x00002c24   0x000000fc   Code   RO         1142    i._ZN4UARTC1EP18sercom_registers_ti  sercom.o
    0x00002d20   0x00002d20   0x00000030   Code   RO         3867    i.__ARM_common_ll_muluu  c_p.l(btod.o)
    0x00002d50   0x00002d50   0x0000001a   Code   RO         2164    i.__ARM_common_switch8  cmsis_os2.o
    0x00002d6a   0x00002d6a   0x00000002   PAD
    0x00002d6c   0x00002d6c   0x0000002c   Code   RO         3889    i.__ARM_fpclassify  m_ps.l(fpclassify.o)
    0x00002d98   0x00002d98   0x000000c0   Code   RO            9    i.__sti___8_main_cpp_982d444f  main.o
    0x00002e58   0x00002e58   0x0000000e   Code   RO         3721    i._is_digit         c_p.l(__printf_wp.o)
    0x00002e66   0x00002e66   0x00000018   Code   RO         1343    i._mutex_acquire    clib_arm.o
    0x00002e7e   0x00002e7e   0x00000002   PAD
    0x00002e80   0x00002e80   0x0000002c   Code   RO         1344    i._mutex_free       clib_arm.o
    0x00002eac   0x00002eac   0x00000058   Code   RO         1345    i._mutex_initialize  clib_arm.o
    0x00002f04   0x00002f04   0x0000001a   Code   RO         1346    i._mutex_release    clib_arm.o
    0x00002f1e   0x00002f1e   0x00000002   Code   RO         1347    i._platform_post_stackheap_init  clib_arm.o
    0x00002f20   0x00002f20   0x00000018   Code   RO          983    i.isdigit           gsm_usart.o
    0x00002f38   0x00002f38   0x0000011c   Code   RO           10    i.main              main.o
    0x00003054   0x00003054   0x00000012   Code   RO         1348    i.os_kernel_is_active  clib_arm.o
    0x00003066   0x00003066   0x00000002   PAD
    0x00003068   0x00003068   0x00000074   Code   RO         3051    i.prvAddCurrentTaskToDelayedList  tasks.o
    0x000030dc   0x000030dc   0x00000094   Code   RO         3052    i.prvAddNewTaskToReadyList  tasks.o
    0x00003170   0x00003170   0x00000048   Code   RO         3435    i.prvCheckForValidListAndQueue  timers.o
    0x000031b8   0x000031b8   0x0000003c   Code   RO         3053    i.prvCheckTasksWaitingTermination  tasks.o
    0x000031f4   0x000031f4   0x00000024   Code   RO         2657    i.prvCopyDataFromQueue  queue.o
    0x00003218   0x00003218   0x00000070   Code   RO         2658    i.prvCopyDataToQueue  queue.o
    0x00003288   0x00003288   0x0000002e   Code   RO         3054    i.prvDeleteTCB      tasks.o
    0x000032b6   0x000032b6   0x00000014   Code   RO         2659    i.prvGetDisinheritPriorityAfterTimeout  queue.o
    0x000032ca   0x000032ca   0x00000002   PAD
    0x000032cc   0x000032cc   0x00000024   Code   RO         3436    i.prvGetNextExpireTime  timers.o
    0x000032f0   0x000032f0   0x0000004c   Code   RO         2515    i.prvHeapInit       heap_4.o
    0x0000333c   0x0000333c   0x00000018   Code   RO         3055    i.prvIdleTask       tasks.o
    0x00003354   0x00003354   0x0000001a   Code   RO         2660    i.prvInitialiseMutex  queue.o
    0x0000336e   0x0000336e   0x00000022   Code   RO         2661    i.prvInitialiseNewQueue  queue.o
    0x00003390   0x00003390   0x0000009c   Code   RO         3056    i.prvInitialiseNewTask  tasks.o
    0x0000342c   0x0000342c   0x00000054   Code   RO         3057    i.prvInitialiseTaskLists  tasks.o
    0x00003480   0x00003480   0x00000054   Code   RO         2516    i.prvInsertBlockIntoFreeList  heap_4.o
    0x000034d4   0x000034d4   0x00000040   Code   RO         3438    i.prvInsertTimerInActiveList  timers.o
    0x00003514   0x00003514   0x0000001c   Code   RO         2662    i.prvIsQueueEmpty   queue.o
    0x00003530   0x00003530   0x0000001e   Code   RO         2663    i.prvIsQueueFull    queue.o
    0x0000354e   0x0000354e   0x00000002   PAD
    0x00003550   0x00003550   0x00000040   Code   RO         3439    i.prvProcessExpiredTimer  timers.o
    0x00003590   0x00003590   0x000000ec   Code   RO         3440    i.prvProcessReceivedCommands  timers.o
    0x0000367c   0x0000367c   0x00000064   Code   RO         3441    i.prvProcessTimerOrBlockTask  timers.o
    0x000036e0   0x000036e0   0x00000028   Code   RO         3442    i.prvReloadTimer    timers.o
    0x00003708   0x00003708   0x00000020   Code   RO         3059    i.prvResetNextTaskUnblockTime  tasks.o
    0x00003728   0x00003728   0x0000002c   Code   RO         3443    i.prvSampleTimeNow  timers.o
    0x00003754   0x00003754   0x0000002c   Code   RO         3444    i.prvSwitchTimerLists  timers.o
    0x00003780   0x00003780   0x00000014   Code   RO         2580    i.prvTaskExitError  port.o
    0x00003794   0x00003794   0x00000014   Code   RO         3445    i.prvTimerTask      timers.o
    0x000037a8   0x000037a8   0x00000070   Code   RO         2664    i.prvUnlockQueue    queue.o
    0x00003818   0x00003818   0x000000cc   Code   RO         2517    i.pvPortMalloc      heap_4.o
    0x000038e4   0x000038e4   0x00000018   Code   RO         3062    i.pvTaskIncrementMutexHeldCount  tasks.o
    0x000038fc   0x000038fc   0x00000020   Code   RO         2581    i.pxPortInitialiseStack  port.o
    0x0000391c   0x0000391c   0x00000026   Code   RO         2471    i.uxListRemove      list.o
    0x00003942   0x00003942   0x00000002   PAD
    0x00003944   0x00003944   0x00000014   Code   RO         1754    i.vApplicationGetIdleTaskMemory  cmsis_os2.o
    0x00003958   0x00003958   0x00000014   Code   RO         1755    i.vApplicationGetTimerTaskMemory  cmsis_os2.o
    0x0000396c   0x0000396c   0x00000004   Code   RO         1756    i.vApplicationStackOverflowHook  cmsis_os2.o
    0x00003970   0x00003970   0x00000016   Code   RO         2472    i.vListInitialise   list.o
    0x00003986   0x00003986   0x00000006   Code   RO         2473    i.vListInitialiseItem  list.o
    0x0000398c   0x0000398c   0x00000030   Code   RO         2474    i.vListInsert       list.o
    0x000039bc   0x000039bc   0x00000018   Code   RO         2475    i.vListInsertEnd    list.o
    0x000039d4   0x000039d4   0x00000018   Code   RO         2583    i.vPortEnterCritical  port.o
    0x000039ec   0x000039ec   0x0000001c   Code   RO         2584    i.vPortExitCritical  port.o
    0x00003a08   0x00003a08   0x00000048   Code   RO         2518    i.vPortFree         heap_4.o
    0x00003a50   0x00003a50   0x00000028   Code   RO         2585    i.vPortSetupTimerInterrupt  port.o
    0x00003a78   0x00003a78   0x00000018   Code   RO         2586    i.vPortYield        port.o
    0x00003a90   0x00003a90   0x00000018   Code   RO         2670    i.vQueueDelete      queue.o
    0x00003aa8   0x00003aa8   0x00000046   Code   RO         2672    i.vQueueWaitForMessageRestricted  queue.o
    0x00003aee   0x00003aee   0x00000002   PAD
    0x00003af0   0x00003af0   0x00000034   Code   RO         3072    i.vTaskDelay        tasks.o
    0x00003b24   0x00003b24   0x00000080   Code   RO         3073    i.vTaskDelete       tasks.o
    0x00003ba4   0x00003ba4   0x00000010   Code   RO         3077    i.vTaskInternalSetTimeOutState  tasks.o
    0x00003bb4   0x00003bb4   0x0000000c   Code   RO         3078    i.vTaskMissedYield  tasks.o
    0x00003bc0   0x00003bc0   0x00000024   Code   RO         3079    i.vTaskPlaceOnEventList  tasks.o
    0x00003be4   0x00003be4   0x00000048   Code   RO         3080    i.vTaskPlaceOnEventListRestricted  tasks.o
    0x00003c2c   0x00003c2c   0x00000090   Code   RO         3082    i.vTaskPriorityDisinheritAfterTimeout  tasks.o
    0x00003cbc   0x00003cbc   0x00000078   Code   RO         3088    i.vTaskStartScheduler  tasks.o
    0x00003d34   0x00003d34   0x00000010   Code   RO         3090    i.vTaskSuspendAll   tasks.o
    0x00003d44   0x00003d44   0x00000084   Code   RO         3091    i.vTaskSwitchContext  tasks.o
    0x00003dc8   0x00003dc8   0x00000030   Code   RO         2587    i.xPortStartScheduler  port.o
    0x00003df8   0x00003df8   0x00000024   Code   RO         2588    i.xPortSysTickHandler  port.o
    0x00003e1c   0x00003e1c   0x00000020   Code   RO         2673    i.xQueueCreateCountingSemaphore  queue.o
    0x00003e3c   0x00003e3c   0x00000018   Code   RO         2675    i.xQueueCreateMutex  queue.o
    0x00003e54   0x00003e54   0x0000001c   Code   RO         2676    i.xQueueCreateMutexStatic  queue.o
    0x00003e70   0x00003e70   0x0000004e   Code   RO         2677    i.xQueueGenericCreate  queue.o
    0x00003ebe   0x00003ebe   0x0000003e   Code   RO         2678    i.xQueueGenericCreateStatic  queue.o
    0x00003efc   0x00003efc   0x0000008e   Code   RO         2679    i.xQueueGenericReset  queue.o
    0x00003f8a   0x00003f8a   0x0000011c   Code   RO         2680    i.xQueueGenericSend  queue.o
    0x000040a6   0x000040a6   0x0000009a   Code   RO         2681    i.xQueueGenericSendFromISR  queue.o
    0x00004140   0x00004140   0x0000007e   Code   RO         2684    i.xQueueGiveFromISR  queue.o
    0x000041be   0x000041be   0x00000108   Code   RO         2690    i.xQueueReceive     queue.o
    0x000042c6   0x000042c6   0x00000084   Code   RO         2691    i.xQueueReceiveFromISR  queue.o
    0x0000434a   0x0000434a   0x0000013e   Code   RO         2692    i.xQueueSemaphoreTake  queue.o
    0x00004488   0x00004488   0x00000064   Code   RO         3093    i.xTaskCheckForTimeOut  tasks.o
    0x000044ec   0x000044ec   0x00000060   Code   RO         3094    i.xTaskCreate       tasks.o
    0x0000454c   0x0000454c   0x00000046   Code   RO         3095    i.xTaskCreateStatic  tasks.o
    0x00004592   0x00004592   0x00000002   PAD
    0x00004594   0x00004594   0x00000020   Code   RO         3102    i.xTaskGetSchedulerState  tasks.o
    0x000045b4   0x000045b4   0x0000000c   Code   RO         3103    i.xTaskGetTickCount  tasks.o
    0x000045c0   0x000045c0   0x00000114   Code   RO         3105    i.xTaskIncrementTick  tasks.o
    0x000046d4   0x000046d4   0x00000084   Code   RO         3106    i.xTaskPriorityDisinherit  tasks.o
    0x00004758   0x00004758   0x00000098   Code   RO         3107    i.xTaskPriorityInherit  tasks.o
    0x000047f0   0x000047f0   0x000000cc   Code   RO         3108    i.xTaskRemoveFromEventList  tasks.o
    0x000048bc   0x000048bc   0x00000104   Code   RO         3109    i.xTaskResumeAll    tasks.o
    0x000049c0   0x000049c0   0x00000060   Code   RO         3454    i.xTimerCreateTimerTask  timers.o
    0x00004a20   0x00004a20   0x0000002c   Code   RO         3761    locale$$code        c_p.l(lc_ctype_c.o)
    0x00004a4c   0x00004a4c   0x0000002c   Code   RO         3870    locale$$code        c_p.l(lc_numeric_c.o)
    0x00004a78   0x00004a78   0x00000010   Code   RO         3808    x$fpl$printf1       fz_ps.l(printf1.o)
    0x00004a88   0x00004a88   0x00000000   Code   RO         3888    x$fpl$usenofp       fz_ps.l(usenofp.o)
    0x00004a88   0x00004a88   0x00000008   Data   RO         3680    .constdata          c_p.l(_printf_wctomb.o)
    0x00004a90   0x00004a90   0x00000028   Data   RO         3709    .constdata          c_p.l(_printf_hex_int_ll_ptr.o)
    0x00004ab8   0x00004ab8   0x00000011   Data   RO         3729    .constdata          c_p.l(__printf_flags_ss_wp.o)
    0x00004ac9   0x00004ac9   0x00000003   PAD
    0x00004acc   0x00004acc   0x00000094   Data   RO         3863    .constdata          c_p.l(bigflt0.o)
    0x00004b60   0x00004b60   0x00000055   Data   RO          797    .conststring        sendingdata.o
    0x00004bb5   0x00004bb5   0x00000003   PAD
    0x00004bb8   0x00004bb8   0x00000020   Data   RO         3965    Region$$Table       anon$$obj.o
    0x00004bd8   0x00004bd8   0x00000110   Data   RO         3760    locale$$data        c_p.l(lc_ctype_c.o)
    0x00004ce8   0x00004ce8   0x0000001c   Data   RO         3869    locale$$data        c_p.l(lc_numeric_c.o)
    0x00004d04   0x00004d04   0x00000004   Data   RO           23    .init_array         main.o
    0x00004d08   0x00004d04   0x00000000   Data   RO         3646    .init_array         c_p.l(init_aeabi.o)


    Execution Region RW_IRAM1 (Exec base: 0x20000000, Load base: 0x00004d08, Size: 0x00006060, Max: 0x00008000, ABSOLUTE, COMPRESSED[0x00000228])

    Exec Addr    Load Addr    Size         Type   Attr      Idx    E Section Name        Object

    0x20000000   COMPRESSED   0x00000248   Data   RW           20    .data               main.o
    0x20000248   COMPRESSED   0x00000001   Data   RW           21    .data               main.o
    0x20000249   COMPRESSED   0x00000001   Data   RW           22    .data               main.o
    0x2000024a   COMPRESSED   0x00000200   Data   RW         1242    .data               api.o
    0x2000044a   COMPRESSED   0x00000002   PAD
    0x2000044c   COMPRESSED   0x00000004   Data   RW         2289    .data               system_saml21g18b.o
    0x20000450   COMPRESSED   0x00000020   Data   RW         2524    .data               heap_4.o
    0x20000470   COMPRESSED   0x00000004   Data   RW         2589    .data               port.o
    0x20000474   COMPRESSED   0x00000040   Data   RW         3112    .data               tasks.o
    0x200004b4   COMPRESSED   0x00000014   Data   RW         3463    .data               timers.o
    0x200004c8        -       0x00000320   Zero   RW           19    .bss                main.o
    0x200007e8        -       0x00000100   Zero   RW         1146    .bss                sercom.o
    0x200008e8        -       0x00000394   Zero   RW         1349    .bss                clib_arm.o
    0x20000c7c        -       0x000003f8   Zero   RW         1757    .bss                cmsis_os2.o
    0x20001074        -       0x00004000   Zero   RW         2523    .bss                heap_4.o
    0x20005074        -       0x000004c4   Zero   RW         3111    .bss                tasks.o
    0x20005538        -       0x000000c8   Zero   RW         3462    .bss                timers.o
    0x20005600        -       0x00000060   Zero   RW         3811    .bss                c_p.l(libspace.o)
    0x20005660        -       0x00000500   Zero   RW         2279    HEAP                startup_saml21g18b.o
    0x20005b60        -       0x00000500   Zero   RW         2278    STACK               startup_saml21g18b.o


==============================================================================

Image component sizes


      Code (inc. data)   RO Data    RW Data    ZI Data      Debug   Object Name

       510         34          0        512          0       5388   api.o
        44         12          0          0          0       1582   bluetooth.o
       202         12          0          0        916      38188   clib_arm.o
        94         12          0          0       1016      19019   cmsis_os2.o
         0          0          0          0          0      11932   event_groups.o
       628        136          0          0          0       5304   gsm_usart.o
       436         26          0         32      16384       4371   heap_4.o
       138          0          0          0          0       3454   list.o
      1404        294          4        586        800     139118   main.o
       374         54          0          4          0       7399   port.o
      2136          0          0          0          0      23045   queue.o
         2          0          0          0          0     116660   rtc.o
       208        132         85          0          0        907   sendingdata.o
       468         66          0          0        256       4079   sercom.o
        56         26        176          0       2560        664   startup_saml21g18b.o
        16          8          0          4          0        715   system_saml21g18b.o
       452         84          0          0          0       7886   system_setup.o
      2752        196          0         64       1220      31975   tasks.o
       816         70          0         20        200      11780   timers.o

    ----------------------------------------------------------------------
     10758       1162        300       1224      23352     433466   Object Totals
         0          0         32          0          0          0   (incl. Generated)
        22          0          3          2          0          0   (incl. Padding)

    ----------------------------------------------------------------------

      Code (inc. data)   RO Data    RW Data    ZI Data      Debug   Library Member Name

        64         10          0          0          0         84   __0sscanf.o
        96          0          0          0          0          0   __dclz77c.o
         8          0          0          0          0         68   __main.o
       392          6         17          0          0         76   __printf_flags_ss_wp.o
        14          0          0          0          0         60   __printf_wp.o
         0          0          0          0          0          0   __rtentry.o
        20          0          0          0          0          0   __rtentry2.o
         6          0          0          0          0          0   __rtentry4.o
        60          8          0          0          0          0   __scatter.o
        28          0          0          0          0          0   __scatter_zi.o
        30          0          0          0          0         60   _chval.o
        10          0          0          0          0          0   _printf_a.o
        10          0          0          0          0          0   _printf_c.o
        46          0          0          0          0        100   _printf_char.o
        48          6          0          0          0         88   _printf_char_common.o
        38          0          0          0          0         60   _printf_charcount.o
        10          0          0          0          0          0   _printf_d.o
       108         18          0          0          0         76   _printf_dec.o
        10          0          0          0          0          0   _printf_e.o
        10          0          0          0          0          0   _printf_f.o
      1048         14          0          0          0        176   _printf_fp_dec.o
       136         16          0          0          0         76   _printf_fp_infnan.o
        10          0          0          0          0          0   _printf_g.o
       152          4         40          0          0        148   _printf_hex_int_ll_ptr.o
        10          0          0          0          0          0   _printf_i.o
       176          0          0          0          0         84   _printf_intcommon.o
        10          0          0          0          0          0   _printf_l.o
        10          0          0          0          0          0   _printf_lc.o
        10          0          0          0          0          0   _printf_ll.o
        10          0          0          0          0          0   _printf_lld.o
        10          0          0          0          0          0   _printf_lli.o
        10          0          0          0          0          0   _printf_llo.o
        10          0          0          0          0          0   _printf_llu.o
        10          0          0          0          0          0   _printf_llx.o
       112         18          0          0          0         76   _printf_longlong_dec.o
        10          0          0          0          0          0   _printf_ls.o
        10          0          0          0          0          0   _printf_n.o
        10          0          0          0          0          0   _printf_o.o
       112         10          0          0          0        112   _printf_oct_int_ll.o
        10          0          0          0          0          0   _printf_p.o
        78          0          0          0          0        100   _printf_pad.o
         2          0          0          0          0          0   _printf_percent.o
         4          0          0          0          0          0   _printf_percent_end.o
        10          0          0          0          0          0   _printf_s.o
        82          0          0          0          0         72   _printf_str.o
        36          0          0          0          0         76   _printf_truncate.o
        10          0          0          0          0          0   _printf_u.o
        46          0          0          0          0        100   _printf_wchar.o
       188          6          8          0          0         80   _printf_wctomb.o
        10          0          0          0          0          0   _printf_x.o
       916         16          0          0          0         84   _scanf.o
       330          0          0          0          0         84   _scanf_int.o
       232          0          0          0          0         84   _scanf_str.o
        68          0          0          0          0         76   _sgetc.o
        10          0          0          0          0         60   _sputc.o
        64          0          0          0          0         72   _wcrtomb.o
        18          0          0          0          0         68   aeabi_memset.o
       346          0          0          0          0         92   aeabi_sdiv.o
       216          6        148          0          0         80   bigflt0.o
      1456         30          0          0          0        336   btod.o
        36          4          0          0          0         68   c89vsprintf.o
        16          0          0          0          0         68   exit.o
         6          0          0          0          0        136   heapauxi.o
         0          0          0          0          0          0   indicate_semi.o
        36         10          0          0          0         72   init_aeabi.o
        18          0          0          0          0         68   isspace.o
        44         10        272          0          0         76   lc_ctype_c.o
        44         10         28          0          0         76   lc_numeric_c.o
         2          0          0          0          0          0   libinit.o
        34          0          0          0          0          0   libinit2.o
         2          0          0          0          0          0   libshutdown.o
         2          0          0          0          0          0   libshutdown2.o
         8          4          0          0         96         68   libspace.o
       122          0          0          0          0         72   lludiv10.o
        16          4          0          0          0         76   rt_ctype_table.o
        10          0          0          0          0         76   rt_locale_twolibspace.o
        64          0          0          0          0        108   rt_memclr.o
       186          0          0          0          0        144   rt_memcpy.o
         2          0          0          0          0          0   rtexit.o
        10          0          0          0          0          0   rtexit2.o
        40          0          0          0          0         60   rtudiv10.o
        48          8          0          0          0         84   scanf_char.o
       136          4          0          0          0         72   strcmp.o
        68          6          0          0          0         72   strlen.o
        40          0          0          0          0         72   strstr.o
        12          4          0          0          0         60   sys_exit.o
        62          0          0          0          0         80   sys_stackheap_outer.o
         2          0          0          0          0         68   use_no_semi.o
        16          4          0          0          0         76   printf1.o
         0          0          0          0          0          0   usenofp.o
        44          4          0          0          0         60   fpclassify.o

    ----------------------------------------------------------------------
      8146        240        516          0         96       4620   Library Totals
        14          0          3          0          0          0   (incl. Padding)

    ----------------------------------------------------------------------

      Code (inc. data)   RO Data    RW Data    ZI Data      Debug   Library Name

      8072        232        513          0         96       4484   c_p.l
        16          4          0          0          0         76   fz_ps.l
        44          4          0          0          0         60   m_ps.l

    ----------------------------------------------------------------------
      8146        240        516          0         96       4620   Library Totals

    ----------------------------------------------------------------------

==============================================================================


      Code (inc. data)   RO Data    RW Data    ZI Data      Debug   

     18904       1402        816       1224      23448     430542   Grand Totals
     18904       1402        816        552      23448     430542   ELF Image Totals (compressed)
     18904       1402        816        552          0          0   ROM Totals

==============================================================================

    Total RO  Size (Code + RO Data)                19720 (  19.26kB)
    Total RW  Size (RW Data + ZI Data)             24672 (  24.09kB)
    Total ROM Size (Code + RO Data + RW Data)      20272 (  19.80kB)

==============================================================================

