Component: ARM Compiler 5.06 update 6 (build 750) Tool: armlink [4d35ed]

==============================================================================

Section Cross References

    main.o(i.SERCOM0_Handler) refers to main.o(i._Z12verifyPackettPht) for verifyPacket(unsigned short, unsigned char*, unsigned short)
    main.o(i.SERCOM0_Handler) refers to queue.o(i.xQueueReceiveFromISR) for xQueueReceiveFromISR
    main.o(i.SERCOM0_Handler) refers to queue.o(i.xQueueGiveFromISR) for xQueueGiveFromISR
    main.o(i.SERCOM0_Handler) refers to main.o(.data) for .data
    main.o(i.SERCOM0_Handler) refers to main.o(.bss) for .bss
    main.o(i.SERCOM1_Handler) refers to queue.o(i.xQueueGenericSendFromISR) for xQueueGenericSendFromISR
    main.o(i.SERCOM1_Handler) refers to main.o(.data) for .data
    main.o(i._Z10setupParsePv) refers to api.o(i._ZN13Smartmesh_API8mgr_initEv) for Smartmesh_API::mgr_init()
    main.o(i._Z10setupParsePv) refers to queue.o(i.xQueueSemaphoreTake) for xQueueSemaphoreTake
    main.o(i._Z10setupParsePv) refers to tasks.o(i.xTaskCreate) for xTaskCreate
    main.o(i._Z10setupParsePv) refers to main.o(.bss) for .bss
    main.o(i._Z10setupParsePv) refers to main.o(.data) for .data
    main.o(i._Z10setupParsePv) refers to main.o(i._Z18parseSmartmeshDataPv) for parseSmartmeshData(void*)
    main.o(i._Z12verifyPackettPht) refers to main.o(.data) for .data
    main.o(i._Z18parseSmartmeshDataPv) refers to queue.o(i.xQueueSemaphoreTake) for xQueueSemaphoreTake
    main.o(i._Z18parseSmartmeshDataPv) refers to queue.o(i.xQueueGenericSend) for xQueueGenericSend
    main.o(i._Z18parseSmartmeshDataPv) refers to main.o(i.__ARM_common_switch8) for __ARM_common_switch8
    main.o(i._Z18parseSmartmeshDataPv) refers to api.o(i._ZN13Smartmesh_API9subscribeEjj) for Smartmesh_API::subscribe(unsigned, unsigned)
    main.o(i._Z18parseSmartmeshDataPv) refers to api.o(i._ZN13Smartmesh_API8mgr_initEv) for Smartmesh_API::mgr_init()
    main.o(i._Z18parseSmartmeshDataPv) refers to api.o(i._ZN13Smartmesh_API21parseDataNotificationEP10data_notifPh) for Smartmesh_API::parseDataNotification(data_notif*, unsigned char*)
    main.o(i._Z18parseSmartmeshDataPv) refers to sercom.o(i._ZN4UART7_printfEPKcz) for UART::_printf(const char*, ...)
    main.o(i._Z18parseSmartmeshDataPv) refers to sercom.o(i._ZN4UART10send_arrayEPhh) for UART::send_array(unsigned char*, unsigned char)
    main.o(i._Z18parseSmartmeshDataPv) refers to tasks.o(i.vTaskDelete) for vTaskDelete
    main.o(i._Z18parseSmartmeshDataPv) refers to main.o(.data) for .data
    main.o(i._Z18parseSmartmeshDataPv) refers to main.o(.bss) for .bss
    main.o(i.__sti___8_main_cpp_30c642f8) refers to sercom.o(i._ZN4UARTC1EP18sercom_registers_ti) for UART::UART(sercom_registers_t*, int)
    main.o(i.__sti___8_main_cpp_30c642f8) refers to api.o(i._ZN13Smartmesh_APIC1EP4UART) for Smartmesh_API::Smartmesh_API(UART*)
    main.o(i.__sti___8_main_cpp_30c642f8) refers to queue.o(i.xQueueGenericCreate) for xQueueGenericCreate
    main.o(i.__sti___8_main_cpp_30c642f8) refers to queue.o(i.xQueueCreateCountingSemaphore) for xQueueCreateCountingSemaphore
    main.o(i.__sti___8_main_cpp_30c642f8) refers to main.o(.data) for .data
    main.o(i.__sti___8_main_cpp_30c642f8) refers to main.o(.bss) for .bss
    main.o(i.main) refers to system_setup.o(i._Z12setup_systemv) for setup_system()
    main.o(i.main) refers to tasks.o(i.xTaskCreate) for xTaskCreate
    main.o(i.main) refers to sercom.o(i._ZN4UARTC1EP18sercom_registers_ti) for UART::UART(sercom_registers_t*, int)
    main.o(i.main) refers to rt_memcpy.o(.emb_text) for __aeabi_memcpy4
    main.o(i.main) refers to api.o(i._ZN13Smartmesh_APIC1EP4UART) for Smartmesh_API::Smartmesh_API(UART*)
    main.o(i.main) refers to queue.o(i.xQueueGenericSend) for xQueueGenericSend
    main.o(i.main) refers to tasks.o(i.vTaskStartScheduler) for vTaskStartScheduler
    main.o(i.main) refers to main.o(i._Z10setupParsePv) for setupParse(void*)
    main.o(i.main) refers to bluetooth.o(i._Z14bluetoothParsePv) for bluetoothParse(void*)
    main.o(i.main) refers to main.o(.data) for .data
    main.o(i.main) refers to main.o(.bss) for .bss
    main.o(.ARM.exidx) refers to main.o(i._Z12verifyPackettPht) for i._Z12verifyPackettPht
    main.o(.ARM.exidx) refers to main.o(i._Z18parseSmartmeshDataPv) for i._Z18parseSmartmeshDataPv
    main.o(.ARM.exidx) refers to main.o(i._Z10setupParsePv) for i._Z10setupParsePv
    main.o(.ARM.exidx) refers to main.o(i.main) for i.main
    main.o(.ARM.exidx) refers to main.o(i.SERCOM0_Handler) for i.SERCOM0_Handler
    main.o(.ARM.exidx) refers to main.o(i.SERCOM1_Handler) for i.SERCOM1_Handler
    main.o(.ARM.exidx) refers to main.o(i.SERCOM2_Handler) for i.SERCOM2_Handler
    main.o(.ARM.exidx) refers to main.o(i.__sti___8_main_cpp_30c642f8) for i.__sti___8_main_cpp_30c642f8
    main.o(.init_array) refers to main.o(i.__sti___8_main_cpp_30c642f8) for __sti___8_main_cpp_30c642f8
[...]
    prvIsQueueEmpty                          0x00002f55   Thumb Code    28  queue.o(i.prvIsQueueEmpty)
    i.prvIsQueueFull                         0x00002f70   Section        0  queue.o(i.prvIsQueueFull)
    prvIsQueueFull                           0x00002f71   Thumb Code    30  queue.o(i.prvIsQueueFull)
    i.prvProcessExpiredTimer                 0x00002f90   Section        0  timers.o(i.prvProcessExpiredTimer)
    prvProcessExpiredTimer                   0x00002f91   Thumb Code    58  timers.o(i.prvProcessExpiredTimer)
    i.prvProcessReceivedCommands             0x00002fd0   Section        0  timers.o(i.prvProcessReceivedCommands)
    prvProcessReceivedCommands               0x00002fd1   Thumb Code   232  timers.o(i.prvProcessReceivedCommands)
    i.prvProcessTimerOrBlockTask             0x000030bc   Section        0  timers.o(i.prvProcessTimerOrBlockTask)
    prvProcessTimerOrBlockTask               0x000030bd   Thumb Code    96  timers.o(i.prvProcessTimerOrBlockTask)
    i.prvReloadTimer                         0x00003120   Section        0  timers.o(i.prvReloadTimer)
    prvReloadTimer                           0x00003121   Thumb Code    40  timers.o(i.prvReloadTimer)
    i.prvResetNextTaskUnblockTime            0x00003148   Section        0  tasks.o(i.prvResetNextTaskUnblockTime)
    prvResetNextTaskUnblockTime              0x00003149   Thumb Code    28  tasks.o(i.prvResetNextTaskUnblockTime)
    i.prvSampleTimeNow                       0x00003168   Section        0  timers.o(i.prvSampleTimeNow)
    prvSampleTimeNow                         0x00003169   Thumb Code    38  timers.o(i.prvSampleTimeNow)
    i.prvSwitchTimerLists                    0x00003194   Section        0  timers.o(i.prvSwitchTimerLists)
    prvSwitchTimerLists                      0x00003195   Thumb Code    38  timers.o(i.prvSwitchTimerLists)
    i.prvTaskExitError                       0x000031c0   Section        0  port.o(i.prvTaskExitError)
    prvTaskExitError                         0x000031c1   Thumb Code    16  port.o(i.prvTaskExitError)
    i.prvTimerTask                           0x000031d4   Section        0  timers.o(i.prvTimerTask)
    prvTimerTask                             0x000031d5   Thumb Code    20  timers.o(i.prvTimerTask)
    i.prvUnlockQueue                         0x000031e8   Section        0  queue.o(i.prvUnlockQueue)
    prvUnlockQueue                           0x000031e9   Thumb Code   112  queue.o(i.prvUnlockQueue)
    i.pvPortMalloc                           0x00003258   Section        0  heap_4.o(i.pvPortMalloc)
    i.pvTaskIncrementMutexHeldCount          0x00003324   Section        0  tasks.o(i.pvTaskIncrementMutexHeldCount)
    i.pxPortInitialiseStack                  0x0000333c   Section        0  port.o(i.pxPortInitialiseStack)
    i.uxListRemove                           0x0000335c   Section        0  list.o(i.uxListRemove)
    i.vApplicationGetIdleTaskMemory          0x00003384   Section        0  cmsis_os2.o(i.vApplicationGetIdleTaskMemory)
    i.vApplicationGetTimerTaskMemory         0x00003398   Section        0  cmsis_os2.o(i.vApplicationGetTimerTaskMemory)
    i.vApplicationStackOverflowHook          0x000033ac   Section        0  cmsis_os2.o(i.vApplicationStackOverflowHook)
    i.vListInitialise                        0x000033b0   Section        0  list.o(i.vListInitialise)
    i.vListInitialiseItem                    0x000033c6   Section        0  list.o(i.vListInitialiseItem)
    i.vListInsert                            0x000033cc   Section        0  list.o(i.vListInsert)
    i.vListInsertEnd                         0x000033fc   Section        0  list.o(i.vListInsertEnd)
    i.vPortEnterCritical                     0x00003414   Section        0  port.o(i.vPortEnterCritical)
    i.vPortExitCritical                      0x0000342c   Section        0  port.o(i.vPortExitCritical)
    i.vPortFree                              0x00003448   Section        0  heap_4.o(i.vPortFree)
    i.vPortSetupTimerInterrupt               0x00003490   Section        0  port.o(i.vPortSetupTimerInterrupt)
    i.vPortYield                             0x000034b8   Section        0  port.o(i.vPortYield)
    i.vQueueDelete                           0x000034d0   Section        0  queue.o(i.vQueueDelete)
    i.vQueueWaitForMessageRestricted         0x000034e8   Section        0  queue.o(i.vQueueWaitForMessageRestricted)
    i.vTaskDelay                             0x00003530   Section        0  tasks.o(i.vTaskDelay)
    i.vTaskDelete                            0x00003564   Section        0  tasks.o(i.vTaskDelete)
    i.vTaskInternalSetTimeOutState           0x000035e4   Section        0  tasks.o(i.vTaskInternalSetTimeOutState)
    i.vTaskMissedYield                       0x000035f4   Section        0  tasks.o(i.vTaskMissedYield)
    i.vTaskPlaceOnEventList                  0x00003600   Section        0  tasks.o(i.vTaskPlaceOnEventList)
    i.vTaskPlaceOnEventListRestricted        0x00003624   Section        0  tasks.o(i.vTaskPlaceOnEventListRestricted)
    i.vTaskPriorityDisinheritAfterTimeout    0x0000366c   Section        0  tasks.o(i.vTaskPriorityDisinheritAfterTimeout)
    i.vTaskStartScheduler                    0x000036fc   Section        0  tasks.o(i.vTaskStartScheduler)
    i.vTaskSuspendAll                        0x00003774   Section        0  tasks.o(i.vTaskSuspendAll)
    i.vTaskSwitchContext                     0x00003784   Section        0  tasks.o(i.vTaskSwitchContext)
    i.xPortStartScheduler                    0x00003808   Section        0  port.o(i.xPortStartScheduler)
    i.xPortSysTickHandler                    0x00003838   Section        0  port.o(i.xPortSysTickHandler)
    i.xQueueCreateCountingSemaphore          0x0000385c   Section        0  queue.o(i.xQueueCreateCountingSemaphore)
    i.xQueueCreateMutex                      0x0000387c   Section        0  queue.o(i.xQueueCreateMutex)
    i.xQueueCreateMutexStatic                0x00003894   Section        0  queue.o(i.xQueueCreateMutexStatic)
    i.xQueueGenericCreate                    0x000038b0   Section        0  queue.o(i.xQueueGenericCreate)
    i.xQueueGenericCreateStatic              0x000038fe   Section        0  queue.o(i.xQueueGenericCreateStatic)
    i.xQueueGenericReset                     0x0000393c   Section        0  queue.o(i.xQueueGenericReset)
    i.xQueueGenericSend                      0x000039ca   Section        0  queue.o(i.xQueueGenericSend)
    i.xQueueGenericSendFromISR               0x00003ae6   Section        0  queue.o(i.xQueueGenericSendFromISR)
    i.xQueueGiveFromISR                      0x00003b80   Section        0  queue.o(i.xQueueGiveFromISR)
    i.xQueueReceive                          0x00003bfe   Section        0  queue.o(i.xQueueReceive)
    i.xQueueReceiveFromISR                   0x00003d06   Section        0  queue.o(i.xQueueReceiveFromISR)
    i.xQueueSemaphoreTake                    0x00003d8a   Section        0  queue.o(i.xQueueSemaphoreTake)
    i.xTaskCheckForTimeOut                   0x00003ec8   Section        0  tasks.o(i.xTaskCheckForTimeOut)
    i.xTaskCreate                            0x00003f2c   Section        0  tasks.o(i.xTaskCreate)
    i.xTaskCreateStatic                      0x00003f8c   Section        0  tasks.o(i.xTaskCreateStatic)
    i.xTaskGetSchedulerState                 0x00003fd4   Section        0  tasks.o(i.xTaskGetSchedulerState)
    i.xTaskGetTickCount                      0x00003ff4   Section        0  tasks.o(i.xTaskGetTickCount)
    i.xTaskIncrementTick                     0x00004000   Section        0  tasks.o(i.xTaskIncrementTick)
    i.xTaskPriorityDisinherit                0x00004114   Section        0  tasks.o(i.xTaskPriorityDisinherit)
    i.xTaskPriorityInherit                   0x00004198   Section        0  tasks.o(i.xTaskPriorityInherit)
    i.xTaskRemoveFromEventList               0x00004230   Section        0  tasks.o(i.xTaskRemoveFromEventList)
    i.xTaskResumeAll                         0x000042fc   Section        0  tasks.o(i.xTaskResumeAll)
    i.xTimerCreateTimerTask                  0x00004400   Section        0  timers.o(i.xTimerCreateTimerTask)
    locale$$code                             0x00004460   Section       44  lc_numeric_c.o(locale$$code)
    locale$$code                             0x0000448c   Section       44  lc_ctype_c.o(locale$$code)
    x$fpl$printf1                            0x000044b8   Section       16  printf1.o(x$fpl$printf1)
    .constdata                               0x000044c8   Section        8  _printf_wctomb.o(.constdata)
    x$fpl$usenofp                            0x000044c8   Section        0  usenofp.o(x$fpl$usenofp)
    initial_mbstate                          0x000044c8   Data           8  _printf_wctomb.o(.constdata)
    .constdata                               0x000044d0   Section       40  _printf_hex_int_ll_ptr.o(.constdata)
    uc_hextab                                0x000044d0   Data          20  _printf_hex_int_ll_ptr.o(.constdata)
    lc_hextab                                0x000044e4   Data          20  _printf_hex_int_ll_ptr.o(.constdata)
    .constdata                               0x000044f8   Section       17  __printf_flags_ss_wp.o(.constdata)
    maptable                                 0x000044f8   Data          17  __printf_flags_ss_wp.o(.constdata)
    .constdata                               0x0000450c   Section      148  bigflt0.o(.constdata)
    tenpwrs_x                                0x0000450c   Data          60  bigflt0.o(.constdata)
    tenpwrs_i                                0x00004548   Data          64  bigflt0.o(.constdata)
    locale$$data                             0x000045c0   Section       28  lc_numeric_c.o(locale$$data)
    __lcnum_c_name                           0x000045c4   Data           2  lc_numeric_c.o(locale$$data)
    __lcnum_c_start                          0x000045cc   Data           0  lc_numeric_c.o(locale$$data)
    __lcnum_c_point                          0x000045d8   Data           0  lc_numeric_c.o(locale$$data)
    __lcnum_c_thousands                      0x000045da   Data           0  lc_numeric_c.o(locale$$data)
    __lcnum_c_grouping                       0x000045db   Data           0  lc_numeric_c.o(locale$$data)
    locale$$data                             0x000045dc   Section      272  lc_ctype_c.o(locale$$data)
    __lcnum_c_end                            0x000045dc   Data           0  lc_numeric_c.o(locale$$data)
    __lcctype_c_name                         0x000045e0   Data           2  lc_ctype_c.o(locale$$data)
    __lcctype_c_start                        0x000045e8   Data           0  lc_ctype_c.o(locale$$data)
    .init_array                              0x000046ec   Section        4  main.o(.init_array)
    __lcctype_c_end                          0x000046ec   Data           0  lc_ctype_c.o(locale$$data)
    .init_array                              0x000046f0   Section        0  init_aeabi.o(.init_array)
    .data                                    0x20000000   Section      568  main.o(.data)
    fcstab                                   0x20000038   Data         512  main.o(.data)
    .data                                    0x20000238   Section      512  api.o(.data)
    fcstab                                   0x20000238   Data         512  api.o(.data)
    .data                                    0x20000438   Section        4  system_saml21g18b.o(.data)
    .data                                    0x2000043c   Section       32  heap_4.o(.data)
    pxEnd                                    0x2000043c   Data           4  heap_4.o(.data)
    xFreeBytesRemaining                      0x20000440   Data           4  heap_4.o(.data)
    xMinimumEverFreeBytesRemaining           0x20000444   Data           4  heap_4.o(.data)
    xNumberOfSuccessfulAllocations           0x20000448   Data           4  heap_4.o(.data)
    xNumberOfSuccessfulFrees                 0x2000044c   Data           4  heap_4.o(.data)
    xBlockAllocatedBit                       0x20000450   Data           4  heap_4.o(.data)
    xStart                                   0x20000454   Data           8  heap_4.o(.data)
    .data                                    0x2000045c   Section        4  port.o(.data)
    uxCriticalNesting                        0x2000045c   Data           4  port.o(.data)
    .data                                    0x20000460   Section       64  tasks.o(.data)
    uxDeletedTasksWaitingCleanUp             0x20000464   Data           4  tasks.o(.data)
    uxCurrentNumberOfTasks                   0x20000468   Data           4  tasks.o(.data)
    xTickCount                               0x2000046c   Data           4  tasks.o(.data)
    uxTopReadyPriority                       0x20000470   Data           4  tasks.o(.data)
    xSchedulerRunning                        0x20000474   Data           4  tasks.o(.data)
    xPendedTicks                             0x20000478   Data           4  tasks.o(.data)
    xYieldPending                            0x2000047c   Data           4  tasks.o(.data)
    xNumOfOverflows                          0x20000480   Data           4  tasks.o(.data)
    uxTaskNumber                             0x20000484   Data           4  tasks.o(.data)
    xNextTaskUnblockTime                     0x20000488   Data           4  tasks.o(.data)
    xIdleTaskHandle                          0x2000048c   Data           4  tasks.o(.data)
    uxSchedulerSuspended                     0x20000494   Data           4  tasks.o(.data)
    pxDelayedTaskList                        0x20000498   Data           4  tasks.o(.data)
    pxOverflowDelayedTaskList                0x2000049c   Data           4  tasks.o(.data)
    .data                                    0x200004a0   Section       20  timers.o(.data)
    xTimerQueue                              0x200004a0   Data           4  timers.o(.data)
    xTimerTaskHandle                         0x200004a4   Data           4  timers.o(.data)
    xLastTime                                0x200004a8   Data           4  timers.o(.data)
    pxCurrentTimerList                       0x200004ac   Data           4  timers.o(.data)
    pxOverflowTimerList                      0x200004b0   Data           4  timers.o(.data)
    .bss                                     0x200004b4   Section      400  main.o(.bss)
    .bss                                     0x20000644   Section      916  clib_arm.o(.bss)
    os_libspace                              0x20000644   Data         480  clib_arm.o(.bss)
    os_libspace_id                           0x20000824   Data          16  clib_arm.o(.bss)
    clib_mutex_cb                            0x20000834   Data         400  clib_arm.o(.bss)
    clib_mutex_id                            0x200009c4   Data          20  clib_arm.o(.bss)
    .bss                                     0x200009d8   Section     1016  cmsis_os2.o(.bss)
    Idle_TCB                                 0x200009d8   Data          92  cmsis_os2.o(.bss)
    Idle_Stack                               0x20000a34   Data         512  cmsis_os2.o(.bss)
    Timer_TCB                                0x20000c34   Data          92  cmsis_os2.o(.bss)
    Timer_Stack                              0x20000c90   Data         320  cmsis_os2.o(.bss)
    .bss                                     0x20000dd0   Section    16384  heap_4.o(.bss)
    ucHeap                                   0x20000dd0   Data       16384  heap_4.o(.bss)
    .bss                                     0x20004dd0   Section     1220  tasks.o(.bss)
    pxReadyTasksLists                        0x20004dd0   Data        1120  tasks.o(.bss)
    xDelayedTaskList1                        0x20005230   Data          20  tasks.o(.bss)
    xDelayedTaskList2                        0x20005244   Data          20  tasks.o(.bss)
    xPendingReadyList                        0x20005258   Data          20  tasks.o(.bss)
    xTasksWaitingTermination                 0x2000526c   Data          20  tasks.o(.bss)
    xSuspendedTaskList                       0x20005280   Data          20  tasks.o(.bss)
    .bss                                     0x20005294   Section      200  timers.o(.bss)
    xStaticTimerQueue                        0x20005294   Data          80  timers.o(.bss)
    ucStaticTimerQueueStorage                0x200052e4   Data          80  timers.o(.bss)
    xActiveTimerList1                        0x20005334   Data          20  timers.o(.bss)
    xActiveTimerList2                        0x20005348   Data          20  timers.o(.bss)
    .bss                                     0x2000535c   Section       96  libspace.o(.bss)
    HEAP                                     0x200053c0   Section     1280  startup_saml21g18b.o(HEAP)
    Heap_Mem                                 0x200053c0   Data        1280  startup_saml21g18b.o(HEAP)
    STACK                                    0x200058c0   Section     1280  startup_saml21g18b.o(STACK)
    Stack_Mem                                0x200058c0   Data        1280  startup_saml21g18b.o(STACK)
    __initial_sp                             0x20005dc0   Data           0  startup_saml21g18b.o(STACK)

    Global Symbols

    Symbol Name                              Value     Ov Type        Size  Object(Section)

    BuildAttributes$$THM_ISAv3M$S$PE$A:L22$X:L11$S22$IEEE1$IW$USESV6$~STKCKD$USESV7$~SHL$OTIME$ROPI$IEEEJ$EBA8$UX$STANDARDLIB$REQ8$PRES8$EABIv2 0x00000000   Number         0  anon$$obj.o ABSOLUTE
    __ARM_use_no_argv                        0x00000000   Number         0  main.o ABSOLUTE
    __Vectors                                0x00000000   Data           4  startup_saml21g18b.o(RESET)
    _printf_flags                            0x00000000   Number         0  printf_stubs.o ABSOLUTE
    _printf_return_value                     0x00000000   Number         0  printf_stubs.o ABSOLUTE
    _printf_sizespec                         0x00000000   Number         0  printf_stubs.o ABSOLUTE
    _printf_widthprec                        0x00000000   Number         0  printf_stubs.o ABSOLUTE
    __ARM_exceptions_init                     - Undefined Weak Reference
    __alloca_initialize                       - Undefined Weak Reference
    __arm_preinit_                            - Undefined Weak Reference
    __cxa_finalize                            - Undefined Weak Reference
    __sigvec_lookup                           - Undefined Weak Reference
    __user_heap_extent                        - Undefined Weak Reference
    _atexit_init                              - Undefined Weak Reference
    _call_atexit_fns                          - Undefined Weak Reference
    _clock_init                               - Undefined Weak Reference
    _fp_trap_init                             - Undefined Weak Reference
    _fp_trap_shutdown                         - Undefined Weak Reference
    _get_lc_collate                           - Undefined Weak Reference
    _get_lc_monetary                          - Undefined Weak Reference
    _get_lc_time                              - Undefined Weak Reference
    _getenv_init                              - Undefined Weak Reference
    _handle_redirection                       - Undefined Weak Reference
    _printf_fp_hex                            - Undefined Weak Reference
    _printf_mbtowc                            - Undefined Weak Reference
    _printf_wc                                - Undefined Weak Reference
    _rand_init                                - Undefined Weak Reference
    _signal_finish                            - Undefined Weak Reference
    _signal_init                              - Undefined Weak Reference
    __Vectors_End                            0x000000b0   Data           0  startup_saml21g18b.o(RESET)
    __Vectors_Size                           0x000000b0   Number         0  startup_saml21g18b.o ABSOLUTE
    __main                                   0x000000b1   Thumb Code     8  __main.o(!!!main)
    __scatterload                            0x000000b9   Thumb Code     0  __scatter.o(!!!scatter)
    __scatterload_rt2                        0x000000b9   Thumb Code    52  __scatter.o(!!!scatter)
    __scatterload_rt2_thumb_only             0x000000b9   Thumb Code     0  __scatter.o(!!!scatter)
    __scatterload_null                       0x000000c9   Thumb Code     0  __scatter.o(!!!scatter)
    __scatterload_zeroinit                   0x000000f5   Thumb Code    28  __scatter_zi.o(!!handler_zi)
    _printf_percent                          0x00000111   Thumb Code     0  _printf_percent.o(.ARM.Collect$$_printf_percent$$00000000)
    _printf_n                                0x00000113   Thumb Code     0  _printf_n.o(.ARM.Collect$$_printf_percent$$00000001)
    _printf_p                                0x0000011d   Thumb Code     0  _printf_p.o(.ARM.Collect$$_printf_percent$$00000002)
    _printf_f                                0x00000127   Thumb Code     0  _printf_f.o(.ARM.Collect$$_printf_percent$$00000003)
    _printf_e                                0x00000131   Thumb Code     0  _printf_e.o(.ARM.Collect$$_printf_percent$$00000004)
    _printf_g                                0x0000013b   Thumb Code     0  _printf_g.o(.ARM.Collect$$_printf_percent$$00000005)
    _printf_a                                0x00000145   Thumb Code     0  _printf_a.o(.ARM.Collect$$_printf_percent$$00000006)
    _printf_ll                               0x0000014f   Thumb Code     0  _printf_ll.o(.ARM.Collect$$_printf_percent$$00000007)
    _printf_i                                0x00000159   Thumb Code     0  _printf_i.o(.ARM.Collect$$_printf_percent$$00000008)
    _printf_d                                0x00000163   Thumb Code     0  _printf_d.o(.ARM.Collect$$_printf_percent$$00000009)
    _printf_u                                0x0000016d   Thumb Code     0  _printf_u.o(.ARM.Collect$$_printf_percent$$0000000A)
    _printf_o                                0x00000177   Thumb Code     0  _printf_o.o(.ARM.Collect$$_printf_percent$$0000000B)
    _printf_x                                0x00000181   Thumb Code     0  _printf_x.o(.ARM.Collect$$_printf_percent$$0000000C)
    _printf_lli                              0x0000018b   Thumb Code     0  _printf_lli.o(.ARM.Collect$$_printf_percent$$0000000D)
    _printf_lld                              0x00000195   Thumb Code     0  _printf_lld.o(.ARM.Collect$$_printf_percent$$0000000E)
    _printf_llu                              0x0000019f   Thumb Code     0  _printf_llu.o(.ARM.Collect$$_printf_percent$$0000000F)
    _printf_llo                              0x000001a9   Thumb Code     0  _printf_llo.o(.ARM.Collect$$_printf_percent$$00000010)
    _printf_llx                              0x000001b3   Thumb Code     0  _printf_llx.o(.ARM.Collect$$_printf_percent$$00000011)
    _printf_l                                0x000001bd   Thumb Code     0  _printf_l.o(.ARM.Collect$$_printf_percent$$00000012)
    _printf_c                                0x000001c7   Thumb Code     0  _printf_c.o(.ARM.Collect$$_printf_percent$$00000013)
    _printf_s                                0x000001d1   Thumb Code     0  _printf_s.o(.ARM.Collect$$_printf_percent$$00000014)
    _printf_lc                               0x000001db   Thumb Code     0  _printf_lc.o(.ARM.Collect$$_printf_percent$$00000015)
    _printf_ls                               0x000001e5   Thumb Code     0  _printf_ls.o(.ARM.Collect$$_printf_percent$$00000016)
    _printf_percent_end                      0x000001ef   Thumb Code     0  _printf_percent_end.o(.ARM.Collect$$_printf_percent$$00000017)
    __rt_lib_init                            0x000001f3   Thumb Code     0  libinit.o(.ARM.Collect$$libinit$$00000000)
    __rt_lib_init_fp_1                       0x000001f5   Thumb Code     0  libinit2.o(.ARM.Collect$$libinit$$00000002)
    __rt_lib_init_heap_1                     0x000001f5   Thumb Code     0  libinit2.o(.ARM.Collect$$libinit$$0000000A)
    __rt_lib_init_lc_common                  0x000001f5   Thumb Code     0  libinit2.o(.ARM.Collect$$libinit$$0000000F)
    __rt_lib_init_preinit_1                  0x000001f5   Thumb Code     0  libinit2.o(.ARM.Collect$$libinit$$00000004)
    __rt_lib_init_rand_1                     0x000001f5   Thumb Code     0  libinit2.o(.ARM.Collect$$libinit$$0000000E)
    __rt_lib_init_user_alloc_1               0x000001f5   Thumb Code     0  libinit2.o(.ARM.Collect$$libinit$$0000000C)
    __rt_lib_init_lc_collate_1               0x000001fb   Thumb Code     0  libinit2.o(.ARM.Collect$$libinit$$00000011)
    __rt_lib_init_lc_ctype_2                 0x000001fb   Thumb Code     0  libinit2.o(.ARM.Collect$$libinit$$00000012)
    __rt_lib_init_lc_ctype_1                 0x00000207   Thumb Code     0  libinit2.o(.ARM.Collect$$libinit$$00000013)
    __rt_lib_init_lc_monetary_1              0x00000207   Thumb Code     0  libinit2.o(.ARM.Collect$$libinit$$00000015)
    __rt_lib_init_lc_numeric_2               0x00000207   Thumb Code     0  libinit2.o(.ARM.Collect$$libinit$$00000016)
    __rt_lib_init_alloca_1                   0x00000211   Thumb Code     0  libinit2.o(.ARM.Collect$$libinit$$0000002E)
    __rt_lib_init_argv_1                     0x00000211   Thumb Code     0  libinit2.o(.ARM.Collect$$libinit$$0000002C)
    __rt_lib_init_atexit_1                   0x00000211   Thumb Code     0  libinit2.o(.ARM.Collect$$libinit$$0000001B)
    __rt_lib_init_clock_1                    0x00000211   Thumb Code     0  libinit2.o(.ARM.Collect$$libinit$$00000021)
    __rt_lib_init_cpp_2                      0x00000211   Thumb Code     0  libinit2.o(.ARM.Collect$$libinit$$00000031)
    __rt_lib_init_exceptions_1               0x00000211   Thumb Code     0  libinit2.o(.ARM.Collect$$libinit$$00000030)
    __rt_lib_init_fp_trap_1                  0x00000211   Thumb Code     0  libinit2.o(.ARM.Collect$$libinit$$0000001F)
    __rt_lib_init_getenv_1                   0x00000211   Thumb Code     0  libinit2.o(.ARM.Collect$$libinit$$00000023)
    __rt_lib_init_lc_numeric_1               0x00000211   Thumb Code     0  libinit2.o(.ARM.Collect$$libinit$$00000017)
    __rt_lib_init_lc_time_1                  0x00000211   Thumb Code     0  libinit2.o(.ARM.Collect$$libinit$$00000019)
    __rt_lib_init_signal_1                   0x00000211   Thumb Code     0  libinit2.o(.ARM.Collect$$libinit$$0000001D)
    __rt_lib_init_stdio_1                    0x00000211   Thumb Code     0  libinit2.o(.ARM.Collect$$libinit$$00000025)
    __rt_lib_init_cpp_1                      0x00000215   Thumb Code     0  libinit2.o(.ARM.Collect$$libinit$$00000032)
    __rt_lib_init_return                     0x00000215   Thumb Code     0  libinit2.o(.ARM.Collect$$libinit$$00000033)
    __rt_lib_shutdown                        0x00000217   Thumb Code     0  libshutdown.o(.ARM.Collect$$libshutdown$$00000000)
    __rt_lib_shutdown_cpp_1                  0x00000219   Thumb Code     0  libshutdown2.o(.ARM.Collect$$libshutdown$$00000002)
    __rt_lib_shutdown_fp_trap_1              0x00000219   Thumb Code     0  libshutdown2.o(.ARM.Collect$$libshutdown$$00000007)
    __rt_lib_shutdown_heap_1                 0x00000219   Thumb Code     0  libshutdown2.o(.ARM.Collect$$libshutdown$$0000000F)
    __rt_lib_shutdown_return                 0x00000219   Thumb Code     0  libshutdown2.o(.ARM.Collect$$libshutdown$$00000010)
    __rt_lib_shutdown_signal_1               0x00000219   Thumb Code     0  libshutdown2.o(.ARM.Collect$$libshutdown$$0000000A)
    __rt_lib_shutdown_stdio_1                0x00000219   Thumb Code     0  libshutdown2.o(.ARM.Collect$$libshutdown$$00000004)
    __rt_lib_shutdown_user_alloc_1           0x00000219   Thumb Code     0  libshutdown2.o(.ARM.Collect$$libshutdown$$0000000C)
    __rt_entry                               0x0000021b   Thumb Code     0  __rtentry.o(.ARM.Collect$$rtentry$$00000000)
    __rt_entry_presh_1                       0x0000021b   Thumb Code     0  __rtentry2.o(.ARM.Collect$$rtentry$$00000002)
    __rt_entry_sh                            0x0000021b   Thumb Code     0  __rtentry4.o(.ARM.Collect$$rtentry$$00000004)
    __rt_entry_postsh_1                      0x00000221   Thumb Code     0  __rtentry2.o(.ARM.Collect$$rtentry$$00000008)
    __rt_entry_li                            0x00000229   Thumb Code     0  __rtentry2.o(.ARM.Collect$$rtentry$$0000000A)
    __rt_entry_main                          0x0000022d   Thumb Code     0  __rtentry2.o(.ARM.Collect$$rtentry$$0000000D)
    __rt_entry_postli_1                      0x0000022d   Thumb Code     0  __rtentry2.o(.ARM.Collect$$rtentry$$0000000C)
    __rt_exit                                0x00000235   Thumb Code     0  rtexit.o(.ARM.Collect$$rtexit$$00000000)
    __rt_exit_ls                             0x00000237   Thumb Code     0  rtexit2.o(.ARM.Collect$$rtexit$$00000003)
    __rt_exit_prels_1                        0x00000237   Thumb Code     0  rtexit2.o(.ARM.Collect$$rtexit$$00000002)
    __rt_exit_exit                           0x0000023b   Thumb Code     0  rtexit2.o(.ARM.Collect$$rtexit$$00000004)
    __asm___6_port_c_39a90d8d__prvPortStartFirstTask 0x00000241   Thumb Code    36  port.o(.emb_text)
    ulSetInterruptMaskFromISR                0x00000269   Thumb Code     8  port.o(.emb_text)
    vClearInterruptMaskFromISR               0x00000271   Thumb Code     6  port.o(.emb_text)
    PendSV_Handler                           0x00000277   Thumb Code    62  port.o(.emb_text)
    __aeabi_memcpy4                          0x000002b9   Thumb Code    56  rt_memcpy.o(.emb_text)
    __aeabi_memcpy8                          0x000002b9   Thumb Code     0  rt_memcpy.o(.emb_text)
    Reset_Handler                            0x000002f1   Thumb Code     8  startup_saml21g18b.o(.text)
    NonMaskableInt_Handler                   0x000002f9   Thumb Code     2  startup_saml21g18b.o(.text)
    HardFault_Handler                        0x000002fb   Thumb Code     2  startup_saml21g18b.o(.text)
    AC_Handler                               0x00000303   Thumb Code     0  startup_saml21g18b.o(.text)
    ADC_Handler                              0x00000303   Thumb Code     0  startup_saml21g18b.o(.text)
    AES_Handler                              0x00000303   Thumb Code     0  startup_saml21g18b.o(.text)
    DAC_Handler                              0x00000303   Thumb Code     0  startup_saml21g18b.o(.text)
    DMAC_Handler                             0x00000303   Thumb Code     0  startup_saml21g18b.o(.text)
    EIC_Handler                              0x00000303   Thumb Code     0  startup_saml21g18b.o(.text)
    EVSYS_Handler                            0x00000303   Thumb Code     0  startup_saml21g18b.o(.text)
    NVMCTRL_Handler                          0x00000303   Thumb Code     0  startup_saml21g18b.o(.text)
    PTC_Handler                              0x00000303   Thumb Code     0  startup_saml21g18b.o(.text)
    RTC_Handler                              0x00000303   Thumb Code     0  startup_saml21g18b.o(.text)
    SERCOM3_Handler                          0x00000303   Thumb Code     0  startup_saml21g18b.o(.text)
    SERCOM4_Handler                          0x00000303   Thumb Code     0  startup_saml21g18b.o(.text)
    SERCOM5_Handler                          0x00000303   Thumb Code     0  startup_saml21g18b.o(.text)
    SYSTEM_Handler                           0x00000303   Thumb Code     0  startup_saml21g18b.o(.text)
    TC0_Handler                              0x00000303   Thumb Code     0  startup_saml21g18b.o(.text)
    TC1_Handler                              0x00000303   Thumb Code     0  startup_saml21g18b.o(.text)
    TC4_Handler                              0x00000303   Thumb Code     0  startup_saml21g18b.o(.text)
    TCC0_Handler                             0x00000303   Thumb Code     0  startup_saml21g18b.o(.text)
    TCC1_Handler                             0x00000303   Thumb Code     0  startup_saml21g18b.o(.text)
    TCC2_Handler                             0x00000303   Thumb Code     0  startup_saml21g18b.o(.text)
    TRNG_Handler                             0x00000303   Thumb Code     0  startup_saml21g18b.o(.text)
    USB_Handler                              0x00000303   Thumb Code     0  startup_saml21g18b.o(.text)
    WDT_Handler                              0x00000303   Thumb Code     0  startup_saml21g18b.o(.text)
    __user_initial_stackheap                 0x00000305   Thumb Code     0  startup_saml21g18b.o(.text)
    __c89vsprintf                            0x00000329   Thumb Code    32  c89vsprintf.o(.text)
    __aeabi_memcpy                           0x0000034d   Thumb Code   130  rt_memcpy.o(.text)
    __rt_memcpy                              0x0000034d   Thumb Code     0  rt_memcpy.o(.text)
    __aeabi_memset                           0x000003cf   Thumb Code    18  aeabi_memset.o(.text)
    _memset_w                                0x000003e1   Thumb Code    26  rt_memclr.o(.text)
    _memset                                  0x000003fb   Thumb Code    30  rt_memclr.o(.text)
    __aeabi_memclr                           0x00000419   Thumb Code     4  rt_memclr.o(.text)
    __rt_memclr                              0x00000419   Thumb Code     0  rt_memclr.o(.text)
    __aeabi_memclr4                          0x0000041d   Thumb Code     0  rt_memclr.o(.text)
    __aeabi_memclr8                          0x0000041d   Thumb Code     0  rt_memclr.o(.text)
    __rt_memclr_w                            0x0000041d   Thumb Code     4  rt_memclr.o(.text)
    __aeabi_uidiv                            0x00000421   Thumb Code     0  aeabi_sdiv.o(.text)
    __aeabi_uidivmod                         0x00000421   Thumb Code    20  aeabi_sdiv.o(.text)
    __aeabi_idiv                             0x00000435   Thumb Code     0  aeabi_sdiv.o(.text)
    __aeabi_idivmod                          0x00000435   Thumb Code   326  aeabi_sdiv.o(.text)
    __use_two_region_memory                  0x0000057b   Thumb Code     2  heapauxi.o(.text)
    __rt_heap_escrow                         0x0000057d   Thumb Code     2  heapauxi.o(.text)
    __rt_heap_expand                         0x0000057f   Thumb Code     2  heapauxi.o(.text)
    __cpp_initialize__aeabi_                 0x00000581   Thumb Code    26  init_aeabi.o(.text)
    _printf_pre_padding                      0x000005a5   Thumb Code    44  _printf_pad.o(.text)
    _printf_post_padding                     0x000005d1   Thumb Code    34  _printf_pad.o(.text)
    _printf_truncate_signed                  0x000005f3   Thumb Code    18  _printf_truncate.o(.text)
    _printf_truncate_unsigned                0x00000605   Thumb Code    18  _printf_truncate.o(.text)
    _printf_str                              0x00000617   Thumb Code    82  _printf_str.o(.text)
    _printf_int_dec                          0x00000669   Thumb Code    90  _printf_dec.o(.text)
    _printf_charcount                        0x000006d5   Thumb Code    38  _printf_charcount.o(.text)
    _printf_char_common                      0x00000707   Thumb Code    32  _printf_char_common.o(.text)
    _sputc                                   0x0000072d   Thumb Code    10  _sputc.o(.text)
    _printf_wctomb                           0x00000739   Thumb Code   182  _printf_wctomb.o(.text)
    _printf_longlong_dec                     0x000007f5   Thumb Code    94  _printf_longlong_dec.o(.text)
    _printf_longlong_oct                     0x00000865   Thumb Code    68  _printf_oct_int_ll.o(.text)
    _printf_int_oct                          0x000008a9   Thumb Code    24  _printf_oct_int_ll.o(.text)
    _printf_ll_oct                           0x000008c1   Thumb Code    10  _printf_oct_int_ll.o(.text)
    _printf_longlong_hex                     0x000008d5   Thumb Code    88  _printf_hex_int_ll_ptr.o(.text)
    _printf_int_hex                          0x0000092d   Thumb Code    28  _printf_hex_int_ll_ptr.o(.text)
    _printf_ll_hex                           0x00000949   Thumb Code    10  _printf_hex_int_ll_ptr.o(.text)
    _printf_hex_ptr                          0x00000953   Thumb Code    22  _printf_hex_int_ll_ptr.o(.text)
    __printf                                 0x0000096d   Thumb Code   386  __printf_flags_ss_wp.o(.text)
    _sys_exit                                0x00000af5   Thumb Code     8  sys_exit.o(.text)
    __user_libspace                          0x00000b01   Thumb Code     8  libspace.o(.text)
    __user_perproc_libspace                  0x00000b01   Thumb Code     0  libspace.o(.text)
    _ll_udiv10                               0x00000b09   Thumb Code   122  lludiv10.o(.text)
    _printf_int_common                       0x00000b83   Thumb Code   176  _printf_intcommon.o(.text)
    __lib_sel_fp_printf                      0x00000c35   Thumb Code     2  _printf_fp_dec.o(.text)
    _printf_fp_dec_real                      0x00000dd3   Thumb Code   620  _printf_fp_dec.o(.text)
    _printf_cs_common                        0x0000104d   Thumb Code    22  _printf_char.o(.text)
    _printf_char                             0x00001063   Thumb Code    16  _printf_char.o(.text)
    _printf_string                           0x00001073   Thumb Code     8  _printf_char.o(.text)
    _printf_lcs_common                       0x0000107b   Thumb Code    22  _printf_wchar.o(.text)
    _printf_wchar                            0x00001091   Thumb Code    16  _printf_wchar.o(.text)
    _printf_wstring                          0x000010a1   Thumb Code     8  _printf_wchar.o(.text)
    _wcrtomb                                 0x000010a9   Thumb Code    64  _wcrtomb.o(.text)
    __rt_udiv10                              0x000010e9   Thumb Code    40  rtudiv10.o(.text)
    __I$use$semihosting                      0x00001111   Thumb Code     0  use_no_semi.o(.text)
    __use_no_semihosting_swi                 0x00001111   Thumb Code     2  use_no_semi.o(.text)
    __semihosting_library_function           0x00001113   Thumb Code     0  indicate_semi.o(.text)
    __user_setup_stackheap                   0x00001113   Thumb Code    62  sys_stackheap_outer.o(.text)
    __rt_ctype_table                         0x00001151   Thumb Code    16  rt_ctype_table.o(.text)
    __rt_locale                              0x00001161   Thumb Code    10  rt_locale_twolibspace.o(.text)
    _printf_fp_infnan                        0x0000116d   Thumb Code   120  _printf_fp_infnan.o(.text)
    _btod_etento                             0x000011f5   Thumb Code   210  bigflt0.o(.text)
    _btod_d2e                                0x000012cd   Thumb Code    64  btod.o(.text)
    _btod_emul                               0x00001701   Thumb Code    28  btod.o(.text)
    _btod_emuld                              0x0000171d   Thumb Code   144  btod.o(.text)
    _btod_ediv                               0x000017ad   Thumb Code    26  btod.o(.text)
    _btod_edivd                              0x000017c7   Thumb Code   124  btod.o(.text)
    exit                                     0x0000184d   Thumb Code    16  exit.o(.text)
    strcmp                                   0x0000185d   Thumb Code   132  strcmp.o(.text)
    __decompress                             0x000018e5   Thumb Code     0  __dclz77c.o(.text)
    __decompress2                            0x000018e5   Thumb Code    96  __dclz77c.o(.text)
    SERCOM0_Handler                          0x00001945   Thumb Code   222  main.o(i.SERCOM0_Handler)
    SERCOM1_Handler                          0x00001a41   Thumb Code    36  main.o(i.SERCOM1_Handler)
    SERCOM2_Handler                          0x00001a71   Thumb Code    14  main.o(i.SERCOM2_Handler)
    SVC_Handler                              0x00001a85   Thumb Code     2  port.o(i.SVC_Handler)
    SysTick_Handler                          0x00001a89   Thumb Code    20  cmsis_os2.o(i.SysTick_Handler)
    SystemInit                               0x00001aa1   Thumb Code     8  system_saml21g18b.o(i.SystemInit)
    setupParse(void*)                        0x00001ab1   Thumb Code    44  main.o(i._Z10setupParsePv)
    setup_system()                           0x00001af1   Thumb Code   360  system_setup.o(i._Z12setup_systemv)
    verifyPacket(unsigned short, unsigned char*, unsigned short) 0x00001ca9   Thumb Code    40  main.o(i._Z12verifyPackettPht)
    bluetoothParse(void*)                    0x00001cd9   Thumb Code   772  bluetooth.o(i._Z14bluetoothParsePv)
    parseSmartmeshData(void*)                0x00002039   Thumb Code   330  main.o(i._Z18parseSmartmeshDataPv)
    setup_rtc()                              0x00002199   Thumb Code     2  rtc.o(i._Z9setup_rtcv)
    Smartmesh_API::setJoinKey(unsigned char*) 0x0000219d   Thumb Code    54  api.o(i._ZN13Smartmesh_API10setJoinKeyEPh)
    Smartmesh_API::getMoteInfo(unsigned char*) 0x000021d9   Thumb Code    54  api.o(i._ZN13Smartmesh_API11getMoteInfoEPh)
    Smartmesh_API::init_packet(unsigned char, unsigned char) 0x00002215   Thumb Code    34  api.o(i._ZN13Smartmesh_API11init_packetEhh)
    Smartmesh_API::checksumData(unsigned short, unsigned char*, unsigned short) 0x00002239   Thumb Code    44  api.o(i._ZN13Smartmesh_API12checksumDataEtPht)
    Smartmesh_API::verifyPacket(unsigned short, unsigned char*, unsigned short) 0x00002269   Thumb Code    42  api.o(i._ZN13Smartmesh_API12verifyPacketEtPht)
    Smartmesh_API::getNetworkInfo()          0x0000229d   Thumb Code    42  api.o(i._ZN13Smartmesh_API14getNetworkInfoEv)
    Smartmesh_API::clearStatistics()         0x000022cd   Thumb Code    42  api.o(i._ZN13Smartmesh_API15clearStatisticsEv)
    Smartmesh_API::getNetworkConfig()        0x000022fd   Thumb Code    42  api.o(i._ZN13Smartmesh_API16getNetworkConfigEv)
    Smartmesh_API::parseNetworkInfo(network_info*, unsigned char*) 0x0000232d   Thumb Code   178  api.o(i._ZN13Smartmesh_API16parseNetworkInfoEP12network_infoPh)
    Smartmesh_API::setNetworkConfig(unsigned char*) 0x000023e5   Thumb Code   110  api.o(i._ZN13Smartmesh_API16setNetworkConfigEPh)
    Smartmesh_API::parseNetworkConfig(network_config*, unsigned char*) 0x00002459   Thumb Code   110  api.o(i._ZN13Smartmesh_API18parseNetworkConfigEP14network_configPh)
    Smartmesh_API::parseDataNotification(data_notif*, unsigned char*) 0x000024c9   Thumb Code   136  api.o(i._ZN13Smartmesh_API21parseDataNotificationEP10data_notifPh)
    Smartmesh_API::getMoteConfigFromMoteId(unsigned short) 0x00002555   Thumb Code    50  api.o(i._ZN13Smartmesh_API23getMoteConfigFromMoteIdEt)
    Smartmesh_API::mgr_init()                0x0000258d   Thumb Code    54  api.o(i._ZN13Smartmesh_API8mgr_initEv)
    Smartmesh_API::subscribe(unsigned, unsigned) 0x000025c9   Thumb Code    64  api.o(i._ZN13Smartmesh_API9subscribeEjj)
    Smartmesh_API::Smartmesh_API(UART*)      0x0000260d   Thumb Code    12  api.o(i._ZN13Smartmesh_APIC1EP4UART)
    Smartmesh_API::Smartmesh_API__sub_object(UART*) 0x0000260d   Thumb Code     0  api.o(i._ZN13Smartmesh_APIC1EP4UART)
    UART::send_array(unsigned char*, unsigned char) 0x00002619   Thumb Code    76  sercom.o(i._ZN4UART10send_arrayEPhh)
    UART::_printf(const char*, ...)          0x00002671   Thumb Code   112  sercom.o(i._ZN4UART7_printfEPKcz)
    UART::UART(sercom_registers_t*, int)     0x000026ed   Thumb Code   212  sercom.o(i._ZN4UARTC1EP18sercom_registers_ti)
    UART::UART__sub_object(sercom_registers_t*, int) 0x000026ed   Thumb Code     0  sercom.o(i._ZN4UARTC1EP18sercom_registers_ti)
    __ARM_common_ll_muluu                    0x000027e5   Thumb Code    48  uecc.o(i.__ARM_common_ll_muluu)
    __ARM_common_switch8                     0x00002815   Thumb Code    26  main.o(i.__ARM_common_switch8)
    __ARM_fpclassify                         0x00002831   Thumb Code    40  fpclassify.o(i.__ARM_fpclassify)
    _is_digit                                0x00002901   Thumb Code    14  __printf_wp.o(i._is_digit)
    _mutex_acquire                           0x0000290f   Thumb Code    24  clib_arm.o(i._mutex_acquire)
    _mutex_free                              0x00002929   Thumb Code    40  clib_arm.o(i._mutex_free)
    _mutex_initialize                        0x00002955   Thumb Code    80  clib_arm.o(i._mutex_initialize)
    _mutex_release                           0x000029ad   Thumb Code    26  clib_arm.o(i._mutex_release)
    _platform_post_stackheap_init            0x000029c7   Thumb Code     2  clib_arm.o(i._platform_post_stackheap_init)
    main                                     0x000029c9   Thumb Code   158  main.o(i.main)
    pvPortMalloc                             0x00003259   Thumb Code   198  heap_4.o(i.pvPortMalloc)
    pvTaskIncrementMutexHeldCount            0x00003325   Thumb Code    20  tasks.o(i.pvTaskIncrementMutexHeldCount)
    pxPortInitialiseStack                    0x0000333d   Thumb Code    26  port.o(i.pxPortInitialiseStack)
    uxListRemove                             0x0000335d   Thumb Code    38  list.o(i.uxListRemove)
    vApplicationGetIdleTaskMemory            0x00003385   Thumb Code    16  cmsis_os2.o(i.vApplicationGetIdleTaskMemory)
    vApplicationGetTimerTaskMemory           0x00003399   Thumb Code    16  cmsis_os2.o(i.vApplicationGetTimerTaskMemory)
    vApplicationStackOverflowHook            0x000033ad   Thumb Code     4  cmsis_os2.o(i.vApplicationStackOverflowHook)
    vListInitialise                          0x000033b1   Thumb Code    22  list.o(i.vListInitialise)
    vListInitialiseItem                      0x000033c7   Thumb Code     6  list.o(i.vListInitialiseItem)
    vListInsert                              0x000033cd   Thumb Code    48  list.o(i.vListInsert)
    vListInsertEnd                           0x000033fd   Thumb Code    24  list.o(i.vListInsertEnd)
    vPortEnterCritical                       0x00003415   Thumb Code    20  port.o(i.vPortEnterCritical)
    vPortExitCritical                        0x0000342d   Thumb Code    24  port.o(i.vPortExitCritical)
    vPortFree                                0x00003449   Thumb Code    68  heap_4.o(i.vPortFree)
    vPortSetupTimerInterrupt                 0x00003491   Thumb Code    32  port.o(i.vPortSetupTimerInterrupt)
    vPortYield                               0x000034b9   Thumb Code    18  port.o(i.vPortYield)
    vQueueDelete                             0x000034d1   Thumb Code    24  queue.o(i.vQueueDelete)
    vQueueWaitForMessageRestricted           0x000034e9   Thumb Code    70  queue.o(i.vQueueWaitForMessageRestricted)
    vTaskDelay                               0x00003531   Thumb Code    48  tasks.o(i.vTaskDelay)
    vTaskDelete                              0x00003565   Thumb Code   118  tasks.o(i.vTaskDelete)
    vTaskInternalSetTimeOutState             0x000035e5   Thumb Code    12  tasks.o(i.vTaskInternalSetTimeOutState)
    vTaskMissedYield                         0x000035f5   Thumb Code     8  tasks.o(i.vTaskMissedYield)
    vTaskPlaceOnEventList                    0x00003601   Thumb Code    32  tasks.o(i.vTaskPlaceOnEventList)
    vTaskPlaceOnEventListRestricted          0x00003625   Thumb Code    68  tasks.o(i.vTaskPlaceOnEventListRestricted)
    vTaskPriorityDisinheritAfterTimeout      0x0000366d   Thumb Code   136  tasks.o(i.vTaskPriorityDisinheritAfterTimeout)
    vTaskStartScheduler                      0x000036fd   Thumb Code   102  tasks.o(i.vTaskStartScheduler)
    vTaskSuspendAll                          0x00003775   Thumb Code    10  tasks.o(i.vTaskSuspendAll)
    vTaskSwitchContext                       0x00003785   Thumb Code   120  tasks.o(i.vTaskSwitchContext)
    xPortStartScheduler                      0x00003809   Thumb Code    40  port.o(i.xPortStartScheduler)
    xPortSysTickHandler                      0x00003839   Thumb Code    32  port.o(i.xPortSysTickHandler)
    xQueueCreateCountingSemaphore            0x0000385d   Thumb Code    32  queue.o(i.xQueueCreateCountingSemaphore)
    xQueueCreateMutex                        0x0000387d   Thumb Code    24  queue.o(i.xQueueCreateMutex)
    xQueueCreateMutexStatic                  0x00003895   Thumb Code    28  queue.o(i.xQueueCreateMutexStatic)
    xQueueGenericCreate                      0x000038b1   Thumb Code    78  queue.o(i.xQueueGenericCreate)
    xQueueGenericCreateStatic                0x000038ff   Thumb Code    62  queue.o(i.xQueueGenericCreateStatic)
    xQueueGenericReset                       0x0000393d   Thumb Code   142  queue.o(i.xQueueGenericReset)
    xQueueGenericSend                        0x000039cb   Thumb Code   284  queue.o(i.xQueueGenericSend)
    xQueueGenericSendFromISR                 0x00003ae7   Thumb Code   154  queue.o(i.xQueueGenericSendFromISR)
    xQueueGiveFromISR                        0x00003b81   Thumb Code   126  queue.o(i.xQueueGiveFromISR)
    xQueueReceive                            0x00003bff   Thumb Code   264  queue.o(i.xQueueReceive)
    xQueueReceiveFromISR                     0x00003d07   Thumb Code   132  queue.o(i.xQueueReceiveFromISR)
    xQueueSemaphoreTake                      0x00003d8b   Thumb Code   318  queue.o(i.xQueueSemaphoreTake)
    xTaskCheckForTimeOut                     0x00003ec9   Thumb Code    96  tasks.o(i.xTaskCheckForTimeOut)
    xTaskCreate                              0x00003f2d   Thumb Code    96  tasks.o(i.xTaskCreate)
    xTaskCreateStatic                        0x00003f8d   Thumb Code    70  tasks.o(i.xTaskCreateStatic)
    xTaskGetSchedulerState                   0x00003fd5   Thumb Code    26  tasks.o(i.xTaskGetSchedulerState)
    xTaskGetTickCount                        0x00003ff5   Thumb Code     6  tasks.o(i.xTaskGetTickCount)
    xTaskIncrementTick                       0x00004001   Thumb Code   266  tasks.o(i.xTaskIncrementTick)
    xTaskPriorityDisinherit                  0x00004115   Thumb Code   122  tasks.o(i.xTaskPriorityDisinherit)
    xTaskPriorityInherit                     0x00004199   Thumb Code   142  tasks.o(i.xTaskPriorityInherit)
    xTaskRemoveFromEventList                 0x00004231   Thumb Code   190  tasks.o(i.xTaskRemoveFromEventList)
    xTaskResumeAll                           0x000042fd   Thumb Code   248  tasks.o(i.xTaskResumeAll)
    xTimerCreateTimerTask                    0x00004401   Thumb Code    80  timers.o(i.xTimerCreateTimerTask)
    _get_lc_numeric                          0x00004461   Thumb Code    44  lc_numeric_c.o(locale$$code)
    _get_lc_ctype                            0x0000448d   Thumb Code    44  lc_ctype_c.o(locale$$code)
    _printf_fp_dec                           0x000044b9   Thumb Code    16  printf1.o(x$fpl$printf1)
    __I$use$fp                               0x000044c8   Number         0  usenofp.o(x$fpl$usenofp)
    Region$$Table$$Base                      0x000045a0   Number         0  anon$$obj.o(Region$$Table)
    Region$$Table$$Limit                     0x000045c0   Number         0  anon$$obj.o(Region$$Table)
    __ctype                                  0x000045e9   Data           0  lc_ctype_c.o(locale$$data)
    SHT$$INIT_ARRAY$$Base                    0x000046ec   Number         0  main.o(.init_array)
    SHT$$INIT_ARRAY$$Limit                   0x000046f0   Number         0  init_aeabi.o(.init_array)
    startFlag                                0x20000000   Data           1  main.o(.data)
    connectedToManager                       0x20000001   Data           1  main.o(.data)
    length                                   0x20000002   Data           1  main.o(.data)
    bluetoothData                            0x20000004   Data           4  main.o(.data)
    dma_in_use                               0x20000008   Data           4  main.o(.data)
    apiInUse                                 0x2000000c   Data           4  main.o(.data)
    bluetoothInUse                           0x20000010   Data           4  main.o(.data)
    dataRecieved                             0x20000014   Data           4  main.o(.data)
    getNetworkInfo                           0x20000018   Data           4  main.o(.data)
    getNetworkConfig                         0x2000001c   Data           4  main.o(.data)
    getMoteInfo                              0x20000020   Data           4  main.o(.data)
    moteConfigWasGotFromID                   0x20000024   Data           4  main.o(.data)
    api_usart                                0x20000028   Data           8  main.o(.data)
    bluetooth                                0x20000030   Data           8  main.o(.data)
    SystemCoreClock                          0x20000438   Data           4  system_saml21g18b.o(.data)
    pxCurrentTCB                             0x20000460   Data           4  tasks.o(.data)
    uxTopUsedPriority                        0x20000490   Data           4  tasks.o(.data)
    txbuffer                                 0x200004b4   Data         130  main.o(.bss)
    smartmeshData                            0x20000536   Data         130  main.o(.bss)
    api                                      0x200005b8   Data         140  main.o(.bss)
    __libspace_start                         0x2000535c   Data          96  libspace.o(.bss)
    __temporary_stack_top$libspace           0x200053bc   Data           0  libspace.o(.bss)



==============================================================================

Memory Map of the image

  Image Entry point : 0x000000b1

  Load Region LR_IROM1 (Base: 0x00000000, Size: 0x00004ba4, Max: 0x00040000, ABSOLUTE, COMPRESSED[0x00004914])

    Execution Region ER_IROM1 (Exec base: 0x00000000, Load base: 0x00000000, Size: 0x000046f0, Max: 0x00040000, ABSOLUTE)

    Exec Addr    Load Addr    Size         Type   Attr      Idx    E Section Name        Object

    0x00000000   0x00000000   0x000000b0   Data   RO         2648    RESET               startup_saml21g18b.o
    0x000000b0   0x000000b0   0x00000008   Code   RO         4061  * !!!main             c_p.l(__main.o)
    0x000000b8   0x000000b8   0x0000003c   Code   RO         4502    !!!scatter          c_p.l(__scatter.o)
    0x000000f4   0x000000f4   0x0000001c   Code   RO         4504    !!handler_zi        c_p.l(__scatter_zi.o)
    0x00000110   0x00000110   0x00000002   Code   RO         4184    .ARM.Collect$$_printf_percent$$00000000  c_p.l(_printf_percent.o)
    0x00000112   0x00000112   0x0000000a   Code   RO         4173    .ARM.Collect$$_printf_percent$$00000001  c_p.l(_printf_n.o)
    0x0000011c   0x0000011c   0x0000000a   Code   RO         4175    .ARM.Collect$$_printf_percent$$00000002  c_p.l(_printf_p.o)
    0x00000126   0x00000126   0x0000000a   Code   RO         4180    .ARM.Collect$$_printf_percent$$00000003  c_p.l(_printf_f.o)
    0x00000130   0x00000130   0x0000000a   Code   RO         4181    .ARM.Collect$$_printf_percent$$00000004  c_p.l(_printf_e.o)
    0x0000013a   0x0000013a   0x0000000a   Code   RO         4182    .ARM.Collect$$_printf_percent$$00000005  c_p.l(_printf_g.o)
    0x00000144   0x00000144   0x0000000a   Code   RO         4183    .ARM.Collect$$_printf_percent$$00000006  c_p.l(_printf_a.o)
    0x0000014e   0x0000014e   0x0000000a   Code   RO         4188    .ARM.Collect$$_printf_percent$$00000007  c_p.l(_printf_ll.o)
    0x00000158   0x00000158   0x0000000a   Code   RO         4177    .ARM.Collect$$_printf_percent$$00000008  c_p.l(_printf_i.o)
    0x00000162   0x00000162   0x0000000a   Code   RO         4178    .ARM.Collect$$_printf_percent$$00000009  c_p.l(_printf_d.o)
    0x0000016c   0x0000016c   0x0000000a   Code   RO         4179    .ARM.Collect$$_printf_percent$$0000000A  c_p.l(_printf_u.o)
    0x00000176   0x00000176   0x0000000a   Code   RO         4176    .ARM.Collect$$_printf_percent$$0000000B  c_p.l(_printf_o.o)
    0x00000180   0x00000180   0x0000000a   Code   RO         4174    .ARM.Collect$$_printf_percent$$0000000C  c_p.l(_printf_x.o)
    0x0000018a   0x0000018a   0x0000000a   Code   RO         4185    .ARM.Collect$$_printf_percent$$0000000D  c_p.l(_printf_lli.o)
    0x00000194   0x00000194   0x0000000a   Code   RO         4186    .ARM.Collect$$_printf_percent$$0000000E  c_p.l(_printf_lld.o)
    0x0000019e   0x0000019e   0x0000000a   Code   RO         4187    .ARM.Collect$$_printf_percent$$0000000F  c_p.l(_printf_llu.o)
    0x000001a8   0x000001a8   0x0000000a   Code   RO         4192    .ARM.Collect$$_printf_percent$$00000010  c_p.l(_printf_llo.o)
    0x000001b2   0x000001b2   0x0000000a   Code   RO         4193    .ARM.Collect$$_printf_percent$$00000011  c_p.l(_printf_llx.o)
    0x000001bc   0x000001bc   0x0000000a   Code   RO         4189    .ARM.Collect$$_printf_percent$$00000012  c_p.l(_printf_l.o)
    0x000001c6   0x000001c6   0x0000000a   Code   RO         4171    .ARM.Collect$$_printf_percent$$00000013  c_p.l(_printf_c.o)
    0x000001d0   0x000001d0   0x0000000a   Code   RO         4172    .ARM.Collect$$_printf_percent$$00000014  c_p.l(_printf_s.o)
    0x000001da   0x000001da   0x0000000a   Code   RO         4190    .ARM.Collect$$_printf_percent$$00000015  c_p.l(_printf_lc.o)
    0x000001e4   0x000001e4   0x0000000a   Code   RO         4191    .ARM.Collect$$_printf_percent$$00000016  c_p.l(_printf_ls.o)
    0x000001ee   0x000001ee   0x00000004   Code   RO         4299    .ARM.Collect$$_printf_percent$$00000017  c_p.l(_printf_percent_end.o)
    0x000001f2   0x000001f2   0x00000002   Code   RO         4403    .ARM.Collect$$libinit$$00000000  c_p.l(libinit.o)
    0x000001f4   0x000001f4   0x00000000   Code   RO         4207    .ARM.Collect$$libinit$$00000002  c_p.l(libinit2.o)
    0x000001f4   0x000001f4   0x00000000   Code   RO         4209    .ARM.Collect$$libinit$$00000004  c_p.l(libinit2.o)
    0x000001f4   0x000001f4   0x00000000   Code   RO         4212    .ARM.Collect$$libinit$$0000000A  c_p.l(libinit2.o)
    0x000001f4   0x000001f4   0x00000000   Code   RO         4214    .ARM.Collect$$libinit$$0000000C  c_p.l(libinit2.o)
    0x000001f4   0x000001f4   0x00000000   Code   RO         4216    .ARM.Collect$$libinit$$0000000E  c_p.l(libinit2.o)
    0x000001f4   0x000001f4   0x00000006   Code   RO         4217    .ARM.Collect$$libinit$$0000000F  c_p.l(libinit2.o)
    0x000001fa   0x000001fa   0x00000000   Code   RO         4219    .ARM.Collect$$libinit$$00000011  c_p.l(libinit2.o)
    0x000001fa   0x000001fa   0x0000000c   Code   RO         4220    .ARM.Collect$$libinit$$00000012  c_p.l(libinit2.o)
    0x00000206   0x00000206   0x00000000   Code   RO         4221    .ARM.Collect$$libinit$$00000013  c_p.l(libinit2.o)
    0x00000206   0x00000206   0x00000000   Code   RO         4223    .ARM.Collect$$libinit$$00000015  c_p.l(libinit2.o)
    0x00000206   0x00000206   0x0000000a   Code   RO         4224    .ARM.Collect$$libinit$$00000016  c_p.l(libinit2.o)
    0x00000210   0x00000210   0x00000000   Code   RO         4225    .ARM.Collect$$libinit$$00000017  c_p.l(libinit2.o)
    0x00000210   0x00000210   0x00000000   Code   RO         4227    .ARM.Collect$$libinit$$00000019  c_p.l(libinit2.o)
    0x00000210   0x00000210   0x00000000   Code   RO         4229    .ARM.Collect$$libinit$$0000001B  c_p.l(libinit2.o)
    0x00000210   0x00000210   0x00000000   Code   RO         4231    .ARM.Collect$$libinit$$0000001D  c_p.l(libinit2.o)
    0x00000210   0x00000210   0x00000000   Code   RO         4233    .ARM.Collect$$libinit$$0000001F  c_p.l(libinit2.o)
    0x00000210   0x00000210   0x00000000   Code   RO         4235    .ARM.Collect$$libinit$$00000021  c_p.l(libinit2.o)
    0x00000210   0x00000210   0x00000000   Code   RO         4237    .ARM.Collect$$libinit$$00000023  c_p.l(libinit2.o)
    0x00000210   0x00000210   0x00000000   Code   RO         4239    .ARM.Collect$$libinit$$00000025  c_p.l(libinit2.o)
    0x00000210   0x00000210   0x00000000   Code   RO         4243    .ARM.Collect$$libinit$$0000002C  c_p.l(libinit2.o)
    0x00000210   0x00000210   0x00000000   Code   RO         4245    .ARM.Collect$$libinit$$0000002E  c_p.l(libinit2.o)
    0x00000210   0x00000210   0x00000000   Code   RO         4247    .ARM.Collect$$libinit$$00000030  c_p.l(libinit2.o)
    0x00000210   0x00000210   0x00000004   Code   RO         4248    .ARM.Collect$$libinit$$00000031  c_p.l(libinit2.o)
    0x00000214   0x00000214   0x00000000   Code   RO         4249    .ARM.Collect$$libinit$$00000032  c_p.l(libinit2.o)
    0x00000214   0x00000214   0x00000002   Code   RO         4250    .ARM.Collect$$libinit$$00000033  c_p.l(libinit2.o)
    0x00000216   0x00000216   0x00000002   Code   RO         4497    .ARM.Collect$$libshutdown$$00000000  c_p.l(libshutdown.o)
    0x00000218   0x00000218   0x00000000   Code   RO         4405    .ARM.Collect$$libshutdown$$00000002  c_p.l(libshutdown2.o)
    0x00000218   0x00000218   0x00000000   Code   RO         4407    .ARM.Collect$$libshutdown$$00000004  c_p.l(libshutdown2.o)
    0x00000218   0x00000218   0x00000000   Code   RO         4410    .ARM.Collect$$libshutdown$$00000007  c_p.l(libshutdown2.o)
    0x00000218   0x00000218   0x00000000   Code   RO         4413    .ARM.Collect$$libshutdown$$0000000A  c_p.l(libshutdown2.o)
    0x00000218   0x00000218   0x00000000   Code   RO         4415    .ARM.Collect$$libshutdown$$0000000C  c_p.l(libshutdown2.o)
    0x00000218   0x00000218   0x00000000   Code   RO         4418    .ARM.Collect$$libshutdown$$0000000F  c_p.l(libshutdown2.o)
    0x00000218   0x00000218   0x00000002   Code   RO         4419    .ARM.Collect$$libshutdown$$00000010  c_p.l(libshutdown2.o)
    0x0000021a   0x0000021a   0x00000000   Code   RO         4069    .ARM.Collect$$rtentry$$00000000  c_p.l(__rtentry.o)
    0x0000021a   0x0000021a   0x00000000   Code   RO         4263    .ARM.Collect$$rtentry$$00000002  c_p.l(__rtentry2.o)
    0x0000021a   0x0000021a   0x00000006   Code   RO         4275    .ARM.Collect$$rtentry$$00000004  c_p.l(__rtentry4.o)
    0x00000220   0x00000220   0x00000008   Code   RO         4264    .ARM.Collect$$rtentry$$00000008  c_p.l(__rtentry2.o)
    0x00000228   0x00000228   0x00000004   Code   RO         4266    .ARM.Collect$$rtentry$$0000000A  c_p.l(__rtentry2.o)
    0x0000022c   0x0000022c   0x00000000   Code   RO         4268    .ARM.Collect$$rtentry$$0000000C  c_p.l(__rtentry2.o)
    0x0000022c   0x0000022c   0x00000008   Code   RO         4269    .ARM.Collect$$rtentry$$0000000D  c_p.l(__rtentry2.o)
    0x00000234   0x00000234   0x00000002   Code   RO         4428    .ARM.Collect$$rtexit$$00000000  c_p.l(rtexit.o)
    0x00000236   0x00000236   0x00000000   Code   RO         4460    .ARM.Collect$$rtexit$$00000002  c_p.l(rtexit2.o)
    0x00000236   0x00000236   0x00000004   Code   RO         4461    .ARM.Collect$$rtexit$$00000003  c_p.l(rtexit2.o)
    0x0000023a   0x0000023a   0x00000006   Code   RO         4462    .ARM.Collect$$rtexit$$00000004  c_p.l(rtexit2.o)
    0x00000240   0x00000240   0x00000078   Code   RO         2940    .emb_text           port.o
    0x000002b8   0x000002b8   0x00000038   Code   RO         4045    .emb_text           c_p.l(rt_memcpy.o)
    0x000002f0   0x000002f0   0x00000038   Code   RO         2649    .text               startup_saml21g18b.o
    0x00000328   0x00000328   0x00000024   Code   RO         4035    .text               c_p.l(c89vsprintf.o)
    0x0000034c   0x0000034c   0x00000082   Code   RO         4046    .text               c_p.l(rt_memcpy.o)
    0x000003ce   0x000003ce   0x00000012   Code   RO         4051    .text               c_p.l(aeabi_memset.o)
    0x000003e0   0x000003e0   0x00000040   Code   RO         4053    .text               c_p.l(rt_memclr.o)
    0x00000420   0x00000420   0x0000015a   Code   RO         4055    .text               c_p.l(aeabi_sdiv.o)
    0x0000057a   0x0000057a   0x00000006   Code   RO         4059    .text               c_p.l(heapauxi.o)
    0x00000580   0x00000580   0x00000024   Code   RO         4066    .text               c_p.l(init_aeabi.o)
    0x000005a4   0x000005a4   0x0000004e   Code   RO         4103    .text               c_p.l(_printf_pad.o)
    0x000005f2   0x000005f2   0x00000024   Code   RO         4105    .text               c_p.l(_printf_truncate.o)
    0x00000616   0x00000616   0x00000052   Code   RO         4107    .text               c_p.l(_printf_str.o)
    0x00000668   0x00000668   0x0000006c   Code   RO         4109    .text               c_p.l(_printf_dec.o)
    0x000006d4   0x000006d4   0x00000026   Code   RO         4111    .text               c_p.l(_printf_charcount.o)
    0x000006fa   0x000006fa   0x00000002   PAD
    0x000006fc   0x000006fc   0x00000030   Code   RO         4113    .text               c_p.l(_printf_char_common.o)
    0x0000072c   0x0000072c   0x0000000a   Code   RO         4115    .text               c_p.l(_sputc.o)
    0x00000736   0x00000736   0x00000002   PAD
    0x00000738   0x00000738   0x000000bc   Code   RO         4119    .text               c_p.l(_printf_wctomb.o)
    0x000007f4   0x000007f4   0x00000070   Code   RO         4122    .text               c_p.l(_printf_longlong_dec.o)
    0x00000864   0x00000864   0x00000070   Code   RO         4128    .text               c_p.l(_printf_oct_int_ll.o)
    0x000008d4   0x000008d4   0x00000098   Code   RO         4148    .text               c_p.l(_printf_hex_int_ll_ptr.o)
    0x0000096c   0x0000096c   0x00000188   Code   RO         4168    .text               c_p.l(__printf_flags_ss_wp.o)
    0x00000af4   0x00000af4   0x0000000c   Code   RO         4257    .text               c_p.l(sys_exit.o)
    0x00000b00   0x00000b00   0x00000008   Code   RO         4259    .text               c_p.l(libspace.o)
    0x00000b08   0x00000b08   0x0000007a   Code   RO         4287    .text               c_p.l(lludiv10.o)
    0x00000b82   0x00000b82   0x000000b0   Code   RO         4289    .text               c_p.l(_printf_intcommon.o)
    0x00000c32   0x00000c32   0x00000002   PAD
    0x00000c34   0x00000c34   0x00000418   Code   RO         4291    .text               c_p.l(_printf_fp_dec.o)
    0x0000104c   0x0000104c   0x0000002e   Code   RO         4295    .text               c_p.l(_printf_char.o)
    0x0000107a   0x0000107a   0x0000002e   Code   RO         4297    .text               c_p.l(_printf_wchar.o)
    0x000010a8   0x000010a8   0x00000040   Code   RO         4314    .text               c_p.l(_wcrtomb.o)
    0x000010e8   0x000010e8   0x00000028   Code   RO         4324    .text               c_p.l(rtudiv10.o)
    0x00001110   0x00001110   0x00000002   Code   RO         4338    .text               c_p.l(use_no_semi.o)
    0x00001112   0x00001112   0x00000000   Code   RO         4340    .text               c_p.l(indicate_semi.o)
    0x00001112   0x00001112   0x0000003e   Code   RO         4341    .text               c_p.l(sys_stackheap_outer.o)
    0x00001150   0x00001150   0x00000010   Code   RO         4344    .text               c_p.l(rt_ctype_table.o)
    0x00001160   0x00001160   0x0000000a   Code   RO         4353    .text               c_p.l(rt_locale_twolibspace.o)
    0x0000116a   0x0000116a   0x00000002   PAD
    0x0000116c   0x0000116c   0x00000088   Code   RO         4357    .text               c_p.l(_printf_fp_infnan.o)
    0x000011f4   0x000011f4   0x000000d8   Code   RO         4359    .text               c_p.l(bigflt0.o)
    0x000012cc   0x000012cc   0x00000580   Code   RO         4362    .text               c_p.l(btod.o)
    0x0000184c   0x0000184c   0x00000010   Code   RO         4380    .text               c_p.l(exit.o)
    0x0000185c   0x0000185c   0x00000088   Code   RO         4457    .text               c_p.l(strcmp.o)
    0x000018e4   0x000018e4   0x00000060   Code   RO         4500    .text               c_p.l(__dclz77c.o)
    0x00001944   0x00001944   0x000000fc   Code   RO            3    i.SERCOM0_Handler   main.o
    0x00001a40   0x00001a40   0x00000030   Code   RO            4    i.SERCOM1_Handler   main.o
    0x00001a70   0x00001a70   0x00000014   Code   RO            5    i.SERCOM2_Handler   main.o
    0x00001a84   0x00001a84   0x00000002   Code   RO         2941    i.SVC_Handler       port.o
    0x00001a86   0x00001a86   0x00000002   PAD
    0x00001a88   0x00001a88   0x00000018   Code   RO         2057    i.SysTick_Handler   cmsis_os2.o
    0x00001aa0   0x00001aa0   0x00000010   Code   RO         2656    i.SystemInit        system_saml21g18b.o
    0x00001ab0   0x00001ab0   0x00000040   Code   RO            6    i._Z10setupParsePv  main.o
    0x00001af0   0x00001af0   0x000001b8   Code   RO          548    i._Z12setup_systemv  system_setup.o
    0x00001ca8   0x00001ca8   0x00000030   Code   RO            7    i._Z12verifyPackettPht  main.o
    0x00001cd8   0x00001cd8   0x00000360   Code   RO          595    i._Z14bluetoothParsePv  bluetooth.o
    0x00002038   0x00002038   0x00000160   Code   RO            8    i._Z18parseSmartmeshDataPv  main.o
    0x00002198   0x00002198   0x00000002   Code   RO          713    i._Z9setup_rtcv     rtc.o
    0x0000219a   0x0000219a   0x00000002   PAD
    0x0000219c   0x0000219c   0x0000003c   Code   RO          905    i._ZN13Smartmesh_API10setJoinKeyEPh  api.o
    0x000021d8   0x000021d8   0x0000003c   Code   RO          906    i._ZN13Smartmesh_API11getMoteInfoEPh  api.o
    0x00002214   0x00002214   0x00000022   Code   RO          907    i._ZN13Smartmesh_API11init_packetEhh  api.o
    0x00002236   0x00002236   0x00000002   PAD
    0x00002238   0x00002238   0x00000030   Code   RO          908    i._ZN13Smartmesh_API12checksumDataEtPht  api.o
    0x00002268   0x00002268   0x00000034   Code   RO          910    i._ZN13Smartmesh_API12verifyPacketEtPht  api.o
    0x0000229c   0x0000229c   0x00000030   Code   RO          911    i._ZN13Smartmesh_API14getNetworkInfoEv  api.o
    0x000022cc   0x000022cc   0x00000030   Code   RO          912    i._ZN13Smartmesh_API15clearStatisticsEv  api.o
    0x000022fc   0x000022fc   0x00000030   Code   RO          914    i._ZN13Smartmesh_API16getNetworkConfigEv  api.o
    0x0000232c   0x0000232c   0x000000b8   Code   RO          916    i._ZN13Smartmesh_API16parseNetworkInfoEP12network_infoPh  api.o
    0x000023e4   0x000023e4   0x00000074   Code   RO          917    i._ZN13Smartmesh_API16setNetworkConfigEPh  api.o
    0x00002458   0x00002458   0x0000006e   Code   RO          919    i._ZN13Smartmesh_API18parseNetworkConfigEP14network_configPh  api.o
    0x000024c6   0x000024c6   0x00000002   PAD
    0x000024c8   0x000024c8   0x0000008c   Code   RO          921    i._ZN13Smartmesh_API21parseDataNotificationEP10data_notifPh  api.o
    0x00002554   0x00002554   0x00000038   Code   RO          922    i._ZN13Smartmesh_API23getMoteConfigFromMoteIdEt  api.o
    0x0000258c   0x0000258c   0x0000003c   Code   RO          923    i._ZN13Smartmesh_API8mgr_initEv  api.o
    0x000025c8   0x000025c8   0x00000044   Code   RO          925    i._ZN13Smartmesh_API9subscribeEjj  api.o
    0x0000260c   0x0000260c   0x0000000c   Code   RO          926    i._ZN13Smartmesh_APIC1EP4UART  api.o
    0x00002618   0x00002618   0x00000058   Code   RO          845    i._ZN4UART10send_arrayEPhh  sercom.o
    0x00002670   0x00002670   0x0000007c   Code   RO          846    i._ZN4UART7_printfEPKcz  sercom.o
    0x000026ec   0x000026ec   0x000000f8   Code   RO          847    i._ZN4UARTC1EP18sercom_registers_ti  sercom.o
    0x000027e4   0x000027e4   0x00000030   Code   RO         1666    i.__ARM_common_ll_muluu  uecc.o
    0x00002814   0x00002814   0x0000001a   Code   RO           70    i.__ARM_common_switch8  main.o
    0x0000282e   0x0000282e   0x00000002   PAD
    0x00002830   0x00002830   0x0000002c   Code   RO         4425    i.__ARM_fpclassify  m_ps.l(fpclassify.o)
    0x0000285c   0x0000285c   0x000000a4   Code   RO            9    i.__sti___8_main_cpp_30c642f8  main.o
    0x00002900   0x00002900   0x0000000e   Code   RO         4161    i._is_digit         c_p.l(__printf_wp.o)
    0x0000290e   0x0000290e   0x00000018   Code   RO         1726    i._mutex_acquire    clib_arm.o
    0x00002926   0x00002926   0x00000002   PAD
    0x00002928   0x00002928   0x0000002c   Code   RO         1727    i._mutex_free       clib_arm.o
    0x00002954   0x00002954   0x00000058   Code   RO         1728    i._mutex_initialize  clib_arm.o
    0x000029ac   0x000029ac   0x0000001a   Code   RO         1729    i._mutex_release    clib_arm.o
    0x000029c6   0x000029c6   0x00000002   Code   RO         1730    i._platform_post_stackheap_init  clib_arm.o
    0x000029c8   0x000029c8   0x000000cc   Code   RO           10    i.main              main.o
    0x00002a94   0x00002a94   0x00000012   Code   RO         1731    i.os_kernel_is_active  clib_arm.o
    0x00002aa6   0x00002aa6   0x00000002   PAD
    0x00002aa8   0x00002aa8   0x00000074   Code   RO         3413    i.prvAddCurrentTaskToDelayedList  tasks.o
    0x00002b1c   0x00002b1c   0x00000094   Code   RO         3414    i.prvAddNewTaskToReadyList  tasks.o
    0x00002bb0   0x00002bb0   0x00000048   Code   RO         3797    i.prvCheckForValidListAndQueue  timers.o
    0x00002bf8   0x00002bf8   0x0000003c   Code   RO         3415    i.prvCheckTasksWaitingTermination  tasks.o
    0x00002c34   0x00002c34   0x00000024   Code   RO         3019    i.prvCopyDataFromQueue  queue.o
    0x00002c58   0x00002c58   0x00000070   Code   RO         3020    i.prvCopyDataToQueue  queue.o
    0x00002cc8   0x00002cc8   0x0000002e   Code   RO         3416    i.prvDeleteTCB      tasks.o
    0x00002cf6   0x00002cf6   0x00000014   Code   RO         3021    i.prvGetDisinheritPriorityAfterTimeout  queue.o
    0x00002d0a   0x00002d0a   0x00000002   PAD
    0x00002d0c   0x00002d0c   0x00000024   Code   RO         3798    i.prvGetNextExpireTime  timers.o
    0x00002d30   0x00002d30   0x0000004c   Code   RO         2877    i.prvHeapInit       heap_4.o
    0x00002d7c   0x00002d7c   0x00000018   Code   RO         3417    i.prvIdleTask       tasks.o
    0x00002d94   0x00002d94   0x0000001a   Code   RO         3022    i.prvInitialiseMutex  queue.o
    0x00002dae   0x00002dae   0x00000022   Code   RO         3023    i.prvInitialiseNewQueue  queue.o
    0x00002dd0   0x00002dd0   0x0000009c   Code   RO         3418    i.prvInitialiseNewTask  tasks.o
    0x00002e6c   0x00002e6c   0x00000054   Code   RO         3419    i.prvInitialiseTaskLists  tasks.o
    0x00002ec0   0x00002ec0   0x00000054   Code   RO         2878    i.prvInsertBlockIntoFreeList  heap_4.o
    0x00002f14   0x00002f14   0x00000040   Code   RO         3800    i.prvInsertTimerInActiveList  timers.o
    0x00002f54   0x00002f54   0x0000001c   Code   RO         3024    i.prvIsQueueEmpty   queue.o
    0x00002f70   0x00002f70   0x0000001e   Code   RO         3025    i.prvIsQueueFull    queue.o
    0x00002f8e   0x00002f8e   0x00000002   PAD
    0x00002f90   0x00002f90   0x00000040   Code   RO         3801    i.prvProcessExpiredTimer  timers.o
    0x00002fd0   0x00002fd0   0x000000ec   Code   RO         3802    i.prvProcessReceivedCommands  timers.o
    0x000030bc   0x000030bc   0x00000064   Code   RO         3803    i.prvProcessTimerOrBlockTask  timers.o
    0x00003120   0x00003120   0x00000028   Code   RO         3804    i.prvReloadTimer    timers.o
    0x00003148   0x00003148   0x00000020   Code   RO         3421    i.prvResetNextTaskUnblockTime  tasks.o
    0x00003168   0x00003168   0x0000002c   Code   RO         3805    i.prvSampleTimeNow  timers.o
    0x00003194   0x00003194   0x0000002c   Code   RO         3806    i.prvSwitchTimerLists  timers.o
    0x000031c0   0x000031c0   0x00000014   Code   RO         2942    i.prvTaskExitError  port.o
    0x000031d4   0x000031d4   0x00000014   Code   RO         3807    i.prvTimerTask      timers.o
    0x000031e8   0x000031e8   0x00000070   Code   RO         3026    i.prvUnlockQueue    queue.o
    0x00003258   0x00003258   0x000000cc   Code   RO         2879    i.pvPortMalloc      heap_4.o
    0x00003324   0x00003324   0x00000018   Code   RO         3424    i.pvTaskIncrementMutexHeldCount  tasks.o
    0x0000333c   0x0000333c   0x00000020   Code   RO         2943    i.pxPortInitialiseStack  port.o
    0x0000335c   0x0000335c   0x00000026   Code   RO         2833    i.uxListRemove      list.o
    0x00003382   0x00003382   0x00000002   PAD
    0x00003384   0x00003384   0x00000014   Code   RO         2130    i.vApplicationGetIdleTaskMemory  cmsis_os2.o
    0x00003398   0x00003398   0x00000014   Code   RO         2131    i.vApplicationGetTimerTaskMemory  cmsis_os2.o
    0x000033ac   0x000033ac   0x00000004   Code   RO         2132    i.vApplicationStackOverflowHook  cmsis_os2.o
    0x000033b0   0x000033b0   0x00000016   Code   RO         2834    i.vListInitialise   list.o
    0x000033c6   0x000033c6   0x00000006   Code   RO         2835    i.vListInitialiseItem  list.o
    0x000033cc   0x000033cc   0x00000030   Code   RO         2836    i.vListInsert       list.o
    0x000033fc   0x000033fc   0x00000018   Code   RO         2837    i.vListInsertEnd    list.o
    0x00003414   0x00003414   0x00000018   Code   RO         2945    i.vPortEnterCritical  port.o
    0x0000342c   0x0000342c   0x0000001c   Code   RO         2946    i.vPortExitCritical  port.o
    0x00003448   0x00003448   0x00000048   Code   RO         2880    i.vPortFree         heap_4.o
    0x00003490   0x00003490   0x00000028   Code   RO         2947    i.vPortSetupTimerInterrupt  port.o
    0x000034b8   0x000034b8   0x00000018   Code   RO         2948    i.vPortYield        port.o
    0x000034d0   0x000034d0   0x00000018   Code   RO         3032    i.vQueueDelete      queue.o
    0x000034e8   0x000034e8   0x00000046   Code   RO         3034    i.vQueueWaitForMessageRestricted  queue.o
    0x0000352e   0x0000352e   0x00000002   PAD
    0x00003530   0x00003530   0x00000034   Code   RO         3434    i.vTaskDelay        tasks.o
    0x00003564   0x00003564   0x00000080   Code   RO         3435    i.vTaskDelete       tasks.o
    0x000035e4   0x000035e4   0x00000010   Code   RO         3439    i.vTaskInternalSetTimeOutState  tasks.o
    0x000035f4   0x000035f4   0x0000000c   Code   RO         3440    i.vTaskMissedYield  tasks.o
    0x00003600   0x00003600   0x00000024   Code   RO         3441    i.vTaskPlaceOnEventList  tasks.o
    0x00003624   0x00003624   0x00000048   Code   RO         3442    i.vTaskPlaceOnEventListRestricted  tasks.o
    0x0000366c   0x0000366c   0x00000090   Code   RO         3444    i.vTaskPriorityDisinheritAfterTimeout  tasks.o
    0x000036fc   0x000036fc   0x00000078   Code   RO         3450    i.vTaskStartScheduler  tasks.o
    0x00003774   0x00003774   0x00000010   Code   RO         3452    i.vTaskSuspendAll   tasks.o
    0x00003784   0x00003784   0x00000084   Code   RO         3453    i.vTaskSwitchContext  tasks.o
    0x00003808   0x00003808   0x00000030   Code   RO         2949    i.xPortStartScheduler  port.o
    0x00003838   0x00003838   0x00000024   Code   RO         2950    i.xPortSysTickHandler  port.o
    0x0000385c   0x0000385c   0x00000020   Code   RO         3035    i.xQueueCreateCountingSemaphore  queue.o
    0x0000387c   0x0000387c   0x00000018   Code   RO         3037    i.xQueueCreateMutex  queue.o
    0x00003894   0x00003894   0x0000001c   Code   RO         3038    i.xQueueCreateMutexStatic  queue.o
    0x000038b0   0x000038b0   0x0000004e   Code   RO         3039    i.xQueueGenericCreate  queue.o
    0x000038fe   0x000038fe   0x0000003e   Code   RO         3040    i.xQueueGenericCreateStatic  queue.o
    0x0000393c   0x0000393c   0x0000008e   Code   RO         3041    i.xQueueGenericReset  queue.o
    0x000039ca   0x000039ca   0x0000011c   Code   RO         3042    i.xQueueGenericSend  queue.o
    0x00003ae6   0x00003ae6   0x0000009a   Code   RO         3043    i.xQueueGenericSendFromISR  queue.o
    0x00003b80   0x00003b80   0x0000007e   Code   RO         3046    i.xQueueGiveFromISR  queue.o
    0x00003bfe   0x00003bfe   0x00000108   Code   RO         3052    i.xQueueReceive     queue.o
    0x00003d06   0x00003d06   0x00000084   Code   RO         3053    i.xQueueReceiveFromISR  queue.o
    0x00003d8a   0x00003d8a   0x0000013e   Code   RO         3054    i.xQueueSemaphoreTake  queue.o
    0x00003ec8   0x00003ec8   0x00000064   Code   RO         3455    i.xTaskCheckForTimeOut  tasks.o
    0x00003f2c   0x00003f2c   0x00000060   Code   RO         3456    i.xTaskCreate       tasks.o
    0x00003f8c   0x00003f8c   0x00000046   Code   RO         3457    i.xTaskCreateStatic  tasks.o
    0x00003fd2   0x00003fd2   0x00000002   PAD
    0x00003fd4   0x00003fd4   0x00000020   Code   RO         3464    i.xTaskGetSchedulerState  tasks.o
    0x00003ff4   0x00003ff4   0x0000000c   Code   RO         3465    i.xTaskGetTickCount  tasks.o
    0x00004000   0x00004000   0x00000114   Code   RO         3467    i.xTaskIncrementTick  tasks.o
    0x00004114   0x00004114   0x00000084   Code   RO         3468    i.xTaskPriorityDisinherit  tasks.o
    0x00004198   0x00004198   0x00000098   Code   RO         3469    i.xTaskPriorityInherit  tasks.o
    0x00004230   0x00004230   0x000000cc   Code   RO         3470    i.xTaskRemoveFromEventList  tasks.o
    0x000042fc   0x000042fc   0x00000104   Code   RO         3471    i.xTaskResumeAll    tasks.o
    0x00004400   0x00004400   0x00000060   Code   RO         3816    i.xTimerCreateTimerTask  timers.o
    0x00004460   0x00004460   0x0000002c   Code   RO         4378    locale$$code        c_p.l(lc_numeric_c.o)
    0x0000448c   0x0000448c   0x0000002c   Code   RO         4445    locale$$code        c_p.l(lc_ctype_c.o)
    0x000044b8   0x000044b8   0x00000010   Code   RO         4251    x$fpl$printf1       fz_ps.l(printf1.o)
    0x000044c8   0x000044c8   0x00000000   Code   RO         4424    x$fpl$usenofp       fz_ps.l(usenofp.o)
    0x000044c8   0x000044c8   0x00000008   Data   RO         4120    .constdata          c_p.l(_printf_wctomb.o)
    0x000044d0   0x000044d0   0x00000028   Data   RO         4149    .constdata          c_p.l(_printf_hex_int_ll_ptr.o)
    0x000044f8   0x000044f8   0x00000011   Data   RO         4169    .constdata          c_p.l(__printf_flags_ss_wp.o)
    0x00004509   0x00004509   0x00000003   PAD
    0x0000450c   0x0000450c   0x00000094   Data   RO         4360    .constdata          c_p.l(bigflt0.o)
    0x000045a0   0x000045a0   0x00000020   Data   RO         4498    Region$$Table       anon$$obj.o
    0x000045c0   0x000045c0   0x0000001c   Data   RO         4377    locale$$data        c_p.l(lc_numeric_c.o)
    0x000045dc   0x000045dc   0x00000110   Data   RO         4444    locale$$data        c_p.l(lc_ctype_c.o)
    0x000046ec   0x000046ec   0x00000004   Data   RO           21    .init_array         main.o
    0x000046f0   0x000046ec   0x00000000   Data   RO         4064    .init_array         c_p.l(init_aeabi.o)


    Execution Region RW_IRAM1 (Exec base: 0x20000000, Load base: 0x000046f0, Size: 0x00005dc0, Max: 0x00008000, ABSOLUTE, COMPRESSED[0x00000224])

    Exec Addr    Load Addr    Size         Type   Attr      Idx    E Section Name        Object

    0x20000000   COMPRESSED   0x00000238   Data   RW           20    .data               main.o
    0x20000238   COMPRESSED   0x00000200   Data   RW          950    .data               api.o
    0x20000438   COMPRESSED   0x00000004   Data   RW         2657    .data               system_saml21g18b.o
    0x2000043c   COMPRESSED   0x00000020   Data   RW         2886    .data               heap_4.o
    0x2000045c   COMPRESSED   0x00000004   Data   RW         2951    .data               port.o
    0x20000460   COMPRESSED   0x00000040   Data   RW         3474    .data               tasks.o
    0x200004a0   COMPRESSED   0x00000014   Data   RW         3825    .data               timers.o
    0x200004b4        -       0x00000190   Zero   RW           19    .bss                main.o
    0x20000644        -       0x00000394   Zero   RW         1732    .bss                clib_arm.o
    0x200009d8        -       0x000003f8   Zero   RW         2133    .bss                cmsis_os2.o
    0x20000dd0        -       0x00004000   Zero   RW         2885    .bss                heap_4.o
    0x20004dd0        -       0x000004c4   Zero   RW         3473    .bss                tasks.o
    0x20005294        -       0x000000c8   Zero   RW         3824    .bss                timers.o
    0x2000535c        -       0x00000060   Zero   RW         4260    .bss                c_p.l(libspace.o)
    0x200053bc   COMPRESSED   0x00000004   PAD
    0x200053c0        -       0x00000500   Zero   RW         2647    HEAP                startup_saml21g18b.o
    0x200058c0        -       0x00000500   Zero   RW         2646    STACK               startup_saml21g18b.o


==============================================================================

Image component sizes


      Code (inc. data)   RO Data    RW Data    ZI Data      Debug   Object Name

      1144         76          0        512          0       9040   api.o
       864         92          0          0          0       6277   bluetooth.o
         0          0          0          0          0       5032   byte_order.o
       202         12          0          0        916      33204   clib_arm.o
        68         12          0          0       1016      18595   cmsis_os2.o
         0          0          0          0          0      10468   event_groups.o
       436         26          0         32      16384       4395   heap_4.o
       138          0          0          0          0       3474   list.o
      1178        164          4        568        400     137500   main.o
         0          0          0          0          0        392   mainrlp.o
       374         54          0          4          0       7451   port.o
      2136          0          0          0          0      23153   queue.o
         0          0          0          0          0       1472   rlp.o
         2          0          0          0          0     116656   rtc.o
       460         60          0          0          0       3384   sercom.o
        56         26        176          0       2560        656   startup_saml21g18b.o
        16          8          0          4          0        703   system_saml21g18b.o
       440         80          0          0          0       7239   system_setup.o
      2752        196          0         64       1220      32139   tasks.o
       816         70          0         20        200      11828   timers.o
        48          0          0          0          0         76   uecc.o

    ----------------------------------------------------------------------
     11154        876        212       1204      22696     433134   Object Totals
         0          0         32          0          0          0   (incl. Generated)
        24          0          0          0          0          0   (incl. Padding)

    ----------------------------------------------------------------------

      Code (inc. data)   RO Data    RW Data    ZI Data      Debug   Library Member Name

        96          0          0          0          0          0   __dclz77c.o
         8          0          0          0          0         68   __main.o
       392          6         17          0          0         76   __printf_flags_ss_wp.o
        14          0          0          0          0         60   __printf_wp.o
         0          0          0          0          0          0   __rtentry.o
        20          0          0          0          0          0   __rtentry2.o
         6          0          0          0          0          0   __rtentry4.o
        60          8          0          0          0          0   __scatter.o
        28          0          0          0          0          0   __scatter_zi.o
        10          0          0          0          0          0   _printf_a.o
        10          0          0          0          0          0   _printf_c.o
        46          0          0          0          0        100   _printf_char.o
        48          6          0          0          0         88   _printf_char_common.o
        38          0          0          0          0         60   _printf_charcount.o
        10          0          0          0          0          0   _printf_d.o
       108         18          0          0          0         76   _printf_dec.o
        10          0          0          0          0          0   _printf_e.o
        10          0          0          0          0          0   _printf_f.o
      1048         14          0          0          0        176   _printf_fp_dec.o
       136         16          0          0          0         76   _printf_fp_infnan.o
        10          0          0          0          0          0   _printf_g.o
       152          4         40          0          0        148   _printf_hex_int_ll_ptr.o
        10          0          0          0          0          0   _printf_i.o
       176          0          0          0          0         84   _printf_intcommon.o
        10          0          0          0          0          0   _printf_l.o
        10          0          0          0          0          0   _printf_lc.o
        10          0          0          0          0          0   _printf_ll.o
        10          0          0          0          0          0   _printf_lld.o
        10          0          0          0          0          0   _printf_lli.o
        10          0          0          0          0          0   _printf_llo.o
        10          0          0          0          0          0   _printf_llu.o
        10          0          0          0          0          0   _printf_llx.o
       112         18          0          0          0         76   _printf_longlong_dec.o
        10          0          0          0          0          0   _printf_ls.o
        10          0          0          0          0          0   _printf_n.o
        10          0          0          0          0          0   _printf_o.o
       112         10          0          0          0        112   _printf_oct_int_ll.o
        10          0          0          0          0          0   _printf_p.o
        78          0          0          0          0        100   _printf_pad.o
         2          0          0          0          0          0   _printf_percent.o
         4          0          0          0          0          0   _printf_percent_end.o
        10          0          0          0          0          0   _printf_s.o
        82          0          0          0          0         72   _printf_str.o
        36          0          0          0          0         76   _printf_truncate.o
        10          0          0          0          0          0   _printf_u.o
        46          0          0          0          0        100   _printf_wchar.o
       188          6          8          0          0         80   _printf_wctomb.o
        10          0          0          0          0          0   _printf_x.o
        10          0          0          0          0         60   _sputc.o
        64          0          0          0          0         72   _wcrtomb.o
        18          0          0          0          0         68   aeabi_memset.o
       346          0          0          0          0         92   aeabi_sdiv.o
       216          6        148          0          0         80   bigflt0.o
      1408         30          0          0          0        260   btod.o
        36          4          0          0          0         68   c89vsprintf.o
        16          0          0          0          0         68   exit.o
         6          0          0          0          0        136   heapauxi.o
         0          0          0          0          0          0   indicate_semi.o
        36         10          0          0          0         72   init_aeabi.o
        44         10        272          0          0         76   lc_ctype_c.o
        44         10         28          0          0         76   lc_numeric_c.o
         2          0          0          0          0          0   libinit.o
        34          0          0          0          0          0   libinit2.o
         2          0          0          0          0          0   libshutdown.o
         2          0          0          0          0          0   libshutdown2.o
         8          4          0          0         96         68   libspace.o
       122          0          0          0          0         72   lludiv10.o
        16          4          0          0          0         76   rt_ctype_table.o
        10          0          0          0          0         76   rt_locale_twolibspace.o
        64          0          0          0          0        108   rt_memclr.o
       186          0          0          0          0        144   rt_memcpy.o
         2          0          0          0          0          0   rtexit.o
        10          0          0          0          0          0   rtexit2.o
        40          0          0          0          0         60   rtudiv10.o
       136          4          0          0          0         72   strcmp.o
        12          4          0          0          0         60   sys_exit.o
        62          0          0          0          0         80   sys_stackheap_outer.o
         2          0          0          0          0         68   use_no_semi.o
        16          4          0          0          0         76   printf1.o
         0          0          0          0          0          0   usenofp.o
        44          4          0          0          0         60   fpclassify.o

    ----------------------------------------------------------------------
      6278        200        516          0        100       3776   Library Totals
         8          0          3          0          4          0   (incl. Padding)

    ----------------------------------------------------------------------

      Code (inc. data)   RO Data    RW Data    ZI Data      Debug   Library Name

      6210        192        513          0         96       3640   c_p.l
        16          4          0          0          0         76   fz_ps.l
        44          4          0          0          0         60   m_ps.l

    ----------------------------------------------------------------------
      6278        200        516          0        100       3776   Library Totals

    ----------------------------------------------------------------------

==============================================================================


      Code (inc. data)   RO Data    RW Data    ZI Data      Debug   

     17432       1076        728       1204      22796     429806   Grand Totals
     17432       1076        728        548      22796     429806   ELF Image Totals (compressed)
     17432       1076        728        548          0          0   ROM Totals

==============================================================================

    Total RO  Size (Code + RO Data)                18160 (  17.73kB)
    Total RW  Size (RW Data + ZI Data)             24000 (  23.44kB)
    Total ROM Size (Code + RO Data + RW Data)      18708 (  18.27kB)

==============================================================================

