Component: ARM Compiler 5.06 update 7 (build 960) Tool: armlink [4d3601]

==============================================================================

Section Cross References

    main.o(i.SERCOM0_Handler) refers to main.o(i._Z12verifyPackettPht) for verifyPacket(unsigned short, unsigned char*, unsigned short)
    main.o(i.SERCOM0_Handler) refers to queue.o(i.xQueueReceiveFromISR) for xQueueReceiveFromISR
    main.o(i.SERCOM0_Handler) refers to queue.o(i.xQueueGiveFromISR) for xQueueGiveFromISR
    main.o(i.SERCOM0_Handler) refers to main.o(.data) for .data
    main.o(i.SERCOM0_Handler) refers to main.o(.bss) for .bss
    main.o(i.SERCOM1_Handler) refers to queue.o(i.xQueueGenericSendFromISR) for xQueueGenericSendFromISR
    main.o(i.SERCOM1_Handler) refers to main.o(.data) for .data
    main.o(i.SERCOM2_Handler) refers to queue.o(i.xQueueGenericSendFromISR) for xQueueGenericSendFromISR
    main.o(i.SERCOM2_Handler) refers to main.o(.data) for .data
    main.o(i._Z10setupParsePv) refers to sendingdata.o(i._Z9tcp_writev) for tcp_write()
    main.o(i._Z10setupParsePv) refers to queue.o(i.xQueueSemaphoreTake) for xQueueSemaphoreTake
    main.o(i._Z10setupParsePv) refers to tasks.o(i.xTaskCreate) for xTaskCreate
    main.o(i._Z10setupParsePv) refers to main.o(.data) for .data
    main.o(i._Z10setupParsePv) refers to main.o(i._Z18parseSmartmeshDataPv) for parseSmartmeshData(void*)
    main.o(i._Z12verifyPackettPht) refers to main.o(.data) for .data
    main.o(i._Z18parseSmartmeshDataPv) refers to queue.o(i.xQueueSemaphoreTake) for xQueueSemaphoreTake
    main.o(i._Z18parseSmartmeshDataPv) refers to queue.o(i.xQueueGenericSend) for xQueueGenericSend
    main.o(i._Z18parseSmartmeshDataPv) refers to sercom.o(i._ZN4UART7_printfEPKcz) for UART::_printf(const char*, ...)
    main.o(i._Z18parseSmartmeshDataPv) refers to api.o(i._ZN13Smartmesh_API9subscribeEjj) for Smartmesh_API::subscribe(unsigned, unsigned)
    main.o(i._Z18parseSmartmeshDataPv) refers to api.o(i._ZN13Smartmesh_API8mgr_initEv) for Smartmesh_API::mgr_init()
    main.o(i._Z18parseSmartmeshDataPv) refers to api.o(i._ZN13Smartmesh_API12resetManagerEv) for Smartmesh_API::resetManager()
    main.o(i._Z18parseSmartmeshDataPv) refers to api.o(i._ZN13Smartmesh_API16parseNetworkInfoEP12network_infoPh) for Smartmesh_API::parseNetworkInfo(network_info*, unsigned char*)
    main.o(i._Z18parseSmartmeshDataPv) refers to tasks.o(i.vTaskDelete) for vTaskDelete
    main.o(i._Z18parseSmartmeshDataPv) refers to main.o(.data) for .data
    main.o(i._Z18parseSmartmeshDataPv) refers to main.o(.bss) for .bss
    main.o(i.__sti___8_main_cpp_30c642f8) refers to sercom.o(i._ZN4UARTC1EP18sercom_registers_ti) for UART::UART(sercom_registers_t*, int)
    main.o(i.__sti___8_main_cpp_30c642f8) refers to api.o(i._ZN13Smartmesh_APIC1EP4UART) for Smartmesh_API::Smartmesh_API(UART*)
    main.o(i.__sti___8_main_cpp_30c642f8) refers to queue.o(i.xQueueGenericCreate) for xQueueGenericCreate
    main.o(i.__sti___8_main_cpp_30c642f8) refers to queue.o(i.xQueueCreateCountingSemaphore) for xQueueCreateCountingSemaphore
    main.o(i.__sti___8_main_cpp_30c642f8) refers to main.o(.data) for .data
    main.o(i.__sti___8_main_cpp_30c642f8) refers to main.o(.bss) for .bss
    main.o(i.main) refers to system_setup.o(i._Z12setup_systemv) for setup_system()
    main.o(i.main) refers to tasks.o(i.xTaskCreate) for xTaskCreate
    main.o(i.main) refers to sercom.o(i._ZN4UARTC1EP18sercom_registers_ti) for UART::UART(sercom_registers_t*, int)
    main.o(i.main) refers to rt_memcpy.o(.emb_text) for __aeabi_memcpy4
    main.o(i.main) refers to api.o(i._ZN13Smartmesh_APIC1EP4UART) for Smartmesh_API::Smartmesh_API(UART*)
    main.o(i.main) refers to queue.o(i.xQueueGenericSend) for xQueueGenericSend
    main.o(i.main) refers to tasks.o(i.vTaskStartScheduler) for vTaskStartScheduler
    main.o(i.main) refers to main.o(i._Z10setupParsePv) for setupParse(void*)
    main.o(i.main) refers to bluetooth.o(i._Z14bluetoothParsePv) for bluetoothParse(void*)
    main.o(i.main) refers to gsm_usart.o(i._Z8gsmParsePv) for gsmParse(void*)
    main.o(i.main) refers to main.o(.data) for .data
    main.o(i.main) refers to main.o(.bss) for .bss
    main.o(.ARM.exidx) refers to main.o(i._Z12verifyPackettPht) for i._Z12verifyPackettPht
    main.o(.ARM.exidx) refers to main.o(i._Z18parseSmartmeshDataPv) for i._Z18parseSmartmeshDataPv
    main.o(.ARM.exidx) refers to main.o(i._Z10setupParsePv) for i._Z10setupParsePv
    main.o(.ARM.exidx) refers to main.o(i.main) for i.main
    main.o(.ARM.exidx) refers to main.o(i.SERCOM0_Handler) for i.SERCOM0_Handler
    main.o(.ARM.exidx) refers to main.o(i.SERCOM1_Handler) for i.SERCOM1_Handler
    main.o(.ARM.exidx) refers to main.o(i.SERCOM2_Handler) for i.SERCOM2_Handler
    main.o(.ARM.exidx) refers to main.o(i.__sti___8_main_cpp_30c642f8) for i.__sti___8_main_cpp_30c642f8
    main.o(.init_array) refers to main.o(i.__sti___8_main_cpp_30c642f8) for __sti___8_main_cpp_30c642f8
[...]
    .data                                    0x200004a8   Section       20  timers.o(.data)
    xTimerQueue                              0x200004a8   Data           4  timers.o(.data)
    xTimerTaskHandle                         0x200004ac   Data           4  timers.o(.data)
    xLastTime                                0x200004b0   Data           4  timers.o(.data)
    pxCurrentTimerList                       0x200004b4   Data           4  timers.o(.data)
    pxOverflowTimerList                      0x200004b8   Data           4  timers.o(.data)
    .data                                    0x200004bc   Section        8  char.o(.data)
    .data                                    0x200004c4   Section       28  locale.o(.data)
    _ZGV_ZZNSt6locale7classicEvE5__loc       0x200004c4   Data           4  locale.o(.data)
    std::locale::classic()::__loc            0x200004c8   Data           4  locale.o(.data)
    .data                                    0x200004e0   Section        8  rwcats.o(.data)
    [local to rwcats_cpp]::__rw::__rw_catlist 0x200004e0   Data           8  rwcats.o(.data)
    .bss                                     0x200004e8   Section      400  main.o(.bss)
    .bss                                     0x20000678   Section      256  sercom.o(.bss)
    buffer                                   0x20000678   Data         256  sercom.o(.bss)
    .bss                                     0x20000778   Section      916  clib_arm.o(.bss)
    os_libspace                              0x20000778   Data         480  clib_arm.o(.bss)
    os_libspace_id                           0x20000958   Data          16  clib_arm.o(.bss)
    clib_mutex_cb                            0x20000968   Data         400  clib_arm.o(.bss)
    clib_mutex_id                            0x20000af8   Data          20  clib_arm.o(.bss)
    .bss                                     0x20000b0c   Section     1016  cmsis_os2.o(.bss)
    Idle_TCB                                 0x20000b0c   Data          92  cmsis_os2.o(.bss)
    Idle_Stack                               0x20000b68   Data         512  cmsis_os2.o(.bss)
    Timer_TCB                                0x20000d68   Data          92  cmsis_os2.o(.bss)
    Timer_Stack                              0x20000dc4   Data         320  cmsis_os2.o(.bss)
    .bss                                     0x20000f04   Section    16384  heap_4.o(.bss)
    ucHeap                                   0x20000f04   Data       16384  heap_4.o(.bss)
    .bss                                     0x20004f04   Section     1220  tasks.o(.bss)
    pxReadyTasksLists                        0x20004f04   Data        1120  tasks.o(.bss)
    xDelayedTaskList1                        0x20005364   Data          20  tasks.o(.bss)
    xDelayedTaskList2                        0x20005378   Data          20  tasks.o(.bss)
    xPendingReadyList                        0x2000538c   Data          20  tasks.o(.bss)
    xTasksWaitingTermination                 0x200053a0   Data          20  tasks.o(.bss)
    xSuspendedTaskList                       0x200053b4   Data          20  tasks.o(.bss)
    .bss                                     0x200053c8   Section      200  timers.o(.bss)
    xStaticTimerQueue                        0x200053c8   Data          80  timers.o(.bss)
    ucStaticTimerQueueStorage                0x20005418   Data          80  timers.o(.bss)
    xActiveTimerList1                        0x20005468   Data          20  timers.o(.bss)
    xActiveTimerList2                        0x2000547c   Data          20  timers.o(.bss)
    .bss                                     0x20005490   Section       96  libspace.o(.bss)
    HEAP                                     0x200054f0   Section     1280  startup_saml21g18b.o(HEAP)
    Heap_Mem                                 0x200054f0   Data        1280  startup_saml21g18b.o(HEAP)
    STACK                                    0x200059f0   Section     1280  startup_saml21g18b.o(STACK)
    Stack_Mem                                0x200059f0   Data        1280  startup_saml21g18b.o(STACK)
    __initial_sp                             0x20005ef0   Data           0  startup_saml21g18b.o(STACK)

    Global Symbols

    Symbol Name                              Value     Ov Type        Size  Object(Section)

    BuildAttributes$$THM_ISAv3M$S$PE$A:L22$X:L11$S22$IEEE1$IW$USESV6$~STKCKD$USESV7$~SHL$OTIME$ROPI$IEEEX$EBA8$UX$STANDARDLIB$REQ8$PRES8$EABIv2 0x00000000   Number         0  anon$$obj.o ABSOLUTE
    __ARM_use_no_argv                        0x00000000   Number         0  main.o ABSOLUTE
    __Vectors                                0x00000000   Data           4  startup_saml21g18b.o(RESET)
    __dso_handle                             0x00000000   Number         0  startup_saml21g18b.o(RESET)
    _printf_flags                            0x00000000   Number         0  printf_stubs.o ABSOLUTE
    _printf_return_value                     0x00000000   Number         0  printf_stubs.o ABSOLUTE
    _printf_sizespec                         0x00000000   Number         0  printf_stubs.o ABSOLUTE
    _printf_widthprec                        0x00000000   Number         0  printf_stubs.o ABSOLUTE
    SHT$$ARM_EXIDX$$Base                      - Undefined Reference
    SHT$$ARM_EXIDX$$Limit                     - Undefined Reference
    __ARM::default_unexpected_handler()       - Undefined Weak Reference
    __ARM_exceptions_buffer_required          - Undefined Weak Reference
    __ARM_exceptions_init                     - Undefined Weak Reference
    __aeabi_unwind_cpp_pr1                    - Undefined Weak Reference
    __aeabi_unwind_cpp_pr2                    - Undefined Weak Reference
    __alloca_initialize                       - Undefined Weak Reference
    __arm_fini_                               - Undefined Weak Reference
    __arm_preinit_                            - Undefined Weak Reference
    __cxa_type_match                          - Undefined Weak Reference
    __sigvec_lookup                           - Undefined Weak Reference
    __user_heap_extent                        - Undefined Weak Reference
    _atexit_init                              - Undefined Weak Reference
    _call_atexit_fns                          - Undefined Weak Reference
    _clock_init                               - Undefined Weak Reference
    _fp_trap_init                             - Undefined Weak Reference
    _fp_trap_shutdown                         - Undefined Weak Reference
    _get_lc_time                              - Undefined Weak Reference
    _getenv_init                              - Undefined Weak Reference
    _handle_redirection                       - Undefined Weak Reference
    _mbdata                                   - Undefined Weak Reference
    _printf_mbtowc                            - Undefined Weak Reference
    _printf_wc                                - Undefined Weak Reference
    _rand_init                                - Undefined Weak Reference
    _signal_finish                            - Undefined Weak Reference
    _signal_init                              - Undefined Weak Reference
    __Vectors_End                            0x000000b0   Data           0  startup_saml21g18b.o(RESET)
    __Vectors_Size                           0x000000b0   Number         0  startup_saml21g18b.o ABSOLUTE
    __main                                   0x000000b1   Thumb Code     8  __main.o(!!!main)
    __scatterload                            0x000000b9   Thumb Code     0  __scatter.o(!!!scatter)
    __scatterload_rt2                        0x000000b9   Thumb Code    52  __scatter.o(!!!scatter)
    __scatterload_rt2_thumb_only             0x000000b9   Thumb Code     0  __scatter.o(!!!scatter)
    __scatterload_null                       0x000000c9   Thumb Code     0  __scatter.o(!!!scatter)
    __scatterload_zeroinit                   0x000000f5   Thumb Code    28  __scatter_zi.o(!!handler_zi)
    _printf_percent                          0x00000111   Thumb Code     0  _printf_percent.o(.ARM.Collect$$_printf_percent$$00000000)
    _printf_n                                0x00000113   Thumb Code     0  _printf_n.o(.ARM.Collect$$_printf_percent$$00000001)
    _printf_p                                0x0000011d   Thumb Code     0  _printf_p.o(.ARM.Collect$$_printf_percent$$00000002)
    _printf_f                                0x00000127   Thumb Code     0  _printf_f.o(.ARM.Collect$$_printf_percent$$00000003)
    _printf_e                                0x00000131   Thumb Code     0  _printf_e.o(.ARM.Collect$$_printf_percent$$00000004)
    _printf_g                                0x0000013b   Thumb Code     0  _printf_g.o(.ARM.Collect$$_printf_percent$$00000005)
    _printf_a                                0x00000145   Thumb Code     0  _printf_a.o(.ARM.Collect$$_printf_percent$$00000006)
    _printf_ll                               0x0000014f   Thumb Code     0  _printf_ll.o(.ARM.Collect$$_printf_percent$$00000007)
    _printf_i                                0x00000159   Thumb Code     0  _printf_i.o(.ARM.Collect$$_printf_percent$$00000008)
    _printf_d                                0x00000163   Thumb Code     0  _printf_d.o(.ARM.Collect$$_printf_percent$$00000009)
    _printf_u                                0x0000016d   Thumb Code     0  _printf_u.o(.ARM.Collect$$_printf_percent$$0000000A)
    _printf_o                                0x00000177   Thumb Code     0  _printf_o.o(.ARM.Collect$$_printf_percent$$0000000B)
    _printf_x                                0x00000181   Thumb Code     0  _printf_x.o(.ARM.Collect$$_printf_percent$$0000000C)
    _printf_lli                              0x0000018b   Thumb Code     0  _printf_lli.o(.ARM.Collect$$_printf_percent$$0000000D)
    _printf_lld                              0x00000195   Thumb Code     0  _printf_lld.o(.ARM.Collect$$_printf_percent$$0000000E)
    _printf_llu                              0x0000019f   Thumb Code     0  _printf_llu.o(.ARM.Collect$$_printf_percent$$0000000F)
    _printf_llo                              0x000001a9   Thumb Code     0  _printf_llo.o(.ARM.Collect$$_printf_percent$$00000010)
    _printf_llx                              0x000001b3   Thumb Code     0  _printf_llx.o(.ARM.Collect$$_printf_percent$$00000011)
    _printf_l                                0x000001bd   Thumb Code     0  _printf_l.o(.ARM.Collect$$_printf_percent$$00000012)
    _printf_c                                0x000001c7   Thumb Code     0  _printf_c.o(.ARM.Collect$$_printf_percent$$00000013)
    _printf_s                                0x000001d1   Thumb Code     0  _printf_s.o(.ARM.Collect$$_printf_percent$$00000014)
    _printf_lc                               0x000001db   Thumb Code     0  _printf_lc.o(.ARM.Collect$$_printf_percent$$00000015)
    _printf_ls                               0x000001e5   Thumb Code     0  _printf_ls.o(.ARM.Collect$$_printf_percent$$00000016)
    _printf_percent_end                      0x000001ef   Thumb Code     0  _printf_percent_end.o(.ARM.Collect$$_printf_percent$$00000017)
    __rt_lib_init                            0x000001f3   Thumb Code     0  libinit.o(.ARM.Collect$$libinit$$00000000)
    __rt_lib_init_fp_1                       0x000001f5   Thumb Code     0  libinit2.o(.ARM.Collect$$libinit$$00000002)
    __rt_lib_init_heap_2                     0x000001f5   Thumb Code     0  libinit2.o(.ARM.Collect$$libinit$$00000005)
    __rt_lib_init_preinit_1                  0x000001f5   Thumb Code     0  libinit2.o(.ARM.Collect$$libinit$$00000004)
    __rt_lib_init_heap_1                     0x000001fd   Thumb Code     0  libinit2.o(.ARM.Collect$$libinit$$0000000A)
    __rt_lib_init_lc_common                  0x000001fd   Thumb Code     0  libinit2.o(.ARM.Collect$$libinit$$0000000F)
    __rt_lib_init_rand_1                     0x000001fd   Thumb Code     0  libinit2.o(.ARM.Collect$$libinit$$0000000E)
    __rt_lib_init_user_alloc_1               0x000001fd   Thumb Code     0  libinit2.o(.ARM.Collect$$libinit$$0000000C)
    __rt_lib_init_lc_collate_1               0x00000203   Thumb Code     0  libinit2.o(.ARM.Collect$$libinit$$00000011)
    __rt_lib_init_lc_ctype_2                 0x00000203   Thumb Code     0  libinit2.o(.ARM.Collect$$libinit$$00000012)
    __rt_lib_init_lc_ctype_1                 0x0000020f   Thumb Code     0  libinit2.o(.ARM.Collect$$libinit$$00000013)
    __rt_lib_init_lc_monetary_1              0x0000020f   Thumb Code     0  libinit2.o(.ARM.Collect$$libinit$$00000015)
    __rt_lib_init_lc_numeric_2               0x0000020f   Thumb Code     0  libinit2.o(.ARM.Collect$$libinit$$00000016)
    __rt_lib_init_alloca_1                   0x00000219   Thumb Code     0  libinit2.o(.ARM.Collect$$libinit$$0000002E)
    __rt_lib_init_argv_1                     0x00000219   Thumb Code     0  libinit2.o(.ARM.Collect$$libinit$$0000002C)
    __rt_lib_init_atexit_1                   0x00000219   Thumb Code     0  libinit2.o(.ARM.Collect$$libinit$$0000001B)
    __rt_lib_init_clock_1                    0x00000219   Thumb Code     0  libinit2.o(.ARM.Collect$$libinit$$00000021)
    __rt_lib_init_cpp_2                      0x00000219   Thumb Code     0  libinit2.o(.ARM.Collect$$libinit$$00000031)
    __rt_lib_init_exceptions_1               0x00000219   Thumb Code     0  libinit2.o(.ARM.Collect$$libinit$$00000030)
    __rt_lib_init_fp_trap_1                  0x00000219   Thumb Code     0  libinit2.o(.ARM.Collect$$libinit$$0000001F)
    __rt_lib_init_getenv_1                   0x00000219   Thumb Code     0  libinit2.o(.ARM.Collect$$libinit$$00000023)
    __rt_lib_init_lc_numeric_1               0x00000219   Thumb Code     0  libinit2.o(.ARM.Collect$$libinit$$00000017)
    __rt_lib_init_lc_time_1                  0x00000219   Thumb Code     0  libinit2.o(.ARM.Collect$$libinit$$00000019)
    __rt_lib_init_signal_1                   0x00000219   Thumb Code     0  libinit2.o(.ARM.Collect$$libinit$$0000001D)
    __rt_lib_init_stdio_1                    0x00000219   Thumb Code     0  libinit2.o(.ARM.Collect$$libinit$$00000025)
    __rt_lib_init_cpp_1                      0x0000021d   Thumb Code     0  libinit2.o(.ARM.Collect$$libinit$$00000032)
    __rt_lib_init_return                     0x0000021d   Thumb Code     0  libinit2.o(.ARM.Collect$$libinit$$00000033)
    __rt_lib_shutdown                        0x0000021f   Thumb Code     0  libshutdown.o(.ARM.Collect$$libshutdown$$00000000)
    __rt_lib_shutdown_cpp_2                  0x00000221   Thumb Code     0  libshutdown2.o(.ARM.Collect$$libshutdown$$00000003)
    __rt_lib_shutdown_fini_1                 0x00000221   Thumb Code     0  libshutdown2.o(.ARM.Collect$$libshutdown$$00000002)
    __rt_lib_shutdown_cpp_1                  0x00000227   Thumb Code     0  libshutdown2.o(.ARM.Collect$$libshutdown$$00000004)
    __rt_lib_shutdown_fp_trap_1              0x00000227   Thumb Code     0  libshutdown2.o(.ARM.Collect$$libshutdown$$00000009)
    __rt_lib_shutdown_heap_2                 0x00000227   Thumb Code     0  libshutdown2.o(.ARM.Collect$$libshutdown$$0000000F)
    __rt_lib_shutdown_signal_1               0x00000227   Thumb Code     0  libshutdown2.o(.ARM.Collect$$libshutdown$$0000000C)
    __rt_lib_shutdown_stdio_1                0x00000227   Thumb Code     0  libshutdown2.o(.ARM.Collect$$libshutdown$$00000006)
    __rt_lib_shutdown_user_alloc_1           0x00000227   Thumb Code     0  libshutdown2.o(.ARM.Collect$$libshutdown$$0000000E)
    __rt_lib_shutdown_heap_1                 0x0000022b   Thumb Code     0  libshutdown2.o(.ARM.Collect$$libshutdown$$00000011)
    __rt_lib_shutdown_return                 0x0000022b   Thumb Code     0  libshutdown2.o(.ARM.Collect$$libshutdown$$00000012)
    __rt_entry                               0x0000022d   Thumb Code     0  __rtentry.o(.ARM.Collect$$rtentry$$00000000)
    __rt_entry_presh_1                       0x0000022d   Thumb Code     0  __rtentry2.o(.ARM.Collect$$rtentry$$00000002)
    __rt_entry_sh                            0x0000022d   Thumb Code     0  __rtentry4.o(.ARM.Collect$$rtentry$$00000004)
    __rt_entry_postsh_1                      0x00000233   Thumb Code     0  __rtentry2.o(.ARM.Collect$$rtentry$$00000008)
    __rt_entry_li                            0x0000023b   Thumb Code     0  __rtentry2.o(.ARM.Collect$$rtentry$$0000000A)
    __rt_entry_main                          0x0000023f   Thumb Code     0  __rtentry2.o(.ARM.Collect$$rtentry$$0000000D)
    __rt_entry_postli_1                      0x0000023f   Thumb Code     0  __rtentry2.o(.ARM.Collect$$rtentry$$0000000C)
    __rt_exit                                0x00000247   Thumb Code     0  rtexit.o(.ARM.Collect$$rtexit$$00000000)
    __rt_exit_ls                             0x00000249   Thumb Code     0  rtexit2.o(.ARM.Collect$$rtexit$$00000003)
    __rt_exit_prels_1                        0x00000249   Thumb Code     0  rtexit2.o(.ARM.Collect$$rtexit$$00000002)
    __rt_exit_exit                           0x0000024d   Thumb Code     0  rtexit2.o(.ARM.Collect$$rtexit$$00000004)
    __asm___6_port_c_39a90d8d__prvPortStartFirstTask 0x00000255   Thumb Code    36  port.o(.emb_text)
    ulSetInterruptMaskFromISR                0x0000027d   Thumb Code     8  port.o(.emb_text)
    vClearInterruptMaskFromISR               0x00000285   Thumb Code     6  port.o(.emb_text)
    PendSV_Handler                           0x0000028b   Thumb Code    62  port.o(.emb_text)
    __aeabi_memcpy4                          0x000002cd   Thumb Code    56  rt_memcpy.o(.emb_text)
    __aeabi_memcpy8                          0x000002cd   Thumb Code     0  rt_memcpy.o(.emb_text)
    Reset_Handler                            0x00000305   Thumb Code     8  startup_saml21g18b.o(.text)
    _maybe_terminate_alloc                   0x00000305   Thumb Code     0  maybetermalloc2.o(.emb_text)
    NonMaskableInt_Handler                   0x0000030d   Thumb Code     2  startup_saml21g18b.o(.text)
    HardFault_Handler                        0x0000030f   Thumb Code     2  startup_saml21g18b.o(.text)
    AC_Handler                               0x00000317   Thumb Code     0  startup_saml21g18b.o(.text)
    ADC_Handler                              0x00000317   Thumb Code     0  startup_saml21g18b.o(.text)
    AES_Handler                              0x00000317   Thumb Code     0  startup_saml21g18b.o(.text)
    DAC_Handler                              0x00000317   Thumb Code     0  startup_saml21g18b.o(.text)
    DMAC_Handler                             0x00000317   Thumb Code     0  startup_saml21g18b.o(.text)
    EIC_Handler                              0x00000317   Thumb Code     0  startup_saml21g18b.o(.text)
    EVSYS_Handler                            0x00000317   Thumb Code     0  startup_saml21g18b.o(.text)
    NVMCTRL_Handler                          0x00000317   Thumb Code     0  startup_saml21g18b.o(.text)
    PTC_Handler                              0x00000317   Thumb Code     0  startup_saml21g18b.o(.text)
    RTC_Handler                              0x00000317   Thumb Code     0  startup_saml21g18b.o(.text)
    SERCOM3_Handler                          0x00000317   Thumb Code     0  startup_saml21g18b.o(.text)
    SERCOM4_Handler                          0x00000317   Thumb Code     0  startup_saml21g18b.o(.text)
    SERCOM5_Handler                          0x00000317   Thumb Code     0  startup_saml21g18b.o(.text)
    SYSTEM_Handler                           0x00000317   Thumb Code     0  startup_saml21g18b.o(.text)
    TC0_Handler                              0x00000317   Thumb Code     0  startup_saml21g18b.o(.text)
    TC1_Handler                              0x00000317   Thumb Code     0  startup_saml21g18b.o(.text)
    TC4_Handler                              0x00000317   Thumb Code     0  startup_saml21g18b.o(.text)
    TCC0_Handler                             0x00000317   Thumb Code     0  startup_saml21g18b.o(.text)
    TCC1_Handler                             0x00000317   Thumb Code     0  startup_saml21g18b.o(.text)
    TCC2_Handler                             0x00000317   Thumb Code     0  startup_saml21g18b.o(.text)
    TRNG_Handler                             0x00000317   Thumb Code     0  startup_saml21g18b.o(.text)
    USB_Handler                              0x00000317   Thumb Code     0  startup_saml21g18b.o(.text)
    WDT_Handler                              0x00000317   Thumb Code     0  startup_saml21g18b.o(.text)
    __user_initial_stackheap                 0x00000319   Thumb Code     0  startup_saml21g18b.o(.text)
    __c89vsprintf                            0x0000033d   Thumb Code    32  c89vsprintf.o(.text)
    __aeabi_memcpy                           0x00000361   Thumb Code   130  rt_memcpy.o(.text)
    __rt_memcpy                              0x00000361   Thumb Code     0  rt_memcpy.o(.text)
    __aeabi_memset                           0x000003e3   Thumb Code    18  aeabi_memset.o(.text)
    _memset_w                                0x000003f5   Thumb Code    26  rt_memclr.o(.text)
    _memset                                  0x0000040f   Thumb Code    30  rt_memclr.o(.text)
    __aeabi_memclr                           0x0000042d   Thumb Code     4  rt_memclr.o(.text)
    __rt_memclr                              0x0000042d   Thumb Code     0  rt_memclr.o(.text)
    __aeabi_memclr4                          0x00000431   Thumb Code     0  rt_memclr.o(.text)
    __aeabi_memclr8                          0x00000431   Thumb Code     0  rt_memclr.o(.text)
    __rt_memclr_w                            0x00000431   Thumb Code     4  rt_memclr.o(.text)
    __aeabi_uidiv                            0x00000435   Thumb Code     0  aeabi_sdiv.o(.text)
    __aeabi_uidivmod                         0x00000435   Thumb Code    20  aeabi_sdiv.o(.text)
    __aeabi_idiv                             0x00000449   Thumb Code     0  aeabi_sdiv.o(.text)
    __aeabi_idivmod                          0x00000449   Thumb Code   326  aeabi_sdiv.o(.text)
    __use_two_region_memory                  0x0000058f   Thumb Code     2  heapauxi.o(.text)
    __rt_heap_escrow                         0x00000591   Thumb Code     2  heapauxi.o(.text)
    __rt_heap_expand                         0x00000593   Thumb Code     2  heapauxi.o(.text)
    __cpp_initialize__aeabi_                 0x00000595   Thumb Code    26  init_aeabi.o(.text)
    _free_internal                           0x000005b9   Thumb Code    96  h1_free_mt.o(.text)
    free                                     0x00000619   Thumb Code    20  h1_free_mt.o(.text)
    _printf_pre_padding                      0x0000062d   Thumb Code    44  _printf_pad.o(.text)
    _printf_post_padding                     0x00000659   Thumb Code    34  _printf_pad.o(.text)
    _printf_truncate_signed                  0x0000067b   Thumb Code    18  _printf_truncate.o(.text)
    _printf_truncate_unsigned                0x0000068d   Thumb Code    18  _printf_truncate.o(.text)
    _printf_str                              0x0000069f   Thumb Code    82  _printf_str.o(.text)
    _printf_int_dec                          0x000006f1   Thumb Code    90  _printf_dec.o(.text)
    _printf_charcount                        0x0000075d   Thumb Code    38  _printf_charcount.o(.text)
    _printf_char_common                      0x0000078f   Thumb Code    32  _printf_char_common.o(.text)
    _sputc                                   0x000007b5   Thumb Code    10  _sputc.o(.text)
    _printf_wctomb                           0x000007c1   Thumb Code   182  _printf_wctomb.o(.text)
    _printf_longlong_dec                     0x0000087d   Thumb Code    94  _printf_longlong_dec.o(.text)
    _printf_longlong_oct                     0x000008ed   Thumb Code    68  _printf_oct_int_ll.o(.text)
    _printf_int_oct                          0x00000931   Thumb Code    24  _printf_oct_int_ll.o(.text)
    _printf_ll_oct                           0x00000949   Thumb Code    10  _printf_oct_int_ll.o(.text)
    _printf_longlong_hex                     0x0000095d   Thumb Code    88  _printf_hex_int_ll_ptr.o(.text)
    _printf_int_hex                          0x000009b5   Thumb Code    28  _printf_hex_int_ll_ptr.o(.text)
    _printf_ll_hex                           0x000009d1   Thumb Code    10  _printf_hex_int_ll_ptr.o(.text)
    _printf_hex_ptr                          0x000009db   Thumb Code    22  _printf_hex_int_ll_ptr.o(.text)
    __printf                                 0x000009f5   Thumb Code   386  __printf_flags_ss_wp.o(.text)
    abort                                    0x00000b7d   Thumb Code    20  abort.o(.text)
    _sys_exit                                0x00000b91   Thumb Code     8  sys_exit.o(.text)
    __rt_ctype_table                         0x00000b9d   Thumb Code    16  rt_ctype_table.o(.text)
    __rt_heap_descriptor                     0x00000bad   Thumb Code    10  rt_heap_descriptor_twolibspace.o(.text)
    __rt_new_handler_addr                    0x00000bb7   Thumb Code    10  rt_new_handler_addr_twolibspace.o(.text)
    __use_no_heap                            0x00000bc1   Thumb Code     2  hguard.o(.text)
    __heap$guard                             0x00000bc3   Thumb Code     2  hguard.o(.text)
    _terminate_user_alloc                    0x00000bc5   Thumb Code     2  init_alloc.o(.text)
    _init_user_alloc                         0x00000bc7   Thumb Code     2  init_alloc.o(.text)
    __Heap_Full                              0x00000bc9   Thumb Code    32  init_alloc.o(.text)
    __Heap_Broken                            0x00000be9   Thumb Code    10  init_alloc.o(.text)
    _init_alloc                              0x00000bf3   Thumb Code    90  init_alloc.o(.text)
    _malloc_internal                         0x00000c55   Thumb Code   126  h1_alloc_mt.o(.text)
    malloc                                   0x00000cd3   Thumb Code    20  h1_alloc_mt.o(.text)
    _ll_udiv10                               0x00000ce7   Thumb Code   122  lludiv10.o(.text)
    _printf_int_common                       0x00000d61   Thumb Code   176  _printf_intcommon.o(.text)
    __lib_sel_fp_printf                      0x00000e11   Thumb Code     2  _printf_fp_dec.o(.text)
    _printf_fp_dec_real                      0x00000faf   Thumb Code   620  _printf_fp_dec.o(.text)
    _printf_cs_common                        0x00001229   Thumb Code    22  _printf_char.o(.text)
    _printf_char                             0x0000123f   Thumb Code    16  _printf_char.o(.text)
    _printf_string                           0x0000124f   Thumb Code     8  _printf_char.o(.text)
    _printf_lcs_common                       0x00001257   Thumb Code    22  _printf_wchar.o(.text)
    _printf_wchar                            0x0000126d   Thumb Code    16  _printf_wchar.o(.text)
    _printf_wstring                          0x0000127d   Thumb Code     8  _printf_wchar.o(.text)
    _wcrtomb                                 0x00001285   Thumb Code    64  _wcrtomb.o(.text)
    __aeabi_atexit                           0x000012c5   Thumb Code    42  aeabi_atexit.o(.text)
    __rt_SIGABRT                             0x000012ef   Thumb Code    12  defsig_abrt_outer.o(.text)
    strcmp                                   0x000012fd   Thumb Code   132  strcmp.o(.text)
    __rt_udiv10                              0x00001385   Thumb Code    40  rtudiv10.o(.text)
    __default_new_handler()                  0x000013ad   Thumb Code     8  arm_newhandler_noexceptions.o(.text)
    std::terminate()                         0x000013b5   Thumb Code    28  arm_exceptions_terminate.o(.text)
    __cxa_get_globals                        0x000013d7   Thumb Code    66  arm_exceptions_globs.o(.text)
    __user_libspace                          0x00001425   Thumb Code     8  libspace.o(.text)
    __user_perproc_libspace                  0x00001425   Thumb Code     0  libspace.o(.text)
    __I$use$semihosting                      0x0000142d   Thumb Code     0  use_no_semi.o(.text)
    __use_no_semihosting_swi                 0x0000142d   Thumb Code     2  use_no_semi.o(.text)
    __semihosting_library_function           0x0000142f   Thumb Code     0  indicate_semi.o(.text)
    __user_setup_stackheap                   0x0000142f   Thumb Code    62  sys_stackheap_outer.o(.text)
    __rt_locale                              0x0000146d   Thumb Code    10  rt_locale_twolibspace.o(.text)
    __rt_ddtor_pointer_addr                  0x00001477   Thumb Code    10  rt_ddtor_pointer_addr_twolibspace.o(.text)
    __rt_eh_globals_addr                     0x00001481   Thumb Code    10  rt_eh_globals_addr_twolibspace.o(.text)
    __Heap_Initialize                        0x0000148b   Thumb Code    18  h1_init_mt.o(.text)
    __Heap_DescSize                          0x0000149d   Thumb Code     4  h1_init_mt.o(.text)
    __Heap_ProvideMemory                     0x000014a1   Thumb Code    54  h1_extend_mt.o(.text)
    _printf_fp_infnan                        0x000014d9   Thumb Code   120  _printf_fp_infnan.o(.text)
    _btod_etento                             0x00001561   Thumb Code   210  bigflt0.o(.text)
    _btod_d2e                                0x00001639   Thumb Code    64  btod.o(.text)
    _btod_emul                               0x00001a6d   Thumb Code    28  btod.o(.text)
    _btod_emuld                              0x00001a89   Thumb Code   144  btod.o(.text)
    _btod_ediv                               0x00001b19   Thumb Code    26  btod.o(.text)
    _btod_edivd                              0x00001b33   Thumb Code   124  btod.o(.text)
    exit                                     0x00001bb9   Thumb Code    16  exit.o(.text)
    __cxa_finalize                           0x00001bc9   Thumb Code    66  cxa_finalize.o(.text)
    __sig_exit                               0x00001c0b   Thumb Code    12  defsig_exit.o(.text)
    __rt_SIGABRT_inner                       0x00001c19   Thumb Code    14  defsig_abrt_inner.o(.text)
    __rt_SIGRTMEM                            0x00001c49   Thumb Code    12  defsig_rtmem_outer.o(.text)
    __ARM_exceptions_buffer_init             0x00001c55   Thumb Code    18  arm_exceptions_mem.o(.text)
    __ARM_exceptions_buffer_allocate         0x00001c67   Thumb Code    26  arm_exceptions_mem.o(.text)
    __ARM_exceptions_buffer_free             0x00001c81   Thumb Code    22  arm_exceptions_mem.o(.text)
    _terminate_alloc                         0x00001c97   Thumb Code    14  term_alloc.o(.text)
    __default_signal_display                 0x00001ca5   Thumb Code    52  defsig_general.o(.text)
    __rt_SIGRTMEM_inner                      0x00001cd9   Thumb Code    22  defsig_rtmem_inner.o(.text)
    _ttywrch                                 0x00001d29   Thumb Code    12  sys_wrch.o(.text)
    __Heap_Finalize                          0x00001d35   Thumb Code    10  h1_final_mt.o(.text)
    __decompress                             0x00001d3f   Thumb Code     0  __dclz77c.o(.text)
    __decompress2                            0x00001d3f   Thumb Code    96  __dclz77c.o(.text)
    SERCOM0_Handler                          0x00001da1   Thumb Code   222  main.o(i.SERCOM0_Handler)
    SERCOM1_Handler                          0x00001e9d   Thumb Code    36  main.o(i.SERCOM1_Handler)
    SERCOM2_Handler                          0x00001ecd   Thumb Code    36  main.o(i.SERCOM2_Handler)
    SVC_Handler                              0x00001efd   Thumb Code     2  port.o(i.SVC_Handler)
    SysTick_Handler                          0x00001f01   Thumb Code    20  cmsis_os2.o(i.SysTick_Handler)
    SystemInit                               0x00001f19   Thumb Code     8  system_saml21g18b.o(i.SystemInit)
    setupParse(void*)                        0x00001f29   Thumb Code    42  main.o(i._Z10setupParsePv)
    setup_system()                           0x00001f65   Thumb Code   368  system_setup.o(i._Z12setup_systemv)
    verifyPacket(unsigned short, unsigned char*, unsigned short) 0x00002129   Thumb Code    40  main.o(i._Z12verifyPackettPht)
    bluetoothParse(void*)                    0x00002159   Thumb Code    32  bluetooth.o(i._Z14bluetoothParsePv)
    parseSmartmeshData(void*)                0x00002185   Thumb Code   250  main.o(i._Z18parseSmartmeshDataPv)
    gsmParse(void*)                          0x000022e5   Thumb Code    32  gsm_usart.o(i._Z8gsmParsePv)
    setup_rtc()                              0x00002311   Thumb Code     2  rtc.o(i._Z9setup_rtcv)
    tcp_write()                              0x00002315   Thumb Code   100  sendingdata.o(i._Z9tcp_writev)
    Smartmesh_API::init_packet(unsigned char, unsigned char) 0x00002401   Thumb Code    34  api.o(i._ZN13Smartmesh_API11init_packetEhh)
    Smartmesh_API::checksumData(unsigned short, unsigned char*, unsigned short) 0x00002425   Thumb Code    44  api.o(i._ZN13Smartmesh_API12checksumDataEtPht)
    Smartmesh_API::resetManager()            0x00002455   Thumb Code    48  api.o(i._ZN13Smartmesh_API12resetManagerEv)
    Smartmesh_API::verifyPacket(unsigned short, unsigned char*, unsigned short) 0x00002489   Thumb Code    42  api.o(i._ZN13Smartmesh_API12verifyPacketEtPht)
    Smartmesh_API::parseNetworkInfo(network_info*, unsigned char*) 0x000024bd   Thumb Code   178  api.o(i._ZN13Smartmesh_API16parseNetworkInfoEP12network_infoPh)
    Smartmesh_API::mgr_init()                0x00002575   Thumb Code    54  api.o(i._ZN13Smartmesh_API8mgr_initEv)
    Smartmesh_API::subscribe(unsigned, unsigned) 0x000025b1   Thumb Code    64  api.o(i._ZN13Smartmesh_API9subscribeEjj)
    Smartmesh_API::Smartmesh_API(UART*)      0x000025f5   Thumb Code    12  api.o(i._ZN13Smartmesh_APIC1EP4UART)
    Smartmesh_API::Smartmesh_API__sub_object(UART*) 0x000025f5   Thumb Code     0  api.o(i._ZN13Smartmesh_APIC1EP4UART)
    UART::send_array(unsigned char*, unsigned char) 0x00002601   Thumb Code    76  sercom.o(i._ZN4UART10send_arrayEPhh)
    UART::_printf(const char*, ...)          0x00002659   Thumb Code   112  sercom.o(i._ZN4UART7_printfEPKcz)
    UART::UART(sercom_registers_t*, int)     0x000026d9   Thumb Code   214  sercom.o(i._ZN4UARTC1EP18sercom_registers_ti)
    UART::UART__sub_object(sercom_registers_t*, int) 0x000026d9   Thumb Code     0  sercom.o(i._ZN4UARTC1EP18sercom_registers_ti)
    operator delete[] (void*)                0x000027d5   Thumb Code     8  array_del.o(i._ZdaPv)
    operator delete (void*)                  0x000027dd   Thumb Code     8  delete.o(i._ZdlPv)
    operator new[] (unsigned)                0x000027e5   Thumb Code     8  array_new.o(i._Znaj)
    operator new(unsigned)                   0x000027ed   Thumb Code    36  new.o(i._Znwj)
    __ARM_common_ll_muluu                    0x00002815   Thumb Code    48  btod.o(i.__ARM_common_ll_muluu)
    __ARM_common_switch8                     0x00002845   Thumb Code    26  cmsis_os2.o(i.__ARM_common_switch8)
    __ARM_fpclassify                         0x00002861   Thumb Code    40  fpclassify.o(i.__ARM_fpclassify)
    _is_digit                                0x0000299d   Thumb Code    14  __printf_wp.o(i._is_digit)
    _mutex_acquire                           0x000029ab   Thumb Code    24  clib_arm.o(i._mutex_acquire)
    _mutex_free                              0x000029c5   Thumb Code    40  clib_arm.o(i._mutex_free)
    _mutex_initialize                        0x000029f1   Thumb Code    80  clib_arm.o(i._mutex_initialize)
    _mutex_release                           0x00002a49   Thumb Code    26  clib_arm.o(i._mutex_release)
    _platform_post_stackheap_init            0x00002a63   Thumb Code     2  clib_arm.o(i._platform_post_stackheap_init)
    main                                     0x00002a65   Thumb Code   200  main.o(i.main)
    pvPortMalloc                             0x0000332d   Thumb Code   198  heap_4.o(i.pvPortMalloc)
    pvTaskIncrementMutexHeldCount            0x000033f9   Thumb Code    20  tasks.o(i.pvTaskIncrementMutexHeldCount)
    pxPortInitialiseStack                    0x00003411   Thumb Code    26  port.o(i.pxPortInitialiseStack)
    uxListRemove                             0x00003431   Thumb Code    38  list.o(i.uxListRemove)
    vApplicationGetIdleTaskMemory            0x00003459   Thumb Code    16  cmsis_os2.o(i.vApplicationGetIdleTaskMemory)
    vApplicationGetTimerTaskMemory           0x0000346d   Thumb Code    16  cmsis_os2.o(i.vApplicationGetTimerTaskMemory)
    vApplicationStackOverflowHook            0x00003481   Thumb Code     4  cmsis_os2.o(i.vApplicationStackOverflowHook)
    vListInitialise                          0x00003485   Thumb Code    22  list.o(i.vListInitialise)
    vListInitialiseItem                      0x0000349b   Thumb Code     6  list.o(i.vListInitialiseItem)
    vListInsert                              0x000034a1   Thumb Code    48  list.o(i.vListInsert)
    vListInsertEnd                           0x000034d1   Thumb Code    24  list.o(i.vListInsertEnd)
    vPortEnterCritical                       0x000034e9   Thumb Code    20  port.o(i.vPortEnterCritical)
    vPortExitCritical                        0x00003501   Thumb Code    24  port.o(i.vPortExitCritical)
    vPortFree                                0x0000351d   Thumb Code    68  heap_4.o(i.vPortFree)
    vPortSetupTimerInterrupt                 0x00003565   Thumb Code    32  port.o(i.vPortSetupTimerInterrupt)
    vPortYield                               0x0000358d   Thumb Code    18  port.o(i.vPortYield)
    vQueueDelete                             0x000035a5   Thumb Code    24  queue.o(i.vQueueDelete)
    vQueueWaitForMessageRestricted           0x000035bd   Thumb Code    70  queue.o(i.vQueueWaitForMessageRestricted)
    vTaskDelay                               0x00003605   Thumb Code    48  tasks.o(i.vTaskDelay)
    vTaskDelete                              0x00003639   Thumb Code   118  tasks.o(i.vTaskDelete)
    vTaskInternalSetTimeOutState             0x000036b9   Thumb Code    12  tasks.o(i.vTaskInternalSetTimeOutState)
    vTaskMissedYield                         0x000036c9   Thumb Code     8  tasks.o(i.vTaskMissedYield)
    vTaskPlaceOnEventList                    0x000036d5   Thumb Code    32  tasks.o(i.vTaskPlaceOnEventList)
    vTaskPlaceOnEventListRestricted          0x000036f9   Thumb Code    68  tasks.o(i.vTaskPlaceOnEventListRestricted)
    vTaskPriorityDisinheritAfterTimeout      0x00003741   Thumb Code   136  tasks.o(i.vTaskPriorityDisinheritAfterTimeout)
    vTaskStartScheduler                      0x000037d1   Thumb Code   102  tasks.o(i.vTaskStartScheduler)
    vTaskSuspendAll                          0x00003849   Thumb Code    10  tasks.o(i.vTaskSuspendAll)
    vTaskSwitchContext                       0x00003859   Thumb Code   120  tasks.o(i.vTaskSwitchContext)
    xPortStartScheduler                      0x000038dd   Thumb Code    40  port.o(i.xPortStartScheduler)
    xPortSysTickHandler                      0x0000390d   Thumb Code    32  port.o(i.xPortSysTickHandler)
    xQueueCreateCountingSemaphore            0x00003931   Thumb Code    32  queue.o(i.xQueueCreateCountingSemaphore)
    xQueueCreateMutex                        0x00003951   Thumb Code    24  queue.o(i.xQueueCreateMutex)
    xQueueCreateMutexStatic                  0x00003969   Thumb Code    28  queue.o(i.xQueueCreateMutexStatic)
    xQueueGenericCreate                      0x00003985   Thumb Code    78  queue.o(i.xQueueGenericCreate)
    xQueueGenericCreateStatic                0x000039d3   Thumb Code    62  queue.o(i.xQueueGenericCreateStatic)
    xQueueGenericReset                       0x00003a11   Thumb Code   142  queue.o(i.xQueueGenericReset)
    xQueueGenericSend                        0x00003a9f   Thumb Code   284  queue.o(i.xQueueGenericSend)
    xQueueGenericSendFromISR                 0x00003bbb   Thumb Code   154  queue.o(i.xQueueGenericSendFromISR)
    xQueueGiveFromISR                        0x00003c55   Thumb Code   126  queue.o(i.xQueueGiveFromISR)
    xQueueReceive                            0x00003cd3   Thumb Code   264  queue.o(i.xQueueReceive)
    xQueueReceiveFromISR                     0x00003ddb   Thumb Code   132  queue.o(i.xQueueReceiveFromISR)
    xQueueSemaphoreTake                      0x00003e5f   Thumb Code   318  queue.o(i.xQueueSemaphoreTake)
    xTaskCheckForTimeOut                     0x00003f9d   Thumb Code    96  tasks.o(i.xTaskCheckForTimeOut)
    xTaskCreate                              0x00004001   Thumb Code    96  tasks.o(i.xTaskCreate)
    xTaskCreateStatic                        0x00004061   Thumb Code    70  tasks.o(i.xTaskCreateStatic)
    xTaskGetSchedulerState                   0x000040a9   Thumb Code    26  tasks.o(i.xTaskGetSchedulerState)
    xTaskGetTickCount                        0x000040c9   Thumb Code     6  tasks.o(i.xTaskGetTickCount)
    xTaskIncrementTick                       0x000040d5   Thumb Code   266  tasks.o(i.xTaskIncrementTick)
    xTaskPriorityDisinherit                  0x000041e9   Thumb Code   122  tasks.o(i.xTaskPriorityDisinherit)
    xTaskPriorityInherit                     0x0000426d   Thumb Code   142  tasks.o(i.xTaskPriorityInherit)
    xTaskRemoveFromEventList                 0x00004305   Thumb Code   190  tasks.o(i.xTaskRemoveFromEventList)
    xTaskResumeAll                           0x000043d1   Thumb Code   248  tasks.o(i.xTaskResumeAll)
    xTimerCreateTimerTask                    0x000044d5   Thumb Code    80  timers.o(i.xTimerCreateTimerTask)
    _get_lc_ctype                            0x00004535   Thumb Code    44  lc_ctype_c.o(locale$$code)
    _get_lc_numeric                          0x00004561   Thumb Code    44  lc_numeric_c.o(locale$$code)
    __rw::__rw_locale_vector<__rw::__rw_cat*>::~__rw_locale_vector() 0x0000458d   Thumb Code    14  rwcats.o(t._ZN4__rw18__rw_locale_vectorIPNS_8__rw_catEED1Ev)
    __rw::__rw_locale_vector<__rw::__rw_cat*>::~__rw_locale_vector__sub_object() 0x0000458d   Thumb Code     0  rwcats.o(t._ZN4__rw18__rw_locale_vectorIPNS_8__rw_catEED1Ev)
    _printf_fp_dec                           0x0000459d   Thumb Code    16  printf1.o(x$fpl$printf1)
    __I$use$fp                               0x000045ac   Number         0  usenofp.o(x$fpl$usenofp)
    Region$$Table$$Base                      0x000046d0   Number         0  anon$$obj.o(Region$$Table)
    Region$$Table$$Limit                     0x000046f0   Number         0  anon$$obj.o(Region$$Table)
    __ctype                                  0x000046fd   Data           0  lc_ctype_c.o(locale$$data)
    SHT$$INIT_ARRAY$$Base                    0x0000481c   Number         0  main.o(.init_array)
    SHT$$INIT_ARRAY$$Limit                   0x0000482c   Number         0  rwcats.o(.init_array)
    startFlag                                0x20000000   Data           1  main.o(.data)
    connectedToManager                       0x20000001   Data           1  main.o(.data)
    length                                   0x20000002   Data           1  main.o(.data)
    bluetoothData                            0x20000004   Data           4  main.o(.data)
    gsmData                                  0x20000008   Data           4  main.o(.data)
    dma_in_use                               0x2000000c   Data           4  main.o(.data)
    bluetoothInUse                           0x20000010   Data           4  main.o(.data)
    gsm_in_use                               0x20000014   Data           4  main.o(.data)
    dataRecieved                             0x20000018   Data           4  main.o(.data)
    getNetworkInfo                           0x2000001c   Data           4  main.o(.data)
    getNetworkConfig                         0x20000020   Data           4  main.o(.data)
    moteConfigWasGotFromID                   0x20000024   Data           4  main.o(.data)
    api_usart                                0x20000028   Data           8  main.o(.data)
    bluetooth                                0x20000030   Data           8  main.o(.data)
    gsm_usart                                0x20000038   Data           8  main.o(.data)
    SystemCoreClock                          0x20000440   Data           4  system_saml21g18b.o(.data)
    pxCurrentTCB                             0x20000468   Data           4  tasks.o(.data)
    uxTopUsedPriority                        0x20000498   Data           4  tasks.o(.data)
    std::ctype<char>::id                     0x200004bc   Data           4  char.o(.data)
    std::ctype<wchar_t>::id                  0x200004c0   Data           4  char.o(.data)
    std::locale::_C_classic                  0x200004cc   Data           4  locale.o(.data)
    std::locale::_C_native                   0x200004d0   Data           4  locale.o(.data)
    std::locale::_C_global                   0x200004d4   Data           4  locale.o(.data)
    std::codecvt<char, char, std::__mbstate_t>::id 0x200004d8   Data           4  locale.o(.data)
    std::codecvt<wchar_t, char, std::__mbstate_t>::id 0x200004dc   Data           4  locale.o(.data)
    txbuffer                                 0x200004e8   Data         130  main.o(.bss)
    smartmeshData                            0x2000056a   Data         130  main.o(.bss)
    api                                      0x200005ec   Data         140  main.o(.bss)
    __libspace_start                         0x20005490   Data          96  libspace.o(.bss)
    __temporary_stack_top$libspace           0x200054f0   Data           0  libspace.o(.bss)



==============================================================================

Memory Map of the image

  Image Entry point : 0x000000b1

  Load Region LR_IROM1 (Base: 0x00000000, Size: 0x00004d14, Max: 0x00040000, ABSOLUTE, COMPRESSED[0x00004a50])

    Execution Region ER_IROM1 (Exec base: 0x00000000, Load base: 0x00000000, Size: 0x0000482c, Max: 0x00040000, ABSOLUTE)

    Exec Addr    Load Addr    Size         Type   Attr      Idx    E Section Name        Object

    0x00000000   0x00000000   0x000000b0   Data   RO         2877    RESET               startup_saml21g18b.o
    0x000000b0   0x000000b0   0x00000008   Code   RO         4236  * !!!main             c_p.l(__main.o)
    0x000000b8   0x000000b8   0x0000003c   Code   RO         5986    !!!scatter          c_p.l(__scatter.o)
    0x000000f4   0x000000f4   0x0000001c   Code   RO         5988    !!handler_zi        c_p.l(__scatter_zi.o)
    0x00000110   0x00000110   0x00000002   Code   RO         4740    .ARM.Collect$$_printf_percent$$00000000  c_p.l(_printf_percent.o)
    0x00000112   0x00000112   0x0000000a   Code   RO         4729    .ARM.Collect$$_printf_percent$$00000001  c_p.l(_printf_n.o)
    0x0000011c   0x0000011c   0x0000000a   Code   RO         4731    .ARM.Collect$$_printf_percent$$00000002  c_p.l(_printf_p.o)
    0x00000126   0x00000126   0x0000000a   Code   RO         4736    .ARM.Collect$$_printf_percent$$00000003  c_p.l(_printf_f.o)
    0x00000130   0x00000130   0x0000000a   Code   RO         4737    .ARM.Collect$$_printf_percent$$00000004  c_p.l(_printf_e.o)
    0x0000013a   0x0000013a   0x0000000a   Code   RO         4738    .ARM.Collect$$_printf_percent$$00000005  c_p.l(_printf_g.o)
    0x00000144   0x00000144   0x0000000a   Code   RO         4739    .ARM.Collect$$_printf_percent$$00000006  c_p.l(_printf_a.o)
    0x0000014e   0x0000014e   0x0000000a   Code   RO         4744    .ARM.Collect$$_printf_percent$$00000007  c_p.l(_printf_ll.o)
    0x00000158   0x00000158   0x0000000a   Code   RO         4733    .ARM.Collect$$_printf_percent$$00000008  c_p.l(_printf_i.o)
    0x00000162   0x00000162   0x0000000a   Code   RO         4734    .ARM.Collect$$_printf_percent$$00000009  c_p.l(_printf_d.o)
    0x0000016c   0x0000016c   0x0000000a   Code   RO         4735    .ARM.Collect$$_printf_percent$$0000000A  c_p.l(_printf_u.o)
    0x00000176   0x00000176   0x0000000a   Code   RO         4732    .ARM.Collect$$_printf_percent$$0000000B  c_p.l(_printf_o.o)
    0x00000180   0x00000180   0x0000000a   Code   RO         4730    .ARM.Collect$$_printf_percent$$0000000C  c_p.l(_printf_x.o)
    0x0000018a   0x0000018a   0x0000000a   Code   RO         4741    .ARM.Collect$$_printf_percent$$0000000D  c_p.l(_printf_lli.o)
    0x00000194   0x00000194   0x0000000a   Code   RO         4742    .ARM.Collect$$_printf_percent$$0000000E  c_p.l(_printf_lld.o)
    0x0000019e   0x0000019e   0x0000000a   Code   RO         4743    .ARM.Collect$$_printf_percent$$0000000F  c_p.l(_printf_llu.o)
    0x000001a8   0x000001a8   0x0000000a   Code   RO         4748    .ARM.Collect$$_printf_percent$$00000010  c_p.l(_printf_llo.o)
    0x000001b2   0x000001b2   0x0000000a   Code   RO         4749    .ARM.Collect$$_printf_percent$$00000011  c_p.l(_printf_llx.o)
    0x000001bc   0x000001bc   0x0000000a   Code   RO         4745    .ARM.Collect$$_printf_percent$$00000012  c_p.l(_printf_l.o)
    0x000001c6   0x000001c6   0x0000000a   Code   RO         4727    .ARM.Collect$$_printf_percent$$00000013  c_p.l(_printf_c.o)
    0x000001d0   0x000001d0   0x0000000a   Code   RO         4728    .ARM.Collect$$_printf_percent$$00000014  c_p.l(_printf_s.o)
    0x000001da   0x000001da   0x0000000a   Code   RO         4746    .ARM.Collect$$_printf_percent$$00000015  c_p.l(_printf_lc.o)
    0x000001e4   0x000001e4   0x0000000a   Code   RO         4747    .ARM.Collect$$_printf_percent$$00000016  c_p.l(_printf_ls.o)
    0x000001ee   0x000001ee   0x00000004   Code   RO         5398    .ARM.Collect$$_printf_percent$$00000017  c_p.l(_printf_percent_end.o)
    0x000001f2   0x000001f2   0x00000002   Code   RO         5762    .ARM.Collect$$libinit$$00000000  c_p.l(libinit.o)
    0x000001f4   0x000001f4   0x00000000   Code   RO         4767    .ARM.Collect$$libinit$$00000002  c_p.l(libinit2.o)
    0x000001f4   0x000001f4   0x00000000   Code   RO         4769    .ARM.Collect$$libinit$$00000004  c_p.l(libinit2.o)
    0x000001f4   0x000001f4   0x00000008   Code   RO         4770    .ARM.Collect$$libinit$$00000005  c_p.l(libinit2.o)
    0x000001fc   0x000001fc   0x00000000   Code   RO         4772    .ARM.Collect$$libinit$$0000000A  c_p.l(libinit2.o)
    0x000001fc   0x000001fc   0x00000000   Code   RO         4774    .ARM.Collect$$libinit$$0000000C  c_p.l(libinit2.o)
    0x000001fc   0x000001fc   0x00000000   Code   RO         4776    .ARM.Collect$$libinit$$0000000E  c_p.l(libinit2.o)
    0x000001fc   0x000001fc   0x00000006   Code   RO         4777    .ARM.Collect$$libinit$$0000000F  c_p.l(libinit2.o)
    0x00000202   0x00000202   0x00000000   Code   RO         4779    .ARM.Collect$$libinit$$00000011  c_p.l(libinit2.o)
    0x00000202   0x00000202   0x0000000c   Code   RO         4780    .ARM.Collect$$libinit$$00000012  c_p.l(libinit2.o)
    0x0000020e   0x0000020e   0x00000000   Code   RO         4781    .ARM.Collect$$libinit$$00000013  c_p.l(libinit2.o)
    0x0000020e   0x0000020e   0x00000000   Code   RO         4783    .ARM.Collect$$libinit$$00000015  c_p.l(libinit2.o)
    0x0000020e   0x0000020e   0x0000000a   Code   RO         4784    .ARM.Collect$$libinit$$00000016  c_p.l(libinit2.o)
    0x00000218   0x00000218   0x00000000   Code   RO         4785    .ARM.Collect$$libinit$$00000017  c_p.l(libinit2.o)
    0x00000218   0x00000218   0x00000000   Code   RO         4787    .ARM.Collect$$libinit$$00000019  c_p.l(libinit2.o)
    0x00000218   0x00000218   0x00000000   Code   RO         4789    .ARM.Collect$$libinit$$0000001B  c_p.l(libinit2.o)
    0x00000218   0x00000218   0x00000000   Code   RO         4791    .ARM.Collect$$libinit$$0000001D  c_p.l(libinit2.o)
    0x00000218   0x00000218   0x00000000   Code   RO         4793    .ARM.Collect$$libinit$$0000001F  c_p.l(libinit2.o)
    0x00000218   0x00000218   0x00000000   Code   RO         4795    .ARM.Collect$$libinit$$00000021  c_p.l(libinit2.o)
    0x00000218   0x00000218   0x00000000   Code   RO         4797    .ARM.Collect$$libinit$$00000023  c_p.l(libinit2.o)
    0x00000218   0x00000218   0x00000000   Code   RO         4799    .ARM.Collect$$libinit$$00000025  c_p.l(libinit2.o)
    0x00000218   0x00000218   0x00000000   Code   RO         4803    .ARM.Collect$$libinit$$0000002C  c_p.l(libinit2.o)
    0x00000218   0x00000218   0x00000000   Code   RO         4805    .ARM.Collect$$libinit$$0000002E  c_p.l(libinit2.o)
    0x00000218   0x00000218   0x00000000   Code   RO         4807    .ARM.Collect$$libinit$$00000030  c_p.l(libinit2.o)
    0x00000218   0x00000218   0x00000004   Code   RO         4808    .ARM.Collect$$libinit$$00000031  c_p.l(libinit2.o)
    0x0000021c   0x0000021c   0x00000000   Code   RO         4809    .ARM.Collect$$libinit$$00000032  c_p.l(libinit2.o)
    0x0000021c   0x0000021c   0x00000002   Code   RO         4810    .ARM.Collect$$libinit$$00000033  c_p.l(libinit2.o)
    0x0000021e   0x0000021e   0x00000002   Code   RO         5944    .ARM.Collect$$libshutdown$$00000000  c_p.l(libshutdown.o)
    0x00000220   0x00000220   0x00000000   Code   RO         5764    .ARM.Collect$$libshutdown$$00000002  c_p.l(libshutdown2.o)
    0x00000220   0x00000220   0x00000006   Code   RO         5765    .ARM.Collect$$libshutdown$$00000003  c_p.l(libshutdown2.o)
    0x00000226   0x00000226   0x00000000   Code   RO         5766    .ARM.Collect$$libshutdown$$00000004  c_p.l(libshutdown2.o)
    0x00000226   0x00000226   0x00000000   Code   RO         5768    .ARM.Collect$$libshutdown$$00000006  c_p.l(libshutdown2.o)
    0x00000226   0x00000226   0x00000000   Code   RO         5771    .ARM.Collect$$libshutdown$$00000009  c_p.l(libshutdown2.o)
    0x00000226   0x00000226   0x00000000   Code   RO         5774    .ARM.Collect$$libshutdown$$0000000C  c_p.l(libshutdown2.o)
    0x00000226   0x00000226   0x00000000   Code   RO         5776    .ARM.Collect$$libshutdown$$0000000E  c_p.l(libshutdown2.o)
    0x00000226   0x00000226   0x00000004   Code   RO         5777    .ARM.Collect$$libshutdown$$0000000F  c_p.l(libshutdown2.o)
    0x0000022a   0x0000022a   0x00000000   Code   RO         5779    .ARM.Collect$$libshutdown$$00000011  c_p.l(libshutdown2.o)
    0x0000022a   0x0000022a   0x00000002   Code   RO         5780    .ARM.Collect$$libshutdown$$00000012  c_p.l(libshutdown2.o)
    0x0000022c   0x0000022c   0x00000000   Code   RO         4594    .ARM.Collect$$rtentry$$00000000  c_p.l(__rtentry.o)
    0x0000022c   0x0000022c   0x00000000   Code   RO         5328    .ARM.Collect$$rtentry$$00000002  c_p.l(__rtentry2.o)
    0x0000022c   0x0000022c   0x00000006   Code   RO         5340    .ARM.Collect$$rtentry$$00000004  c_p.l(__rtentry4.o)
    0x00000232   0x00000232   0x00000008   Code   RO         5329    .ARM.Collect$$rtentry$$00000008  c_p.l(__rtentry2.o)
    0x0000023a   0x0000023a   0x00000004   Code   RO         5331    .ARM.Collect$$rtentry$$0000000A  c_p.l(__rtentry2.o)
    0x0000023e   0x0000023e   0x00000000   Code   RO         5333    .ARM.Collect$$rtentry$$0000000C  c_p.l(__rtentry2.o)
    0x0000023e   0x0000023e   0x00000008   Code   RO         5334    .ARM.Collect$$rtentry$$0000000D  c_p.l(__rtentry2.o)
    0x00000246   0x00000246   0x00000002   Code   RO         5818    .ARM.Collect$$rtexit$$00000000  c_p.l(rtexit.o)
    0x00000248   0x00000248   0x00000000   Code   RO         5877    .ARM.Collect$$rtexit$$00000002  c_p.l(rtexit2.o)
    0x00000248   0x00000248   0x00000004   Code   RO         5878    .ARM.Collect$$rtexit$$00000003  c_p.l(rtexit2.o)
    0x0000024c   0x0000024c   0x00000006   Code   RO         5879    .ARM.Collect$$rtexit$$00000004  c_p.l(rtexit2.o)
    0x00000252   0x00000252   0x00000002   PAD
    0x00000254   0x00000254   0x00000078   Code   RO         3175    .emb_text           port.o
    0x000002cc   0x000002cc   0x00000038   Code   RO         4218    .emb_text           c_p.l(rt_memcpy.o)
    0x00000304   0x00000304   0x00000000   Code   RO         5652    .emb_text           c_p.l(maybetermalloc2.o)
    0x00000304   0x00000304   0x00000038   Code   RO         2878    .text               startup_saml21g18b.o
    0x0000033c   0x0000033c   0x00000024   Code   RO         4208    .text               c_p.l(c89vsprintf.o)
    0x00000360   0x00000360   0x00000082   Code   RO         4219    .text               c_p.l(rt_memcpy.o)
    0x000003e2   0x000003e2   0x00000012   Code   RO         4226    .text               c_p.l(aeabi_memset.o)
    0x000003f4   0x000003f4   0x00000040   Code   RO         4228    .text               c_p.l(rt_memclr.o)
    0x00000434   0x00000434   0x0000015a   Code   RO         4230    .text               c_p.l(aeabi_sdiv.o)
    0x0000058e   0x0000058e   0x00000006   Code   RO         4234    .text               c_p.l(heapauxi.o)
    0x00000594   0x00000594   0x00000024   Code   RO         4241    .text               c_p.l(init_aeabi.o)
    0x000005b8   0x000005b8   0x00000074   Code   RO         4603    .text               c_p.l(h1_free_mt.o)
    0x0000062c   0x0000062c   0x0000004e   Code   RO         4661    .text               c_p.l(_printf_pad.o)
    0x0000067a   0x0000067a   0x00000024   Code   RO         4663    .text               c_p.l(_printf_truncate.o)
    0x0000069e   0x0000069e   0x00000052   Code   RO         4665    .text               c_p.l(_printf_str.o)
    0x000006f0   0x000006f0   0x0000006c   Code   RO         4667    .text               c_p.l(_printf_dec.o)
    0x0000075c   0x0000075c   0x00000026   Code   RO         4669    .text               c_p.l(_printf_charcount.o)
    0x00000782   0x00000782   0x00000002   PAD
    0x00000784   0x00000784   0x00000030   Code   RO         4671    .text               c_p.l(_printf_char_common.o)
    0x000007b4   0x000007b4   0x0000000a   Code   RO         4673    .text               c_p.l(_sputc.o)
    0x000007be   0x000007be   0x00000002   PAD
    0x000007c0   0x000007c0   0x000000bc   Code   RO         4675    .text               c_p.l(_printf_wctomb.o)
    0x0000087c   0x0000087c   0x00000070   Code   RO         4678    .text               c_p.l(_printf_longlong_dec.o)
    0x000008ec   0x000008ec   0x00000070   Code   RO         4684    .text               c_p.l(_printf_oct_int_ll.o)
    0x0000095c   0x0000095c   0x00000098   Code   RO         4704    .text               c_p.l(_printf_hex_int_ll_ptr.o)
    0x000009f4   0x000009f4   0x00000188   Code   RO         4724    .text               c_p.l(__printf_flags_ss_wp.o)
    0x00000b7c   0x00000b7c   0x00000014   Code   RO         4758    .text               c_p.l(abort.o)
    0x00000b90   0x00000b90   0x0000000c   Code   RO         5325    .text               c_p.l(sys_exit.o)
    0x00000b9c   0x00000b9c   0x00000010   Code   RO         5342    .text               c_p.l(rt_ctype_table.o)
    0x00000bac   0x00000bac   0x0000000a   Code   RO         5351    .text               c_p.l(rt_heap_descriptor_twolibspace.o)
    0x00000bb6   0x00000bb6   0x0000000a   Code   RO         5358    .text               c_p.l(rt_new_handler_addr_twolibspace.o)
    0x00000bc0   0x00000bc0   0x00000004   Code   RO         5360    .text               c_p.l(hguard.o)
    0x00000bc4   0x00000bc4   0x00000088   Code   RO         5362    .text               c_p.l(init_alloc.o)
    0x00000c4c   0x00000c4c   0x0000009a   Code   RO         5370    .text               c_p.l(h1_alloc_mt.o)
    0x00000ce6   0x00000ce6   0x0000007a   Code   RO         5382    .text               c_p.l(lludiv10.o)
    0x00000d60   0x00000d60   0x000000b0   Code   RO         5384    .text               c_p.l(_printf_intcommon.o)
    0x00000e10   0x00000e10   0x00000418   Code   RO         5386    .text               c_p.l(_printf_fp_dec.o)
    0x00001228   0x00001228   0x0000002e   Code   RO         5392    .text               c_p.l(_printf_char.o)
    0x00001256   0x00001256   0x0000002e   Code   RO         5396    .text               c_p.l(_printf_wchar.o)
    0x00001284   0x00001284   0x00000040   Code   RO         5429    .text               c_p.l(_wcrtomb.o)
    0x000012c4   0x000012c4   0x0000002a   Code   RO         5436    .text               c_p.l(aeabi_atexit.o)
    0x000012ee   0x000012ee   0x0000000c   Code   RO         5439    .text               c_p.l(defsig_abrt_outer.o)
    0x000012fa   0x000012fa   0x00000002   PAD
    0x000012fc   0x000012fc   0x00000088   Code   RO         5449    .text               c_p.l(strcmp.o)
    0x00001384   0x00001384   0x00000028   Code   RO         5451    .text               c_p.l(rtudiv10.o)
    0x000013ac   0x000013ac   0x00000008   Code   RO         5544    .text               cpprt_p.l(arm_newhandler_noexceptions.o)
    0x000013b4   0x000013b4   0x0000001c   Code   RO         5585    .text               cpprt_p.l(arm_exceptions_terminate.o)
    0x000013d0   0x000013d0   0x00000054   Code   RO         5591    .text               cpprt_p.l(arm_exceptions_globs.o)
    0x00001424   0x00001424   0x00000008   Code   RO         5612    .text               c_p.l(libspace.o)
    0x0000142c   0x0000142c   0x00000002   Code   RO         5615    .text               c_p.l(use_no_semi.o)
    0x0000142e   0x0000142e   0x00000000   Code   RO         5617    .text               c_p.l(indicate_semi.o)
    0x0000142e   0x0000142e   0x0000003e   Code   RO         5618    .text               c_p.l(sys_stackheap_outer.o)
    0x0000146c   0x0000146c   0x0000000a   Code   RO         5628    .text               c_p.l(rt_locale_twolibspace.o)
    0x00001476   0x00001476   0x0000000a   Code   RO         5635    .text               c_p.l(rt_ddtor_pointer_addr_twolibspace.o)
    0x00001480   0x00001480   0x0000000a   Code   RO         5642    .text               c_p.l(rt_eh_globals_addr_twolibspace.o)
    0x0000148a   0x0000148a   0x00000016   Code   RO         5657    .text               c_p.l(h1_init_mt.o)
    0x000014a0   0x000014a0   0x00000036   Code   RO         5659    .text               c_p.l(h1_extend_mt.o)
    0x000014d6   0x000014d6   0x00000002   PAD
    0x000014d8   0x000014d8   0x00000088   Code   RO         5674    .text               c_p.l(_printf_fp_infnan.o)
    0x00001560   0x00001560   0x000000d8   Code   RO         5686    .text               c_p.l(bigflt0.o)
    0x00001638   0x00001638   0x00000580   Code   RO         5689    .text               c_p.l(btod.o)
    0x00001bb8   0x00001bb8   0x00000010   Code   RO         5729    .text               c_p.l(exit.o)
    0x00001bc8   0x00001bc8   0x00000042   Code   RO         5731    .text               c_p.l(cxa_finalize.o)
    0x00001c0a   0x00001c0a   0x0000000c   Code   RO         5734    .text               c_p.l(defsig_exit.o)
    0x00001c16   0x00001c16   0x00000002   PAD
    0x00001c18   0x00001c18   0x00000030   Code   RO         5736    .text               c_p.l(defsig_abrt_inner.o)
    0x00001c48   0x00001c48   0x0000000c   Code   RO         5746    .text               c_p.l(defsig_rtmem_outer.o)
    0x00001c54   0x00001c54   0x00000042   Code   RO         5796    .text               cpprt_p.l(arm_exceptions_mem.o)
    0x00001c96   0x00001c96   0x0000000e   Code   RO         5822    .text               c_p.l(term_alloc.o)
    0x00001ca4   0x00001ca4   0x00000034   Code   RO         5840    .text               c_p.l(defsig_general.o)
    0x00001cd8   0x00001cd8   0x00000050   Code   RO         5846    .text               c_p.l(defsig_rtmem_inner.o)
    0x00001d28   0x00001d28   0x0000000c   Code   RO         5874    .text               c_p.l(sys_wrch.o)
    0x00001d34   0x00001d34   0x0000000a   Code   RO         5885    .text               c_p.l(h1_final_mt.o)
    0x00001d3e   0x00001d3e   0x00000060   Code   RO         5984    .text               c_p.l(__dclz77c.o)
    0x00001d9e   0x00001d9e   0x00000002   PAD
    0x00001da0   0x00001da0   0x000000fc   Code   RO            3    i.SERCOM0_Handler   main.o
    0x00001e9c   0x00001e9c   0x00000030   Code   RO            4    i.SERCOM1_Handler   main.o
    0x00001ecc   0x00001ecc   0x00000030   Code   RO            5    i.SERCOM2_Handler   main.o
    0x00001efc   0x00001efc   0x00000002   Code   RO         3176    i.SVC_Handler       port.o
    0x00001efe   0x00001efe   0x00000002   PAD
    0x00001f00   0x00001f00   0x00000018   Code   RO         2272    i.SysTick_Handler   cmsis_os2.o
    0x00001f18   0x00001f18   0x00000010   Code   RO         2885    i.SystemInit        system_saml21g18b.o
    0x00001f28   0x00001f28   0x0000003c   Code   RO            6    i._Z10setupParsePv  main.o
    0x00001f64   0x00001f64   0x000001c4   Code   RO          551    i._Z12setup_systemv  system_setup.o
    0x00002128   0x00002128   0x00000030   Code   RO            7    i._Z12verifyPackettPht  main.o
    0x00002158   0x00002158   0x0000002c   Code   RO          666    i._Z14bluetoothParsePv  bluetooth.o
    0x00002184   0x00002184   0x00000160   Code   RO            8    i._Z18parseSmartmeshDataPv  main.o
    0x000022e4   0x000022e4   0x0000002c   Code   RO         1011    i._Z8gsmParsePv     gsm_usart.o
    0x00002310   0x00002310   0x00000002   Code   RO         1712    i._Z9setup_rtcv     rtc.o
    0x00002312   0x00002312   0x00000002   PAD
    0x00002314   0x00002314   0x000000ec   Code   RO          784    i._Z9tcp_writev     sendingdata.o
    0x00002400   0x00002400   0x00000022   Code   RO         1794    i._ZN13Smartmesh_API11init_packetEhh  api.o
    0x00002422   0x00002422   0x00000002   PAD
    0x00002424   0x00002424   0x00000030   Code   RO         1795    i._ZN13Smartmesh_API12checksumDataEtPht  api.o
    0x00002454   0x00002454   0x00000034   Code   RO         1796    i._ZN13Smartmesh_API12resetManagerEv  api.o
    0x00002488   0x00002488   0x00000034   Code   RO         1797    i._ZN13Smartmesh_API12verifyPacketEtPht  api.o
    0x000024bc   0x000024bc   0x000000b8   Code   RO         1803    i._ZN13Smartmesh_API16parseNetworkInfoEP12network_infoPh  api.o
    0x00002574   0x00002574   0x0000003c   Code   RO         1808    i._ZN13Smartmesh_API8mgr_initEv  api.o
    0x000025b0   0x000025b0   0x00000044   Code   RO         1810    i._ZN13Smartmesh_API9subscribeEjj  api.o
    0x000025f4   0x000025f4   0x0000000c   Code   RO         1811    i._ZN13Smartmesh_APIC1EP4UART  api.o
    0x00002600   0x00002600   0x00000058   Code   RO         1748    i._ZN4UART10send_arrayEPhh  sercom.o
    0x00002658   0x00002658   0x00000080   Code   RO         1749    i._ZN4UART7_printfEPKcz  sercom.o
    0x000026d8   0x000026d8   0x000000fc   Code   RO         1750    i._ZN4UARTC1EP18sercom_registers_ti  sercom.o
    0x000027d4   0x000027d4   0x00000008   Code   RO         5265    i._ZdaPv            cpprt_p.l(array_del.o)
    0x000027dc   0x000027dc   0x00000008   Code   RO         4486    i._ZdlPv            cpprt_p.l(delete.o)
    0x000027e4   0x000027e4   0x00000008   Code   RO         5268    i._Znaj             cpprt_p.l(array_new.o)
    0x000027ec   0x000027ec   0x00000028   Code   RO         5272    i._Znwj             cpprt_p.l(new.o)
    0x00002814   0x00002814   0x00000030   Code   RO         5691    i.__ARM_common_ll_muluu  c_p.l(btod.o)
    0x00002844   0x00002844   0x0000001a   Code   RO         2755    i.__ARM_common_switch8  cmsis_os2.o
    0x0000285e   0x0000285e   0x00000002   PAD
    0x00002860   0x00002860   0x0000002c   Code   RO         5813    i.__ARM_fpclassify  m_ps.l(fpclassify.o)
    0x0000288c   0x0000288c   0x00000010   Code   RO         5052    i.__sti___10_locale_cpp_ff99fc7b  cpp_ps.l(locale.o)
    0x0000289c   0x0000289c   0x0000003c   Code   RO         5460    i.__sti___10_rwcats_cpp_64e8068e  cpp_ps.l(rwcats.o)
    0x000028d8   0x000028d8   0x00000010   Code   RO         4823    i.__sti___8_char_cpp_a3dc957a  cpp_ps.l(char.o)
    0x000028e8   0x000028e8   0x000000b4   Code   RO            9    i.__sti___8_main_cpp_30c642f8  main.o
    0x0000299c   0x0000299c   0x0000000e   Code   RO         4717    i._is_digit         c_p.l(__printf_wp.o)
    0x000029aa   0x000029aa   0x00000018   Code   RO         1934    i._mutex_acquire    clib_arm.o
    0x000029c2   0x000029c2   0x00000002   PAD
    0x000029c4   0x000029c4   0x0000002c   Code   RO         1935    i._mutex_free       clib_arm.o
    0x000029f0   0x000029f0   0x00000058   Code   RO         1936    i._mutex_initialize  clib_arm.o
    0x00002a48   0x00002a48   0x0000001a   Code   RO         1937    i._mutex_release    clib_arm.o
    0x00002a62   0x00002a62   0x00000002   Code   RO         1938    i._platform_post_stackheap_init  clib_arm.o
    0x00002a64   0x00002a64   0x00000104   Code   RO           10    i.main              main.o
    0x00002b68   0x00002b68   0x00000012   Code   RO         1939    i.os_kernel_is_active  clib_arm.o
    0x00002b7a   0x00002b7a   0x00000002   PAD
    0x00002b7c   0x00002b7c   0x00000074   Code   RO         3648    i.prvAddCurrentTaskToDelayedList  tasks.o
    0x00002bf0   0x00002bf0   0x00000094   Code   RO         3649    i.prvAddNewTaskToReadyList  tasks.o
    0x00002c84   0x00002c84   0x00000048   Code   RO         4032    i.prvCheckForValidListAndQueue  timers.o
    0x00002ccc   0x00002ccc   0x0000003c   Code   RO         3650    i.prvCheckTasksWaitingTermination  tasks.o
    0x00002d08   0x00002d08   0x00000024   Code   RO         3254    i.prvCopyDataFromQueue  queue.o
    0x00002d2c   0x00002d2c   0x00000070   Code   RO         3255    i.prvCopyDataToQueue  queue.o
    0x00002d9c   0x00002d9c   0x0000002e   Code   RO         3651    i.prvDeleteTCB      tasks.o
    0x00002dca   0x00002dca   0x00000014   Code   RO         3256    i.prvGetDisinheritPriorityAfterTimeout  queue.o
    0x00002dde   0x00002dde   0x00000002   PAD
    0x00002de0   0x00002de0   0x00000024   Code   RO         4033    i.prvGetNextExpireTime  timers.o
    0x00002e04   0x00002e04   0x0000004c   Code   RO         3112    i.prvHeapInit       heap_4.o
    0x00002e50   0x00002e50   0x00000018   Code   RO         3652    i.prvIdleTask       tasks.o
    0x00002e68   0x00002e68   0x0000001a   Code   RO         3257    i.prvInitialiseMutex  queue.o
    0x00002e82   0x00002e82   0x00000022   Code   RO         3258    i.prvInitialiseNewQueue  queue.o
    0x00002ea4   0x00002ea4   0x0000009c   Code   RO         3653    i.prvInitialiseNewTask  tasks.o
    0x00002f40   0x00002f40   0x00000054   Code   RO         3654    i.prvInitialiseTaskLists  tasks.o
    0x00002f94   0x00002f94   0x00000054   Code   RO         3113    i.prvInsertBlockIntoFreeList  heap_4.o
    0x00002fe8   0x00002fe8   0x00000040   Code   RO         4035    i.prvInsertTimerInActiveList  timers.o
    0x00003028   0x00003028   0x0000001c   Code   RO         3259    i.prvIsQueueEmpty   queue.o
    0x00003044   0x00003044   0x0000001e   Code   RO         3260    i.prvIsQueueFull    queue.o
    0x00003062   0x00003062   0x00000002   PAD
    0x00003064   0x00003064   0x00000040   Code   RO         4036    i.prvProcessExpiredTimer  timers.o
    0x000030a4   0x000030a4   0x000000ec   Code   RO         4037    i.prvProcessReceivedCommands  timers.o
    0x00003190   0x00003190   0x00000064   Code   RO         4038    i.prvProcessTimerOrBlockTask  timers.o
    0x000031f4   0x000031f4   0x00000028   Code   RO         4039    i.prvReloadTimer    timers.o
    0x0000321c   0x0000321c   0x00000020   Code   RO         3656    i.prvResetNextTaskUnblockTime  tasks.o
    0x0000323c   0x0000323c   0x0000002c   Code   RO         4040    i.prvSampleTimeNow  timers.o
    0x00003268   0x00003268   0x0000002c   Code   RO         4041    i.prvSwitchTimerLists  timers.o
    0x00003294   0x00003294   0x00000014   Code   RO         3177    i.prvTaskExitError  port.o
    0x000032a8   0x000032a8   0x00000014   Code   RO         4042    i.prvTimerTask      timers.o
    0x000032bc   0x000032bc   0x00000070   Code   RO         3261    i.prvUnlockQueue    queue.o
    0x0000332c   0x0000332c   0x000000cc   Code   RO         3114    i.pvPortMalloc      heap_4.o
    0x000033f8   0x000033f8   0x00000018   Code   RO         3659    i.pvTaskIncrementMutexHeldCount  tasks.o
    0x00003410   0x00003410   0x00000020   Code   RO         3178    i.pxPortInitialiseStack  port.o
    0x00003430   0x00003430   0x00000026   Code   RO         3068    i.uxListRemove      list.o
    0x00003456   0x00003456   0x00000002   PAD
    0x00003458   0x00003458   0x00000014   Code   RO         2345    i.vApplicationGetIdleTaskMemory  cmsis_os2.o
    0x0000346c   0x0000346c   0x00000014   Code   RO         2346    i.vApplicationGetTimerTaskMemory  cmsis_os2.o
    0x00003480   0x00003480   0x00000004   Code   RO         2347    i.vApplicationStackOverflowHook  cmsis_os2.o
    0x00003484   0x00003484   0x00000016   Code   RO         3069    i.vListInitialise   list.o
    0x0000349a   0x0000349a   0x00000006   Code   RO         3070    i.vListInitialiseItem  list.o
    0x000034a0   0x000034a0   0x00000030   Code   RO         3071    i.vListInsert       list.o
    0x000034d0   0x000034d0   0x00000018   Code   RO         3072    i.vListInsertEnd    list.o
    0x000034e8   0x000034e8   0x00000018   Code   RO         3180    i.vPortEnterCritical  port.o
    0x00003500   0x00003500   0x0000001c   Code   RO         3181    i.vPortExitCritical  port.o
    0x0000351c   0x0000351c   0x00000048   Code   RO         3115    i.vPortFree         heap_4.o
    0x00003564   0x00003564   0x00000028   Code   RO         3182    i.vPortSetupTimerInterrupt  port.o
    0x0000358c   0x0000358c   0x00000018   Code   RO         3183    i.vPortYield        port.o
    0x000035a4   0x000035a4   0x00000018   Code   RO         3267    i.vQueueDelete      queue.o
    0x000035bc   0x000035bc   0x00000046   Code   RO         3269    i.vQueueWaitForMessageRestricted  queue.o
    0x00003602   0x00003602   0x00000002   PAD
    0x00003604   0x00003604   0x00000034   Code   RO         3669    i.vTaskDelay        tasks.o
    0x00003638   0x00003638   0x00000080   Code   RO         3670    i.vTaskDelete       tasks.o
    0x000036b8   0x000036b8   0x00000010   Code   RO         3674    i.vTaskInternalSetTimeOutState  tasks.o
    0x000036c8   0x000036c8   0x0000000c   Code   RO         3675    i.vTaskMissedYield  tasks.o
    0x000036d4   0x000036d4   0x00000024   Code   RO         3676    i.vTaskPlaceOnEventList  tasks.o
    0x000036f8   0x000036f8   0x00000048   Code   RO         3677    i.vTaskPlaceOnEventListRestricted  tasks.o
    0x00003740   0x00003740   0x00000090   Code   RO         3679    i.vTaskPriorityDisinheritAfterTimeout  tasks.o
    0x000037d0   0x000037d0   0x00000078   Code   RO         3685    i.vTaskStartScheduler  tasks.o
    0x00003848   0x00003848   0x00000010   Code   RO         3687    i.vTaskSuspendAll   tasks.o
    0x00003858   0x00003858   0x00000084   Code   RO         3688    i.vTaskSwitchContext  tasks.o
    0x000038dc   0x000038dc   0x00000030   Code   RO         3184    i.xPortStartScheduler  port.o
    0x0000390c   0x0000390c   0x00000024   Code   RO         3185    i.xPortSysTickHandler  port.o
    0x00003930   0x00003930   0x00000020   Code   RO         3270    i.xQueueCreateCountingSemaphore  queue.o
    0x00003950   0x00003950   0x00000018   Code   RO         3272    i.xQueueCreateMutex  queue.o
    0x00003968   0x00003968   0x0000001c   Code   RO         3273    i.xQueueCreateMutexStatic  queue.o
    0x00003984   0x00003984   0x0000004e   Code   RO         3274    i.xQueueGenericCreate  queue.o
    0x000039d2   0x000039d2   0x0000003e   Code   RO         3275    i.xQueueGenericCreateStatic  queue.o
    0x00003a10   0x00003a10   0x0000008e   Code   RO         3276    i.xQueueGenericReset  queue.o
    0x00003a9e   0x00003a9e   0x0000011c   Code   RO         3277    i.xQueueGenericSend  queue.o
    0x00003bba   0x00003bba   0x0000009a   Code   RO         3278    i.xQueueGenericSendFromISR  queue.o
    0x00003c54   0x00003c54   0x0000007e   Code   RO         3281    i.xQueueGiveFromISR  queue.o
    0x00003cd2   0x00003cd2   0x00000108   Code   RO         3287    i.xQueueReceive     queue.o
    0x00003dda   0x00003dda   0x00000084   Code   RO         3288    i.xQueueReceiveFromISR  queue.o
    0x00003e5e   0x00003e5e   0x0000013e   Code   RO         3289    i.xQueueSemaphoreTake  queue.o
    0x00003f9c   0x00003f9c   0x00000064   Code   RO         3690    i.xTaskCheckForTimeOut  tasks.o
    0x00004000   0x00004000   0x00000060   Code   RO         3691    i.xTaskCreate       tasks.o
    0x00004060   0x00004060   0x00000046   Code   RO         3692    i.xTaskCreateStatic  tasks.o
    0x000040a6   0x000040a6   0x00000002   PAD
    0x000040a8   0x000040a8   0x00000020   Code   RO         3699    i.xTaskGetSchedulerState  tasks.o
    0x000040c8   0x000040c8   0x0000000c   Code   RO         3700    i.xTaskGetTickCount  tasks.o
    0x000040d4   0x000040d4   0x00000114   Code   RO         3702    i.xTaskIncrementTick  tasks.o
    0x000041e8   0x000041e8   0x00000084   Code   RO         3703    i.xTaskPriorityDisinherit  tasks.o
    0x0000426c   0x0000426c   0x00000098   Code   RO         3704    i.xTaskPriorityInherit  tasks.o
    0x00004304   0x00004304   0x000000cc   Code   RO         3705    i.xTaskRemoveFromEventList  tasks.o
    0x000043d0   0x000043d0   0x00000104   Code   RO         3706    i.xTaskResumeAll    tasks.o
    0x000044d4   0x000044d4   0x00000060   Code   RO         4051    i.xTimerCreateTimerTask  timers.o
    0x00004534   0x00004534   0x0000002c   Code   RO         5721    locale$$code        c_p.l(lc_ctype_c.o)
    0x00004560   0x00004560   0x0000002c   Code   RO         5727    locale$$code        c_p.l(lc_numeric_c.o)
    0x0000458c   0x0000458c   0x0000000e   Code   RO         5476    t._ZN4__rw18__rw_locale_vectorIPNS_8__rw_catEED1Ev  cpp_ps.l(rwcats.o)
    0x0000459a   0x0000459a   0x00000002   PAD
    0x0000459c   0x0000459c   0x00000010   Code   RO         5323    x$fpl$printf1       fz_ps.l(printf1.o)
    0x000045ac   0x000045ac   0x00000000   Code   RO         5812    x$fpl$usenofp       fz_ps.l(usenofp.o)
    0x000045ac   0x000045ac   0x00000008   Data   RO         4676    .constdata          c_p.l(_printf_wctomb.o)
    0x000045b4   0x000045b4   0x00000028   Data   RO         4705    .constdata          c_p.l(_printf_hex_int_ll_ptr.o)
    0x000045dc   0x000045dc   0x00000011   Data   RO         4725    .constdata          c_p.l(__printf_flags_ss_wp.o)
    0x000045ed   0x000045ed   0x00000003   PAD
    0x000045f0   0x000045f0   0x00000094   Data   RO         5687    .constdata          c_p.l(bigflt0.o)
    0x00004684   0x00004684   0x0000004a   Data   RO          788    .conststring        sendingdata.o
    0x000046ce   0x000046ce   0x00000002   PAD
    0x000046d0   0x000046d0   0x00000020   Data   RO         5983    Region$$Table       anon$$obj.o
    0x000046f0   0x000046f0   0x00000110   Data   RO         5720    locale$$data        c_p.l(lc_ctype_c.o)
    0x00004800   0x00004800   0x0000001c   Data   RO         5726    locale$$data        c_p.l(lc_numeric_c.o)
    0x0000481c   0x0000481c   0x00000004   Data   RO           21    .init_array         main.o
    0x00004820   0x0000481c   0x00000000   Data   RO         4239    .init_array         c_p.l(init_aeabi.o)
    0x00004820   0x0000481c   0x00000004   Data   RO         4845    .init_array         cpp_ps.l(char.o)
    0x00004824   0x0000481c   0x00000004   Data   RO         5100    .init_array         cpp_ps.l(locale.o)
    0x00004828   0x0000481c   0x00000004   Data   RO         5470    .init_array         cpp_ps.l(rwcats.o)


    Execution Region RW_IRAM1 (Exec base: 0x20000000, Load base: 0x0000482c, Size: 0x00005ef0, Max: 0x00008000, ABSOLUTE, COMPRESSED[0x00000224])

    Exec Addr    Load Addr    Size         Type   Attr      Idx    E Section Name        Object

    0x20000000   COMPRESSED   0x00000240   Data   RW           20    .data               main.o
    0x20000240   COMPRESSED   0x00000200   Data   RW         1833    .data               api.o
    0x20000440   COMPRESSED   0x00000004   Data   RW         2886    .data               system_saml21g18b.o
    0x20000444   COMPRESSED   0x00000020   Data   RW         3121    .data               heap_4.o
    0x20000464   COMPRESSED   0x00000004   Data   RW         3186    .data               port.o
    0x20000468   COMPRESSED   0x00000040   Data   RW         3709    .data               tasks.o
    0x200004a8   COMPRESSED   0x00000014   Data   RW         4060    .data               timers.o
    0x200004bc   COMPRESSED   0x00000008   Data   RW         4844    .data               cpp_ps.l(char.o)
    0x200004c4   COMPRESSED   0x0000001c   Data   RW         5099    .data               cpp_ps.l(locale.o)
    0x200004e0   COMPRESSED   0x00000008   Data   RW         5469    .data               cpp_ps.l(rwcats.o)
    0x200004e8        -       0x00000190   Zero   RW           19    .bss                main.o
    0x20000678        -       0x00000100   Zero   RW         1754    .bss                sercom.o
    0x20000778        -       0x00000394   Zero   RW         1940    .bss                clib_arm.o
    0x20000b0c        -       0x000003f8   Zero   RW         2348    .bss                cmsis_os2.o
    0x20000f04        -       0x00004000   Zero   RW         3120    .bss                heap_4.o
    0x20004f04        -       0x000004c4   Zero   RW         3708    .bss                tasks.o
    0x200053c8        -       0x000000c8   Zero   RW         4059    .bss                timers.o
    0x20005490        -       0x00000060   Zero   RW         5613    .bss                c_p.l(libspace.o)
    0x200054f0        -       0x00000500   Zero   RW         2876    HEAP                startup_saml21g18b.o
    0x200059f0        -       0x00000500   Zero   RW         2875    STACK               startup_saml21g18b.o


==============================================================================

Image component sizes


      Code (inc. data)   RO Data    RW Data    ZI Data      Debug   Object Name

       510         34          0        512          0       5388   api.o
        44         12          0          0          0        501   bluetooth.o
       202         12          0          0        916      38188   clib_arm.o
        94         12          0          0       1016      19019   cmsis_os2.o
         0          0          0          0          0      11932   event_groups.o
        44         12          0          0          0        507   gsm_usart.o
       436         26          0         32      16384       4371   heap_4.o
       138          0          0          0          0       3454   list.o
      1248        260          4        576        400     137500   main.o
       374         54          0          4          0       7399   port.o
      2136          0          0          0          0      23045   queue.o
         2          0          0          0          0        368   rtc.o
       236        136         74          0          0     117699   sendingdata.o
       468         66          0          0        256       3136   sercom.o
        56         26        176          0       2560        664   startup_saml21g18b.o
        16          8          0          4          0        715   system_saml21g18b.o
       452         84          0          0          0       7886   system_setup.o
      2752        196          0         64       1220      31975   tasks.o
       816         70          0         20        200      11780   timers.o

    ----------------------------------------------------------------------
     10046       1008        288       1212      22952     425527   Object Totals
         0          0         32          0          0          0   (incl. Generated)
        22          0          2          0          0          0   (incl. Padding)

    ----------------------------------------------------------------------

      Code (inc. data)   RO Data    RW Data    ZI Data      Debug   Library Member Name

        96          0          0          0          0          0   __dclz77c.o
         8          0          0          0          0         68   __main.o
       392          6         17          0          0         76   __printf_flags_ss_wp.o
        14          0          0          0          0         60   __printf_wp.o
         0          0          0          0          0          0   __rtentry.o
        20          0          0          0          0          0   __rtentry2.o
         6          0          0          0          0          0   __rtentry4.o
        60          8          0          0          0          0   __scatter.o
        28          0          0          0          0          0   __scatter_zi.o
        10          0          0          0          0          0   _printf_a.o
        10          0          0          0          0          0   _printf_c.o
        46          0          0          0          0        100   _printf_char.o
        48          6          0          0          0         88   _printf_char_common.o
        38          0          0          0          0         60   _printf_charcount.o
        10          0          0          0          0          0   _printf_d.o
       108         18          0          0          0         76   _printf_dec.o
        10          0          0          0          0          0   _printf_e.o
        10          0          0          0          0          0   _printf_f.o
      1048         14          0          0          0        176   _printf_fp_dec.o
       136         16          0          0          0         76   _printf_fp_infnan.o
        10          0          0          0          0          0   _printf_g.o
       152          4         40          0          0        148   _printf_hex_int_ll_ptr.o
        10          0          0          0          0          0   _printf_i.o
       176          0          0          0          0         84   _printf_intcommon.o
        10          0          0          0          0          0   _printf_l.o
        10          0          0          0          0          0   _printf_lc.o
        10          0          0          0          0          0   _printf_ll.o
        10          0          0          0          0          0   _printf_lld.o
        10          0          0          0          0          0   _printf_lli.o
        10          0          0          0          0          0   _printf_llo.o
        10          0          0          0          0          0   _printf_llu.o
        10          0          0          0          0          0   _printf_llx.o
       112         18          0          0          0         76   _printf_longlong_dec.o
        10          0          0          0          0          0   _printf_ls.o
        10          0          0          0          0          0   _printf_n.o
        10          0          0          0          0          0   _printf_o.o
       112         10          0          0          0        112   _printf_oct_int_ll.o
        10          0          0          0          0          0   _printf_p.o
        78          0          0          0          0        100   _printf_pad.o
         2          0          0          0          0          0   _printf_percent.o
         4          0          0          0          0          0   _printf_percent_end.o
        10          0          0          0          0          0   _printf_s.o
        82          0          0          0          0         72   _printf_str.o
        36          0          0          0          0         76   _printf_truncate.o
        10          0          0          0          0          0   _printf_u.o
        46          0          0          0          0        100   _printf_wchar.o
       188          6          8          0          0         80   _printf_wctomb.o
        10          0          0          0          0          0   _printf_x.o
        10          0          0          0          0         60   _sputc.o
        64          0          0          0          0         72   _wcrtomb.o
        20          0          0          0          0         68   abort.o
        42          0          0          0          0         76   aeabi_atexit.o
        18          0          0          0          0         68   aeabi_memset.o
       346          0          0          0          0         92   aeabi_sdiv.o
       216          6        148          0          0         80   bigflt0.o
      1456         30          0          0          0        336   btod.o
        36          4          0          0          0         68   c89vsprintf.o
        66          0          0          0          0         76   cxa_finalize.o
        48         34          0          0          0         68   defsig_abrt_inner.o
        12          0          0          0          0         68   defsig_abrt_outer.o
        12          0          0          0          0         68   defsig_exit.o
        52          0          0          0          0         72   defsig_general.o
        80         58          0          0          0         68   defsig_rtmem_inner.o
        12          0          0          0          0         68   defsig_rtmem_outer.o
        16          0          0          0          0         68   exit.o
       154          0          0          0          0        116   h1_alloc_mt.o
        54          0          0          0          0         72   h1_extend_mt.o
        10          0          0          0          0         68   h1_final_mt.o
       116          0          0          0          0        100   h1_free_mt.o
        22          0          0          0          0         84   h1_init_mt.o
         6          0          0          0          0        136   heapauxi.o
         4          0          0          0          0        120   hguard.o
         0          0          0          0          0          0   indicate_semi.o
        36         10          0          0          0         72   init_aeabi.o
       136          0          0          0          0        160   init_alloc.o
        44         10        272          0          0         76   lc_ctype_c.o
        44         10         28          0          0         76   lc_numeric_c.o
         2          0          0          0          0          0   libinit.o
        42          0          0          0          0          0   libinit2.o
         2          0          0          0          0          0   libshutdown.o
        12          0          0          0          0          0   libshutdown2.o
         8          4          0          0         96         68   libspace.o
       122          0          0          0          0         72   lludiv10.o
         0          0          0          0          0          0   maybetermalloc2.o
        16          4          0          0          0         76   rt_ctype_table.o
        10          0          0          0          0         76   rt_ddtor_pointer_addr_twolibspace.o
        10          0          0          0          0         76   rt_eh_globals_addr_twolibspace.o
        10          0          0          0          0         76   rt_heap_descriptor_twolibspace.o
        10          0          0          0          0         76   rt_locale_twolibspace.o
        64          0          0          0          0        108   rt_memclr.o
       186          0          0          0          0        144   rt_memcpy.o
        10          0          0          0          0         76   rt_new_handler_addr_twolibspace.o
         2          0          0          0          0          0   rtexit.o
        10          0          0          0          0          0   rtexit2.o
        40          0          0          0          0         60   rtudiv10.o
       136          4          0          0          0         72   strcmp.o
        12          4          0          0          0         60   sys_exit.o
        62          0          0          0          0         80   sys_stackheap_outer.o
        12          0          0          0          0         68   sys_wrch.o
        14          0          0          0          0         68   term_alloc.o
         2          0          0          0          0         68   use_no_semi.o
        16          4          4          8          0         60   char.o
        16          4          4         28          0         60   locale.o
        74         14          4          8          0        140   rwcats.o
        84         12          0          0          0         96   arm_exceptions_globs.o
        66          0          0          0          0        100   arm_exceptions_mem.o
        28          0          0          0          0         68   arm_exceptions_terminate.o
         8          0          0          0          0         68   arm_newhandler_noexceptions.o
         8          0          0          0          0         68   array_del.o
         8          0          0          0          0         68   array_new.o
         8          0          0          0          0         68   delete.o
        40          4          0          0          0         68   new.o
        16          4          0          0          0         76   printf1.o
         0          0          0          0          0          0   usenofp.o
        44          4          0          0          0         60   fpclassify.o

    ----------------------------------------------------------------------
      7614        330        528         44         96       6508   Library Totals
        16          0          3          0          0          0   (incl. Padding)

    ----------------------------------------------------------------------

      Code (inc. data)   RO Data    RW Data    ZI Data      Debug   Library Name

      7182        284        513          0         96       5508   c_p.l
       106         22         12         44          0        260   cpp_ps.l
       250         16          0          0          0        604   cpprt_p.l
        16          4          0          0          0         76   fz_ps.l
        44          4          0          0          0         60   m_ps.l

    ----------------------------------------------------------------------
      7614        330        528         44         96       6508   Library Totals

    ----------------------------------------------------------------------

==============================================================================


      Code (inc. data)   RO Data    RW Data    ZI Data      Debug   

     17660       1338        816       1256      23048     423623   Grand Totals
     17660       1338        816        548      23048     423623   ELF Image Totals (compressed)
     17660       1338        816        548          0          0   ROM Totals

==============================================================================

    Total RO  Size (Code + RO Data)                18476 (  18.04kB)
    Total RW  Size (RW Data + ZI Data)             24304 (  23.73kB)
    Total ROM Size (Code + RO Data + RW Data)      19024 (  18.58kB)

==============================================================================

