Component: ARM Compiler 5.06 update 7 (build 960) Tool: armlink [4d3601]

==============================================================================

Section Cross References

    main.o(i.SERCOM0_Handler) refers to main.o(i._Z12verifyPackettPht) for verifyPacket(unsigned short, unsigned char*, unsigned short)
    main.o(i.SERCOM0_Handler) refers to queue.o(i.xQueueReceiveFromISR) for xQueueReceiveFromISR
    main.o(i.SERCOM0_Handler) refers to queue.o(i.xQueueGiveFromISR) for xQueueGiveFromISR
    main.o(i.SERCOM0_Handler) refers to main.o(.data) for .data
    main.o(i.SERCOM0_Handler) refers to main.o(.bss) for .bss
    main.o(i.SERCOM1_Handler) refers to queue.o(i.xQueueGenericSendFromISR) for xQueueGenericSendFromISR
    main.o(i.SERCOM1_Handler) refers to main.o(.data) for .data
    main.o(i.SERCOM2_Handler) refers to queue.o(i.xQueueGenericSendFromISR) for xQueueGenericSendFromISR
    main.o(i.SERCOM2_Handler) refers to main.o(.data) for .data
    main.o(i._Z10setupParsePv) refers to gsm_usart.o(i._Z11at_send_cmdPKc15AT_COMMAND_TYPE) for at_send_cmd(const char*, AT_COMMAND_TYPE)
    main.o(i._Z10setupParsePv) refers to queue.o(i.xQueueSemaphoreTake) for xQueueSemaphoreTake
    main.o(i._Z10setupParsePv) refers to tasks.o(i.xTaskCreate) for xTaskCreate
    main.o(i._Z10setupParsePv) refers to main.o(.data) for .data
    main.o(i._Z10setupParsePv) refers to main.o(i._Z18parseSmartmeshDataPv) for parseSmartmeshData(void*)
    main.o(i._Z12verifyPackettPht) refers to main.o(.data) for .data
    main.o(i._Z18parseSmartmeshDataPv) refers to queue.o(i.xQueueSemaphoreTake) for xQueueSemaphoreTake
    main.o(i._Z18parseSmartmeshDataPv) refers to queue.o(i.xQueueGenericSend) for xQueueGenericSend
    main.o(i._Z18parseSmartmeshDataPv) refers to sercom.o(i._ZN4UART7_printfEPKcz) for UART::_printf(const char*, ...)
    main.o(i._Z18parseSmartmeshDataPv) refers to api.o(i._ZN13Smartmesh_API9subscribeEjj) for Smartmesh_API::subscribe(unsigned, unsigned)
    main.o(i._Z18parseSmartmeshDataPv) refers to api.o(i._ZN13Smartmesh_API8mgr_initEv) for Smartmesh_API::mgr_init()
    main.o(i._Z18parseSmartmeshDataPv) refers to api.o(i._ZN13Smartmesh_API12resetManagerEv) for Smartmesh_API::resetManager()
    main.o(i._Z18parseSmartmeshDataPv) refers to api.o(i._ZN13Smartmesh_API16parseNetworkInfoEP12network_infoPh) for Smartmesh_API::parseNetworkInfo(network_info*, unsigned char*)
    main.o(i._Z18parseSmartmeshDataPv) refers to tasks.o(i.vTaskDelete) for vTaskDelete
    main.o(i._Z18parseSmartmeshDataPv) refers to main.o(.data) for .data
    main.o(i._Z18parseSmartmeshDataPv) refers to main.o(.bss) for .bss
    main.o(i.__sti___8_main_cpp_982d444f) refers to sercom.o(i._ZN4UARTC1EP18sercom_registers_ti) for UART::UART(sercom_registers_t*, int)
    main.o(i.__sti___8_main_cpp_982d444f) refers to api.o(i._ZN13Smartmesh_APIC1EP4UART) for Smartmesh_API::Smartmesh_API(UART*)
    main.o(i.__sti___8_main_cpp_982d444f) refers to queue.o(i.xQueueGenericCreate) for xQueueGenericCreate
    main.o(i.__sti___8_main_cpp_982d444f) refers to queue.o(i.xQueueCreateCountingSemaphore) for xQueueCreateCountingSemaphore
    main.o(i.__sti___8_main_cpp_982d444f) refers to main.o(.data) for .data
    main.o(i.__sti___8_main_cpp_982d444f) refers to main.o(.bss) for .bss
    main.o(i.main) refers to system_setup.o(i._Z12setup_systemv) for setup_system()
    main.o(i.main) refers to tasks.o(i.xTaskCreate) for xTaskCreate
    main.o(i.main) refers to sercom.o(i._ZN4UARTC1EP18sercom_registers_ti) for UART::UART(sercom_registers_t*, int)
    main.o(i.main) refers to rt_memcpy.o(.emb_text) for __aeabi_memcpy4
    main.o(i.main) refers to api.o(i._ZN13Smartmesh_APIC1EP4UART) for Smartmesh_API::Smartmesh_API(UART*)
    main.o(i.main) refers to queue.o(i.xQueueGenericSend) for xQueueGenericSend
    main.o(i.main) refers to tasks.o(i.vTaskStartScheduler) for vTaskStartScheduler
    main.o(i.main) refers to main.o(i._Z10setupParsePv) for setupParse(void*)
    main.o(i.main) refers to bluetooth.o(i._Z14bluetoothParsePv) for bluetoothParse(void*)
    main.o(i.main) refers to gsm_usart.o(i._Z8gsmParsePv) for gsmParse(void*)
    main.o(i.main) refers to main.o(.data) for .data
    main.o(i.main) refers to main.o(.bss) for .bss
    main.o(.ARM.exidx) refers to main.o(i._Z12verifyPackettPht) for i._Z12verifyPackettPht
    main.o(.ARM.exidx) refers to main.o(i._Z18parseSmartmeshDataPv) for i._Z18parseSmartmeshDataPv
    main.o(.ARM.exidx) refers to main.o(i._Z10setupParsePv) for i._Z10setupParsePv
    main.o(.ARM.exidx) refers to main.o(i.main) for i.main
    main.o(.ARM.exidx) refers to main.o(i.SERCOM0_Handler) for i.SERCOM0_Handler
    main.o(.ARM.exidx) refers to main.o(i.SERCOM1_Handler) for i.SERCOM1_Handler
    main.o(.ARM.exidx) refers to main.o(i.SERCOM2_Handler) for i.SERCOM2_Handler
    main.o(.ARM.exidx) refers to main.o(i.__sti___8_main_cpp_982d444f) for i.__sti___8_main_cpp_982d444f
[...]
    i.vQueueWaitForMessageRestricted         0x00003950   Section        0  queue.o(i.vQueueWaitForMessageRestricted)
    i.vTaskDelete                            0x00003998   Section        0  tasks.o(i.vTaskDelete)
    i.vTaskInternalSetTimeOutState           0x00003a18   Section        0  tasks.o(i.vTaskInternalSetTimeOutState)
    i.vTaskMissedYield                       0x00003a28   Section        0  tasks.o(i.vTaskMissedYield)
    i.vTaskPlaceOnEventList                  0x00003a34   Section        0  tasks.o(i.vTaskPlaceOnEventList)
    i.vTaskPlaceOnEventListRestricted        0x00003a58   Section        0  tasks.o(i.vTaskPlaceOnEventListRestricted)
    i.vTaskPriorityDisinheritAfterTimeout    0x00003aa0   Section        0  tasks.o(i.vTaskPriorityDisinheritAfterTimeout)
    i.vTaskStartScheduler                    0x00003b30   Section        0  tasks.o(i.vTaskStartScheduler)
    i.vTaskSuspendAll                        0x00003ba8   Section        0  tasks.o(i.vTaskSuspendAll)
    i.vTaskSwitchContext                     0x00003bb8   Section        0  tasks.o(i.vTaskSwitchContext)
    i.xPortStartScheduler                    0x00003c3c   Section        0  port.o(i.xPortStartScheduler)
    i.xPortSysTickHandler                    0x00003c6c   Section        0  port.o(i.xPortSysTickHandler)
    i.xQueueCreateCountingSemaphore          0x00003c90   Section        0  queue.o(i.xQueueCreateCountingSemaphore)
    i.xQueueCreateMutex                      0x00003cb0   Section        0  queue.o(i.xQueueCreateMutex)
    i.xQueueCreateMutexStatic                0x00003cc8   Section        0  queue.o(i.xQueueCreateMutexStatic)
    i.xQueueGenericCreate                    0x00003ce4   Section        0  queue.o(i.xQueueGenericCreate)
    i.xQueueGenericCreateStatic              0x00003d32   Section        0  queue.o(i.xQueueGenericCreateStatic)
    i.xQueueGenericReset                     0x00003d70   Section        0  queue.o(i.xQueueGenericReset)
    i.xQueueGenericSend                      0x00003dfe   Section        0  queue.o(i.xQueueGenericSend)
    i.xQueueGenericSendFromISR               0x00003f1a   Section        0  queue.o(i.xQueueGenericSendFromISR)
    i.xQueueGiveFromISR                      0x00003fb4   Section        0  queue.o(i.xQueueGiveFromISR)
    i.xQueueReceive                          0x00004032   Section        0  queue.o(i.xQueueReceive)
    i.xQueueReceiveFromISR                   0x0000413a   Section        0  queue.o(i.xQueueReceiveFromISR)
    i.xQueueSemaphoreTake                    0x000041be   Section        0  queue.o(i.xQueueSemaphoreTake)
    i.xTaskCheckForTimeOut                   0x000042fc   Section        0  tasks.o(i.xTaskCheckForTimeOut)
    i.xTaskCreate                            0x00004360   Section        0  tasks.o(i.xTaskCreate)
    i.xTaskCreateStatic                      0x000043c0   Section        0  tasks.o(i.xTaskCreateStatic)
    i.xTaskGetSchedulerState                 0x00004408   Section        0  tasks.o(i.xTaskGetSchedulerState)
    i.xTaskGetTickCount                      0x00004428   Section        0  tasks.o(i.xTaskGetTickCount)
    i.xTaskIncrementTick                     0x00004434   Section        0  tasks.o(i.xTaskIncrementTick)
    i.xTaskPriorityDisinherit                0x00004548   Section        0  tasks.o(i.xTaskPriorityDisinherit)
    i.xTaskPriorityInherit                   0x000045cc   Section        0  tasks.o(i.xTaskPriorityInherit)
    i.xTaskRemoveFromEventList               0x00004664   Section        0  tasks.o(i.xTaskRemoveFromEventList)
    i.xTaskResumeAll                         0x00004730   Section        0  tasks.o(i.xTaskResumeAll)
    i.xTimerCreateTimerTask                  0x00004834   Section        0  timers.o(i.xTimerCreateTimerTask)
    locale$$code                             0x00004894   Section       44  lc_numeric_c.o(locale$$code)
    locale$$code                             0x000048c0   Section       44  lc_ctype_c.o(locale$$code)
    x$fpl$printf1                            0x000048ec   Section       16  printf1.o(x$fpl$printf1)
    .constdata                               0x000048fc   Section        8  _printf_wctomb.o(.constdata)
    x$fpl$usenofp                            0x000048fc   Section        0  usenofp.o(x$fpl$usenofp)
    initial_mbstate                          0x000048fc   Data           8  _printf_wctomb.o(.constdata)
    .constdata                               0x00004904   Section       40  _printf_hex_int_ll_ptr.o(.constdata)
    uc_hextab                                0x00004904   Data          20  _printf_hex_int_ll_ptr.o(.constdata)
    lc_hextab                                0x00004918   Data          20  _printf_hex_int_ll_ptr.o(.constdata)
    .constdata                               0x0000492c   Section       17  __printf_flags_ss_wp.o(.constdata)
    maptable                                 0x0000492c   Data          17  __printf_flags_ss_wp.o(.constdata)
    .constdata                               0x00004940   Section      148  bigflt0.o(.constdata)
    tenpwrs_x                                0x00004940   Data          60  bigflt0.o(.constdata)
    tenpwrs_i                                0x0000497c   Data          64  bigflt0.o(.constdata)
    locale$$data                             0x000049f4   Section       28  lc_numeric_c.o(locale$$data)
    __lcnum_c_name                           0x000049f8   Data           2  lc_numeric_c.o(locale$$data)
    __lcnum_c_start                          0x00004a00   Data           0  lc_numeric_c.o(locale$$data)
    __lcnum_c_point                          0x00004a0c   Data           0  lc_numeric_c.o(locale$$data)
    __lcnum_c_thousands                      0x00004a0e   Data           0  lc_numeric_c.o(locale$$data)
    __lcnum_c_grouping                       0x00004a0f   Data           0  lc_numeric_c.o(locale$$data)
    locale$$data                             0x00004a10   Section      272  lc_ctype_c.o(locale$$data)
    __lcnum_c_end                            0x00004a10   Data           0  lc_numeric_c.o(locale$$data)
    __lcctype_c_name                         0x00004a14   Data           2  lc_ctype_c.o(locale$$data)
    __lcctype_c_start                        0x00004a1c   Data           0  lc_ctype_c.o(locale$$data)
    .init_array                              0x00004b20   Section        4  main.o(.init_array)
    __lcctype_c_end                          0x00004b20   Data           0  lc_ctype_c.o(locale$$data)
    .init_array                              0x00004b24   Section        0  init_aeabi.o(.init_array)
    .data                                    0x20000000   Section      580  main.o(.data)
    fcstab                                   0x20000044   Data         512  main.o(.data)
    .data                                    0x20000244   Section        1  main.o(.data)
    .data                                    0x20000245   Section        1  main.o(.data)
    .data                                    0x20000248   Section        8  gsm_usart.o(.data)
    .data                                    0x20000250   Section      512  api.o(.data)
    fcstab                                   0x20000250   Data         512  api.o(.data)
    .data                                    0x20000450   Section        4  system_saml21g18b.o(.data)
    .data                                    0x20000454   Section       32  heap_4.o(.data)
    pxEnd                                    0x20000454   Data           4  heap_4.o(.data)
    xFreeBytesRemaining                      0x20000458   Data           4  heap_4.o(.data)
    xMinimumEverFreeBytesRemaining           0x2000045c   Data           4  heap_4.o(.data)
    xNumberOfSuccessfulAllocations           0x20000460   Data           4  heap_4.o(.data)
    xNumberOfSuccessfulFrees                 0x20000464   Data           4  heap_4.o(.data)
    xBlockAllocatedBit                       0x20000468   Data           4  heap_4.o(.data)
    xStart                                   0x2000046c   Data           8  heap_4.o(.data)
    .data                                    0x20000474   Section        4  port.o(.data)
    uxCriticalNesting                        0x20000474   Data           4  port.o(.data)
    .data                                    0x20000478   Section       64  tasks.o(.data)
    uxDeletedTasksWaitingCleanUp             0x2000047c   Data           4  tasks.o(.data)
    uxCurrentNumberOfTasks                   0x20000480   Data           4  tasks.o(.data)
    xTickCount                               0x20000484   Data           4  tasks.o(.data)
    uxTopReadyPriority                       0x20000488   Data           4  tasks.o(.data)
    xSchedulerRunning                        0x2000048c   Data           4  tasks.o(.data)
    xPendedTicks                             0x20000490   Data           4  tasks.o(.data)
    xYieldPending                            0x20000494   Data           4  tasks.o(.data)
    xNumOfOverflows                          0x20000498   Data           4  tasks.o(.data)
    uxTaskNumber                             0x2000049c   Data           4  tasks.o(.data)
    xNextTaskUnblockTime                     0x200004a0   Data           4  tasks.o(.data)
    xIdleTaskHandle                          0x200004a4   Data           4  tasks.o(.data)
    uxSchedulerSuspended                     0x200004ac   Data           4  tasks.o(.data)
    pxDelayedTaskList                        0x200004b0   Data           4  tasks.o(.data)
    pxOverflowDelayedTaskList                0x200004b4   Data           4  tasks.o(.data)
    .data                                    0x200004b8   Section       20  timers.o(.data)
    xTimerQueue                              0x200004b8   Data           4  timers.o(.data)
    xTimerTaskHandle                         0x200004bc   Data           4  timers.o(.data)
    xLastTime                                0x200004c0   Data           4  timers.o(.data)
    pxCurrentTimerList                       0x200004c4   Data           4  timers.o(.data)
    pxOverflowTimerList                      0x200004c8   Data           4  timers.o(.data)
    .bss                                     0x200004cc   Section      400  main.o(.bss)
    .bss                                     0x2000065c   Section      128  gsm_usart.o(.bss)
    .bss                                     0x200006dc   Section      256  sercom.o(.bss)
    buffer                                   0x200006dc   Data         256  sercom.o(.bss)
    .bss                                     0x200007dc   Section      916  clib_arm.o(.bss)
    os_libspace                              0x200007dc   Data         480  clib_arm.o(.bss)
    os_libspace_id                           0x200009bc   Data          16  clib_arm.o(.bss)
    clib_mutex_cb                            0x200009cc   Data         400  clib_arm.o(.bss)
    clib_mutex_id                            0x20000b5c   Data          20  clib_arm.o(.bss)
    .bss                                     0x20000b70   Section     1016  cmsis_os2.o(.bss)
    Idle_TCB                                 0x20000b70   Data          92  cmsis_os2.o(.bss)
    Idle_Stack                               0x20000bcc   Data         512  cmsis_os2.o(.bss)
    Timer_TCB                                0x20000dcc   Data          92  cmsis_os2.o(.bss)
    Timer_Stack                              0x20000e28   Data         320  cmsis_os2.o(.bss)
    .bss                                     0x20000f68   Section    16384  heap_4.o(.bss)
    ucHeap                                   0x20000f68   Data       16384  heap_4.o(.bss)
    .bss                                     0x20004f68   Section     1220  tasks.o(.bss)
    pxReadyTasksLists                        0x20004f68   Data        1120  tasks.o(.bss)
    xDelayedTaskList1                        0x200053c8   Data          20  tasks.o(.bss)
    xDelayedTaskList2                        0x200053dc   Data          20  tasks.o(.bss)
    xPendingReadyList                        0x200053f0   Data          20  tasks.o(.bss)
    xTasksWaitingTermination                 0x20005404   Data          20  tasks.o(.bss)
    xSuspendedTaskList                       0x20005418   Data          20  tasks.o(.bss)
    .bss                                     0x2000542c   Section      200  timers.o(.bss)
    xStaticTimerQueue                        0x2000542c   Data          80  timers.o(.bss)
    ucStaticTimerQueueStorage                0x2000547c   Data          80  timers.o(.bss)
    xActiveTimerList1                        0x200054cc   Data          20  timers.o(.bss)
    xActiveTimerList2                        0x200054e0   Data          20  timers.o(.bss)
    .bss                                     0x200054f4   Section       96  libspace.o(.bss)
    HEAP                                     0x20005558   Section     1280  startup_saml21g18b.o(HEAP)
    Heap_Mem                                 0x20005558   Data        1280  startup_saml21g18b.o(HEAP)
    STACK                                    0x20005a58   Section     1280  startup_saml21g18b.o(STACK)
    Stack_Mem                                0x20005a58   Data        1280  startup_saml21g18b.o(STACK)
    __initial_sp                             0x20005f58   Data           0  startup_saml21g18b.o(STACK)

    Global Symbols

    Symbol Name                              Value     Ov Type        Size  Object(Section)

    BuildAttributes$$THM_ISAv3M$S$PE$A:L22$X:L11$S22$IEEE1$IW$USESV6$~STKCKD$USESV7$~SHL$OTIME$ROPI$IEEEJ$EBA8$UX$STANDARDLIB$REQ8$PRES8$EABIv2 0x00000000   Number         0  anon$$obj.o ABSOLUTE
    __ARM_use_no_argv                        0x00000000   Number         0  main.o ABSOLUTE
    __Vectors                                0x00000000   Data           4  startup_saml21g18b.o(RESET)
    _printf_flags                            0x00000000   Number         0  printf_stubs.o ABSOLUTE
    _printf_return_value                     0x00000000   Number         0  printf_stubs.o ABSOLUTE
    _printf_sizespec                         0x00000000   Number         0  printf_stubs.o ABSOLUTE
    _printf_widthprec                        0x00000000   Number         0  printf_stubs.o ABSOLUTE
    __ARM_exceptions_init                     - Undefined Weak Reference
    __alloca_initialize                       - Undefined Weak Reference
    __arm_fini_                               - Undefined Weak Reference
    __arm_preinit_                            - Undefined Weak Reference
    __cxa_finalize                            - Undefined Weak Reference
    __sigvec_lookup                           - Undefined Weak Reference
    _atexit_init                              - Undefined Weak Reference
    _call_atexit_fns                          - Undefined Weak Reference
    _clock_init                               - Undefined Weak Reference
    _fp_trap_init                             - Undefined Weak Reference
    _fp_trap_shutdown                         - Undefined Weak Reference
    _get_lc_collate                           - Undefined Weak Reference
    _get_lc_monetary                          - Undefined Weak Reference
    _get_lc_time                              - Undefined Weak Reference
    _getenv_init                              - Undefined Weak Reference
    _handle_redirection                       - Undefined Weak Reference
    _init_alloc                               - Undefined Weak Reference
    _init_user_alloc                          - Undefined Weak Reference
    _initio                                   - Undefined Weak Reference
    _printf_fp_hex                            - Undefined Weak Reference
    _printf_mbtowc                            - Undefined Weak Reference
    _printf_wc                                - Undefined Weak Reference
    _rand_init                                - Undefined Weak Reference
    _scanf_longlong                           - Undefined Weak Reference
    _scanf_mbtowc                             - Undefined Weak Reference
    _scanf_real                               - Undefined Weak Reference
    _scanf_wctomb                             - Undefined Weak Reference
    _scanf_wstring                            - Undefined Weak Reference
    _signal_finish                            - Undefined Weak Reference
    _signal_init                              - Undefined Weak Reference
    _terminate_alloc                          - Undefined Weak Reference
    _terminate_user_alloc                     - Undefined Weak Reference
    _terminateio                              - Undefined Weak Reference
    __Vectors_End                            0x000000b0   Data           0  startup_saml21g18b.o(RESET)
    __Vectors_Size                           0x000000b0   Number         0  startup_saml21g18b.o ABSOLUTE
    __main                                   0x000000b1   Thumb Code     8  __main.o(!!!main)
    __scatterload                            0x000000b9   Thumb Code     0  __scatter.o(!!!scatter)
    __scatterload_rt2                        0x000000b9   Thumb Code    52  __scatter.o(!!!scatter)
    __scatterload_rt2_thumb_only             0x000000b9   Thumb Code     0  __scatter.o(!!!scatter)
    __scatterload_null                       0x000000c9   Thumb Code     0  __scatter.o(!!!scatter)
    __scatterload_zeroinit                   0x000000f5   Thumb Code    28  __scatter_zi.o(!!handler_zi)
    _printf_percent                          0x00000111   Thumb Code     0  _printf_percent.o(.ARM.Collect$$_printf_percent$$00000000)
    _printf_n                                0x00000113   Thumb Code     0  _printf_n.o(.ARM.Collect$$_printf_percent$$00000001)
    _printf_p                                0x0000011d   Thumb Code     0  _printf_p.o(.ARM.Collect$$_printf_percent$$00000002)
    _printf_f                                0x00000127   Thumb Code     0  _printf_f.o(.ARM.Collect$$_printf_percent$$00000003)
    _printf_e                                0x00000131   Thumb Code     0  _printf_e.o(.ARM.Collect$$_printf_percent$$00000004)
    _printf_g                                0x0000013b   Thumb Code     0  _printf_g.o(.ARM.Collect$$_printf_percent$$00000005)
    _printf_a                                0x00000145   Thumb Code     0  _printf_a.o(.ARM.Collect$$_printf_percent$$00000006)
    _printf_ll                               0x0000014f   Thumb Code     0  _printf_ll.o(.ARM.Collect$$_printf_percent$$00000007)
    _printf_i                                0x00000159   Thumb Code     0  _printf_i.o(.ARM.Collect$$_printf_percent$$00000008)
    _printf_d                                0x00000163   Thumb Code     0  _printf_d.o(.ARM.Collect$$_printf_percent$$00000009)
    _printf_u                                0x0000016d   Thumb Code     0  _printf_u.o(.ARM.Collect$$_printf_percent$$0000000A)
    _printf_o                                0x00000177   Thumb Code     0  _printf_o.o(.ARM.Collect$$_printf_percent$$0000000B)
    _printf_x                                0x00000181   Thumb Code     0  _printf_x.o(.ARM.Collect$$_printf_percent$$0000000C)
    _printf_lli                              0x0000018b   Thumb Code     0  _printf_lli.o(.ARM.Collect$$_printf_percent$$0000000D)
    _printf_lld                              0x00000195   Thumb Code     0  _printf_lld.o(.ARM.Collect$$_printf_percent$$0000000E)
    _printf_llu                              0x0000019f   Thumb Code     0  _printf_llu.o(.ARM.Collect$$_printf_percent$$0000000F)
    _printf_llo                              0x000001a9   Thumb Code     0  _printf_llo.o(.ARM.Collect$$_printf_percent$$00000010)
    _printf_llx                              0x000001b3   Thumb Code     0  _printf_llx.o(.ARM.Collect$$_printf_percent$$00000011)
    _printf_l                                0x000001bd   Thumb Code     0  _printf_l.o(.ARM.Collect$$_printf_percent$$00000012)
    _printf_c                                0x000001c7   Thumb Code     0  _printf_c.o(.ARM.Collect$$_printf_percent$$00000013)
    _printf_s                                0x000001d1   Thumb Code     0  _printf_s.o(.ARM.Collect$$_printf_percent$$00000014)
    _printf_lc                               0x000001db   Thumb Code     0  _printf_lc.o(.ARM.Collect$$_printf_percent$$00000015)
    _printf_ls                               0x000001e5   Thumb Code     0  _printf_ls.o(.ARM.Collect$$_printf_percent$$00000016)
    _printf_percent_end                      0x000001ef   Thumb Code     0  _printf_percent_end.o(.ARM.Collect$$_printf_percent$$00000017)
    __rt_lib_init                            0x000001f3   Thumb Code     0  libinit.o(.ARM.Collect$$libinit$$00000000)
    __rt_lib_init_fp_1                       0x000001f5   Thumb Code     0  libinit2.o(.ARM.Collect$$libinit$$00000002)
    __rt_lib_init_heap_1                     0x000001f5   Thumb Code     0  libinit2.o(.ARM.Collect$$libinit$$0000000A)
    __rt_lib_init_lc_common                  0x000001f5   Thumb Code     0  libinit2.o(.ARM.Collect$$libinit$$0000000F)
    __rt_lib_init_preinit_1                  0x000001f5   Thumb Code     0  libinit2.o(.ARM.Collect$$libinit$$00000004)
    __rt_lib_init_rand_1                     0x000001f5   Thumb Code     0  libinit2.o(.ARM.Collect$$libinit$$0000000E)
    __rt_lib_init_user_alloc_1               0x000001f5   Thumb Code     0  libinit2.o(.ARM.Collect$$libinit$$0000000C)
    __rt_lib_init_lc_collate_1               0x000001fb   Thumb Code     0  libinit2.o(.ARM.Collect$$libinit$$00000011)
    __rt_lib_init_lc_ctype_2                 0x000001fb   Thumb Code     0  libinit2.o(.ARM.Collect$$libinit$$00000012)
    __rt_lib_init_lc_ctype_1                 0x00000207   Thumb Code     0  libinit2.o(.ARM.Collect$$libinit$$00000013)
    __rt_lib_init_lc_monetary_1              0x00000207   Thumb Code     0  libinit2.o(.ARM.Collect$$libinit$$00000015)
    __rt_lib_init_lc_numeric_2               0x00000207   Thumb Code     0  libinit2.o(.ARM.Collect$$libinit$$00000016)
    __rt_lib_init_alloca_1                   0x00000211   Thumb Code     0  libinit2.o(.ARM.Collect$$libinit$$0000002E)
    __rt_lib_init_argv_1                     0x00000211   Thumb Code     0  libinit2.o(.ARM.Collect$$libinit$$0000002C)
    __rt_lib_init_atexit_1                   0x00000211   Thumb Code     0  libinit2.o(.ARM.Collect$$libinit$$0000001B)
    __rt_lib_init_clock_1                    0x00000211   Thumb Code     0  libinit2.o(.ARM.Collect$$libinit$$00000021)
    __rt_lib_init_cpp_2                      0x00000211   Thumb Code     0  libinit2.o(.ARM.Collect$$libinit$$00000031)
    __rt_lib_init_exceptions_1               0x00000211   Thumb Code     0  libinit2.o(.ARM.Collect$$libinit$$00000030)
    __rt_lib_init_fp_trap_1                  0x00000211   Thumb Code     0  libinit2.o(.ARM.Collect$$libinit$$0000001F)
    __rt_lib_init_getenv_1                   0x00000211   Thumb Code     0  libinit2.o(.ARM.Collect$$libinit$$00000023)
    __rt_lib_init_lc_numeric_1               0x00000211   Thumb Code     0  libinit2.o(.ARM.Collect$$libinit$$00000017)
    __rt_lib_init_lc_time_1                  0x00000211   Thumb Code     0  libinit2.o(.ARM.Collect$$libinit$$00000019)
    __rt_lib_init_signal_1                   0x00000211   Thumb Code     0  libinit2.o(.ARM.Collect$$libinit$$0000001D)
    __rt_lib_init_stdio_1                    0x00000211   Thumb Code     0  libinit2.o(.ARM.Collect$$libinit$$00000025)
    __rt_lib_init_cpp_1                      0x00000215   Thumb Code     0  libinit2.o(.ARM.Collect$$libinit$$00000032)
    __rt_lib_init_return                     0x00000215   Thumb Code     0  libinit2.o(.ARM.Collect$$libinit$$00000033)
    __rt_lib_shutdown                        0x00000217   Thumb Code     0  libshutdown.o(.ARM.Collect$$libshutdown$$00000000)
    __rt_lib_shutdown_cpp_1                  0x00000219   Thumb Code     0  libshutdown2.o(.ARM.Collect$$libshutdown$$00000004)
    __rt_lib_shutdown_fini_1                 0x00000219   Thumb Code     0  libshutdown2.o(.ARM.Collect$$libshutdown$$00000002)
    __rt_lib_shutdown_fp_trap_1              0x00000219   Thumb Code     0  libshutdown2.o(.ARM.Collect$$libshutdown$$00000009)
    __rt_lib_shutdown_heap_1                 0x00000219   Thumb Code     0  libshutdown2.o(.ARM.Collect$$libshutdown$$00000011)
    __rt_lib_shutdown_return                 0x00000219   Thumb Code     0  libshutdown2.o(.ARM.Collect$$libshutdown$$00000012)
    __rt_lib_shutdown_signal_1               0x00000219   Thumb Code     0  libshutdown2.o(.ARM.Collect$$libshutdown$$0000000C)
    __rt_lib_shutdown_stdio_1                0x00000219   Thumb Code     0  libshutdown2.o(.ARM.Collect$$libshutdown$$00000006)
    __rt_lib_shutdown_user_alloc_1           0x00000219   Thumb Code     0  libshutdown2.o(.ARM.Collect$$libshutdown$$0000000E)
    __rt_entry                               0x0000021b   Thumb Code     0  __rtentry.o(.ARM.Collect$$rtentry$$00000000)
    __rt_entry_presh_1                       0x0000021b   Thumb Code     0  __rtentry2.o(.ARM.Collect$$rtentry$$00000002)
    __rt_entry_sh                            0x0000021b   Thumb Code     0  __rtentry4.o(.ARM.Collect$$rtentry$$00000004)
    __rt_entry_postsh_1                      0x00000221   Thumb Code     0  __rtentry2.o(.ARM.Collect$$rtentry$$00000008)
    __rt_entry_li                            0x00000229   Thumb Code     0  __rtentry2.o(.ARM.Collect$$rtentry$$0000000A)
    __rt_entry_main                          0x0000022d   Thumb Code     0  __rtentry2.o(.ARM.Collect$$rtentry$$0000000D)
    __rt_entry_postli_1                      0x0000022d   Thumb Code     0  __rtentry2.o(.ARM.Collect$$rtentry$$0000000C)
    __rt_exit                                0x00000235   Thumb Code     0  rtexit.o(.ARM.Collect$$rtexit$$00000000)
    __rt_exit_ls                             0x00000237   Thumb Code     0  rtexit2.o(.ARM.Collect$$rtexit$$00000003)
    __rt_exit_prels_1                        0x00000237   Thumb Code     0  rtexit2.o(.ARM.Collect$$rtexit$$00000002)
    __rt_exit_exit                           0x0000023b   Thumb Code     0  rtexit2.o(.ARM.Collect$$rtexit$$00000004)
    __asm___6_port_c_39a90d8d__prvPortStartFirstTask 0x00000241   Thumb Code    36  port.o(.emb_text)
    ulSetInterruptMaskFromISR                0x00000269   Thumb Code     8  port.o(.emb_text)
    vClearInterruptMaskFromISR               0x00000271   Thumb Code     6  port.o(.emb_text)
    PendSV_Handler                           0x00000277   Thumb Code    62  port.o(.emb_text)
    __aeabi_memcpy4                          0x000002b9   Thumb Code    56  rt_memcpy.o(.emb_text)
    __aeabi_memcpy8                          0x000002b9   Thumb Code     0  rt_memcpy.o(.emb_text)
    Reset_Handler                            0x000002f1   Thumb Code     8  startup_saml21g18b.o(.text)
    NonMaskableInt_Handler                   0x000002f9   Thumb Code     2  startup_saml21g18b.o(.text)
    HardFault_Handler                        0x000002fb   Thumb Code     2  startup_saml21g18b.o(.text)
    AC_Handler                               0x00000303   Thumb Code     0  startup_saml21g18b.o(.text)
    ADC_Handler                              0x00000303   Thumb Code     0  startup_saml21g18b.o(.text)
    AES_Handler                              0x00000303   Thumb Code     0  startup_saml21g18b.o(.text)
    DAC_Handler                              0x00000303   Thumb Code     0  startup_saml21g18b.o(.text)
    DMAC_Handler                             0x00000303   Thumb Code     0  startup_saml21g18b.o(.text)
    EIC_Handler                              0x00000303   Thumb Code     0  startup_saml21g18b.o(.text)
    EVSYS_Handler                            0x00000303   Thumb Code     0  startup_saml21g18b.o(.text)
    NVMCTRL_Handler                          0x00000303   Thumb Code     0  startup_saml21g18b.o(.text)
    PTC_Handler                              0x00000303   Thumb Code     0  startup_saml21g18b.o(.text)
    RTC_Handler                              0x00000303   Thumb Code     0  startup_saml21g18b.o(.text)
    SERCOM3_Handler                          0x00000303   Thumb Code     0  startup_saml21g18b.o(.text)
    SERCOM4_Handler                          0x00000303   Thumb Code     0  startup_saml21g18b.o(.text)
    SERCOM5_Handler                          0x00000303   Thumb Code     0  startup_saml21g18b.o(.text)
    SYSTEM_Handler                           0x00000303   Thumb Code     0  startup_saml21g18b.o(.text)
    TC0_Handler                              0x00000303   Thumb Code     0  startup_saml21g18b.o(.text)
    TC1_Handler                              0x00000303   Thumb Code     0  startup_saml21g18b.o(.text)
    TC4_Handler                              0x00000303   Thumb Code     0  startup_saml21g18b.o(.text)
    TCC0_Handler                             0x00000303   Thumb Code     0  startup_saml21g18b.o(.text)
    TCC1_Handler                             0x00000303   Thumb Code     0  startup_saml21g18b.o(.text)
    TCC2_Handler                             0x00000303   Thumb Code     0  startup_saml21g18b.o(.text)
    TRNG_Handler                             0x00000303   Thumb Code     0  startup_saml21g18b.o(.text)
    USB_Handler                              0x00000303   Thumb Code     0  startup_saml21g18b.o(.text)
    WDT_Handler                              0x00000303   Thumb Code     0  startup_saml21g18b.o(.text)
    __user_initial_stackheap                 0x00000305   Thumb Code     0  startup_saml21g18b.o(.text)
    __c89vsprintf                            0x00000329   Thumb Code    32  c89vsprintf.o(.text)
    __0sscanf                                0x0000034d   Thumb Code    54  __0sscanf.o(.text)
    _scanf_int                               0x0000038d   Thumb Code   330  _scanf_int.o(.text)
    _scanf_string                            0x000004d7   Thumb Code   232  _scanf_str.o(.text)
    strstr                                   0x000005bf   Thumb Code    40  strstr.o(.text)
    strlen                                   0x000005e9   Thumb Code    62  strlen.o(.text)
    __aeabi_memcpy                           0x0000062d   Thumb Code   130  rt_memcpy.o(.text)
    __rt_memcpy                              0x0000062d   Thumb Code     0  rt_memcpy.o(.text)
    __aeabi_memset                           0x000006af   Thumb Code    18  aeabi_memset.o(.text)
    _memset_w                                0x000006c1   Thumb Code    26  rt_memclr.o(.text)
    _memset                                  0x000006db   Thumb Code    30  rt_memclr.o(.text)
    __aeabi_memclr                           0x000006f9   Thumb Code     4  rt_memclr.o(.text)
    __rt_memclr                              0x000006f9   Thumb Code     0  rt_memclr.o(.text)
    __aeabi_memclr4                          0x000006fd   Thumb Code     0  rt_memclr.o(.text)
    __aeabi_memclr8                          0x000006fd   Thumb Code     0  rt_memclr.o(.text)
    __rt_memclr_w                            0x000006fd   Thumb Code     4  rt_memclr.o(.text)
    __aeabi_uidiv                            0x00000701   Thumb Code     0  aeabi_sdiv.o(.text)
    __aeabi_uidivmod                         0x00000701   Thumb Code    20  aeabi_sdiv.o(.text)
    __aeabi_idiv                             0x00000715   Thumb Code     0  aeabi_sdiv.o(.text)
    __aeabi_idivmod                          0x00000715   Thumb Code   326  aeabi_sdiv.o(.text)
    __use_two_region_memory                  0x0000085b   Thumb Code     2  heapauxi.o(.text)
    __rt_heap_escrow$2region                 0x0000085d   Thumb Code     2  heapauxi.o(.text)
    __rt_heap_expand$2region                 0x0000085f   Thumb Code     2  heapauxi.o(.text)
    __cpp_initialize__aeabi_                 0x00000861   Thumb Code    26  init_aeabi.o(.text)
    _printf_pre_padding                      0x00000885   Thumb Code    44  _printf_pad.o(.text)
    _printf_post_padding                     0x000008b1   Thumb Code    34  _printf_pad.o(.text)
    _printf_truncate_signed                  0x000008d3   Thumb Code    18  _printf_truncate.o(.text)
    _printf_truncate_unsigned                0x000008e5   Thumb Code    18  _printf_truncate.o(.text)
    _printf_str                              0x000008f7   Thumb Code    82  _printf_str.o(.text)
    _printf_int_dec                          0x00000949   Thumb Code    90  _printf_dec.o(.text)
    _printf_charcount                        0x000009b5   Thumb Code    38  _printf_charcount.o(.text)
    _printf_char_common                      0x000009e7   Thumb Code    32  _printf_char_common.o(.text)
    _sputc                                   0x00000a0d   Thumb Code    10  _sputc.o(.text)
    _printf_wctomb                           0x00000a19   Thumb Code   182  _printf_wctomb.o(.text)
    _printf_longlong_dec                     0x00000ad5   Thumb Code    94  _printf_longlong_dec.o(.text)
    _printf_longlong_oct                     0x00000b45   Thumb Code    68  _printf_oct_int_ll.o(.text)
    _printf_int_oct                          0x00000b89   Thumb Code    24  _printf_oct_int_ll.o(.text)
    _printf_ll_oct                           0x00000ba1   Thumb Code    10  _printf_oct_int_ll.o(.text)
    _printf_longlong_hex                     0x00000bb5   Thumb Code    88  _printf_hex_int_ll_ptr.o(.text)
    _printf_int_hex                          0x00000c0d   Thumb Code    28  _printf_hex_int_ll_ptr.o(.text)
    _printf_ll_hex                           0x00000c29   Thumb Code    10  _printf_hex_int_ll_ptr.o(.text)
    _printf_hex_ptr                          0x00000c33   Thumb Code    22  _printf_hex_int_ll_ptr.o(.text)
    __printf                                 0x00000c4d   Thumb Code   386  __printf_flags_ss_wp.o(.text)
    _chval                                   0x00000dd5   Thumb Code    30  _chval.o(.text)
    __vfscanf_char                           0x00000e01   Thumb Code    28  scanf_char.o(.text)
    _sgetc                                   0x00000e25   Thumb Code    32  _sgetc.o(.text)
    _sbackspace                              0x00000e45   Thumb Code    36  _sgetc.o(.text)
    _ll_udiv10                               0x00000e69   Thumb Code   122  lludiv10.o(.text)
    isspace                                  0x00000ee3   Thumb Code    18  isspace.o(.text)
    _printf_int_common                       0x00000ef5   Thumb Code   176  _printf_intcommon.o(.text)
    __lib_sel_fp_printf                      0x00000fa5   Thumb Code     2  _printf_fp_dec.o(.text)
    _printf_fp_dec_real                      0x00001143   Thumb Code   620  _printf_fp_dec.o(.text)
    _printf_cs_common                        0x000013bd   Thumb Code    22  _printf_char.o(.text)
    _printf_char                             0x000013d3   Thumb Code    16  _printf_char.o(.text)
    _printf_string                           0x000013e3   Thumb Code     8  _printf_char.o(.text)
    _printf_lcs_common                       0x000013eb   Thumb Code    22  _printf_wchar.o(.text)
    _printf_wchar                            0x00001401   Thumb Code    16  _printf_wchar.o(.text)
    _printf_wstring                          0x00001411   Thumb Code     8  _printf_wchar.o(.text)
    __vfscanf                                0x00001419   Thumb Code   900  _scanf.o(.text)
    _wcrtomb                                 0x000017ad   Thumb Code    64  _wcrtomb.o(.text)
    __rt_udiv10                              0x000017ed   Thumb Code    40  rtudiv10.o(.text)
    __user_setup_stackheap                   0x00001815   Thumb Code    62  sys_stackheap_outer.o(.text)
    __rt_ctype_table                         0x00001855   Thumb Code    16  rt_ctype_table.o(.text)
    __rt_locale                              0x00001865   Thumb Code    10  rt_locale_twolibspace.o(.text)
    _printf_fp_infnan                        0x00001871   Thumb Code   120  _printf_fp_infnan.o(.text)
    _btod_etento                             0x000018f9   Thumb Code   210  bigflt0.o(.text)
    _btod_d2e                                0x000019d1   Thumb Code    64  btod.o(.text)
    _btod_emul                               0x00001e05   Thumb Code    28  btod.o(.text)
    _btod_emuld                              0x00001e21   Thumb Code   144  btod.o(.text)
    _btod_ediv                               0x00001eb1   Thumb Code    26  btod.o(.text)
    _btod_edivd                              0x00001ecb   Thumb Code   124  btod.o(.text)
    exit                                     0x00001f51   Thumb Code    16  exit.o(.text)
    __user_libspace                          0x00001f61   Thumb Code     8  libspace.o(.text)
    __user_perproc_libspace                  0x00001f61   Thumb Code     0  libspace.o(.text)
    strcmp                                   0x00001f69   Thumb Code   132  strcmp.o(.text)
    _sys_exit                                0x00001ff1   Thumb Code     8  sys_exit.o(.text)
    __I$use$semihosting                      0x00001ffd   Thumb Code     0  use_no_semi.o(.text)
    __use_no_semihosting_swi                 0x00001ffd   Thumb Code     2  use_no_semi.o(.text)
    __decompress                             0x00001fff   Thumb Code     0  __dclz77c.o(.text)
    __decompress2                            0x00001fff   Thumb Code    96  __dclz77c.o(.text)
    __semihosting_library_function           0x00001fff   Thumb Code     0  indicate_semi.o(.text)
    SERCOM0_Handler                          0x00002061   Thumb Code   222  main.o(i.SERCOM0_Handler)
    SERCOM1_Handler                          0x0000215d   Thumb Code    36  main.o(i.SERCOM1_Handler)
    SERCOM2_Handler                          0x0000218d   Thumb Code    36  main.o(i.SERCOM2_Handler)
    SVC_Handler                              0x000021bd   Thumb Code     2  port.o(i.SVC_Handler)
    SysTick_Handler                          0x000021c1   Thumb Code    20  cmsis_os2.o(i.SysTick_Handler)
    SystemInit                               0x000021d9   Thumb Code     8  system_saml21g18b.o(i.SystemInit)
    setupParse(void*)                        0x000021e9   Thumb Code    54  main.o(i._Z10setupParsePv)
    at_send_cmd(const char*, AT_COMMAND_TYPE) 0x00002241   Thumb Code    42  gsm_usart.o(i._Z11at_send_cmdPKc15AT_COMMAND_TYPE)
    setup_system()                           0x00002281   Thumb Code   368  system_setup.o(i._Z12setup_systemv)
    verifyPacket(unsigned short, unsigned char*, unsigned short) 0x00002445   Thumb Code    40  main.o(i._Z12verifyPackettPht)
    bluetoothParse(void*)                    0x00002475   Thumb Code    32  bluetooth.o(i._Z14bluetoothParsePv)
    isValidIPAddress(const char*)            0x000024a1   Thumb Code    96  gsm_usart.o(i._Z16isValidIPAddressPKc)
    parseSmartmeshData(void*)                0x00002515   Thumb Code   250  main.o(i._Z18parseSmartmeshDataPv)
    at_OK(const char*)                       0x00002675   Thumb Code    20  gsm_usart.o(i._Z5at_OKPKc)
    at_ERROR(const char*)                    0x0000268d   Thumb Code    20  gsm_usart.o(i._Z8at_ERRORPKc)
    gsmParse(void*)                          0x000026a9   Thumb Code   234  gsm_usart.o(i._Z8gsmParsePv)
    setup_rtc()                              0x00002825   Thumb Code     2  rtc.o(i._Z9setup_rtcv)
    Smartmesh_API::init_packet(unsigned char, unsigned char) 0x00002827   Thumb Code    34  api.o(i._ZN13Smartmesh_API11init_packetEhh)
    Smartmesh_API::checksumData(unsigned short, unsigned char*, unsigned short) 0x00002849   Thumb Code    44  api.o(i._ZN13Smartmesh_API12checksumDataEtPht)
    Smartmesh_API::resetManager()            0x00002879   Thumb Code    48  api.o(i._ZN13Smartmesh_API12resetManagerEv)
    Smartmesh_API::verifyPacket(unsigned short, unsigned char*, unsigned short) 0x000028ad   Thumb Code    42  api.o(i._ZN13Smartmesh_API12verifyPacketEtPht)
    Smartmesh_API::parseNetworkInfo(network_info*, unsigned char*) 0x000028e1   Thumb Code   178  api.o(i._ZN13Smartmesh_API16parseNetworkInfoEP12network_infoPh)
    Smartmesh_API::mgr_init()                0x00002999   Thumb Code    54  api.o(i._ZN13Smartmesh_API8mgr_initEv)
    Smartmesh_API::subscribe(unsigned, unsigned) 0x000029d5   Thumb Code    64  api.o(i._ZN13Smartmesh_API9subscribeEjj)
    Smartmesh_API::Smartmesh_API(UART*)      0x00002a19   Thumb Code    12  api.o(i._ZN13Smartmesh_APIC1EP4UART)
    Smartmesh_API::Smartmesh_API__sub_object(UART*) 0x00002a19   Thumb Code     0  api.o(i._ZN13Smartmesh_APIC1EP4UART)
    UART::send_array(unsigned char*, unsigned char) 0x00002a25   Thumb Code    76  sercom.o(i._ZN4UART10send_arrayEPhh)
    UART::_printf(const char*, ...)          0x00002a7d   Thumb Code   112  sercom.o(i._ZN4UART7_printfEPKcz)
    UART::UART(sercom_registers_t*, int)     0x00002afd   Thumb Code   214  sercom.o(i._ZN4UARTC1EP18sercom_registers_ti)
    UART::UART__sub_object(sercom_registers_t*, int) 0x00002afd   Thumb Code     0  sercom.o(i._ZN4UARTC1EP18sercom_registers_ti)
    __ARM_common_ll_muluu                    0x00002bf9   Thumb Code    48  btod.o(i.__ARM_common_ll_muluu)
    __ARM_common_switch8                     0x00002c29   Thumb Code    26  cmsis_os2.o(i.__ARM_common_switch8)
    __ARM_fpclassify                         0x00002c45   Thumb Code    40  fpclassify.o(i.__ARM_fpclassify)
    _is_digit                                0x00002d31   Thumb Code    14  __printf_wp.o(i._is_digit)
    _mutex_acquire                           0x00002d3f   Thumb Code    24  clib_arm.o(i._mutex_acquire)
    _mutex_free                              0x00002d59   Thumb Code    40  clib_arm.o(i._mutex_free)
    _mutex_initialize                        0x00002d85   Thumb Code    80  clib_arm.o(i._mutex_initialize)
    _mutex_release                           0x00002ddd   Thumb Code    26  clib_arm.o(i._mutex_release)
    _platform_post_stackheap_init            0x00002df7   Thumb Code     2  clib_arm.o(i._platform_post_stackheap_init)
    main                                     0x00002df9   Thumb Code   200  main.o(i.main)
    pvPortMalloc                             0x000036c1   Thumb Code   198  heap_4.o(i.pvPortMalloc)
    pvTaskIncrementMutexHeldCount            0x0000378d   Thumb Code    20  tasks.o(i.pvTaskIncrementMutexHeldCount)
    pxPortInitialiseStack                    0x000037a5   Thumb Code    26  port.o(i.pxPortInitialiseStack)
    uxListRemove                             0x000037c5   Thumb Code    38  list.o(i.uxListRemove)
    vApplicationGetIdleTaskMemory            0x000037ed   Thumb Code    16  cmsis_os2.o(i.vApplicationGetIdleTaskMemory)
    vApplicationGetTimerTaskMemory           0x00003801   Thumb Code    16  cmsis_os2.o(i.vApplicationGetTimerTaskMemory)
    vApplicationStackOverflowHook            0x00003815   Thumb Code     4  cmsis_os2.o(i.vApplicationStackOverflowHook)
    vListInitialise                          0x00003819   Thumb Code    22  list.o(i.vListInitialise)
    vListInitialiseItem                      0x0000382f   Thumb Code     6  list.o(i.vListInitialiseItem)
    vListInsert                              0x00003835   Thumb Code    48  list.o(i.vListInsert)
    vListInsertEnd                           0x00003865   Thumb Code    24  list.o(i.vListInsertEnd)
    vPortEnterCritical                       0x0000387d   Thumb Code    20  port.o(i.vPortEnterCritical)
    vPortExitCritical                        0x00003895   Thumb Code    24  port.o(i.vPortExitCritical)
    vPortFree                                0x000038b1   Thumb Code    68  heap_4.o(i.vPortFree)
    vPortSetupTimerInterrupt                 0x000038f9   Thumb Code    32  port.o(i.vPortSetupTimerInterrupt)
    vPortYield                               0x00003921   Thumb Code    18  port.o(i.vPortYield)
    vQueueDelete                             0x00003939   Thumb Code    24  queue.o(i.vQueueDelete)
    vQueueWaitForMessageRestricted           0x00003951   Thumb Code    70  queue.o(i.vQueueWaitForMessageRestricted)
    vTaskDelete                              0x00003999   Thumb Code   118  tasks.o(i.vTaskDelete)
    vTaskInternalSetTimeOutState             0x00003a19   Thumb Code    12  tasks.o(i.vTaskInternalSetTimeOutState)
    vTaskMissedYield                         0x00003a29   Thumb Code     8  tasks.o(i.vTaskMissedYield)
    vTaskPlaceOnEventList                    0x00003a35   Thumb Code    32  tasks.o(i.vTaskPlaceOnEventList)
    vTaskPlaceOnEventListRestricted          0x00003a59   Thumb Code    68  tasks.o(i.vTaskPlaceOnEventListRestricted)
    vTaskPriorityDisinheritAfterTimeout      0x00003aa1   Thumb Code   136  tasks.o(i.vTaskPriorityDisinheritAfterTimeout)
    vTaskStartScheduler                      0x00003b31   Thumb Code   102  tasks.o(i.vTaskStartScheduler)
    vTaskSuspendAll                          0x00003ba9   Thumb Code    10  tasks.o(i.vTaskSuspendAll)
    vTaskSwitchContext                       0x00003bb9   Thumb Code   120  tasks.o(i.vTaskSwitchContext)
    xPortStartScheduler                      0x00003c3d   Thumb Code    40  port.o(i.xPortStartScheduler)
    xPortSysTickHandler                      0x00003c6d   Thumb Code    32  port.o(i.xPortSysTickHandler)
    xQueueCreateCountingSemaphore            0x00003c91   Thumb Code    32  queue.o(i.xQueueCreateCountingSemaphore)
    xQueueCreateMutex                        0x00003cb1   Thumb Code    24  queue.o(i.xQueueCreateMutex)
    xQueueCreateMutexStatic                  0x00003cc9   Thumb Code    28  queue.o(i.xQueueCreateMutexStatic)
    xQueueGenericCreate                      0x00003ce5   Thumb Code    78  queue.o(i.xQueueGenericCreate)
    xQueueGenericCreateStatic                0x00003d33   Thumb Code    62  queue.o(i.xQueueGenericCreateStatic)
    xQueueGenericReset                       0x00003d71   Thumb Code   142  queue.o(i.xQueueGenericReset)
    xQueueGenericSend                        0x00003dff   Thumb Code   284  queue.o(i.xQueueGenericSend)
    xQueueGenericSendFromISR                 0x00003f1b   Thumb Code   154  queue.o(i.xQueueGenericSendFromISR)
    xQueueGiveFromISR                        0x00003fb5   Thumb Code   126  queue.o(i.xQueueGiveFromISR)
    xQueueReceive                            0x00004033   Thumb Code   264  queue.o(i.xQueueReceive)
    xQueueReceiveFromISR                     0x0000413b   Thumb Code   132  queue.o(i.xQueueReceiveFromISR)
    xQueueSemaphoreTake                      0x000041bf   Thumb Code   318  queue.o(i.xQueueSemaphoreTake)
    xTaskCheckForTimeOut                     0x000042fd   Thumb Code    96  tasks.o(i.xTaskCheckForTimeOut)
    xTaskCreate                              0x00004361   Thumb Code    96  tasks.o(i.xTaskCreate)
    xTaskCreateStatic                        0x000043c1   Thumb Code    70  tasks.o(i.xTaskCreateStatic)
    xTaskGetSchedulerState                   0x00004409   Thumb Code    26  tasks.o(i.xTaskGetSchedulerState)
    xTaskGetTickCount                        0x00004429   Thumb Code     6  tasks.o(i.xTaskGetTickCount)
    xTaskIncrementTick                       0x00004435   Thumb Code   266  tasks.o(i.xTaskIncrementTick)
    xTaskPriorityDisinherit                  0x00004549   Thumb Code   122  tasks.o(i.xTaskPriorityDisinherit)
    xTaskPriorityInherit                     0x000045cd   Thumb Code   142  tasks.o(i.xTaskPriorityInherit)
    xTaskRemoveFromEventList                 0x00004665   Thumb Code   190  tasks.o(i.xTaskRemoveFromEventList)
    xTaskResumeAll                           0x00004731   Thumb Code   248  tasks.o(i.xTaskResumeAll)
    xTimerCreateTimerTask                    0x00004835   Thumb Code    80  timers.o(i.xTimerCreateTimerTask)
    _get_lc_numeric                          0x00004895   Thumb Code    44  lc_numeric_c.o(locale$$code)
    _get_lc_ctype                            0x000048c1   Thumb Code    44  lc_ctype_c.o(locale$$code)
    _printf_fp_dec                           0x000048ed   Thumb Code    16  printf1.o(x$fpl$printf1)
    __I$use$fp                               0x000048fc   Number         0  usenofp.o(x$fpl$usenofp)
    Region$$Table$$Base                      0x000049d4   Number         0  anon$$obj.o(Region$$Table)
    Region$$Table$$Limit                     0x000049f4   Number         0  anon$$obj.o(Region$$Table)
    __ctype                                  0x00004a1d   Data           0  lc_ctype_c.o(locale$$data)
    SHT$$INIT_ARRAY$$Base                    0x00004b20   Number         0  main.o(.init_array)
    SHT$$INIT_ARRAY$$Limit                   0x00004b24   Number         0  init_aeabi.o(.init_array)
    startFlag                                0x20000000   Data           1  main.o(.data)
    connectedToManager                       0x20000001   Data           1  main.o(.data)
    length                                   0x20000002   Data           1  main.o(.data)
    bluetoothData                            0x20000004   Data           4  main.o(.data)
    gsmData                                  0x20000008   Data           4  main.o(.data)
    dma_in_use                               0x2000000c   Data           4  main.o(.data)
    bluetoothInUse                           0x20000010   Data           4  main.o(.data)
    gsm_in_use                               0x20000014   Data           4  main.o(.data)
    dataRecieved                             0x20000018   Data           4  main.o(.data)
    gsmDataRecieved                          0x2000001c   Data           4  main.o(.data)
    getNetworkInfo                           0x20000020   Data           4  main.o(.data)
    getNetworkConfig                         0x20000024   Data           4  main.o(.data)
    moteConfigWasGotFromID                   0x20000028   Data           4  main.o(.data)
    api_usart                                0x2000002c   Data           8  main.o(.data)
    bluetooth                                0x20000034   Data           8  main.o(.data)
    gsm_usart                                0x2000003c   Data           8  main.o(.data)
    at_cmd_type                              0x20000244   Data           1  main.o(.data)
    gsmReady                                 0x20000245   Data           1  main.o(.data)
    recieved_data                            0x20000248   Data           1  gsm_usart.o(.data)
    count                                    0x2000024c   Data           4  gsm_usart.o(.data)
    SystemCoreClock                          0x20000450   Data           4  system_saml21g18b.o(.data)
    pxCurrentTCB                             0x20000478   Data           4  tasks.o(.data)
    uxTopUsedPriority                        0x200004a8   Data           4  tasks.o(.data)
    txbuffer                                 0x200004cc   Data         130  main.o(.bss)
    smartmeshData                            0x2000054e   Data         130  main.o(.bss)
    api                                      0x200005d0   Data         140  main.o(.bss)
    gsmBuffer                                0x2000065c   Data         128  gsm_usart.o(.bss)
    __libspace_start                         0x200054f4   Data          96  libspace.o(.bss)
    __temporary_stack_top$libspace           0x20005554   Data           0  libspace.o(.bss)



==============================================================================

Memory Map of the image

  Image Entry point : 0x000000b1

  Load Region LR_IROM1 (Base: 0x00000000, Size: 0x00004ff0, Max: 0x00040000, ABSOLUTE, COMPRESSED[0x00004d4c])

    Execution Region ER_IROM1 (Exec base: 0x00000000, Load base: 0x00000000, Size: 0x00004b24, Max: 0x00040000, ABSOLUTE)

    Exec Addr    Load Addr    Size         Type   Attr      Idx    E Section Name        Object

    0x00000000   0x00000000   0x000000b0   Data   RO         2250    RESET               startup_saml21g18b.o
    0x000000b0   0x000000b0   0x00000008   Code   RO         3611  * !!!main             c_p.l(__main.o)
    0x000000b8   0x000000b8   0x0000003c   Code   RO         3939    !!!scatter          c_p.l(__scatter.o)
    0x000000f4   0x000000f4   0x0000001c   Code   RO         3941    !!handler_zi        c_p.l(__scatter_zi.o)
    0x00000110   0x00000110   0x00000002   Code   RO         3705    .ARM.Collect$$_printf_percent$$00000000  c_p.l(_printf_percent.o)
    0x00000112   0x00000112   0x0000000a   Code   RO         3694    .ARM.Collect$$_printf_percent$$00000001  c_p.l(_printf_n.o)
    0x0000011c   0x0000011c   0x0000000a   Code   RO         3696    .ARM.Collect$$_printf_percent$$00000002  c_p.l(_printf_p.o)
    0x00000126   0x00000126   0x0000000a   Code   RO         3701    .ARM.Collect$$_printf_percent$$00000003  c_p.l(_printf_f.o)
    0x00000130   0x00000130   0x0000000a   Code   RO         3702    .ARM.Collect$$_printf_percent$$00000004  c_p.l(_printf_e.o)
    0x0000013a   0x0000013a   0x0000000a   Code   RO         3703    .ARM.Collect$$_printf_percent$$00000005  c_p.l(_printf_g.o)
    0x00000144   0x00000144   0x0000000a   Code   RO         3704    .ARM.Collect$$_printf_percent$$00000006  c_p.l(_printf_a.o)
    0x0000014e   0x0000014e   0x0000000a   Code   RO         3709    .ARM.Collect$$_printf_percent$$00000007  c_p.l(_printf_ll.o)
    0x00000158   0x00000158   0x0000000a   Code   RO         3698    .ARM.Collect$$_printf_percent$$00000008  c_p.l(_printf_i.o)
    0x00000162   0x00000162   0x0000000a   Code   RO         3699    .ARM.Collect$$_printf_percent$$00000009  c_p.l(_printf_d.o)
    0x0000016c   0x0000016c   0x0000000a   Code   RO         3700    .ARM.Collect$$_printf_percent$$0000000A  c_p.l(_printf_u.o)
    0x00000176   0x00000176   0x0000000a   Code   RO         3697    .ARM.Collect$$_printf_percent$$0000000B  c_p.l(_printf_o.o)
    0x00000180   0x00000180   0x0000000a   Code   RO         3695    .ARM.Collect$$_printf_percent$$0000000C  c_p.l(_printf_x.o)
    0x0000018a   0x0000018a   0x0000000a   Code   RO         3706    .ARM.Collect$$_printf_percent$$0000000D  c_p.l(_printf_lli.o)
    0x00000194   0x00000194   0x0000000a   Code   RO         3707    .ARM.Collect$$_printf_percent$$0000000E  c_p.l(_printf_lld.o)
    0x0000019e   0x0000019e   0x0000000a   Code   RO         3708    .ARM.Collect$$_printf_percent$$0000000F  c_p.l(_printf_llu.o)
    0x000001a8   0x000001a8   0x0000000a   Code   RO         3713    .ARM.Collect$$_printf_percent$$00000010  c_p.l(_printf_llo.o)
    0x000001b2   0x000001b2   0x0000000a   Code   RO         3714    .ARM.Collect$$_printf_percent$$00000011  c_p.l(_printf_llx.o)
    0x000001bc   0x000001bc   0x0000000a   Code   RO         3710    .ARM.Collect$$_printf_percent$$00000012  c_p.l(_printf_l.o)
    0x000001c6   0x000001c6   0x0000000a   Code   RO         3692    .ARM.Collect$$_printf_percent$$00000013  c_p.l(_printf_c.o)
    0x000001d0   0x000001d0   0x0000000a   Code   RO         3693    .ARM.Collect$$_printf_percent$$00000014  c_p.l(_printf_s.o)
    0x000001da   0x000001da   0x0000000a   Code   RO         3711    .ARM.Collect$$_printf_percent$$00000015  c_p.l(_printf_lc.o)
    0x000001e4   0x000001e4   0x0000000a   Code   RO         3712    .ARM.Collect$$_printf_percent$$00000016  c_p.l(_printf_ls.o)
    0x000001ee   0x000001ee   0x00000004   Code   RO         3799    .ARM.Collect$$_printf_percent$$00000017  c_p.l(_printf_percent_end.o)
    0x000001f2   0x000001f2   0x00000002   Code   RO         3847    .ARM.Collect$$libinit$$00000000  c_p.l(libinit.o)
    0x000001f4   0x000001f4   0x00000000   Code   RO         3722    .ARM.Collect$$libinit$$00000002  c_p.l(libinit2.o)
    0x000001f4   0x000001f4   0x00000000   Code   RO         3724    .ARM.Collect$$libinit$$00000004  c_p.l(libinit2.o)
    0x000001f4   0x000001f4   0x00000000   Code   RO         3727    .ARM.Collect$$libinit$$0000000A  c_p.l(libinit2.o)
    0x000001f4   0x000001f4   0x00000000   Code   RO         3729    .ARM.Collect$$libinit$$0000000C  c_p.l(libinit2.o)
    0x000001f4   0x000001f4   0x00000000   Code   RO         3731    .ARM.Collect$$libinit$$0000000E  c_p.l(libinit2.o)
    0x000001f4   0x000001f4   0x00000006   Code   RO         3732    .ARM.Collect$$libinit$$0000000F  c_p.l(libinit2.o)
    0x000001fa   0x000001fa   0x00000000   Code   RO         3734    .ARM.Collect$$libinit$$00000011  c_p.l(libinit2.o)
    0x000001fa   0x000001fa   0x0000000c   Code   RO         3735    .ARM.Collect$$libinit$$00000012  c_p.l(libinit2.o)
    0x00000206   0x00000206   0x00000000   Code   RO         3736    .ARM.Collect$$libinit$$00000013  c_p.l(libinit2.o)
    0x00000206   0x00000206   0x00000000   Code   RO         3738    .ARM.Collect$$libinit$$00000015  c_p.l(libinit2.o)
    0x00000206   0x00000206   0x0000000a   Code   RO         3739    .ARM.Collect$$libinit$$00000016  c_p.l(libinit2.o)
    0x00000210   0x00000210   0x00000000   Code   RO         3740    .ARM.Collect$$libinit$$00000017  c_p.l(libinit2.o)
    0x00000210   0x00000210   0x00000000   Code   RO         3742    .ARM.Collect$$libinit$$00000019  c_p.l(libinit2.o)
    0x00000210   0x00000210   0x00000000   Code   RO         3744    .ARM.Collect$$libinit$$0000001B  c_p.l(libinit2.o)
    0x00000210   0x00000210   0x00000000   Code   RO         3746    .ARM.Collect$$libinit$$0000001D  c_p.l(libinit2.o)
    0x00000210   0x00000210   0x00000000   Code   RO         3748    .ARM.Collect$$libinit$$0000001F  c_p.l(libinit2.o)
    0x00000210   0x00000210   0x00000000   Code   RO         3750    .ARM.Collect$$libinit$$00000021  c_p.l(libinit2.o)
    0x00000210   0x00000210   0x00000000   Code   RO         3752    .ARM.Collect$$libinit$$00000023  c_p.l(libinit2.o)
    0x00000210   0x00000210   0x00000000   Code   RO         3754    .ARM.Collect$$libinit$$00000025  c_p.l(libinit2.o)
    0x00000210   0x00000210   0x00000000   Code   RO         3758    .ARM.Collect$$libinit$$0000002C  c_p.l(libinit2.o)
    0x00000210   0x00000210   0x00000000   Code   RO         3760    .ARM.Collect$$libinit$$0000002E  c_p.l(libinit2.o)
    0x00000210   0x00000210   0x00000000   Code   RO         3762    .ARM.Collect$$libinit$$00000030  c_p.l(libinit2.o)
    0x00000210   0x00000210   0x00000004   Code   RO         3763    .ARM.Collect$$libinit$$00000031  c_p.l(libinit2.o)
    0x00000214   0x00000214   0x00000000   Code   RO         3764    .ARM.Collect$$libinit$$00000032  c_p.l(libinit2.o)
    0x00000214   0x00000214   0x00000002   Code   RO         3765    .ARM.Collect$$libinit$$00000033  c_p.l(libinit2.o)
    0x00000216   0x00000216   0x00000002   Code   RO         3902    .ARM.Collect$$libshutdown$$00000000  c_p.l(libshutdown.o)
    0x00000218   0x00000218   0x00000000   Code   RO         3918    .ARM.Collect$$libshutdown$$00000002  c_p.l(libshutdown2.o)
    0x00000218   0x00000218   0x00000000   Code   RO         3920    .ARM.Collect$$libshutdown$$00000004  c_p.l(libshutdown2.o)
    0x00000218   0x00000218   0x00000000   Code   RO         3922    .ARM.Collect$$libshutdown$$00000006  c_p.l(libshutdown2.o)
    0x00000218   0x00000218   0x00000000   Code   RO         3925    .ARM.Collect$$libshutdown$$00000009  c_p.l(libshutdown2.o)
    0x00000218   0x00000218   0x00000000   Code   RO         3928    .ARM.Collect$$libshutdown$$0000000C  c_p.l(libshutdown2.o)
    0x00000218   0x00000218   0x00000000   Code   RO         3930    .ARM.Collect$$libshutdown$$0000000E  c_p.l(libshutdown2.o)
    0x00000218   0x00000218   0x00000000   Code   RO         3933    .ARM.Collect$$libshutdown$$00000011  c_p.l(libshutdown2.o)
    0x00000218   0x00000218   0x00000002   Code   RO         3934    .ARM.Collect$$libshutdown$$00000012  c_p.l(libshutdown2.o)
    0x0000021a   0x0000021a   0x00000000   Code   RO         3619    .ARM.Collect$$rtentry$$00000000  c_p.l(__rtentry.o)
    0x0000021a   0x0000021a   0x00000000   Code   RO         3769    .ARM.Collect$$rtentry$$00000002  c_p.l(__rtentry2.o)
    0x0000021a   0x0000021a   0x00000006   Code   RO         3781    .ARM.Collect$$rtentry$$00000004  c_p.l(__rtentry4.o)
    0x00000220   0x00000220   0x00000008   Code   RO         3770    .ARM.Collect$$rtentry$$00000008  c_p.l(__rtentry2.o)
    0x00000228   0x00000228   0x00000004   Code   RO         3772    .ARM.Collect$$rtentry$$0000000A  c_p.l(__rtentry2.o)
    0x0000022c   0x0000022c   0x00000000   Code   RO         3774    .ARM.Collect$$rtentry$$0000000C  c_p.l(__rtentry2.o)
    0x0000022c   0x0000022c   0x00000008   Code   RO         3775    .ARM.Collect$$rtentry$$0000000D  c_p.l(__rtentry2.o)
    0x00000234   0x00000234   0x00000002   Code   RO         3859    .ARM.Collect$$rtexit$$00000000  c_p.l(rtexit.o)
    0x00000236   0x00000236   0x00000000   Code   RO         3884    .ARM.Collect$$rtexit$$00000002  c_p.l(rtexit2.o)
    0x00000236   0x00000236   0x00000004   Code   RO         3885    .ARM.Collect$$rtexit$$00000003  c_p.l(rtexit2.o)
    0x0000023a   0x0000023a   0x00000006   Code   RO         3886    .ARM.Collect$$rtexit$$00000004  c_p.l(rtexit2.o)
    0x00000240   0x00000240   0x00000078   Code   RO         2548    .emb_text           port.o
    0x000002b8   0x000002b8   0x00000038   Code   RO         3595    .emb_text           c_p.l(rt_memcpy.o)
    0x000002f0   0x000002f0   0x00000038   Code   RO         2251    .text               startup_saml21g18b.o
    0x00000328   0x00000328   0x00000024   Code   RO         3581    .text               c_p.l(c89vsprintf.o)
    0x0000034c   0x0000034c   0x00000040   Code   RO         3583    .text               c_p.l(__0sscanf.o)
    0x0000038c   0x0000038c   0x0000014a   Code   RO         3585    .text               c_p.l(_scanf_int.o)
    0x000004d6   0x000004d6   0x000000e8   Code   RO         3587    .text               c_p.l(_scanf_str.o)
    0x000005be   0x000005be   0x00000028   Code   RO         3589    .text               c_p.l(strstr.o)
    0x000005e6   0x000005e6   0x00000002   PAD
    0x000005e8   0x000005e8   0x00000044   Code   RO         3591    .text               c_p.l(strlen.o)
    0x0000062c   0x0000062c   0x00000082   Code   RO         3596    .text               c_p.l(rt_memcpy.o)
    0x000006ae   0x000006ae   0x00000012   Code   RO         3601    .text               c_p.l(aeabi_memset.o)
    0x000006c0   0x000006c0   0x00000040   Code   RO         3603    .text               c_p.l(rt_memclr.o)
    0x00000700   0x00000700   0x0000015a   Code   RO         3605    .text               c_p.l(aeabi_sdiv.o)
    0x0000085a   0x0000085a   0x00000006   Code   RO         3609    .text               c_p.l(heapauxi.o)
    0x00000860   0x00000860   0x00000024   Code   RO         3616    .text               c_p.l(init_aeabi.o)
    0x00000884   0x00000884   0x0000004e   Code   RO         3626    .text               c_p.l(_printf_pad.o)
    0x000008d2   0x000008d2   0x00000024   Code   RO         3628    .text               c_p.l(_printf_truncate.o)
    0x000008f6   0x000008f6   0x00000052   Code   RO         3630    .text               c_p.l(_printf_str.o)
    0x00000948   0x00000948   0x0000006c   Code   RO         3632    .text               c_p.l(_printf_dec.o)
    0x000009b4   0x000009b4   0x00000026   Code   RO         3634    .text               c_p.l(_printf_charcount.o)
    0x000009da   0x000009da   0x00000002   PAD
    0x000009dc   0x000009dc   0x00000030   Code   RO         3636    .text               c_p.l(_printf_char_common.o)
    0x00000a0c   0x00000a0c   0x0000000a   Code   RO         3638    .text               c_p.l(_sputc.o)
    0x00000a16   0x00000a16   0x00000002   PAD
    0x00000a18   0x00000a18   0x000000bc   Code   RO         3640    .text               c_p.l(_printf_wctomb.o)
    0x00000ad4   0x00000ad4   0x00000070   Code   RO         3643    .text               c_p.l(_printf_longlong_dec.o)
    0x00000b44   0x00000b44   0x00000070   Code   RO         3649    .text               c_p.l(_printf_oct_int_ll.o)
    0x00000bb4   0x00000bb4   0x00000098   Code   RO         3669    .text               c_p.l(_printf_hex_int_ll_ptr.o)
    0x00000c4c   0x00000c4c   0x00000188   Code   RO         3689    .text               c_p.l(__printf_flags_ss_wp.o)
    0x00000dd4   0x00000dd4   0x0000001e   Code   RO         3715    .text               c_p.l(_chval.o)
    0x00000df2   0x00000df2   0x00000002   PAD
    0x00000df4   0x00000df4   0x00000030   Code   RO         3717    .text               c_p.l(scanf_char.o)
    0x00000e24   0x00000e24   0x00000044   Code   RO         3719    .text               c_p.l(_sgetc.o)
    0x00000e68   0x00000e68   0x0000007a   Code   RO         3785    .text               c_p.l(lludiv10.o)
    0x00000ee2   0x00000ee2   0x00000012   Code   RO         3787    .text               c_p.l(isspace.o)
    0x00000ef4   0x00000ef4   0x000000b0   Code   RO         3789    .text               c_p.l(_printf_intcommon.o)
    0x00000fa4   0x00000fa4   0x00000418   Code   RO         3791    .text               c_p.l(_printf_fp_dec.o)
    0x000013bc   0x000013bc   0x0000002e   Code   RO         3795    .text               c_p.l(_printf_char.o)
    0x000013ea   0x000013ea   0x0000002e   Code   RO         3797    .text               c_p.l(_printf_wchar.o)
    0x00001418   0x00001418   0x00000394   Code   RO         3800    .text               c_p.l(_scanf.o)
    0x000017ac   0x000017ac   0x00000040   Code   RO         3802    .text               c_p.l(_wcrtomb.o)
    0x000017ec   0x000017ec   0x00000028   Code   RO         3804    .text               c_p.l(rtudiv10.o)
    0x00001814   0x00001814   0x0000003e   Code   RO         3810    .text               c_p.l(sys_stackheap_outer.o)
    0x00001852   0x00001852   0x00000002   PAD
    0x00001854   0x00001854   0x00000010   Code   RO         3813    .text               c_p.l(rt_ctype_table.o)
    0x00001864   0x00001864   0x0000000a   Code   RO         3820    .text               c_p.l(rt_locale_twolibspace.o)
    0x0000186e   0x0000186e   0x00000002   PAD
    0x00001870   0x00001870   0x00000088   Code   RO         3822    .text               c_p.l(_printf_fp_infnan.o)
    0x000018f8   0x000018f8   0x000000d8   Code   RO         3824    .text               c_p.l(bigflt0.o)
    0x000019d0   0x000019d0   0x00000580   Code   RO         3827    .text               c_p.l(btod.o)
    0x00001f50   0x00001f50   0x00000010   Code   RO         3834    .text               c_p.l(exit.o)
    0x00001f60   0x00001f60   0x00000008   Code   RO         3855    .text               c_p.l(libspace.o)
    0x00001f68   0x00001f68   0x00000088   Code   RO         3876    .text               c_p.l(strcmp.o)
    0x00001ff0   0x00001ff0   0x0000000c   Code   RO         3878    .text               c_p.l(sys_exit.o)
    0x00001ffc   0x00001ffc   0x00000002   Code   RO         3880    .text               c_p.l(use_no_semi.o)
    0x00001ffe   0x00001ffe   0x00000000   Code   RO         3882    .text               c_p.l(indicate_semi.o)
    0x00001ffe   0x00001ffe   0x00000060   Code   RO         3937    .text               c_p.l(__dclz77c.o)
    0x0000205e   0x0000205e   0x00000002   PAD
    0x00002060   0x00002060   0x000000fc   Code   RO            3    i.SERCOM0_Handler   main.o
    0x0000215c   0x0000215c   0x00000030   Code   RO            4    i.SERCOM1_Handler   main.o
    0x0000218c   0x0000218c   0x00000030   Code   RO            5    i.SERCOM2_Handler   main.o
    0x000021bc   0x000021bc   0x00000002   Code   RO         2549    i.SVC_Handler       port.o
    0x000021be   0x000021be   0x00000002   PAD
    0x000021c0   0x000021c0   0x00000018   Code   RO         1651    i.SysTick_Handler   cmsis_os2.o
    0x000021d8   0x000021d8   0x00000010   Code   RO         2258    i.SystemInit        system_saml21g18b.o
    0x000021e8   0x000021e8   0x00000058   Code   RO            6    i._Z10setupParsePv  main.o
    0x00002240   0x00002240   0x00000040   Code   RO         1012    i._Z11at_send_cmdPKc15AT_COMMAND_TYPE  gsm_usart.o
    0x00002280   0x00002280   0x000001c4   Code   RO          553    i._Z12setup_systemv  system_setup.o
    0x00002444   0x00002444   0x00000030   Code   RO            7    i._Z12verifyPackettPht  main.o
    0x00002474   0x00002474   0x0000002c   Code   RO          668    i._Z14bluetoothParsePv  bluetooth.o
    0x000024a0   0x000024a0   0x00000074   Code   RO         1014    i._Z16isValidIPAddressPKc  gsm_usart.o
    0x00002514   0x00002514   0x00000160   Code   RO            8    i._Z18parseSmartmeshDataPv  main.o
    0x00002674   0x00002674   0x00000018   Code   RO         1015    i._Z5at_OKPKc       gsm_usart.o
    0x0000268c   0x0000268c   0x0000001c   Code   RO         1016    i._Z8at_ERRORPKc    gsm_usart.o
    0x000026a8   0x000026a8   0x0000017c   Code   RO         1017    i._Z8gsmParsePv     gsm_usart.o
    0x00002824   0x00002824   0x00000002   Code   RO         1091    i._Z9setup_rtcv     rtc.o
    0x00002826   0x00002826   0x00000022   Code   RO         1173    i._ZN13Smartmesh_API11init_packetEhh  api.o
    0x00002848   0x00002848   0x00000030   Code   RO         1174    i._ZN13Smartmesh_API12checksumDataEtPht  api.o
    0x00002878   0x00002878   0x00000034   Code   RO         1175    i._ZN13Smartmesh_API12resetManagerEv  api.o
    0x000028ac   0x000028ac   0x00000034   Code   RO         1176    i._ZN13Smartmesh_API12verifyPacketEtPht  api.o
    0x000028e0   0x000028e0   0x000000b8   Code   RO         1182    i._ZN13Smartmesh_API16parseNetworkInfoEP12network_infoPh  api.o
    0x00002998   0x00002998   0x0000003c   Code   RO         1187    i._ZN13Smartmesh_API8mgr_initEv  api.o
    0x000029d4   0x000029d4   0x00000044   Code   RO         1189    i._ZN13Smartmesh_API9subscribeEjj  api.o
    0x00002a18   0x00002a18   0x0000000c   Code   RO         1190    i._ZN13Smartmesh_APIC1EP4UART  api.o
    0x00002a24   0x00002a24   0x00000058   Code   RO         1127    i._ZN4UART10send_arrayEPhh  sercom.o
    0x00002a7c   0x00002a7c   0x00000080   Code   RO         1128    i._ZN4UART7_printfEPKcz  sercom.o
    0x00002afc   0x00002afc   0x000000fc   Code   RO         1129    i._ZN4UARTC1EP18sercom_registers_ti  sercom.o
    0x00002bf8   0x00002bf8   0x00000030   Code   RO         3829    i.__ARM_common_ll_muluu  c_p.l(btod.o)
    0x00002c28   0x00002c28   0x0000001a   Code   RO         2134    i.__ARM_common_switch8  cmsis_os2.o
    0x00002c42   0x00002c42   0x00000002   PAD
    0x00002c44   0x00002c44   0x0000002c   Code   RO         3851    i.__ARM_fpclassify  m_ps.l(fpclassify.o)
    0x00002c70   0x00002c70   0x000000c0   Code   RO            9    i.__sti___8_main_cpp_982d444f  main.o
    0x00002d30   0x00002d30   0x0000000e   Code   RO         3682    i._is_digit         c_p.l(__printf_wp.o)
    0x00002d3e   0x00002d3e   0x00000018   Code   RO         1313    i._mutex_acquire    clib_arm.o
    0x00002d56   0x00002d56   0x00000002   PAD
    0x00002d58   0x00002d58   0x0000002c   Code   RO         1314    i._mutex_free       clib_arm.o
    0x00002d84   0x00002d84   0x00000058   Code   RO         1315    i._mutex_initialize  clib_arm.o
    0x00002ddc   0x00002ddc   0x0000001a   Code   RO         1316    i._mutex_release    clib_arm.o
    0x00002df6   0x00002df6   0x00000002   Code   RO         1317    i._platform_post_stackheap_init  clib_arm.o
    0x00002df8   0x00002df8   0x00000104   Code   RO           10    i.main              main.o
    0x00002efc   0x00002efc   0x00000012   Code   RO         1318    i.os_kernel_is_active  clib_arm.o
    0x00002f0e   0x00002f0e   0x00000002   PAD
    0x00002f10   0x00002f10   0x00000074   Code   RO         3021    i.prvAddCurrentTaskToDelayedList  tasks.o
    0x00002f84   0x00002f84   0x00000094   Code   RO         3022    i.prvAddNewTaskToReadyList  tasks.o
    0x00003018   0x00003018   0x00000048   Code   RO         3405    i.prvCheckForValidListAndQueue  timers.o
    0x00003060   0x00003060   0x0000003c   Code   RO         3023    i.prvCheckTasksWaitingTermination  tasks.o
    0x0000309c   0x0000309c   0x00000024   Code   RO         2627    i.prvCopyDataFromQueue  queue.o
    0x000030c0   0x000030c0   0x00000070   Code   RO         2628    i.prvCopyDataToQueue  queue.o
    0x00003130   0x00003130   0x0000002e   Code   RO         3024    i.prvDeleteTCB      tasks.o
    0x0000315e   0x0000315e   0x00000014   Code   RO         2629    i.prvGetDisinheritPriorityAfterTimeout  queue.o
    0x00003172   0x00003172   0x00000002   PAD
    0x00003174   0x00003174   0x00000024   Code   RO         3406    i.prvGetNextExpireTime  timers.o
    0x00003198   0x00003198   0x0000004c   Code   RO         2485    i.prvHeapInit       heap_4.o
    0x000031e4   0x000031e4   0x00000018   Code   RO         3025    i.prvIdleTask       tasks.o
    0x000031fc   0x000031fc   0x0000001a   Code   RO         2630    i.prvInitialiseMutex  queue.o
    0x00003216   0x00003216   0x00000022   Code   RO         2631    i.prvInitialiseNewQueue  queue.o
    0x00003238   0x00003238   0x0000009c   Code   RO         3026    i.prvInitialiseNewTask  tasks.o
    0x000032d4   0x000032d4   0x00000054   Code   RO         3027    i.prvInitialiseTaskLists  tasks.o
    0x00003328   0x00003328   0x00000054   Code   RO         2486    i.prvInsertBlockIntoFreeList  heap_4.o
    0x0000337c   0x0000337c   0x00000040   Code   RO         3408    i.prvInsertTimerInActiveList  timers.o
    0x000033bc   0x000033bc   0x0000001c   Code   RO         2632    i.prvIsQueueEmpty   queue.o
    0x000033d8   0x000033d8   0x0000001e   Code   RO         2633    i.prvIsQueueFull    queue.o
    0x000033f6   0x000033f6   0x00000002   PAD
    0x000033f8   0x000033f8   0x00000040   Code   RO         3409    i.prvProcessExpiredTimer  timers.o
    0x00003438   0x00003438   0x000000ec   Code   RO         3410    i.prvProcessReceivedCommands  timers.o
    0x00003524   0x00003524   0x00000064   Code   RO         3411    i.prvProcessTimerOrBlockTask  timers.o
    0x00003588   0x00003588   0x00000028   Code   RO         3412    i.prvReloadTimer    timers.o
    0x000035b0   0x000035b0   0x00000020   Code   RO         3029    i.prvResetNextTaskUnblockTime  tasks.o
    0x000035d0   0x000035d0   0x0000002c   Code   RO         3413    i.prvSampleTimeNow  timers.o
    0x000035fc   0x000035fc   0x0000002c   Code   RO         3414    i.prvSwitchTimerLists  timers.o
    0x00003628   0x00003628   0x00000014   Code   RO         2550    i.prvTaskExitError  port.o
    0x0000363c   0x0000363c   0x00000014   Code   RO         3415    i.prvTimerTask      timers.o
    0x00003650   0x00003650   0x00000070   Code   RO         2634    i.prvUnlockQueue    queue.o
    0x000036c0   0x000036c0   0x000000cc   Code   RO         2487    i.pvPortMalloc      heap_4.o
    0x0000378c   0x0000378c   0x00000018   Code   RO         3032    i.pvTaskIncrementMutexHeldCount  tasks.o
    0x000037a4   0x000037a4   0x00000020   Code   RO         2551    i.pxPortInitialiseStack  port.o
    0x000037c4   0x000037c4   0x00000026   Code   RO         2441    i.uxListRemove      list.o
    0x000037ea   0x000037ea   0x00000002   PAD
    0x000037ec   0x000037ec   0x00000014   Code   RO         1724    i.vApplicationGetIdleTaskMemory  cmsis_os2.o
    0x00003800   0x00003800   0x00000014   Code   RO         1725    i.vApplicationGetTimerTaskMemory  cmsis_os2.o
    0x00003814   0x00003814   0x00000004   Code   RO         1726    i.vApplicationStackOverflowHook  cmsis_os2.o
    0x00003818   0x00003818   0x00000016   Code   RO         2442    i.vListInitialise   list.o
    0x0000382e   0x0000382e   0x00000006   Code   RO         2443    i.vListInitialiseItem  list.o
    0x00003834   0x00003834   0x00000030   Code   RO         2444    i.vListInsert       list.o
    0x00003864   0x00003864   0x00000018   Code   RO         2445    i.vListInsertEnd    list.o
    0x0000387c   0x0000387c   0x00000018   Code   RO         2553    i.vPortEnterCritical  port.o
    0x00003894   0x00003894   0x0000001c   Code   RO         2554    i.vPortExitCritical  port.o
    0x000038b0   0x000038b0   0x00000048   Code   RO         2488    i.vPortFree         heap_4.o
    0x000038f8   0x000038f8   0x00000028   Code   RO         2555    i.vPortSetupTimerInterrupt  port.o
    0x00003920   0x00003920   0x00000018   Code   RO         2556    i.vPortYield        port.o
    0x00003938   0x00003938   0x00000018   Code   RO         2640    i.vQueueDelete      queue.o
    0x00003950   0x00003950   0x00000046   Code   RO         2642    i.vQueueWaitForMessageRestricted  queue.o
    0x00003996   0x00003996   0x00000002   PAD
    0x00003998   0x00003998   0x00000080   Code   RO         3043    i.vTaskDelete       tasks.o
    0x00003a18   0x00003a18   0x00000010   Code   RO         3047    i.vTaskInternalSetTimeOutState  tasks.o
    0x00003a28   0x00003a28   0x0000000c   Code   RO         3048    i.vTaskMissedYield  tasks.o
    0x00003a34   0x00003a34   0x00000024   Code   RO         3049    i.vTaskPlaceOnEventList  tasks.o
    0x00003a58   0x00003a58   0x00000048   Code   RO         3050    i.vTaskPlaceOnEventListRestricted  tasks.o
    0x00003aa0   0x00003aa0   0x00000090   Code   RO         3052    i.vTaskPriorityDisinheritAfterTimeout  tasks.o
    0x00003b30   0x00003b30   0x00000078   Code   RO         3058    i.vTaskStartScheduler  tasks.o
    0x00003ba8   0x00003ba8   0x00000010   Code   RO         3060    i.vTaskSuspendAll   tasks.o
    0x00003bb8   0x00003bb8   0x00000084   Code   RO         3061    i.vTaskSwitchContext  tasks.o
    0x00003c3c   0x00003c3c   0x00000030   Code   RO         2557    i.xPortStartScheduler  port.o
    0x00003c6c   0x00003c6c   0x00000024   Code   RO         2558    i.xPortSysTickHandler  port.o
    0x00003c90   0x00003c90   0x00000020   Code   RO         2643    i.xQueueCreateCountingSemaphore  queue.o
    0x00003cb0   0x00003cb0   0x00000018   Code   RO         2645    i.xQueueCreateMutex  queue.o
    0x00003cc8   0x00003cc8   0x0000001c   Code   RO         2646    i.xQueueCreateMutexStatic  queue.o
    0x00003ce4   0x00003ce4   0x0000004e   Code   RO         2647    i.xQueueGenericCreate  queue.o
    0x00003d32   0x00003d32   0x0000003e   Code   RO         2648    i.xQueueGenericCreateStatic  queue.o
    0x00003d70   0x00003d70   0x0000008e   Code   RO         2649    i.xQueueGenericReset  queue.o
    0x00003dfe   0x00003dfe   0x0000011c   Code   RO         2650    i.xQueueGenericSend  queue.o
    0x00003f1a   0x00003f1a   0x0000009a   Code   RO         2651    i.xQueueGenericSendFromISR  queue.o
    0x00003fb4   0x00003fb4   0x0000007e   Code   RO         2654    i.xQueueGiveFromISR  queue.o
    0x00004032   0x00004032   0x00000108   Code   RO         2660    i.xQueueReceive     queue.o
    0x0000413a   0x0000413a   0x00000084   Code   RO         2661    i.xQueueReceiveFromISR  queue.o
    0x000041be   0x000041be   0x0000013e   Code   RO         2662    i.xQueueSemaphoreTake  queue.o
    0x000042fc   0x000042fc   0x00000064   Code   RO         3063    i.xTaskCheckForTimeOut  tasks.o
    0x00004360   0x00004360   0x00000060   Code   RO         3064    i.xTaskCreate       tasks.o
    0x000043c0   0x000043c0   0x00000046   Code   RO         3065    i.xTaskCreateStatic  tasks.o
    0x00004406   0x00004406   0x00000002   PAD
    0x00004408   0x00004408   0x00000020   Code   RO         3072    i.xTaskGetSchedulerState  tasks.o
    0x00004428   0x00004428   0x0000000c   Code   RO         3073    i.xTaskGetTickCount  tasks.o
    0x00004434   0x00004434   0x00000114   Code   RO         3075    i.xTaskIncrementTick  tasks.o
    0x00004548   0x00004548   0x00000084   Code   RO         3076    i.xTaskPriorityDisinherit  tasks.o
    0x000045cc   0x000045cc   0x00000098   Code   RO         3077    i.xTaskPriorityInherit  tasks.o
    0x00004664   0x00004664   0x000000cc   Code   RO         3078    i.xTaskRemoveFromEventList  tasks.o
    0x00004730   0x00004730   0x00000104   Code   RO         3079    i.xTaskResumeAll    tasks.o
    0x00004834   0x00004834   0x00000060   Code   RO         3424    i.xTimerCreateTimerTask  timers.o
    0x00004894   0x00004894   0x0000002c   Code   RO         3832    locale$$code        c_p.l(lc_numeric_c.o)
    0x000048c0   0x000048c0   0x0000002c   Code   RO         3866    locale$$code        c_p.l(lc_ctype_c.o)
    0x000048ec   0x000048ec   0x00000010   Code   RO         3766    x$fpl$printf1       fz_ps.l(printf1.o)
    0x000048fc   0x000048fc   0x00000000   Code   RO         3850    x$fpl$usenofp       fz_ps.l(usenofp.o)
    0x000048fc   0x000048fc   0x00000008   Data   RO         3641    .constdata          c_p.l(_printf_wctomb.o)
    0x00004904   0x00004904   0x00000028   Data   RO         3670    .constdata          c_p.l(_printf_hex_int_ll_ptr.o)
    0x0000492c   0x0000492c   0x00000011   Data   RO         3690    .constdata          c_p.l(__printf_flags_ss_wp.o)
    0x0000493d   0x0000493d   0x00000003   PAD
    0x00004940   0x00004940   0x00000094   Data   RO         3825    .constdata          c_p.l(bigflt0.o)
    0x000049d4   0x000049d4   0x00000020   Data   RO         3935    Region$$Table       anon$$obj.o
    0x000049f4   0x000049f4   0x0000001c   Data   RO         3831    locale$$data        c_p.l(lc_numeric_c.o)
    0x00004a10   0x00004a10   0x00000110   Data   RO         3865    locale$$data        c_p.l(lc_ctype_c.o)
    0x00004b20   0x00004b20   0x00000004   Data   RO           23    .init_array         main.o
    0x00004b24   0x00004b20   0x00000000   Data   RO         3614    .init_array         c_p.l(init_aeabi.o)


    Execution Region RW_IRAM1 (Exec base: 0x20000000, Load base: 0x00004b24, Size: 0x00005f58, Max: 0x00008000, ABSOLUTE, COMPRESSED[0x00000228])

    Exec Addr    Load Addr    Size         Type   Attr      Idx    E Section Name        Object

    0x20000000   COMPRESSED   0x00000244   Data   RW           20    .data               main.o
    0x20000244   COMPRESSED   0x00000001   Data   RW           21    .data               main.o
    0x20000245   COMPRESSED   0x00000001   Data   RW           22    .data               main.o
    0x20000246   COMPRESSED   0x00000002   PAD
    0x20000248   COMPRESSED   0x00000008   Data   RW         1027    .data               gsm_usart.o
    0x20000250   COMPRESSED   0x00000200   Data   RW         1212    .data               api.o
    0x20000450   COMPRESSED   0x00000004   Data   RW         2259    .data               system_saml21g18b.o
    0x20000454   COMPRESSED   0x00000020   Data   RW         2494    .data               heap_4.o
    0x20000474   COMPRESSED   0x00000004   Data   RW         2559    .data               port.o
    0x20000478   COMPRESSED   0x00000040   Data   RW         3082    .data               tasks.o
    0x200004b8   COMPRESSED   0x00000014   Data   RW         3433    .data               timers.o
    0x200004cc        -       0x00000190   Zero   RW           19    .bss                main.o
    0x2000065c        -       0x00000080   Zero   RW         1026    .bss                gsm_usart.o
    0x200006dc        -       0x00000100   Zero   RW         1133    .bss                sercom.o
    0x200007dc        -       0x00000394   Zero   RW         1319    .bss                clib_arm.o
    0x20000b70        -       0x000003f8   Zero   RW         1727    .bss                cmsis_os2.o
    0x20000f68        -       0x00004000   Zero   RW         2493    .bss                heap_4.o
    0x20004f68        -       0x000004c4   Zero   RW         3081    .bss                tasks.o
    0x2000542c        -       0x000000c8   Zero   RW         3432    .bss                timers.o
    0x200054f4        -       0x00000060   Zero   RW         3856    .bss                c_p.l(libspace.o)
    0x20005554   COMPRESSED   0x00000004   PAD
    0x20005558        -       0x00000500   Zero   RW         2249    HEAP                startup_saml21g18b.o
    0x20005a58        -       0x00000500   Zero   RW         2248    STACK               startup_saml21g18b.o


==============================================================================

Image component sizes


      Code (inc. data)   RO Data    RW Data    ZI Data      Debug   Object Name

       510         34          0        512          0       5388   api.o
        44         12          0          0          0       1378   bluetooth.o
       202         12          0          0        916      38188   clib_arm.o
        94         12          0          0       1016      19019   cmsis_os2.o
         0          0          0          0          0      11932   event_groups.o
       612        200          0          8        128       4480   gsm_usart.o
       436         26          0         32      16384       4371   heap_4.o
       138          0          0          0          0       3454   list.o
      1288        276          4        582        400     138313   main.o
       374         54          0          4          0       7399   port.o
      2136          0          0          0          0      23045   queue.o
         2          0          0          0          0        368   rtc.o
         0          0          0          0          0     117235   sendingdata.o
       468         66          0          0        256       3136   sercom.o
        56         26        176          0       2560        664   startup_saml21g18b.o
        16          8          0          4          0        715   system_saml21g18b.o
       452         84          0          0          0       7886   system_setup.o
      2700        192          0         64       1220      31330   tasks.o
       816         70          0         20        200      11780   timers.o

    ----------------------------------------------------------------------
     10362       1072        212       1228      23080     430081   Object Totals
         0          0         32          0          0          0   (incl. Generated)
        18          0          0          2          0          0   (incl. Padding)

    ----------------------------------------------------------------------

      Code (inc. data)   RO Data    RW Data    ZI Data      Debug   Library Member Name

        64         10          0          0          0         84   __0sscanf.o
        96          0          0          0          0          0   __dclz77c.o
         8          0          0          0          0         68   __main.o
       392          6         17          0          0         76   __printf_flags_ss_wp.o
        14          0          0          0          0         60   __printf_wp.o
         0          0          0          0          0          0   __rtentry.o
        20          0          0          0          0          0   __rtentry2.o
         6          0          0          0          0          0   __rtentry4.o
        60          8          0          0          0          0   __scatter.o
        28          0          0          0          0          0   __scatter_zi.o
        30          0          0          0          0         60   _chval.o
        10          0          0          0          0          0   _printf_a.o
        10          0          0          0          0          0   _printf_c.o
        46          0          0          0          0        100   _printf_char.o
        48          6          0          0          0         88   _printf_char_common.o
        38          0          0          0          0         60   _printf_charcount.o
        10          0          0          0          0          0   _printf_d.o
       108         18          0          0          0         76   _printf_dec.o
        10          0          0          0          0          0   _printf_e.o
        10          0          0          0          0          0   _printf_f.o
      1048         14          0          0          0        176   _printf_fp_dec.o
       136         16          0          0          0         76   _printf_fp_infnan.o
        10          0          0          0          0          0   _printf_g.o
       152          4         40          0          0        148   _printf_hex_int_ll_ptr.o
        10          0          0          0          0          0   _printf_i.o
       176          0          0          0          0         84   _printf_intcommon.o
        10          0          0          0          0          0   _printf_l.o
        10          0          0          0          0          0   _printf_lc.o
        10          0          0          0          0          0   _printf_ll.o
        10          0          0          0          0          0   _printf_lld.o
        10          0          0          0          0          0   _printf_lli.o
        10          0          0          0          0          0   _printf_llo.o
        10          0          0          0          0          0   _printf_llu.o
        10          0          0          0          0          0   _printf_llx.o
       112         18          0          0          0         76   _printf_longlong_dec.o
        10          0          0          0          0          0   _printf_ls.o
        10          0          0          0          0          0   _printf_n.o
        10          0          0          0          0          0   _printf_o.o
       112         10          0          0          0        112   _printf_oct_int_ll.o
        10          0          0          0          0          0   _printf_p.o
        78          0          0          0          0        100   _printf_pad.o
         2          0          0          0          0          0   _printf_percent.o
         4          0          0          0          0          0   _printf_percent_end.o
        10          0          0          0          0          0   _printf_s.o
        82          0          0          0          0         72   _printf_str.o
        36          0          0          0          0         76   _printf_truncate.o
        10          0          0          0          0          0   _printf_u.o
        46          0          0          0          0        100   _printf_wchar.o
       188          6          8          0          0         80   _printf_wctomb.o
        10          0          0          0          0          0   _printf_x.o
       916         16          0          0          0         84   _scanf.o
       330          0          0          0          0         84   _scanf_int.o
       232          0          0          0          0         84   _scanf_str.o
        68          0          0          0          0         76   _sgetc.o
        10          0          0          0          0         60   _sputc.o
        64          0          0          0          0         72   _wcrtomb.o
        18          0          0          0          0         68   aeabi_memset.o
       346          0          0          0          0         92   aeabi_sdiv.o
       216          6        148          0          0         80   bigflt0.o
      1456         30          0          0          0        336   btod.o
        36          4          0          0          0         68   c89vsprintf.o
        16          0          0          0          0         68   exit.o
         6          0          0          0          0        136   heapauxi.o
         0          0          0          0          0          0   indicate_semi.o
        36         10          0          0          0         72   init_aeabi.o
        18          0          0          0          0         68   isspace.o
        44         10        272          0          0         76   lc_ctype_c.o
        44         10         28          0          0         76   lc_numeric_c.o
         2          0          0          0          0          0   libinit.o
        34          0          0          0          0          0   libinit2.o
         2          0          0          0          0          0   libshutdown.o
         2          0          0          0          0          0   libshutdown2.o
         8          4          0          0         96         68   libspace.o
       122          0          0          0          0         72   lludiv10.o
        16          4          0          0          0         76   rt_ctype_table.o
        10          0          0          0          0         76   rt_locale_twolibspace.o
        64          0          0          0          0        108   rt_memclr.o
       186          0          0          0          0        144   rt_memcpy.o
         2          0          0          0          0          0   rtexit.o
        10          0          0          0          0          0   rtexit2.o
        40          0          0          0          0         60   rtudiv10.o
        48          8          0          0          0         84   scanf_char.o
       136          4          0          0          0         72   strcmp.o
        68          6          0          0          0         72   strlen.o
        40          0          0          0          0         72   strstr.o
        12          4          0          0          0         60   sys_exit.o
        62          0          0          0          0         80   sys_stackheap_outer.o
         2          0          0          0          0         68   use_no_semi.o
        16          4          0          0          0         76   printf1.o
         0          0          0          0          0          0   usenofp.o
        44          4          0          0          0         60   fpclassify.o

    ----------------------------------------------------------------------
      8146        240        516          0        100       4620   Library Totals
        14          0          3          0          4          0   (incl. Padding)

    ----------------------------------------------------------------------

      Code (inc. data)   RO Data    RW Data    ZI Data      Debug   Library Name

      8072        232        513          0         96       4484   c_p.l
        16          4          0          0          0         76   fz_ps.l
        44          4          0          0          0         60   m_ps.l

    ----------------------------------------------------------------------
      8146        240        516          0        100       4620   Library Totals

    ----------------------------------------------------------------------

==============================================================================


      Code (inc. data)   RO Data    RW Data    ZI Data      Debug   

     18508       1312        728       1228      23180     427333   Grand Totals
     18508       1312        728        552      23180     427333   ELF Image Totals (compressed)
     18508       1312        728        552          0          0   ROM Totals

==============================================================================

    Total RO  Size (Code + RO Data)                19236 (  18.79kB)
    Total RW  Size (RW Data + ZI Data)             24408 (  23.84kB)
    Total ROM Size (Code + RO Data + RW Data)      19788 (  19.32kB)

==============================================================================

